Matrix Pair 1:
Dimensions: 16x16
Ordinary Multiplication Result (Time: 0.000501 seconds):
597 79 772 128 336 349 196 71 1086 174 649 281 363 580 517 302
566 313 697 329 228 235 227 216 660 163 510 229 321 529 371 282
273 250 841 256 505 391 226 119 741 294 626 285 401 342 246 157
88 -9 215 49 108 480 -69 141 480 362 170 264 293 252 171 283
144 200 716 504 471 217 701 299 842 242 553 -21 92 176 303 184
775 167 572 310 573 124 386 385 148 166 463 -130 121 557 200 267
381 443 340 360 515 217 67 304 227 152 169 187 252 462 185 321
978 396 960 176 517 761 476 442 548 100 597 -69 386 1414 521 650
377 250 125 138 376 383 -111 366 242 302 148 183 384 528 152 384
640 315 489 210 644 567 346 540 760 308 764 179 496 878 458 467
235 166 1001 84 -164 335 307 92 452 850 551 87 528 24 44 95
974 585 1213 494 1495 92 784 942 621 398 972 34 210 802 285 376
261 425 319 247 -128 25 124 112 73 -45 23 -43 114 423 115 98
-33 21 -52 -74 315 12 59 298 38 90 118 18 21 42 -28 1
365 -9 342 102 23 -129 146 100 -17 -17 173 -97 86 166 52 -80
-146 -12 420 51 -162 154 94 33 419 185 80 88 47 -74 37 -17
Total Multiplications: 4096

Strassen's Multiplication Result (Time: 0.006517 seconds):
597 79 772 128 336 349 196 71 1086 174 649 281 363 580 517 302
566 313 697 329 228 235 227 216 660 163 510 229 321 529 371 282
273 250 841 256 505 391 226 119 741 294 626 285 401 342 246 157
88 -9 215 49 108 480 -69 141 480 362 170 264 293 252 171 283
144 200 716 504 471 217 701 299 842 242 553 -21 92 176 303 184
775 167 572 310 573 124 386 385 148 166 463 -130 121 557 200 267
381 443 340 360 515 217 67 304 227 152 169 187 252 462 185 321
978 396 960 176 517 761 476 442 548 100 597 -69 386 1414 521 650
377 250 125 138 376 383 -111 366 242 302 148 183 384 528 152 384
640 315 489 210 644 567 346 540 760 308 764 179 496 878 458 467
235 166 1001 84 -164 335 307 92 452 850 551 87 528 24 44 95
974 585 1213 494 1495 92 784 942 621 398 972 34 210 802 285 376
261 425 319 247 -128 25 124 112 73 -45 23 -43 114 423 115 98
-33 21 -52 -74 315 12 59 298 38 90 118 18 21 42 -28 1
365 -9 342 102 23 -129 146 100 -17 -17 173 -97 86 166 52 -80
-146 -12 420 51 -162 154 94 33 419 185 80 88 47 -74 37 -17
Total Multiplications (Strassen's): 2401

Matrix Pair 2:
Dimensions: 8x8
Ordinary Multiplication Result (Time: 0.000086 seconds):
16 43 21 37 -7 5 -31 -11
19 -4 0 -9 15 4 8 10
6 -21 10 -21 -2 -2 4 6
-6 21 -1 26 -15 0 -11 -17
-13 11 2 17 4 -5 -14 5
1 3 12 4 11 7 -5 14
7 26 26 37 -7 0 -28 -10
33 -12 10 -19 1 -7 -1 5
Total Multiplications: 512

Strassen's Multiplication Result (Time: 0.000859 seconds):
16 43 21 37 -7 5 -31 -11
19 -4 0 -9 15 4 8 10
6 -21 10 -21 -2 -2 4 6
-6 21 -1 26 -15 0 -11 -17
-13 11 2 17 4 -5 -14 5
1 3 12 4 11 7 -5 14
7 26 26 37 -7 0 -28 -10
33 -12 10 -19 1 -7 -1 5
Total Multiplications (Strassen's): 343

Matrix Pair 3:
Dimensions: 2x2
Error Incorrect Matrices or not fit for matrix multiplication.

Matrix Pair 4:
Dimensions: 3x3
Ordinary Multiplication Result (Time: 0.000006 seconds):
-5 5 -4
1 -2 0
-7 4 -5
Total Multiplications: 27

Strassen matrix multiplication cannot be performed for Matrices dimensions that are not powers of two.

Matrix Pair 5:
Dimensions: 2x2
Ordinary Multiplication Result (Time: 0.000002 seconds):
1 0
0 1
Total Multiplications: 8

Strassen's Multiplication Result (Time: 0.000014 seconds):
1 0
0 1
Total Multiplications (Strassen's): 7

Matrix Pair 6:
Dimensions: 4x4
Ordinary Multiplication Result (Time: 0.000010 seconds):
20 45 69 72
-13 -13 -8 20
43 22 67 -5
39 56 105 93
Total Multiplications: 64

Strassen's Multiplication Result (Time: 0.000120 seconds):
20 45 69 72
-13 -13 -8 20
43 22 67 -5
39 56 105 93
Total Multiplications (Strassen's): 49

Matrix Pair 7:
Dimensions: 2x2
Ordinary Multiplication Result (Time: 0.000003 seconds):
5071 5482
8087 8354
Total Multiplications: 8

Strassen's Multiplication Result (Time: 0.000015 seconds):
5071 5482
8087 8354
Total Multiplications (Strassen's): 7

Matrix Pair 8:
Dimensions: 3x3
Ordinary Multiplication Result (Time: 0.000005 seconds):
70 90 104
125 144 156
25 36 44
Total Multiplications: 27

Strassen matrix multiplication cannot be performed for Matrices dimensions that are not powers of two.

Matrix Pair 9:
Dimensions: 5x5
Ordinary Multiplication Result (Time: 0.000017 seconds):
23 95 -7 112 46
30 123 39 151 -55
8 91 11 111 -11
22 124 49 151 -72
-14 75 64 76 -73
Total Multiplications: 125

Strassen matrix multiplication cannot be performed for Matrices dimensions that are not powers of two.

Matrix Pair 10:
Dimensions: 2x2
Error Incorrect Matrices or not fit for matrix multiplication.

Matrix Pair 11:
Dimensions: 4x4
Ordinary Multiplication Result (Time: 0.000010 seconds):
-40 78 107 30
18 -10 -15 -8
12 12 45 -5
16 52 29 -1
Total Multiplications: 64

Strassen's Multiplication Result (Time: 0.000117 seconds):
-40 78 107 30
18 -10 -15 -8
12 12 45 -5
16 52 29 -1
Total Multiplications (Strassen's): 49

Matrix Pair 12:
Dimensions: 8x8
Ordinary Multiplication Result (Time: 0.000064 seconds):
16 753 150 247 -42 73 -158 25
14 8 63 146 11 6 -31 59
45 -286 -9 -253 13 158 78 42
-6 1031 284 8 1 47 -152 -58
-24 334 31 636 74 1 -136 50
20 33 73 -211 -9 23 54 11
64 234 44 305 -76 -59 -164 88
63 -282 -22 -47 6 129 21 84
Total Multiplications: 512

Strassen's Multiplication Result (Time: 0.000892 seconds):
16 753 150 247 -42 73 -158 25
14 8 63 146 11 6 -31 59
45 -286 -9 -253 13 158 78 42
-6 1031 284 8 1 47 -152 -58
-24 334 31 636 74 1 -136 50
20 33 73 -211 -9 23 54 11
64 234 44 305 -76 -59 -164 88
63 -282 -22 -47 6 129 21 84
Total Multiplications (Strassen's): 343

Matrix Pair 13:
Dimensions: 32x32
Ordinary Multiplication Result (Time: 0.003567 seconds):
-66 267 500 363 428 596 402 662 170 203 648 368 461 600 142 639 294 261 482 277 444 642 298 767 248 387 296 331 438 346 250 777
33 276 592 378 392 670 220 681 221 185 560 283 490 594 130 708 290 301 484 226 396 580 276 736 215 452 400 306 510 286 216 658
57 201 324 129 300 628 282 476 270 275 460 232 157 456 170 485 250 307 356 325 272 430 272 613 196 395 274 315 410 466 206 602
10 201 308 273 520 444 354 452 82 161 460 224 407 480 142 415 250 267 394 211 272 550 234 473 302 201 418 251 410 454 146 553
42 300 390 276 324 538 266 697 184 206 496 291 337 594 132 674 268 210 464 238 317 634 242 724 220 422 324 282 446 260 224 616
39 243 328 243 340 472 218 552 218 117 452 142 275 476 118 499 106 177 396 205 288 538 268 599 158 425 280 255 402 310 202 420
-19 240 396 318 394 562 302 555 127 252 512 287 395 612 112 536 276 217 416 250 372 678 256 634 334 148 396 352 402 460 232 742
31 276 360 168 308 618 304 497 224 266 480 279 177 606 124 604 276 234 448 298 292 490 230 648 212 394 308 270 430 316 216 616
127 207 376 219 356 424 210 464 146 245 420 300 255 336 170 527 230 153 364 295 232 552 276 543 142 389 266 225 370 454 130 616
124 183 300 135 264 592 178 427 202 205 356 246 200 456 118 443 238 249 380 265 272 424 260 571 196 323 328 249 386 250 194 511
81 309 442 309 396 518 190 662 194 173 516 375 342 546 142 715 286 165 508 253 337 674 314 711 156 461 353 236 466 442 204 665
116 279 520 297 452 640 314 659 218 265 564 358 304 612 194 681 302 205 508 325 346 706 332 795 234 475 378 333 514 514 258 777
53 249 498 397 412 460 286 616 238 149 524 252 450 552 174 597 222 285 468 199 336 746 304 743 234 443 352 303 474 520 238 605
41 159 348 87 436 556 214 324 186 251 404 290 101 372 114 403 222 213 356 283 216 366 268 515 164 369 232 153 354 358 178 504
67 246 452 318 408 534 284 679 196 158 520 321 337 546 144 590 280 228 464 256 348 660 262 718 232 420 348 312 450 472 236 728
83 198 460 270 424 794 276 733 164 278 536 421 441 370 176 666 348 288 480 304 372 664 310 794 160 452 396 312 486 392 244 758
61 255 462 303 408 592 302 548 202 215 532 332 349 600 162 611 287 237 436 265 344 670 316 746 245 413 360 327 482 394 246 679
115 144 340 222 406 370 134 317 -7 176 344 267 371 366 124 410 212 121 352 226 196 506 184 340 127 222 374 198 334 352 108 504
59 207 488 255 514 652 188 438 175 161 608 328 365 448 148 647 274 214 312 347 290 622 264 697 146 515 368 321 458 358 230 637
49 261 416 297 344 532 310 546 182 163 492 306 385 576 146 625 266 255 484 235 328 588 228 669 221 443 320 249 442 370 222 609
61 261 410 291 452 568 282 578 218 203 516 324 351 492 154 583 278 261 460 253 337 664 300 711 230 437 362 297 466 442 174 651
75 279 432 261 444 546 222 784 130 197 508 312 317 576 138 653 278 171 452 247 290 622 320 685 226 371 342 291 458 278 230 644
79 309 466 351 442 628 152 674 219 233 556 344 413 600 162 767 298 250 460 283 288 694 302 641 230 491 384 357 506 430 254 721
71 360 564 408 628 714 300 777 256 236 640 399 457 714 144 800 356 318 584 286 452 820 362 928 282 630 468 370 590 436 296 826
67 246 532 234 508 574 344 609 214 206 520 369 266 546 158 558 280 280 464 256 380 660 418 736 192 372 348 240 410 430 236 700
59 294 324 294 348 574 424 657 196 230 520 309 337 494 184 520 280 228 564 298 356 640 302 718 198 380 348 318 470 496 226 658
21 201 420 249 396 532 302 478 134 173 460 264 325 452 128 509 250 225 404 211 368 550 272 721 186 335 352 255 410 370 206 553
47 246 444 282 400 586 288 511 216 209 504 305 321 528 154 608 272 258 416 244 316 626 282 690 196 432 344 292 454 436 228 630
-31 258 378 306 448 598 584 647 204 268 636 271 365 570 244 548 289 240 460 382 348 536 314 753 341 428 284 326 486 676 248 847
57 252 512 282 606 594 576 413 202 287 552 369 289 678 160 476 312 298 556 280 460 703 348 942 302 464 380 194 502 436 252 707
55 210 356 330 180 502 152 385 212 230 472 245 385 510 132 578 190 192 416 220 284 619 158 662 218 344 258 352 422 184 229 434
41 159 348 87 436 556 214 324 186 251 404 290 101 372 114 403 222 213 356 283 216 366 268 515 164 369 232 153 354 358 178 504
Total Multiplications: 32768

Strassen's Multiplication Result (Time: 0.046041 seconds):
-66 267 500 363 428 596 402 662 170 203 648 368 461 600 142 639 294 261 482 277 444 642 298 767 248 387 296 331 438 346 250 777
33 276 592 378 392 670 220 681 221 185 560 283 490 594 130 708 290 301 484 226 396 580 276 736 215 452 400 306 510 286 216 658
57 201 324 129 300 628 282 476 270 275 460 232 157 456 170 485 250 307 356 325 272 430 272 613 196 395 274 315 410 466 206 602
10 201 308 273 520 444 354 452 82 161 460 224 407 480 142 415 250 267 394 211 272 550 234 473 302 201 418 251 410 454 146 553
42 300 390 276 324 538 266 697 184 206 496 291 337 594 132 674 268 210 464 238 317 634 242 724 220 422 324 282 446 260 224 616
39 243 328 243 340 472 218 552 218 117 452 142 275 476 118 499 106 177 396 205 288 538 268 599 158 425 280 255 402 310 202 420
-19 240 396 318 394 562 302 555 127 252 512 287 395 612 112 536 276 217 416 250 372 678 256 634 334 148 396 352 402 460 232 742
31 276 360 168 308 618 304 497 224 266 480 279 177 606 124 604 276 234 448 298 292 490 230 648 212 394 308 270 430 316 216 616
127 207 376 219 356 424 210 464 146 245 420 300 255 336 170 527 230 153 364 295 232 552 276 543 142 389 266 225 370 454 130 616
124 183 300 135 264 592 178 427 202 205 356 246 200 456 118 443 238 249 380 265 272 424 260 571 196 323 328 249 386 250 194 511
81 309 442 309 396 518 190 662 194 173 516 375 342 546 142 715 286 165 508 253 337 674 314 711 156 461 353 236 466 442 204 665
116 279 520 297 452 640 314 659 218 265 564 358 304 612 194 681 302 205 508 325 346 706 332 795 234 475 378 333 514 514 258 777
53 249 498 397 412 460 286 616 238 149 524 252 450 552 174 597 222 285 468 199 336 746 304 743 234 443 352 303 474 520 238 605
41 159 348 87 436 556 214 324 186 251 404 290 101 372 114 403 222 213 356 283 216 366 268 515 164 369 232 153 354 358 178 504
67 246 452 318 408 534 284 679 196 158 520 321 337 546 144 590 280 228 464 256 348 660 262 718 232 420 348 312 450 472 236 728
83 198 460 270 424 794 276 733 164 278 536 421 441 370 176 666 348 288 480 304 372 664 310 794 160 452 396 312 486 392 244 758
61 255 462 303 408 592 302 548 202 215 532 332 349 600 162 611 287 237 436 265 344 670 316 746 245 413 360 327 482 394 246 679
115 144 340 222 406 370 134 317 -7 176 344 267 371 366 124 410 212 121 352 226 196 506 184 340 127 222 374 198 334 352 108 504
59 207 488 255 514 652 188 438 175 161 608 328 365 448 148 647 274 214 312 347 290 622 264 697 146 515 368 321 458 358 230 637
49 261 416 297 344 532 310 546 182 163 492 306 385 576 146 625 266 255 484 235 328 588 228 669 221 443 320 249 442 370 222 609
61 261 410 291 452 568 282 578 218 203 516 324 351 492 154 583 278 261 460 253 337 664 300 711 230 437 362 297 466 442 174 651
75 279 432 261 444 546 222 784 130 197 508 312 317 576 138 653 278 171 452 247 290 622 320 685 226 371 342 291 458 278 230 644
79 309 466 351 442 628 152 674 219 233 556 344 413 600 162 767 298 250 460 283 288 694 302 641 230 491 384 357 506 430 254 721
71 360 564 408 628 714 300 777 256 236 640 399 457 714 144 800 356 318 584 286 452 820 362 928 282 630 468 370 590 436 296 826
67 246 532 234 508 574 344 609 214 206 520 369 266 546 158 558 280 280 464 256 380 660 418 736 192 372 348 240 410 430 236 700
59 294 324 294 348 574 424 657 196 230 520 309 337 494 184 520 280 228 564 298 356 640 302 718 198 380 348 318 470 496 226 658
21 201 420 249 396 532 302 478 134 173 460 264 325 452 128 509 250 225 404 211 368 550 272 721 186 335 352 255 410 370 206 553
47 246 444 282 400 586 288 511 216 209 504 305 321 528 154 608 272 258 416 244 316 626 282 690 196 432 344 292 454 436 228 630
-31 258 378 306 448 598 584 647 204 268 636 271 365 570 244 548 289 240 460 382 348 536 314 753 341 428 284 326 486 676 248 847
57 252 512 282 606 594 576 413 202 287 552 369 289 678 160 476 312 298 556 280 460 703 348 942 302 464 380 194 502 436 252 707
55 210 356 330 180 502 152 385 212 230 472 245 385 510 132 578 190 192 416 220 284 619 158 662 218 344 258 352 422 184 229 434
41 159 348 87 436 556 214 324 186 251 404 290 101 372 114 403 222 213 356 283 216 366 268 515 164 369 232 153 354 358 178 504
Total Multiplications (Strassen's): 16807

Matrix Pair 14:
Dimensions: 64x64
Ordinary Multiplication Result (Time: 0.031238 seconds):
1629 1939 2002 1522 1776 1707 1846 1549 1740 1700 1561 1818 1762 1810 1523 1794 1804 1516 1653 1801 1658 1561 1604 1630 1594 1883 1478 1931 1621 1726 1727 1623 1587 1949 1737 1628 1677 1876 1867 1727 1722 1991 1539 2097 1932 1717 1633 1683 2064 1697 1652 1668 1599 1675 1473 1375 1508 1980 1852 1755 1689 1422 1831 1820
1710 1852 1809 1476 1577 1551 2052 1721 1562 1499 1538 1675 1589 1746 1483 1804 1606 1522 1544 1812 1511 1560 1719 1517 1581 1452 1696 1635 1461 1408 1493 1690 1482 1879 1684 1683 1431 1604 1804 1811 1472 1962 1584 1883 1902 1742 1530 1434 1856 1678 1711 1685 1630 1659 1449 1344 1522 1722 1853 1778 1608 1549 1684 1697
1540 1928 1959 1461 1705 1706 2056 1678 1827 1898 1629 1842 1698 1791 1913 2036 1865 1628 1822 1843 1622 1650 1822 1693 1728 1728 1895 1887 1757 1811 1759 1628 1501 2142 1849 1831 1627 1823 1800 1874 1851 1966 1599 1922 1891 1812 1624 1592 2084 1864 1857 1800 1946 1837 1510 1651 1683 1853 1892 1915 1724 1508 1768 2033
1647 1779 1765 1350 1710 1738 1891 1702 1475 1678 1535 1790 1568 1809 1526 1959 1690 1580 1498 1750 1641 1564 1881 1673 1676 1687 1554 1800 1474 1618 1649 1658 1389 1803 1892 1698 1589 1770 1598 1861 1673 1933 1514 1792 1836 1670 1563 1360 1870 1637 1735 1648 1621 1797 1482 1662 1512 1672 1733 1660 1655 1242 1893 1848
1474 1334 1553 1209 1492 1402 1729 1598 1414 1446 1398 1436 1451 1412 1460 1527 1413 1330 1342 1541 1380 1412 1487 1441 1369 1344 1530 1682 1320 1390 1492 1365 1157 1478 1739 1550 1168 1662 1685 1280 1426 1680 1455 1552 1492 1425 1312 1248 1773 1419 1438 1579 1564 1576 1581 1418 1460 1693 1751 1500 1457 1125 1583 1470
1700 1744 1736 1545 1532 1442 2033 1575 1928 1765 1487 1720 1767 1885 1509 1806 1733 1550 1592 1854 1619 1414 1524 1549 1563 1671 1533 1723 1451 1423 1592 1506 1450 1907 1790 1662 1568 1764 1820 1565 1563 1973 1490 1767 1696 1630 1312 1490 2070 1633 1865 1716 1562 1644 1579 1255 1570 1812 1669 1629 1738 1315 1591 1748
1515 1620 1644 1480 1365 1323 1788 1599 1801 1766 1341 1568 1578 1513 1498 1673 1560 1567 1646 1649 1383 1349 1387 1391 1270 1575 1530 1696 1466 1454 1472 1262 1356 1680 1677 1431 1448 1657 1629 1484 1557 1693 1374 1565 1533 1497 1376 1422 1931 1669 1716 1527 1597 1569 1428 1340 1661 1671 1754 1600 1606 1332 1545 1663
1559 1583 1657 1437 1376 1392 1770 1626 1603 1565 1376 1613 1457 1618 1567 1604 1518 1433 1487 1679 1459 1427 1581 1368 1383 1403 1340 1775 1307 1437 1512 1391 1354 1586 1607 1538 1414 1573 1601 1663 1485 1656 1492 1794 1505 1460 1297 1434 1780 1502 1530 1586 1571 1517 1238 1094 1373 1646 1718 1519 1495 1264 1555 1489
1527 1758 1658 1434 1612 1555 1886 1658 1471 1449 1433 1616 1503 1583 1335 1700 1560 1556 1786 1703 1513 1410 1670 1447 1430 1625 1482 1817 1505 1609 1617 1427 1459 1707 1781 1534 1380 1709 1717 1620 1650 1820 1503 1787 1764 1441 1526 1414 2119 1568 1711 1387 1592 1459 1470 1340 1500 1667 1821 1557 1529 1320 1743 1539
1523 1702 1624 1441 1464 1354 1925 1596 1432 1540 1496 1733 1545 1492 1516 1758 1577 1645 1556 1680 1564 1445 1729 1547 1443 1507 1573 1758 1507 1491 1555 1517 1425 1683 1752 1603 1433 1802 1720 1527 1607 1848 1458 1630 1690 1586 1479 1341 1915 1565 1627 1614 1614 1653 1481 1472 1586 1786 1723 1580 1531 1304 1665 1827
1277 1368 1439 1298 1418 1281 1506 1279 1443 1507 1339 1521 1204 1252 1452 1380 1251 1270 1177 1261 1289 1299 1250 1354 1421 1264 1354 1643 1373 1464 1368 1185 1114 1551 1464 1410 1244 1445 1518 1404 1367 1580 1211 1654 1342 1366 1369 1141 1605 1192 1379 1455 1416 1329 1295 1311 1300 1489 1490 1416 1434 1164 1373 1559
1667 1740 1925 1559 1672 1683 2035 1725 1876 1815 1726 1843 1520 1841 1694 1872 1938 1808 1694 1875 1568 1585 1823 1721 1870 1678 1668 1903 1601 1747 1678 1665 1623 1942 1987 1814 1551 1893 1923 1825 1717 2064 1723 1913 1877 1825 1581 1530 2170 1670 1813 1770 1763 1675 1648 1421 1701 1841 1850 1641 1734 1523 1858 2006
1616 1879 1727 1427 1619 1444 1970 1572 1589 1663 1554 1627 1610 1713 1429 1794 1639 1540 1560 1757 1513 1491 1757 1562 1503 1538 1551 1727 1495 1574 1628 1661 1421 1687 1892 1628 1445 1835 1734 1619 1598 1851 1321 1716 1818 1584 1528 1520 1924 1505 1680 1632 1673 1673 1364 1535 1573 1788 1783 1658 1678 1377 1720 1631
1507 1585 1564 1448 1488 1309 1813 1687 1624 1450 1457 1587 1516 1569 1318 1672 1457 1302 1321 1724 1463 1285 1531 1345 1221 1513 1557 1621 1385 1275 1364 1396 1445 1594 1557 1560 1449 1639 1580 1489 1454 1872 1323 1627 1609 1596 1501 1338 1746 1527 1644 1457 1575 1392 1458 1226 1591 1596 1686 1537 1470 1264 1577 1592
1433 1494 1437 1325 1378 1302 1691 1500 1409 1480 1234 1582 1307 1699 1394 1566 1583 1300 1224 1427 1296 1270 1470 1342 1417 1472 1244 1806 1127 1314 1390 1305 1282 1525 1657 1486 1336 1612 1546 1359 1369 1755 1244 1469 1378 1441 1230 1195 1739 1349 1633 1425 1385 1520 1392 1226 1278 1508 1628 1220 1335 1096 1390 1560
1365 1504 1656 1285 1578 1399 1602 1314 1535 1489 1361 1576 1329 1440 1468 1579 1416 1409 1381 1618 1214 1285 1454 1439 1399 1386 1504 1499 1339 1462 1377 1251 1263 1715 1650 1545 1397 1565 1523 1603 1460 1531 1326 1606 1640 1561 1210 1203 1785 1529 1456 1497 1406 1425 1226 1345 1352 1528 1458 1530 1431 1330 1458 1891
1583 1669 1719 1375 1597 1415 1831 1629 1680 1551 1554 1570 1535 1610 1515 1700 1510 1537 1616 1834 1542 1419 1571 1433 1371 1558 1542 1761 1445 1657 1721 1471 1324 1586 1795 1456 1521 1718 1688 1593 1526 1831 1357 1685 1757 1593 1550 1382 1889 1637 1545 1516 1641 1662 1443 1385 1527 1709 1747 1657 1653 1317 1601 1631
1614 1832 1759 1452 1598 1517 2074 1747 1696 1596 1588 1649 1524 1559 1478 1821 1524 1584 1527 1756 1508 1358 1627 1519 1549 1623 1532 1783 1519 1701 1619 1466 1484 1535 1724 1631 1508 1798 1710 1677 1828 1954 1565 1818 1722 1627 1405 1595 1915 1725 1698 1584 1630 1748 1599 1431 1671 1896 1831 1646 1608 1247 1688 1721
1642 1878 1763 1453 1588 1447 1836 1764 1650 1710 1562 1689 1600 1769 1533 1850 1638 1421 1620 1724 1497 1523 1725 1613 1494 1632 1565 1787 1510 1548 1489 1571 1562 1802 1720 1675 1468 1671 1667 1686 1649 1946 1327 1792 1725 1698 1496 1577 1765 1620 1728 1461 1636 1755 1383 1435 1504 1774 1791 1770 1533 1366 1674 1746
1691 1717 1851 1512 1601 1455 1914 1778 1754 1779 1679 1699 1655 1733 1552 1872 1556 1638 1555 1881 1591 1408 1634 1605 1715 1621 1774 1777 1559 1650 1606 1545 1495 1844 1844 1729 1514 1903 1865 1658 1711 2015 1668 1854 1789 1772 1498 1454 1955 1900 1760 1595 1750 1790 1683 1493 1649 1935 1852 1868 1744 1463 1632 1886
1647 1826 1925 1348 1854 1535 1936 1780 1647 1716 1421 1721 1706 1617 1699 1966 1639 1545 1725 2035 1723 1654 1830 1577 1563 1665 1692 1945 1535 1753 1695 1581 1575 1803 1902 1778 1696 1802 1899 1826 1754 2098 1440 1776 1859 1760 1550 1554 2006 1582 1575 1746 1791 1688 1597 1454 1606 1772 1885 1752 1720 1430 1681 1927
1505 1601 1745 1410 1484 1477 1633 1624 1527 1637 1410 1381 1495 1668 1547 1651 1595 1386 1301 1591 1398 1410 1591 1567 1485 1474 1578 1709 1307 1259 1362 1498 1296 1675 1867 1628 1320 1755 1687 1591 1586 1740 1494 1575 1628 1555 1307 1356 1599 1447 1594 1473 1519 1607 1453 1401 1428 1596 1705 1524 1461 1224 1637 1639
1772 1688 1687 1572 1612 1459 1885 1695 1829 1738 1672 1512 1544 1663 1592 1811 1743 1541 1585 1743 1356 1425 1550 1561 1652 1596 1709 1788 1475 1423 1513 1528 1573 1854 1943 1656 1385 1965 1752 1696 1605 1817 1432 1759 1740 1645 1441 1271 1918 1671 1888 1589 1643 1721 1451 1339 1738 1729 1711 1636 1780 1532 1694 1929
1622 1720 1819 1475 1591 1556 2038 1706 1801 1734 1653 1948 1524 1788 1649 1782 1792 1634 1528 1785 1356 1561 1612 1568 1675 1628 1572 1914 1539 1639 1580 1711 1358 1889 1829 1579 1505 1758 1821 1605 1449 1938 1574 1794 1775 1640 1531 1600 1945 1706 1790 1707 1720 1563 1603 1376 1588 1621 1815 1636 1677 1510 1603 1896
1656 1897 1871 1351 1538 1539 1985 1782 1591 1772 1596 1533 1462 1796 1501 1775 1683 1588 1651 1977 1457 1568 1910 1521 1692 1479 1528 1797 1326 1600 1684 1532 1404 1729 2022 1689 1465 1807 1717 1682 1550 1811 1491 1791 1716 1601 1326 1484 1978 1566 1681 1639 1721 1671 1440 1304 1530 1734 1719 1665 1764 1392 1568 1683
1208 1309 1491 1209 1190 1253 1318 1147 1419 1426 1154 1198 1176 1465 1300 1377 1306 1185 1164 1285 1049 1101 1273 1204 1312 1300 1340 1512 1016 1255 1305 1013 1031 1382 1511 1354 1352 1415 1322 1389 1177 1385 1089 1416 1286 1346 964 1005 1449 1226 1418 1153 1250 1313 1176 1060 1210 1342 1288 1319 1347 1035 1260 1535
1849 2024 1990 1528 1837 1674 2210 1852 2021 1909 1753 1926 1710 1851 1904 2032 1887 1724 1826 1952 1505 1721 1804 1693 1866 1648 1716 2174 1662 1940 1812 1664 1555 2073 1998 1831 1503 1964 2023 1925 1880 2046 1691 2105 2019 1781 1600 1560 2193 1916 1929 1710 1912 1910 1612 1526 1651 1920 2077 1789 1806 1631 1855 2039
1744 1920 1898 1737 1820 1397 2073 1759 1897 1976 1512 1678 1710 1806 1744 1825 1722 1609 1719 2009 1630 1597 1881 1659 1701 1630 1814 1884 1551 1503 1487 1509 1667 2050 1962 1848 1681 1876 1971 1793 1801 2060 1631 2015 1944 1723 1617 1339 1999 1735 1833 1771 1885 1858 1537 1507 1613 1836 1892 1963 1885 1501 1666 1896
1314 1443 1478 1235 1295 1423 1542 1313 1507 1462 1289 1503 1400 1523 1338 1344 1399 1182 1338 1412 1163 1272 1383 1252 1258 1323 1255 1459 1212 1375 1348 1244 1226 1482 1450 1405 1156 1371 1470 1470 1483 1561 1151 1631 1371 1353 1316 1234 1607 1445 1522 1314 1465 1249 1253 1226 1512 1410 1438 1422 1314 1281 1520 1428
1410 1544 1630 1254 1274 1488 1692 1521 1470 1393 1384 1556 1471 1539 1225 1512 1401 1293 1255 1589 1301 1268 1428 1278 1261 1420 1286 1410 1284 1319 1376 1364 1135 1511 1570 1267 1249 1390 1449 1355 1347 1552 1370 1595 1514 1383 1324 1365 1622 1479 1439 1456 1387 1478 1290 1107 1504 1506 1422 1297 1524 1266 1447 1478
1604 1708 1623 1461 1611 1347 1746 1751 1710 1771 1524 1699 1517 1643 1606 1919 1662 1523 1686 1757 1471 1480 1647 1511 1541 1624 1481 1872 1610 1652 1574 1409 1395 1810 1760 1511 1519 1752 1647 1667 1562 1806 1330 1822 1695 1653 1506 1407 1827 1592 1707 1469 1593 1593 1298 1312 1518 1601 1775 1575 1613 1388 1577 1848
1403 1550 1452 1175 1333 1308 1508 1477 1386 1554 1360 1496 1421 1519 1323 1586 1432 1263 1343 1569 1243 1251 1382 1429 1323 1403 1306 1480 1313 1267 1315 1395 1221 1617 1587 1320 1159 1576 1342 1391 1400 1617 1188 1551 1407 1409 1286 1097 1632 1516 1432 1372 1364 1545 1298 1294 1264 1567 1494 1381 1483 1258 1431 1593
1410 1504 1458 1337 1428 1379 1645 1514 1456 1512 1369 1481 1397 1672 1412 1711 1627 1385 1456 1587 1415 1419 1631 1483 1358 1412 1538 1660 1410 1429 1334 1466 1286 1601 1743 1493 1426 1738 1565 1623 1371 1650 1317 1510 1525 1440 1479 1324 1676 1337 1671 1464 1491 1390 1224 1364 1479 1509 1685 1541 1418 1271 1649 1556
1814 1833 1737 1499 1598 1445 1917 1882 1706 1612 1702 1705 1584 1824 1632 1900 1756 1641 1854 2008 1520 1470 1695 1438 1736 1764 1446 1950 1542 1614 1728 1640 1625 1766 1884 1633 1506 1887 1847 1669 1751 1944 1593 1725 1796 1658 1608 1547 2000 1728 1722 1532 1700 1705 1585 1357 1741 1873 2129 1511 1490 1402 1925 1723
1563 1583 1762 1398 1620 1444 1725 1524 1574 1667 1511 1696 1520 1687 1516 1737 1741 1352 1403 1673 1517 1465 1505 1637 1525 1624 1626 1775 1403 1449 1598 1565 1447 1807 1723 1597 1403 1824 1791 1740 1649 1866 1491 1845 1705 1612 1458 1522 1759 1566 1659 1592 1696 1754 1430 1474 1402 1754 1836 1754 1547 1269 1652 1675
1485 1618 1720 1553 1601 1563 1851 1563 1605 1605 1506 1655 1428 1542 1416 1717 1583 1569 1507 1715 1522 1426 1598 1439 1406 1492 1562 1774 1445 1580 1611 1366 1268 1720 1836 1438 1452 1792 1703 1527 1471 1645 1499 1684 1633 1550 1456 1470 1880 1538 1654 1542 1512 1522 1566 1432 1638 1683 1735 1610 1500 1344 1549 1734
1502 1763 1672 1374 1548 1446 1829 1669 1584 1569 1446 1617 1530 1596 1584 1737 1610 1400 1526 1690 1386 1438 1693 1618 1369 1703 1617 1900 1442 1437 1417 1575 1443 1638 1797 1573 1376 1741 1718 1718 1620 1902 1385 1655 1621 1510 1459 1424 1797 1517 1493 1611 1602 1715 1417 1509 1419 1656 1675 1558 1545 1270 1642 1718
1378 1501 1523 1358 1344 1501 1643 1447 1447 1576 1196 1426 1486 1610 1385 1517 1481 1346 1372 1447 1201 1274 1499 1384 1217 1429 1376 1629 1170 1292 1405 1248 1283 1535 1677 1432 1342 1447 1403 1460 1445 1598 1277 1598 1586 1330 1247 1311 1696 1389 1585 1375 1490 1439 1233 1220 1428 1350 1523 1409 1523 1199 1479 1508
1394 1639 1614 1331 1494 1405 1712 1495 1421 1583 1273 1644 1293 1519 1457 1706 1569 1447 1528 1566 1275 1386 1643 1370 1520 1505 1449 1704 1392 1432 1448 1309 1378 1724 1800 1562 1310 1600 1520 1567 1381 1632 1350 1518 1552 1451 1325 1229 1944 1457 1620 1603 1598 1448 1289 1328 1540 1379 1593 1352 1611 1266 1447 1676
1742 1873 1878 1535 1504 1565 2037 1815 1834 1679 1722 1878 1551 1803 1628 1904 1736 1544 1629 1880 1385 1541 1590 1650 1635 1636 1564 1833 1527 1517 1668 1665 1502 1938 1729 1669 1354 1688 1744 1764 1651 2038 1630 1960 1824 1746 1490 1671 1904 1823 1839 1589 1846 1658 1605 1424 1571 1809 1946 1652 1636 1403 1740 1767
1497 1539 1669 1312 1595 1389 1783 1804 1562 1683 1511 1720 1534 1501 1529 1826 1555 1378 1589 1785 1436 1426 1607 1518 1500 1596 1526 1770 1579 1520 1612 1500 1394 1765 1732 1601 1301 1826 1668 1436 1612 1665 1465 1772 1623 1419 1521 1484 1813 1620 1631 1556 1629 1739 1338 1402 1468 1628 1741 1527 1596 1308 1588 1578
1289 1493 1483 1231 1403 1220 1561 1469 1499 1607 1387 1485 1294 1451 1309 1470 1416 1212 1148 1546 1255 1250 1255 1220 1366 1360 1320 1418 1103 1364 1277 1289 1215 1577 1520 1454 1311 1760 1392 1413 1455 1691 1216 1523 1294 1305 1306 1112 1583 1342 1449 1420 1353 1473 1265 1219 1242 1470 1461 1442 1375 1205 1464 1552
1748 1794 1653 1435 1772 1376 1912 1789 1590 1628 1606 1692 1604 1763 1593 1790 1738 1505 1644 1825 1545 1560 1715 1573 1561 1600 1632 1858 1620 1530 1598 1635 1405 1916 1971 1718 1427 1908 1830 1750 1560 1834 1547 1883 1868 1715 1531 1481 2054 1608 1707 1561 1594 1759 1420 1455 1663 1688 1920 1609 1597 1539 1747 1816
1406 1634 1774 1576 1468 1456 1844 1560 1670 1565 1458 1715 1351 1569 1547 1673 1549 1354 1491 1694 1393 1442 1617 1460 1585 1493 1530 1792 1504 1438 1442 1322 1490 1801 1528 1600 1310 1563 1693 1708 1533 1777 1584 1849 1563 1596 1397 1504 1803 1612 1607 1649 1792 1509 1337 1275 1499 1717 1682 1512 1523 1397 1604 1674
1650 1674 1870 1673 1680 1599 2057 1731 1819 1720 1546 1703 1690 1845 1605 1812 1781 1588 1660 1891 1591 1555 1938 1655 1654 1776 1646 1968 1561 1453 1560 1611 1554 1830 1758 1772 1552 1809 1822 1713 1644 1902 1695 1941 1876 1637 1396 1663 1936 1655 1793 1739 1937 1741 1503 1408 1564 1858 1784 1731 1689 1395 1863 1723
1676 1820 1745 1615 1620 1509 1894 1859 1785 1853 1635 1686 1514 1878 1548 1844 1681 1599 1648 1871 1606 1520 1816 1508 1632 1668 1639 1808 1539 1581 1588 1549 1621 1812 1822 1805 1625 1960 1647 1681 1656 1962 1462 1888 1761 1701 1567 1490 1884 1673 1863 1636 1653 1721 1441 1430 1689 1807 1901 1774 1650 1487 1759 1813
1774 1870 1866 1682 1617 1476 2094 1803 1869 1729 1545 1685 1703 1729 1685 2060 1726 1693 1820 1880 1544 1438 1735 1690 1648 1678 1742 1986 1676 1447 1658 1596 1513 1947 1800 1628 1495 1758 1814 1727 1833 1943 1618 1786 1912 1668 1477 1542 2033 1786 1850 1632 1802 1761 1671 1399 1650 1863 1942 1748 1695 1401 1734 1820
1424 1622 1655 1315 1327 1544 1863 1497 1630 1527 1367 1692 1589 1656 1558 1743 1686 1391 1545 1738 1410 1453 1537 1388 1334 1615 1529 1655 1367 1437 1439 1411 1423 1751 1608 1520 1362 1685 1562 1632 1541 1731 1376 1766 1564 1603 1426 1342 1784 1588 1619 1563 1659 1507 1273 1325 1478 1719 1690 1447 1440 1230 1666 1798
1597 2092 1998 1666 1723 1626 2071 1799 1877 1906 1678 1741 1483 1782 1583 1791 1777 1648 1677 1870 1473 1568 1815 1501 1511 1722 1652 1943 1458 1727 1761 1499 1625 1829 1970 1774 1662 1919 1716 1827 1724 1923 1538 2084 1894 1723 1530 1499 2086 1668 1873 1713 1852 1700 1468 1313 1721 1829 1792 1831 1921 1576 1672 1935
1398 1472 1482 1199 1565 1360 1586 1421 1361 1366 1335 1387 1390 1380 1140 1623 1335 1325 1302 1532 1379 1322 1320 1280 1212 1375 1338 1472 1286 1516 1310 1291 1173 1421 1483 1270 1311 1546 1466 1463 1284 1650 1237 1627 1635 1409 1541 1290 1587 1322 1326 1388 1314 1290 1172 1369 1271 1486 1651 1554 1400 1178 1513 1412
1327 1685 1552 1203 1424 1278 1629 1502 1360 1616 1252 1381 1334 1484 1355 1671 1428 1493 1434 1590 1311 1407 1543 1250 1314 1341 1406 1569 1320 1395 1341 1386 1253 1622 1547 1460 1367 1595 1374 1520 1411 1668 1303 1598 1540 1385 1314 1204 1750 1367 1460 1392 1370 1380 1125 1241 1130 1437 1604 1465 1443 1293 1421 1583
1821 1884 1847 1546 1878 1473 2001 1835 1846 1884 1732 1922 1755 1855 1803 1979 1796 1639 1730 2071 1741 1609 1737 1629 1684 1663 1639 1981 1587 1750 1748 1746 1621 1977 2006 1806 1592 1937 2006 1882 1849 2056 1620 2006 1947 1820 1675 1685 2035 1886 1831 1638 1906 1888 1534 1651 1700 1893 1973 1770 1732 1646 1712 1875
1549 1748 1620 1482 1445 1468 1764 1545 1595 1479 1458 1582 1631 1684 1586 1727 1471 1503 1577 1688 1516 1381 1642 1412 1307 1677 1539 1786 1593 1437 1528 1508 1400 1585 1652 1576 1386 1615 1655 1711 1597 1762 1517 1769 1652 1544 1555 1424 1717 1503 1548 1642 1673 1503 1320 1326 1640 1754 1814 1549 1539 1275 1736 1684
1654 1845 1909 1614 1715 1429 1885 1873 1829 1941 1508 1581 1661 1708 1632 1845 1645 1583 1585 1888 1485 1624 1706 1475 1703 1657 1620 1983 1498 1560 1496 1466 1494 1997 1861 1783 1724 1965 1774 1659 1661 1895 1595 1809 1747 1635 1469 1391 1897 1577 1882 1606 1696 1767 1508 1312 1479 1773 1718 1770 1789 1499 1697 1917
1657 1923 1753 1519 1550 1582 1946 1829 1639 1753 1531 1752 1654 1770 1613 1856 1709 1604 1539 1777 1545 1629 1652 1523 1506 1646 1601 1941 1565 1603 1622 1545 1429 1877 1934 1575 1599 1821 1732 1598 1475 1993 1576 1786 1864 1545 1696 1411 2010 1629 1806 1646 1673 1664 1503 1388 1623 1656 1884 1602 1826 1416 1674 1886
1515 1654 1703 1316 1607 1339 1724 1672 1469 1765 1416 1616 1485 1620 1519 1870 1643 1497 1520 1771 1497 1438 1630 1564 1553 1556 1531 1770 1437 1513 1557 1438 1345 1781 1681 1636 1384 1774 1640 1572 1639 1867 1421 1752 1574 1666 1465 1388 1903 1604 1606 1509 1651 1728 1463 1537 1414 1708 1710 1667 1515 1278 1451 1687
1524 1854 1897 1711 1711 1585 2053 1774 1712 1712 1507 1709 1483 1731 1586 1835 1680 1623 1823 1899 1393 1442 1731 1684 1738 1721 1657 1864 1607 1747 1669 1502 1507 1928 1879 1548 1703 1821 1850 1611 1785 1827 1514 1802 1796 1622 1489 1672 2199 1644 1793 1661 1740 1556 1506 1438 1541 1796 1810 1822 1644 1481 1709 1822
1664 1873 1755 1547 1733 1498 2106 1756 1690 1724 1600 1684 1612 1759 1611 2023 1700 1711 1559 1823 1538 1444 1706 1651 1584 1535 1649 1837 1515 1657 1629 1665 1390 1747 1921 1616 1605 1894 1812 1814 1673 1930 1590 1830 1833 1697 1506 1416 1997 1729 1834 1767 1721 1750 1460 1445 1543 1769 1788 1819 1814 1472 1637 1844
1589 1720 1749 1597 1634 1614 1880 1700 1669 1769 1563 1722 1454 1666 1442 1803 1685 1691 1544 1775 1524 1466 1732 1605 1632 1612 1450 1820 1460 1621 1606 1431 1424 1679 1798 1612 1488 1883 1696 1686 1668 1872 1593 1979 1779 1546 1390 1476 1925 1582 1781 1628 1592 1612 1477 1376 1427 1758 1703 1658 1669 1366 1674 1792
1214 1393 1444 1127 1097 1164 1494 1441 1264 1304 1113 1386 1222 1302 1223 1434 1226 1268 1355 1401 1068 1130 1374 1087 1217 1319 1216 1394 1028 1284 1155 1109 1259 1448 1306 1401 1343 1218 1263 1335 1289 1493 1134 1306 1200 1269 1223 1064 1565 1211 1339 1334 1332 1236 1081 1040 1156 1358 1281 1311 1311 1102 1244 1417
1504 1540 1552 1306 1554 1402 1759 1454 1490 1575 1382 1799 1505 1707 1442 1624 1592 1528 1300 1582 1390 1375 1550 1440 1614 1439 1287 1703 1392 1544 1461 1485 1226 1683 1629 1548 1410 1649 1584 1412 1380 1751 1358 1712 1664 1551 1334 1359 1882 1530 1573 1479 1480 1480 1439 1296 1353 1628 1635 1411 1414 1302 1543 1656
1399 1604 1581 1308 1409 1240 1686 1627 1489 1531 1325 1408 1370 1422 1512 1637 1386 1441 1405 1647 1406 1195 1513 1326 1379 1377 1420 1600 1381 1342 1451 1374 1351 1514 1623 1591 1441 1617 1534 1434 1565 1600 1381 1569 1511 1528 1268 1144 1800 1586 1516 1434 1430 1502 1401 1164 1593 1635 1492 1477 1520 1292 1446 1694
1641 1875 1837 1455 1586 1549 1930 1730 1821 1727 1557 1723 1585 1853 1691 1747 1502 1601 1550 1872 1588 1631 1751 1506 1702 1510 1557 1790 1710 1695 1651 1490 1379 1769 1826 1657 1557 1772 1706 1649 1686 1849 1644 1798 1727 1776 1488 1442 2013 1733 1803 1657 1810 1606 1510 1329 1725 1779 1835 1579 1714 1525 1827 1821
1439 1727 1525 1342 1444 1343 1777 1526 1436 1478 1477 1570 1446 1609 1426 1497 1638 1283 1390 1503 1439 1533 1486 1384 1302 1552 1403 1693 1384 1438 1496 1458 1398 1616 1740 1556 1391 1599 1695 1539 1357 1741 1399 1718 1566 1554 1435 1560 1689 1342 1582 1493 1557 1467 1175 1396 1537 1558 1705 1390 1386 1205 1591 1582
Total Multiplications: 262144

Strassen's Multiplication Result (Time: 0.321851 seconds):
1629 1939 2002 1522 1776 1707 1846 1549 1740 1700 1561 1818 1762 1810 1523 1794 1804 1516 1653 1801 1658 1561 1604 1630 1594 1883 1478 1931 1621 1726 1727 1623 1587 1949 1737 1628 1677 1876 1867 1727 1722 1991 1539 2097 1932 1717 1633 1683 2064 1697 1652 1668 1599 1675 1473 1375 1508 1980 1852 1755 1689 1422 1831 1820
1710 1852 1809 1476 1577 1551 2052 1721 1562 1499 1538 1675 1589 1746 1483 1804 1606 1522 1544 1812 1511 1560 1719 1517 1581 1452 1696 1635 1461 1408 1493 1690 1482 1879 1684 1683 1431 1604 1804 1811 1472 1962 1584 1883 1902 1742 1530 1434 1856 1678 1711 1685 1630 1659 1449 1344 1522 1722 1853 1778 1608 1549 1684 1697
1540 1928 1959 1461 1705 1706 2056 1678 1827 1898 1629 1842 1698 1791 1913 2036 1865 1628 1822 1843 1622 1650 1822 1693 1728 1728 1895 1887 1757 1811 1759 1628 1501 2142 1849 1831 1627 1823 1800 1874 1851 1966 1599 1922 1891 1812 1624 1592 2084 1864 1857 1800 1946 1837 1510 1651 1683 1853 1892 1915 1724 1508 1768 2033
1647 1779 1765 1350 1710 1738 1891 1702 1475 1678 1535 1790 1568 1809 1526 1959 1690 1580 1498 1750 1641 1564 1881 1673 1676 1687 1554 1800 1474 1618 1649 1658 1389 1803 1892 1698 1589 1770 1598 1861 1673 1933 1514 1792 1836 1670 1563 1360 1870 1637 1735 1648 1621 1797 1482 1662 1512 1672 1733 1660 1655 1242 1893 1848
1474 1334 1553 1209 1492 1402 1729 1598 1414 1446 1398 1436 1451 1412 1460 1527 1413 1330 1342 1541 1380 1412 1487 1441 1369 1344 1530 1682 1320 1390 1492 1365 1157 1478 1739 1550 1168 1662 1685 1280 1426 1680 1455 1552 1492 1425 1312 1248 1773 1419 1438 1579 1564 1576 1581 1418 1460 1693 1751 1500 1457 1125 1583 1470
1700 1744 1736 1545 1532 1442 2033 1575 1928 1765 1487 1720 1767 1885 1509 1806 1733 1550 1592 1854 1619 1414 1524 1549 1563 1671 1533 1723 1451 1423 1592 1506 1450 1907 1790 1662 1568 1764 1820 1565 1563 1973 1490 1767 1696 1630 1312 1490 2070 1633 1865 1716 1562 1644 1579 1255 1570 1812 1669 1629 1738 1315 1591 1748
1515 1620 1644 1480 1365 1323 1788 1599 1801 1766 1341 1568 1578 1513 1498 1673 1560 1567 1646 1649 1383 1349 1387 1391 1270 1575 1530 1696 1466 1454 1472 1262 1356 1680 1677 1431 1448 1657 1629 1484 1557 1693 1374 1565 1533 1497 1376 1422 1931 1669 1716 1527 1597 1569 1428 1340 1661 1671 1754 1600 1606 1332 1545 1663
1559 1583 1657 1437 1376 1392 1770 1626 1603 1565 1376 1613 1457 1618 1567 1604 1518 1433 1487 1679 1459 1427 1581 1368 1383 1403 1340 1775 1307 1437 1512 1391 1354 1586 1607 1538 1414 1573 1601 1663 1485 1656 1492 1794 1505 1460 1297 1434 1780 1502 1530 1586 1571 1517 1238 1094 1373 1646 1718 1519 1495 1264 1555 1489
1527 1758 1658 1434 1612 1555 1886 1658 1471 1449 1433 1616 1503 1583 1335 1700 1560 1556 1786 1703 1513 1410 1670 1447 1430 1625 1482 1817 1505 1609 1617 1427 1459 1707 1781 1534 1380 1709 1717 1620 1650 1820 1503 1787 1764 1441 1526 1414 2119 1568 1711 1387 1592 1459 1470 1340 1500 1667 1821 1557 1529 1320 1743 1539
1523 1702 1624 1441 1464 1354 1925 1596 1432 1540 1496 1733 1545 1492 1516 1758 1577 1645 1556 1680 1564 1445 1729 1547 1443 1507 1573 1758 1507 1491 1555 1517 1425 1683 1752 1603 1433 1802 1720 1527 1607 1848 1458 1630 1690 1586 1479 1341 1915 1565 1627 1614 1614 1653 1481 1472 1586 1786 1723 1580 1531 1304 1665 1827
1277 1368 1439 1298 1418 1281 1506 1279 1443 1507 1339 1521 1204 1252 1452 1380 1251 1270 1177 1261 1289 1299 1250 1354 1421 1264 1354 1643 1373 1464 1368 1185 1114 1551 1464 1410 1244 1445 1518 1404 1367 1580 1211 1654 1342 1366 1369 1141 1605 1192 1379 1455 1416 1329 1295 1311 1300 1489 1490 1416 1434 1164 1373 1559
1667 1740 1925 1559 1672 1683 2035 1725 1876 1815 1726 1843 1520 1841 1694 1872 1938 1808 1694 1875 1568 1585 1823 1721 1870 1678 1668 1903 1601 1747 1678 1665 1623 1942 1987 1814 1551 1893 1923 1825 1717 2064 1723 1913 1877 1825 1581 1530 2170 1670 1813 1770 1763 1675 1648 1421 1701 1841 1850 1641 1734 1523 1858 2006
1616 1879 1727 1427 1619 1444 1970 1572 1589 1663 1554 1627 1610 1713 1429 1794 1639 1540 1560 1757 1513 1491 1757 1562 1503 1538 1551 1727 1495 1574 1628 1661 1421 1687 1892 1628 1445 1835 1734 1619 1598 1851 1321 1716 1818 1584 1528 1520 1924 1505 1680 1632 1673 1673 1364 1535 1573 1788 1783 1658 1678 1377 1720 1631
1507 1585 1564 1448 1488 1309 1813 1687 1624 1450 1457 1587 1516 1569 1318 1672 1457 1302 1321 1724 1463 1285 1531 1345 1221 1513 1557 1621 1385 1275 1364 1396 1445 1594 1557 1560 1449 1639 1580 1489 1454 1872 1323 1627 1609 1596 1501 1338 1746 1527 1644 1457 1575 1392 1458 1226 1591 1596 1686 1537 1470 1264 1577 1592
1433 1494 1437 1325 1378 1302 1691 1500 1409 1480 1234 1582 1307 1699 1394 1566 1583 1300 1224 1427 1296 1270 1470 1342 1417 1472 1244 1806 1127 1314 1390 1305 1282 1525 1657 1486 1336 1612 1546 1359 1369 1755 1244 1469 1378 1441 1230 1195 1739 1349 1633 1425 1385 1520 1392 1226 1278 1508 1628 1220 1335 1096 1390 1560
1365 1504 1656 1285 1578 1399 1602 1314 1535 1489 1361 1576 1329 1440 1468 1579 1416 1409 1381 1618 1214 1285 1454 1439 1399 1386 1504 1499 1339 1462 1377 1251 1263 1715 1650 1545 1397 1565 1523 1603 1460 1531 1326 1606 1640 1561 1210 1203 1785 1529 1456 1497 1406 1425 1226 1345 1352 1528 1458 1530 1431 1330 1458 1891
1583 1669 1719 1375 1597 1415 1831 1629 1680 1551 1554 1570 1535 1610 1515 1700 1510 1537 1616 1834 1542 1419 1571 1433 1371 1558 1542 1761 1445 1657 1721 1471 1324 1586 1795 1456 1521 1718 1688 1593 1526 1831 1357 1685 1757 1593 1550 1382 1889 1637 1545 1516 1641 1662 1443 1385 1527 1709 1747 1657 1653 1317 1601 1631
1614 1832 1759 1452 1598 1517 2074 1747 1696 1596 1588 1649 1524 1559 1478 1821 1524 1584 1527 1756 1508 1358 1627 1519 1549 1623 1532 1783 1519 1701 1619 1466 1484 1535 1724 1631 1508 1798 1710 1677 1828 1954 1565 1818 1722 1627 1405 1595 1915 1725 1698 1584 1630 1748 1599 1431 1671 1896 1831 1646 1608 1247 1688 1721
1642 1878 1763 1453 1588 1447 1836 1764 1650 1710 1562 1689 1600 1769 1533 1850 1638 1421 1620 1724 1497 1523 1725 1613 1494 1632 1565 1787 1510 1548 1489 1571 1562 1802 1720 1675 1468 1671 1667 1686 1649 1946 1327 1792 1725 1698 1496 1577 1765 1620 1728 1461 1636 1755 1383 1435 1504 1774 1791 1770 1533 1366 1674 1746
1691 1717 1851 1512 1601 1455 1914 1778 1754 1779 1679 1699 1655 1733 1552 1872 1556 1638 1555 1881 1591 1408 1634 1605 1715 1621 1774 1777 1559 1650 1606 1545 1495 1844 1844 1729 1514 1903 1865 1658 1711 2015 1668 1854 1789 1772 1498 1454 1955 1900 1760 1595 1750 1790 1683 1493 1649 1935 1852 1868 1744 1463 1632 1886
1647 1826 1925 1348 1854 1535 1936 1780 1647 1716 1421 1721 1706 1617 1699 1966 1639 1545 1725 2035 1723 1654 1830 1577 1563 1665 1692 1945 1535 1753 1695 1581 1575 1803 1902 1778 1696 1802 1899 1826 1754 2098 1440 1776 1859 1760 1550 1554 2006 1582 1575 1746 1791 1688 1597 1454 1606 1772 1885 1752 1720 1430 1681 1927
1505 1601 1745 1410 1484 1477 1633 1624 1527 1637 1410 1381 1495 1668 1547 1651 1595 1386 1301 1591 1398 1410 1591 1567 1485 1474 1578 1709 1307 1259 1362 1498 1296 1675 1867 1628 1320 1755 1687 1591 1586 1740 1494 1575 1628 1555 1307 1356 1599 1447 1594 1473 1519 1607 1453 1401 1428 1596 1705 1524 1461 1224 1637 1639
1772 1688 1687 1572 1612 1459 1885 1695 1829 1738 1672 1512 1544 1663 1592 1811 1743 1541 1585 1743 1356 1425 1550 1561 1652 1596 1709 1788 1475 1423 1513 1528 1573 1854 1943 1656 1385 1965 1752 1696 1605 1817 1432 1759 1740 1645 1441 1271 1918 1671 1888 1589 1643 1721 1451 1339 1738 1729 1711 1636 1780 1532 1694 1929
1622 1720 1819 1475 1591 1556 2038 1706 1801 1734 1653 1948 1524 1788 1649 1782 1792 1634 1528 1785 1356 1561 1612 1568 1675 1628 1572 1914 1539 1639 1580 1711 1358 1889 1829 1579 1505 1758 1821 1605 1449 1938 1574 1794 1775 1640 1531 1600 1945 1706 1790 1707 1720 1563 1603 1376 1588 1621 1815 1636 1677 1510 1603 1896
1656 1897 1871 1351 1538 1539 1985 1782 1591 1772 1596 1533 1462 1796 1501 1775 1683 1588 1651 1977 1457 1568 1910 1521 1692 1479 1528 1797 1326 1600 1684 1532 1404 1729 2022 1689 1465 1807 1717 1682 1550 1811 1491 1791 1716 1601 1326 1484 1978 1566 1681 1639 1721 1671 1440 1304 1530 1734 1719 1665 1764 1392 1568 1683
1208 1309 1491 1209 1190 1253 1318 1147 1419 1426 1154 1198 1176 1465 1300 1377 1306 1185 1164 1285 1049 1101 1273 1204 1312 1300 1340 1512 1016 1255 1305 1013 1031 1382 1511 1354 1352 1415 1322 1389 1177 1385 1089 1416 1286 1346 964 1005 1449 1226 1418 1153 1250 1313 1176 1060 1210 1342 1288 1319 1347 1035 1260 1535
1849 2024 1990 1528 1837 1674 2210 1852 2021 1909 1753 1926 1710 1851 1904 2032 1887 1724 1826 1952 1505 1721 1804 1693 1866 1648 1716 2174 1662 1940 1812 1664 1555 2073 1998 1831 1503 1964 2023 1925 1880 2046 1691 2105 2019 1781 1600 1560 2193 1916 1929 1710 1912 1910 1612 1526 1651 1920 2077 1789 1806 1631 1855 2039
1744 1920 1898 1737 1820 1397 2073 1759 1897 1976 1512 1678 1710 1806 1744 1825 1722 1609 1719 2009 1630 1597 1881 1659 1701 1630 1814 1884 1551 1503 1487 1509 1667 2050 1962 1848 1681 1876 1971 1793 1801 2060 1631 2015 1944 1723 1617 1339 1999 1735 1833 1771 1885 1858 1537 1507 1613 1836 1892 1963 1885 1501 1666 1896
1314 1443 1478 1235 1295 1423 1542 1313 1507 1462 1289 1503 1400 1523 1338 1344 1399 1182 1338 1412 1163 1272 1383 1252 1258 1323 1255 1459 1212 1375 1348 1244 1226 1482 1450 1405 1156 1371 1470 1470 1483 1561 1151 1631 1371 1353 1316 1234 1607 1445 1522 1314 1465 1249 1253 1226 1512 1410 1438 1422 1314 1281 1520 1428
1410 1544 1630 1254 1274 1488 1692 1521 1470 1393 1384 1556 1471 1539 1225 1512 1401 1293 1255 1589 1301 1268 1428 1278 1261 1420 1286 1410 1284 1319 1376 1364 1135 1511 1570 1267 1249 1390 1449 1355 1347 1552 1370 1595 1514 1383 1324 1365 1622 1479 1439 1456 1387 1478 1290 1107 1504 1506 1422 1297 1524 1266 1447 1478
1604 1708 1623 1461 1611 1347 1746 1751 1710 1771 1524 1699 1517 1643 1606 1919 1662 1523 1686 1757 1471 1480 1647 1511 1541 1624 1481 1872 1610 1652 1574 1409 1395 1810 1760 1511 1519 1752 1647 1667 1562 1806 1330 1822 1695 1653 1506 1407 1827 1592 1707 1469 1593 1593 1298 1312 1518 1601 1775 1575 1613 1388 1577 1848
1403 1550 1452 1175 1333 1308 1508 1477 1386 1554 1360 1496 1421 1519 1323 1586 1432 1263 1343 1569 1243 1251 1382 1429 1323 1403 1306 1480 1313 1267 1315 1395 1221 1617 1587 1320 1159 1576 1342 1391 1400 1617 1188 1551 1407 1409 1286 1097 1632 1516 1432 1372 1364 1545 1298 1294 1264 1567 1494 1381 1483 1258 1431 1593
1410 1504 1458 1337 1428 1379 1645 1514 1456 1512 1369 1481 1397 1672 1412 1711 1627 1385 1456 1587 1415 1419 1631 1483 1358 1412 1538 1660 1410 1429 1334 1466 1286 1601 1743 1493 1426 1738 1565 1623 1371 1650 1317 1510 1525 1440 1479 1324 1676 1337 1671 1464 1491 1390 1224 1364 1479 1509 1685 1541 1418 1271 1649 1556
1814 1833 1737 1499 1598 1445 1917 1882 1706 1612 1702 1705 1584 1824 1632 1900 1756 1641 1854 2008 1520 1470 1695 1438 1736 1764 1446 1950 1542 1614 1728 1640 1625 1766 1884 1633 1506 1887 1847 1669 1751 1944 1593 1725 1796 1658 1608 1547 2000 1728 1722 1532 1700 1705 1585 1357 1741 1873 2129 1511 1490 1402 1925 1723
1563 1583 1762 1398 1620 1444 1725 1524 1574 1667 1511 1696 1520 1687 1516 1737 1741 1352 1403 1673 1517 1465 1505 1637 1525 1624 1626 1775 1403 1449 1598 1565 1447 1807 1723 1597 1403 1824 1791 1740 1649 1866 1491 1845 1705 1612 1458 1522 1759 1566 1659 1592 1696 1754 1430 1474 1402 1754 1836 1754 1547 1269 1652 1675
1485 1618 1720 1553 1601 1563 1851 1563 1605 1605 1506 1655 1428 1542 1416 1717 1583 1569 1507 1715 1522 1426 1598 1439 1406 1492 1562 1774 1445 1580 1611 1366 1268 1720 1836 1438 1452 1792 1703 1527 1471 1645 1499 1684 1633 1550 1456 1470 1880 1538 1654 1542 1512 1522 1566 1432 1638 1683 1735 1610 1500 1344 1549 1734
1502 1763 1672 1374 1548 1446 1829 1669 1584 1569 1446 1617 1530 1596 1584 1737 1610 1400 1526 1690 1386 1438 1693 1618 1369 1703 1617 1900 1442 1437 1417 1575 1443 1638 1797 1573 1376 1741 1718 1718 1620 1902 1385 1655 1621 1510 1459 1424 1797 1517 1493 1611 1602 1715 1417 1509 1419 1656 1675 1558 1545 1270 1642 1718
1378 1501 1523 1358 1344 1501 1643 1447 1447 1576 1196 1426 1486 1610 1385 1517 1481 1346 1372 1447 1201 1274 1499 1384 1217 1429 1376 1629 1170 1292 1405 1248 1283 1535 1677 1432 1342 1447 1403 1460 1445 1598 1277 1598 1586 1330 1247 1311 1696 1389 1585 1375 1490 1439 1233 1220 1428 1350 1523 1409 1523 1199 1479 1508
1394 1639 1614 1331 1494 1405 1712 1495 1421 1583 1273 1644 1293 1519 1457 1706 1569 1447 1528 1566 1275 1386 1643 1370 1520 1505 1449 1704 1392 1432 1448 1309 1378 1724 1800 1562 1310 1600 1520 1567 1381 1632 1350 1518 1552 1451 1325 1229 1944 1457 1620 1603 1598 1448 1289 1328 1540 1379 1593 1352 1611 1266 1447 1676
1742 1873 1878 1535 1504 1565 2037 1815 1834 1679 1722 1878 1551 1803 1628 1904 1736 1544 1629 1880 1385 1541 1590 1650 1635 1636 1564 1833 1527 1517 1668 1665 1502 1938 1729 1669 1354 1688 1744 1764 1651 2038 1630 1960 1824 1746 1490 1671 1904 1823 1839 1589 1846 1658 1605 1424 1571 1809 1946 1652 1636 1403 1740 1767
1497 1539 1669 1312 1595 1389 1783 1804 1562 1683 1511 1720 1534 1501 1529 1826 1555 1378 1589 1785 1436 1426 1607 1518 1500 1596 1526 1770 1579 1520 1612 1500 1394 1765 1732 1601 1301 1826 1668 1436 1612 1665 1465 1772 1623 1419 1521 1484 1813 1620 1631 1556 1629 1739 1338 1402 1468 1628 1741 1527 1596 1308 1588 1578
1289 1493 1483 1231 1403 1220 1561 1469 1499 1607 1387 1485 1294 1451 1309 1470 1416 1212 1148 1546 1255 1250 1255 1220 1366 1360 1320 1418 1103 1364 1277 1289 1215 1577 1520 1454 1311 1760 1392 1413 1455 1691 1216 1523 1294 1305 1306 1112 1583 1342 1449 1420 1353 1473 1265 1219 1242 1470 1461 1442 1375 1205 1464 1552
1748 1794 1653 1435 1772 1376 1912 1789 1590 1628 1606 1692 1604 1763 1593 1790 1738 1505 1644 1825 1545 1560 1715 1573 1561 1600 1632 1858 1620 1530 1598 1635 1405 1916 1971 1718 1427 1908 1830 1750 1560 1834 1547 1883 1868 1715 1531 1481 2054 1608 1707 1561 1594 1759 1420 1455 1663 1688 1920 1609 1597 1539 1747 1816
1406 1634 1774 1576 1468 1456 1844 1560 1670 1565 1458 1715 1351 1569 1547 1673 1549 1354 1491 1694 1393 1442 1617 1460 1585 1493 1530 1792 1504 1438 1442 1322 1490 1801 1528 1600 1310 1563 1693 1708 1533 1777 1584 1849 1563 1596 1397 1504 1803 1612 1607 1649 1792 1509 1337 1275 1499 1717 1682 1512 1523 1397 1604 1674
1650 1674 1870 1673 1680 1599 2057 1731 1819 1720 1546 1703 1690 1845 1605 1812 1781 1588 1660 1891 1591 1555 1938 1655 1654 1776 1646 1968 1561 1453 1560 1611 1554 1830 1758 1772 1552 1809 1822 1713 1644 1902 1695 1941 1876 1637 1396 1663 1936 1655 1793 1739 1937 1741 1503 1408 1564 1858 1784 1731 1689 1395 1863 1723
1676 1820 1745 1615 1620 1509 1894 1859 1785 1853 1635 1686 1514 1878 1548 1844 1681 1599 1648 1871 1606 1520 1816 1508 1632 1668 1639 1808 1539 1581 1588 1549 1621 1812 1822 1805 1625 1960 1647 1681 1656 1962 1462 1888 1761 1701 1567 1490 1884 1673 1863 1636 1653 1721 1441 1430 1689 1807 1901 1774 1650 1487 1759 1813
1774 1870 1866 1682 1617 1476 2094 1803 1869 1729 1545 1685 1703 1729 1685 2060 1726 1693 1820 1880 1544 1438 1735 1690 1648 1678 1742 1986 1676 1447 1658 1596 1513 1947 1800 1628 1495 1758 1814 1727 1833 1943 1618 1786 1912 1668 1477 1542 2033 1786 1850 1632 1802 1761 1671 1399 1650 1863 1942 1748 1695 1401 1734 1820
1424 1622 1655 1315 1327 1544 1863 1497 1630 1527 1367 1692 1589 1656 1558 1743 1686 1391 1545 1738 1410 1453 1537 1388 1334 1615 1529 1655 1367 1437 1439 1411 1423 1751 1608 1520 1362 1685 1562 1632 1541 1731 1376 1766 1564 1603 1426 1342 1784 1588 1619 1563 1659 1507 1273 1325 1478 1719 1690 1447 1440 1230 1666 1798
1597 2092 1998 1666 1723 1626 2071 1799 1877 1906 1678 1741 1483 1782 1583 1791 1777 1648 1677 1870 1473 1568 1815 1501 1511 1722 1652 1943 1458 1727 1761 1499 1625 1829 1970 1774 1662 1919 1716 1827 1724 1923 1538 2084 1894 1723 1530 1499 2086 1668 1873 1713 1852 1700 1468 1313 1721 1829 1792 1831 1921 1576 1672 1935
1398 1472 1482 1199 1565 1360 1586 1421 1361 1366 1335 1387 1390 1380 1140 1623 1335 1325 1302 1532 1379 1322 1320 1280 1212 1375 1338 1472 1286 1516 1310 1291 1173 1421 1483 1270 1311 1546 1466 1463 1284 1650 1237 1627 1635 1409 1541 1290 1587 1322 1326 1388 1314 1290 1172 1369 1271 1486 1651 1554 1400 1178 1513 1412
1327 1685 1552 1203 1424 1278 1629 1502 1360 1616 1252 1381 1334 1484 1355 1671 1428 1493 1434 1590 1311 1407 1543 1250 1314 1341 1406 1569 1320 1395 1341 1386 1253 1622 1547 1460 1367 1595 1374 1520 1411 1668 1303 1598 1540 1385 1314 1204 1750 1367 1460 1392 1370 1380 1125 1241 1130 1437 1604 1465 1443 1293 1421 1583
1821 1884 1847 1546 1878 1473 2001 1835 1846 1884 1732 1922 1755 1855 1803 1979 1796 1639 1730 2071 1741 1609 1737 1629 1684 1663 1639 1981 1587 1750 1748 1746 1621 1977 2006 1806 1592 1937 2006 1882 1849 2056 1620 2006 1947 1820 1675 1685 2035 1886 1831 1638 1906 1888 1534 1651 1700 1893 1973 1770 1732 1646 1712 1875
1549 1748 1620 1482 1445 1468 1764 1545 1595 1479 1458 1582 1631 1684 1586 1727 1471 1503 1577 1688 1516 1381 1642 1412 1307 1677 1539 1786 1593 1437 1528 1508 1400 1585 1652 1576 1386 1615 1655 1711 1597 1762 1517 1769 1652 1544 1555 1424 1717 1503 1548 1642 1673 1503 1320 1326 1640 1754 1814 1549 1539 1275 1736 1684
1654 1845 1909 1614 1715 1429 1885 1873 1829 1941 1508 1581 1661 1708 1632 1845 1645 1583 1585 1888 1485 1624 1706 1475 1703 1657 1620 1983 1498 1560 1496 1466 1494 1997 1861 1783 1724 1965 1774 1659 1661 1895 1595 1809 1747 1635 1469 1391 1897 1577 1882 1606 1696 1767 1508 1312 1479 1773 1718 1770 1789 1499 1697 1917
1657 1923 1753 1519 1550 1582 1946 1829 1639 1753 1531 1752 1654 1770 1613 1856 1709 1604 1539 1777 1545 1629 1652 1523 1506 1646 1601 1941 1565 1603 1622 1545 1429 1877 1934 1575 1599 1821 1732 1598 1475 1993 1576 1786 1864 1545 1696 1411 2010 1629 1806 1646 1673 1664 1503 1388 1623 1656 1884 1602 1826 1416 1674 1886
1515 1654 1703 1316 1607 1339 1724 1672 1469 1765 1416 1616 1485 1620 1519 1870 1643 1497 1520 1771 1497 1438 1630 1564 1553 1556 1531 1770 1437 1513 1557 1438 1345 1781 1681 1636 1384 1774 1640 1572 1639 1867 1421 1752 1574 1666 1465 1388 1903 1604 1606 1509 1651 1728 1463 1537 1414 1708 1710 1667 1515 1278 1451 1687
1524 1854 1897 1711 1711 1585 2053 1774 1712 1712 1507 1709 1483 1731 1586 1835 1680 1623 1823 1899 1393 1442 1731 1684 1738 1721 1657 1864 1607 1747 1669 1502 1507 1928 1879 1548 1703 1821 1850 1611 1785 1827 1514 1802 1796 1622 1489 1672 2199 1644 1793 1661 1740 1556 1506 1438 1541 1796 1810 1822 1644 1481 1709 1822
1664 1873 1755 1547 1733 1498 2106 1756 1690 1724 1600 1684 1612 1759 1611 2023 1700 1711 1559 1823 1538 1444 1706 1651 1584 1535 1649 1837 1515 1657 1629 1665 1390 1747 1921 1616 1605 1894 1812 1814 1673 1930 1590 1830 1833 1697 1506 1416 1997 1729 1834 1767 1721 1750 1460 1445 1543 1769 1788 1819 1814 1472 1637 1844
1589 1720 1749 1597 1634 1614 1880 1700 1669 1769 1563 1722 1454 1666 1442 1803 1685 1691 1544 1775 1524 1466 1732 1605 1632 1612 1450 1820 1460 1621 1606 1431 1424 1679 1798 1612 1488 1883 1696 1686 1668 1872 1593 1979 1779 1546 1390 1476 1925 1582 1781 1628 1592 1612 1477 1376 1427 1758 1703 1658 1669 1366 1674 1792
1214 1393 1444 1127 1097 1164 1494 1441 1264 1304 1113 1386 1222 1302 1223 1434 1226 1268 1355 1401 1068 1130 1374 1087 1217 1319 1216 1394 1028 1284 1155 1109 1259 1448 1306 1401 1343 1218 1263 1335 1289 1493 1134 1306 1200 1269 1223 1064 1565 1211 1339 1334 1332 1236 1081 1040 1156 1358 1281 1311 1311 1102 1244 1417
1504 1540 1552 1306 1554 1402 1759 1454 1490 1575 1382 1799 1505 1707 1442 1624 1592 1528 1300 1582 1390 1375 1550 1440 1614 1439 1287 1703 1392 1544 1461 1485 1226 1683 1629 1548 1410 1649 1584 1412 1380 1751 1358 1712 1664 1551 1334 1359 1882 1530 1573 1479 1480 1480 1439 1296 1353 1628 1635 1411 1414 1302 1543 1656
1399 1604 1581 1308 1409 1240 1686 1627 1489 1531 1325 1408 1370 1422 1512 1637 1386 1441 1405 1647 1406 1195 1513 1326 1379 1377 1420 1600 1381 1342 1451 1374 1351 1514 1623 1591 1441 1617 1534 1434 1565 1600 1381 1569 1511 1528 1268 1144 1800 1586 1516 1434 1430 1502 1401 1164 1593 1635 1492 1477 1520 1292 1446 1694
1641 1875 1837 1455 1586 1549 1930 1730 1821 1727 1557 1723 1585 1853 1691 1747 1502 1601 1550 1872 1588 1631 1751 1506 1702 1510 1557 1790 1710 1695 1651 1490 1379 1769 1826 1657 1557 1772 1706 1649 1686 1849 1644 1798 1727 1776 1488 1442 2013 1733 1803 1657 1810 1606 1510 1329 1725 1779 1835 1579 1714 1525 1827 1821
1439 1727 1525 1342 1444 1343 1777 1526 1436 1478 1477 1570 1446 1609 1426 1497 1638 1283 1390 1503 1439 1533 1486 1384 1302 1552 1403 1693 1384 1438 1496 1458 1398 1616 1740 1556 1391 1599 1695 1539 1357 1741 1399 1718 1566 1554 1435 1560 1689 1342 1582 1493 1557 1467 1175 1396 1537 1558 1705 1390 1386 1205 1591 1582
Total Multiplications (Strassen's): 117649

Matrix Pair 15:
Dimensions: 128x128
Ordinary Multiplication Result (Time: 0.257242 seconds):
4033 3358 3201 4625 3590 4215 3999 4131 3876 3646 3252 4460 2720 4385 4037 4230 4189 3751 3525 4388 3230 3314 3117 4176 3724 3958 3877 3514 2968 3613 3174 3559 3624 4009 4601 3922 4226 3922 4524 3051 3683 4186 3771 3618 3346 3538 4034 3101 3928 4088 3036 3473 3928 4013 4117 3963 3230 3716 3906 3588 4392 4592 3304 3207 4014 3219 4192 4266 4190 3643 3213 3603 4166 3702 3179 3651 3781 3768 4284 3817 3975 3129 4066 3563 4336 4125 4257 4529 3497 4531 3104 2834 3974 4192 3568 3553 4164 3325 3614 3568 3129 3675 4425 3637 3084 4185 3784 4049 3614 4080 4136 4095 3607 4526 3762 3599 4166 4454 3668 3194 3987 4142 3261 3965 3643 3566 3385 3154
3449 3619 3342 4128 3458 3971 3642 3327 3881 3657 3624 3901 3268 3632 4377 4164 4165 3725 4433 3615 3997 3187 3750 3920 3648 3554 3311 3556 3274 4274 3629 4101 4032 3702 3603 3829 3920 3719 4398 3233 4232 4042 3319 4365 3498 4433 3938 3746 3850 3962 3456 3489 3809 3237 3877 3576 3812 3623 3919 3785 3789 4242 3440 3548 3573 3487 4007 4011 4178 3552 3846 3944 3697 3345 3283 3156 3366 3507 4378 4031 3461 3843 3392 3113 4110 3795 3577 3867 3149 3396 3717 3210 3710 3823 3179 3701 3475 3736 3823 3783 3100 3499 3908 3420 3954 3782 3782 4244 3661 3647 3519 4200 4163 4340 3401 3545 3742 3993 3698 3749 3447 3681 3524 3473 3322 3801 3297 3709
3513 3586 3294 3760 3578 3410 3462 3369 3577 3565 3493 4049 3120 3700 3848 3806 3876 3447 3900 3678 3527 3296 3386 3718 3685 3440 3292 3389 2982 3783 3393 3596 3584 3517 3695 3320 4061 3778 3716 3459 3701 3680 3284 3633 3518 3684 3359 3312 3721 4024 3456 3420 3663 3676 3245 3272 3620 3608 3537 3567 3679 3721 2983 3570 3593 3415 4097 3520 3546 3373 3332 3488 3414 3233 3378 3256 3489 3567 4117 3718 3552 3442 3386 3061 3808 3685 3674 3787 3396 3700 3173 2974 3732 3265 3297 3424 3568 3277 3222 3573 3040 3520 3877 3318 3437 3544 3518 3787 3501 3224 3426 3396 3703 4051 3194 3450 3550 3972 3677 3114 3356 3562 3294 3425 3180 3636 3495 3373
3422 3525 3162 3832 3469 3777 3302 3342 3422 3236 3549 4000 3030 3612 3824 3735 4007 3391 3813 3578 3481 3311 3322 3553 3661 3431 3229 3321 3144 3599 3228 3371 3628 3578 3572 2947 3912 3289 3607 3411 3538 3848 3386 3330 3407 3855 3581 3503 3650 3914 3335 3612 3626 3670 3402 3101 3630 3539 3313 3494 3530 3699 3048 3319 3429 3275 3765 3330 3846 3411 3126 3577 3384 3227 3358 3343 3384 3609 4044 3489 3470 3522 3297 3161 3512 3584 3599 3560 3032 3534 3292 3292 3780 3065 3351 3525 3472 3254 2941 3624 3096 3756 3862 3278 3374 3395 3364 3787 3479 3327 3347 3339 3828 3938 3328 3475 3337 3817 3556 2890 3325 3255 3184 3561 3296 3339 3329 3429
2829 3268 2877 3420 2971 3434 3212 3088 3121 3073 3021 3702 2763 3158 3047 3145 3694 3342 3186 3326 3211 2903 3174 3307 3110 2923 2915 2980 2799 3329 2905 3322 3372 3127 2890 2869 3522 3068 3326 2881 3066 3417 3278 3535 2800 3308 3100 3138 3306 3387 3237 3050 3224 3343 3445 2819 3431 3368 3104 2934 3157 3287 2739 3035 3324 2934 3453 2943 3208 2891 3030 2827 3265 2625 2998 2826 2731 3024 3497 3312 3101 2806 3170 3073 3206 3106 3337 3200 2730 3294 2892 2605 3195 3143 2844 2688 2978 3002 2849 2982 2574 3178 3111 2855 3203 3127 3006 3443 3099 2879 3002 3336 3412 3584 2715 3043 3173 3356 3080 2889 2784 2819 3060 3070 2914 3111 3048 3026
3820 3820 3754 4055 3778 4182 3724 3822 3977 4011 3664 4351 3294 4030 3812 4246 4107 3745 4205 4024 3834 3503 3810 4205 3861 3392 3829 3396 3595 4411 3474 4012 3903 3649 3977 3614 4209 3787 4190 3477 3911 3968 3956 4055 3698 4305 3765 3891 3957 4363 3462 4050 3964 4225 4086 3685 3958 4012 3814 3731 4104 4154 3299 3562 4173 3554 4301 3923 4190 3671 3729 3652 3812 3576 3613 3441 3898 3867 4288 3901 3557 3617 3592 3484 3942 3946 3878 4172 3396 3911 3587 3457 4076 3580 3728 3872 3928 3467 3662 3890 3308 3936 3968 3621 3799 4024 3569 4026 3651 3703 3722 3831 4203 4299 3325 3790 3764 4410 4026 3354 3659 3645 3538 3554 3490 3928 3752 3755
3143 3226 2825 3348 3152 3183 3105 3008 3200 3028 3190 3440 2760 3205 3260 3414 3470 3145 3358 3292 3045 2911 2943 3375 3056 2772 3119 3093 2764 3536 2720 2892 3151 2960 3183 2711 3410 3157 3361 2879 3237 3160 3149 3422 3110 3541 3062 2840 3234 3520 2916 3259 3199 3279 3320 2865 3041 3191 3022 2984 3411 3443 2826 3117 3202 3058 3570 3209 3462 2934 2752 3137 3181 2809 3180 2925 2663 3265 3690 3316 2949 3087 3234 2867 3298 3320 3203 3417 2743 3286 2962 2654 3524 2868 3075 3161 3102 2950 2761 3095 2865 3334 3236 2975 3109 3294 2676 3488 2875 2948 3103 3260 3525 3775 2695 2913 3048 3558 3322 2807 3169 2979 3043 2870 2850 3285 3065 3172
2983 2987 3017 3152 3139 3214 2999 2810 3146 2858 3313 3386 2619 3164 3141 3246 3055 3170 3237 3411 3048 2912 3064 3254 2957 3030 2726 2753 2859 3330 2869 3025 3217 3094 2923 2870 3446 2953 3180 2894 2959 3262 2898 3004 2916 3126 3081 3110 3168 3535 2784 3158 3321 3269 3186 2753 3112 3086 2788 2992 3173 3280 2746 2916 2929 3066 3292 2979 3234 2629 2957 3059 2895 2739 2914 2812 3005 2994 3597 3088 2814 2760 3182 2832 3053 3128 3180 3126 2613 3013 2645 2764 3058 2841 2773 2976 3089 2937 2962 2985 2745 2972 3212 2677 3256 3273 2920 3464 2890 2823 3147 3095 3119 3491 2979 3070 2956 3198 3219 2883 2869 2747 2632 3096 2998 3245 2964 2986
3183 3080 3005 3721 3112 3209 2991 3278 3465 3212 3403 3556 2936 3498 3553 3230 3594 3297 3435 3452 3177 2914 3112 3481 3430 3187 3054 3057 3120 3554 2776 3253 3170 3345 3253 2858 3403 3361 3402 2838 3619 3403 3346 3336 3217 3517 3163 3125 3462 3720 2840 3288 3095 3453 3047 3099 3289 3416 3299 3096 3265 3659 2704 2968 3308 3136 3612 3215 3484 3007 3035 3184 3026 3041 3166 3020 3039 3193 3885 3279 3217 3372 3133 2970 3483 3415 3268 3333 2811 3469 2938 2865 3335 3004 3211 3190 3132 3024 2813 3266 2864 3306 3388 3095 3426 3122 3025 3435 3163 2947 3199 3503 3514 3835 3040 3140 3212 3613 3389 3100 3315 3113 2936 3165 2894 3189 2995 3383
3340 3263 3286 3535 3423 3456 3257 3267 3423 3313 3292 3584 2936 3531 3437 3619 3756 3489 3397 3500 3170 3078 3241 3364 3307 3117 3092 3015 3023 3595 2910 3374 3224 3271 3430 2698 3470 3406 3415 2945 3554 3577 3248 3314 3456 3385 3138 3137 3663 3811 3024 3601 3445 3546 3266 3195 3372 3342 3325 3317 3483 3662 2904 3083 3395 3131 3789 3283 3573 3100 3109 3309 3239 3034 3205 3073 3240 3326 3838 3391 3097 2957 3231 2957 3341 3566 3506 3595 2908 3418 2968 2827 3259 3159 3190 3385 3181 3115 2929 3369 2902 3388 3520 2979 3111 3366 3177 3504 3349 3068 3500 3421 3491 3781 3020 3178 3377 3552 3533 3171 3194 3075 3044 3199 3085 3300 3196 3198
3203 3066 2994 3298 3088 3326 3172 2997 3089 3004 3325 3535 2836 3405 3321 3246 3335 3244 3343 3579 3291 3018 2918 3155 3296 2964 2915 3014 2820 3469 3085 3297 3273 3182 3239 2972 3635 3048 3347 2929 3342 3506 3153 3365 2931 3321 3039 3208 3482 3664 2984 3270 3487 3429 3166 2913 3163 3340 3157 3086 3193 3462 2693 3184 3234 3052 3495 3326 3408 3190 2902 3140 3223 2950 2992 2923 3107 2987 3817 3233 3129 3010 3046 2915 3057 3170 3481 3392 2650 3448 2993 2939 3252 3073 3197 2976 3124 3049 2685 3139 2866 3327 3277 2849 3307 3221 2975 3654 3071 2805 3305 3096 3430 3487 3057 3066 3118 3501 3460 3058 3195 3134 2815 3245 2858 3195 2917 3075
3477 3677 3533 4111 3731 3803 3494 3455 3921 3627 3647 4118 3069 3919 3683 3796 4238 3661 3789 3977 3583 3363 3408 3862 3833 3648 3333 3478 3285 3831 3537 3663 3768 3897 3843 3152 4128 3666 3887 3398 3900 4033 3440 3934 3624 3696 3660 3488 3896 4114 3511 3792 3922 3913 3595 3409 3617 3804 3722 3810 3753 3955 3258 3290 3840 3337 4118 3448 3980 3383 3596 3470 3781 3360 3643 3474 3696 3723 4196 3672 3546 3638 3444 3389 3568 3658 3828 3754 3267 3633 3428 3434 3828 3600 3688 3783 3718 3451 3316 3574 3343 3842 3898 3651 3814 3554 3517 4096 3668 3457 3605 3757 3839 4193 3367 3564 3479 3961 3926 3280 3551 3581 3359 3572 3436 3730 3499 3555
3029 2985 2918 3507 2931 3186 2836 3025 3246 3139 2996 3237 2468 3363 3172 3136 3372 3218 3191 3221 2896 2847 2950 3113 3090 2889 2764 2924 2982 3208 2658 2986 3094 2994 2880 2518 3181 3100 3226 3014 3071 3342 3042 3037 3112 3165 3082 2848 3239 3523 2793 3228 3063 3444 3057 3028 3043 3202 2896 3048 3139 3451 2780 2867 2920 2971 3306 2941 3247 2984 2750 2994 2773 2726 3164 2891 2755 2891 3534 3067 2764 2771 2812 2863 2998 3213 2955 3163 2531 3224 2673 2511 3088 3002 2884 2962 2881 3063 2547 3077 2702 3233 3102 2907 2944 3146 2778 3174 3023 2792 3115 2961 3320 3597 2819 3003 2959 3288 3178 2852 3113 2766 2913 2986 2905 3136 2862 3043
3125 3234 3270 3337 3097 3389 2953 3150 2992 3032 3140 3407 2783 3380 3069 3427 3441 3288 3268 3209 3213 2974 3056 3341 2976 3027 2878 2735 2818 3484 3025 3299 2953 3314 3334 2633 3283 3128 3429 3044 3303 3372 3164 3295 3204 3443 3262 3224 3337 3555 3139 3205 3248 3458 3293 2918 3048 3253 3030 3295 3152 3513 2902 2735 3227 3013 3503 3345 3485 2811 2938 3024 3062 2811 2774 3019 3225 2975 3575 3063 2937 2913 2984 2856 3241 3289 3181 3322 2719 3218 2887 2909 3242 3072 3133 3103 3153 3097 2982 3122 3156 3022 3391 3001 3034 3485 2855 3431 2897 3073 3322 3197 3311 3496 2960 3117 3034 3141 3409 3002 3092 3127 2860 3202 2826 3065 3087 3201
3433 3628 3420 3654 3429 3617 3236 3288 3600 3408 3455 3861 2904 3673 3750 3618 4010 3554 3842 3522 3488 3062 3325 3570 3699 3178 3261 3257 3449 3763 3055 3570 3601 3511 3627 3025 3910 3624 3659 3261 3711 3728 3392 3427 3637 3730 3433 3238 3635 3796 3088 3542 3452 3715 3469 3287 3424 3617 3645 3446 3690 3568 3185 3320 3438 3329 3848 3297 3843 3313 3157 3479 3382 3111 3373 3266 3431 3672 3855 3541 3313 3274 3223 3212 3591 3567 3521 3597 3042 3677 3245 3025 3617 3256 3550 3251 3351 3256 3262 3589 3012 3583 3544 3308 3470 3463 3357 3550 3242 3326 3376 3389 3905 4135 3281 3347 3439 3826 3619 3137 3391 3298 3298 3364 3050 3366 3325 3328
3146 3022 3037 3143 3036 3159 3050 3065 3157 3225 2809 3341 2721 3221 3135 2976 3345 3093 3476 3186 2771 2911 2935 3231 3087 2967 2899 2838 2837 3358 2959 3100 3163 3057 3076 2628 3404 2974 3216 2956 3463 3414 3009 3187 3010 3525 2987 2888 3131 3654 2889 3299 3152 3296 3053 2753 2965 3168 3016 3071 3432 3190 2658 2986 3187 2977 3642 3156 3447 3057 2952 2919 2814 3180 2871 2902 3012 3080 3693 3095 3084 3109 3018 2841 3364 3229 3168 2986 2816 3004 3219 2731 3465 2864 2747 3157 2836 2826 2970 2874 2909 3196 3422 2893 3000 3313 3091 3293 2986 2808 2998 2867 3259 3547 2794 3051 3295 3224 3318 2692 2987 2953 3012 2953 2787 3233 2843 2990
3063 3218 3272 3190 3172 3409 3101 3200 3298 3096 3235 3525 2951 3311 3186 3368 3590 3320 3344 3466 3142 2900 3051 3409 3170 3136 2962 3024 2987 3526 3042 3587 3476 3307 3290 2855 3378 3268 3502 3032 3413 3569 3285 3442 3211 3632 3026 3099 3459 3674 3116 3274 3484 3440 3429 2955 3373 3309 3333 3052 3296 3469 2984 3156 3269 3162 3707 3084 3520 3022 3023 3234 3059 2974 3175 2896 3286 3223 3751 3254 3029 3158 2936 3020 3214 3064 3250 3389 2831 3371 2959 3001 3365 3019 2998 3152 3172 3116 3124 3303 2863 3266 3485 3188 3114 3160 3200 3402 3019 3085 3233 3051 3489 3639 2960 3305 3307 3562 3562 2837 3140 3122 3019 3198 2949 3211 3103 3004
3201 3395 3335 3154 3229 3307 3147 2965 3252 3192 3226 3557 2789 3300 3392 3127 3376 3242 3308 3460 3196 2985 2980 3320 3239 3091 2882 3013 3024 3587 2970 3387 3220 3202 3256 2815 3563 3039 3500 3032 3698 3685 3193 3248 3187 3524 3054 3251 3529 3643 2891 3307 3425 3355 3155 3099 3395 3349 3187 3307 3375 3562 3037 3215 3012 3129 3610 3274 3632 3167 2906 3176 3167 3092 3008 2869 3133 3058 3684 3270 3101 3219 2974 3102 3165 3110 3267 3234 2698 3428 3151 2771 3254 2831 3073 3294 3076 3060 2916 3271 2921 3417 3480 2974 3152 3343 3171 3489 3242 2982 3243 3081 3475 3519 3012 3200 3288 3249 3497 3065 3127 3136 2778 3194 3048 3229 3110 3197
2680 2938 2544 3007 2515 2876 2663 2674 2767 2704 2707 2878 2449 2772 2722 2675 3176 2756 2908 2880 2600 2550 2901 2972 2832 2433 2761 2496 2589 3036 2408 2772 2667 2710 2839 2374 2976 2617 2894 2642 2943 3029 2756 2771 2434 2950 2664 2578 2942 3067 2642 2569 2759 3099 2892 2509 2943 2946 2747 2746 2836 2954 2767 2739 3000 2623 3082 2825 3108 2744 2295 2680 2615 2520 2741 2412 2389 2664 3032 2688 2737 2585 2793 2566 2981 2850 2837 2934 2365 2930 2531 2266 2716 2705 2841 2640 2701 2478 2404 2758 2609 2915 2845 2586 2501 2891 2757 2718 2677 2603 2720 2895 3057 3273 2462 2683 2927 3041 2814 2700 2660 2568 2513 2745 2481 2632 2442 2460
3151 3149 2969 3365 3128 3146 2819 2801 3190 2774 3042 3372 2549 3173 3282 3014 3427 3207 3191 3152 2853 3044 2963 3170 3179 2963 2934 2627 2784 3095 2777 3044 3012 2900 2979 2459 3290 3001 3133 2787 3180 3161 2903 3139 2997 3156 2991 2907 3458 3401 2776 3044 3039 3361 3109 2819 3062 2950 2919 3102 3054 3205 2785 2734 2991 2817 3281 2831 3386 2787 2801 3041 2945 2732 2825 2757 2806 3171 3599 3125 2813 2941 3083 2692 3240 3148 3063 3136 2651 3230 2774 2578 3013 2835 2897 2851 2905 2926 2739 2947 2533 3192 3129 2651 2960 3136 2830 3190 3004 2876 3102 3127 3340 3453 2649 3181 3011 3351 3110 2813 2767 2718 3049 3004 2945 2934 2690 3061
3044 3447 2995 3451 3177 3294 3154 3191 3301 3057 3076 3654 2818 3430 3348 3418 3457 3078 3353 3628 3196 2895 3069 3304 2978 3094 2993 3175 2906 3418 2883 3226 3380 3200 3360 2823 3581 3137 3713 3106 3531 3535 3179 3085 3241 3604 3205 3043 3310 3780 2863 3095 3226 3263 3053 3021 3325 3239 3136 3214 3382 3597 2589 2896 3091 3296 3387 3389 3399 3111 2893 3252 3210 2893 3066 3075 3091 3244 3665 3311 3043 3312 3054 3013 3407 3048 3041 3344 2949 3518 2913 2843 3254 2629 2781 3349 3085 3047 2824 3119 2905 3372 3391 2870 3112 3219 2877 3340 3157 2831 3210 3167 3385 3563 2871 3128 3303 3449 3254 2810 3045 2968 2872 3019 2812 3277 3126 3177
3306 3162 3067 3580 3279 3409 3177 3261 3386 3146 3246 3432 2955 3325 3231 3498 3364 3241 3179 3519 3149 2998 3270 3345 3107 2779 2959 3117 2886 3629 2920 3221 3419 3190 3330 3101 3606 3189 3294 2792 3477 3346 3184 3464 3312 3427 2949 2832 3445 3664 3132 3193 3254 3445 3139 2891 3259 3271 3212 3169 3285 3765 2778 2939 3084 3192 3474 3169 3302 3067 2965 3204 3093 2863 2967 2953 3028 3120 3786 3669 3015 3227 3120 2912 3318 3175 3247 3283 2735 3169 3082 2856 3252 2860 2990 3079 3030 2879 2855 3313 2575 3343 3366 2726 3175 3334 3156 3490 3068 2887 3300 3333 3582 3581 2826 3304 3355 3461 3503 3091 3173 2923 3033 2967 2918 3386 3297 3104
3189 3203 3259 3287 3139 3115 3178 2971 3234 2981 3085 3474 2709 3278 3387 3555 3404 3188 3504 3358 3179 3004 2854 3044 3273 2828 2967 2960 2941 3489 2868 3236 3146 2928 3059 2744 3522 3140 3459 3108 3212 3349 2946 3161 3355 3383 3090 3026 3355 3760 2844 3421 3166 3508 3122 3080 3193 3307 3035 3042 3410 3533 2786 2824 2950 3072 3340 2974 3245 2787 2978 3258 3139 2860 3180 2877 2863 3158 3440 3103 2755 2803 3039 2876 3301 2889 3167 3274 2852 3265 2926 2661 3028 2868 2985 3063 2941 3079 2952 3265 2861 3199 3396 2787 3072 3439 2930 3471 2908 3130 3308 3100 3278 3578 2928 3159 3022 3525 3609 2714 2863 2935 2949 3050 2912 3419 3020 3246
3069 2872 2890 3097 2911 3257 2941 2907 3010 3068 2887 3156 2513 3178 3105 3097 3272 3069 3116 3119 2993 2811 2826 3034 3102 2745 2996 2607 2815 3196 2850 3062 3055 2956 3001 2582 3120 3084 3223 2705 3216 3129 3023 3136 2990 3143 2885 2976 3208 3416 2937 2965 2988 3121 2980 2956 3031 3122 3115 2952 2964 3214 2609 2782 3123 2816 3254 2945 3246 2661 2776 2791 2932 2756 2929 2729 3056 2923 3465 2932 2882 2732 2685 2755 3151 3031 3160 3108 2836 2975 2617 2618 2955 2814 2852 3106 2853 2859 2703 2921 2598 2999 3144 2675 2868 3009 2702 3063 2884 2642 3123 3236 3004 3438 2885 3085 3139 3223 3248 2625 2776 2987 2772 2920 2839 2921 2866 2712
3383 3153 3175 3581 3247 3402 3106 3203 3430 3141 3034 3606 2911 3407 3347 3389 3485 3216 3710 3475 3130 3053 2948 3520 3471 3123 2991 3102 2889 3550 3133 3326 3366 3225 3175 2956 3850 3306 3612 3190 3422 3654 3117 3465 3139 3529 3271 3034 3458 3679 3090 3271 3450 3485 3208 3046 3462 3331 3054 3239 3381 3360 2866 3102 3319 3116 3577 3021 3696 3010 3325 3189 3284 2837 3309 2951 3237 3236 3607 3350 3292 3151 3100 2967 3344 3387 3276 3368 2925 3272 3014 2979 3443 3081 3202 3143 3098 3170 3132 3225 2790 3303 3479 3140 3317 3384 3275 3720 3274 2970 3400 3045 3313 3789 2950 3309 3377 3711 3514 2947 2846 3000 3171 3259 3020 3488 2866 3208
3204 3207 2839 3343 3260 3218 2988 3040 3082 3242 2922 3590 2901 3114 3209 3520 3499 3363 3662 3276 3253 3135 3019 3434 3239 3215 2938 2874 2826 3590 2868 3278 3460 3122 3154 2974 3506 3260 3456 2926 3222 3374 3438 3389 3328 3397 3328 3490 3287 3444 2929 3088 3242 3193 3176 2927 3221 3406 3150 3157 3441 3307 2629 3019 3102 3190 3633 3252 3299 2971 2990 3090 3286 2862 3138 2904 2948 3330 3665 3194 2949 2920 3103 3049 3414 3220 3294 3295 2860 3199 2951 2900 3332 3035 3225 3027 2973 2777 2832 3155 2852 2979 3271 2989 3346 3326 2938 3569 2994 2959 3186 3308 3477 3524 2845 3136 3178 3529 3258 2730 3132 2902 2952 3190 2801 3244 2844 3185
3195 3329 3159 3369 3290 3287 2900 2959 3043 3224 3326 3412 2874 3375 3303 3257 3548 3138 3497 3438 3185 2981 3009 3313 3086 2907 2933 2967 3081 3561 2979 3329 3337 3297 3208 2934 3336 3179 3340 3126 3469 3536 3288 3352 3274 3455 3124 3092 3369 3646 2945 3393 3238 3725 3419 2926 3358 3422 3012 3207 3340 3440 2774 3072 3264 3228 3584 3329 3590 2967 3007 3129 3189 2767 3142 3004 3127 3126 3492 3394 3168 3065 2850 3042 3283 3230 3380 3249 2917 3093 2873 2956 3431 2903 2945 3109 2923 3267 2765 3224 2904 3133 3377 2832 3085 3515 3261 3544 3233 2985 3143 3308 3469 3710 2805 3044 3074 3360 3442 2833 3033 2922 3185 3057 3047 3368 3184 3133
3316 3369 3427 3695 3651 3663 3349 3507 3514 3430 3501 3880 3155 3779 3704 3719 3707 3289 3607 3863 3289 3168 3286 3536 3249 3281 3382 3295 3206 3654 3256 3690 3590 3363 3533 2957 3954 3458 3516 3275 3658 3800 3313 3724 3797 3761 3236 3269 3723 4156 3115 3570 3514 3684 3341 3222 3469 3572 3536 3396 3448 3796 2897 3252 3448 3400 3814 3518 3641 3137 3175 3453 3186 3332 3291 3181 3306 3614 4222 3538 3281 3501 3153 3098 3537 3389 3314 3533 3367 3490 3034 3017 3688 3211 3164 3144 3389 3345 3025 3560 2884 3611 3760 3247 3268 3457 3325 3745 3517 3146 3671 3426 3676 3694 3132 3647 3335 3860 3732 3188 3291 3299 3188 3370 3198 3647 3555 3455
3245 3153 2887 3294 3268 3385 3095 3079 3033 3078 3321 3586 2660 3396 3317 3254 3611 3264 3086 3469 3122 2940 2940 3374 2992 3143 3104 3017 3175 3625 3149 3301 3508 3234 3230 2710 3697 3419 3588 2864 3373 3623 3233 3294 3135 3413 3139 3175 3255 3651 2870 3275 3390 3416 3255 2712 3167 3430 3091 2956 3145 3431 2776 3059 3122 3093 3588 3403 3376 2944 2895 3093 3185 2980 2946 3143 3259 3119 3760 3358 3200 3161 3020 3049 3302 3102 3539 3577 2705 3232 2919 2865 3137 2906 3081 3316 3099 3195 2892 3197 2857 3363 3686 2911 3158 3555 3094 3564 3000 3225 3262 3144 3197 3824 3051 3162 3145 3603 3343 2844 3006 3115 2898 3015 3214 3349 3125 3120
2964 3040 2736 3257 2788 3014 2947 2823 3144 2981 3223 3341 2750 3204 3284 3153 3333 3094 3423 3190 2951 2587 2732 3129 3015 2973 2933 3000 2626 3225 2872 3110 3283 3151 3029 2862 3496 2961 3121 2815 3184 3101 2681 3214 3085 3245 3069 3003 3255 3549 2895 3202 3121 3343 3116 3130 3083 3033 3063 3182 3191 3096 2454 2674 3100 3048 3469 3010 3252 2909 2840 3075 3172 2903 3133 2757 2954 3022 3313 3148 2801 2956 2925 2995 3098 3187 3034 3323 2909 3007 2812 2838 3279 2880 2860 2897 2957 2957 2879 3189 2743 3165 3279 2879 3121 3261 2879 3564 3009 2860 2840 3082 3401 3492 2766 2951 3073 3593 3429 2804 2980 2904 2908 2787 2804 3059 2877 2969
3137 3170 3070 3257 3136 3269 3002 3016 3145 2957 2893 3341 2844 3191 3193 3236 3463 3096 3398 3226 3054 2830 3024 3344 3249 2953 2959 2768 2835 3390 2878 3278 3141 2988 3157 2581 3491 3243 3392 3061 3285 3411 3158 3256 3165 3424 3134 3116 3242 3533 3079 3143 3157 3349 3319 2890 3154 3279 3123 3101 3196 3296 2809 3032 3287 2888 3439 3007 3387 2941 2925 3001 3110 2880 3209 2802 2913 3023 3603 3261 2919 3040 2793 3026 3269 3379 3354 3319 2812 3243 3048 2782 3280 2886 3199 2891 3174 2898 2862 3025 2872 3200 3415 2970 3194 3414 2945 3540 3004 2974 3192 3158 3353 3748 2679 3159 3267 3435 3434 2761 2989 2744 2846 3052 2816 3156 3168 3080
3345 3596 3306 3490 3456 3306 3215 3184 3268 3368 3240 3619 2704 3420 3311 3278 3625 3222 3501 3674 3153 3126 3212 3320 3370 3023 3147 2994 2889 3486 2840 3127 3232 3522 3423 2771 3552 3248 3443 3123 3473 3586 3382 3045 3188 3471 3230 3330 3463 3897 2866 3522 3347 3615 3288 3241 3282 3279 3267 3417 3437 3409 2962 3036 3377 3060 3623 3150 3466 3189 2961 3084 3269 2930 3271 3040 3070 3276 3644 3365 3033 3050 3218 2978 3586 3289 3489 3305 2901 3126 2942 2854 3486 3151 3077 3349 3208 3295 2927 3185 2909 3349 3560 2908 3255 3368 3124 3491 3128 3077 3280 3399 3252 3832 2820 3014 3324 3550 3397 2813 2977 3007 3032 3260 2960 3401 3210 3345
2808 2939 2729 3109 2731 3003 2730 2606 2988 2681 2992 3074 2860 2924 2996 2836 3122 2984 2832 3089 2924 2547 2945 2861 3012 2793 2510 2803 2510 2945 2659 2959 2693 2685 2695 2402 3001 2704 2847 2858 2966 3217 2797 2859 2649 3175 2728 2729 3176 3161 2626 2995 2867 3296 2898 2785 2993 3010 2848 2872 2946 3137 2455 2690 2862 3031 3290 2861 3124 2606 2755 2722 2933 2562 2943 2501 2774 2699 3412 2783 2923 2820 2613 2700 2831 2966 2847 3082 2669 2892 2668 2458 2815 2611 2645 2800 2838 2767 2653 2720 2458 2922 3039 2668 2668 2747 2868 3059 2944 2457 2908 2735 2997 3265 2653 2792 2870 3154 3138 2766 2662 2764 2456 2724 2730 3057 2657 2857
3162 3068 2902 3103 2824 3103 2926 2965 3291 3002 2795 3228 2682 3147 3284 3049 3169 3014 3169 3097 2732 2778 3005 3031 2976 2579 2797 2581 2703 3173 2649 3045 2776 3052 3157 2745 3228 2656 3221 2671 3172 3271 2922 3020 3028 3023 2961 2903 3335 3301 2799 2880 2827 3128 2907 2889 3043 2803 2983 3005 3195 3175 2417 2803 3152 3008 3275 2934 3232 2588 2696 2935 2918 2649 2544 2536 2800 3029 3264 3073 2623 3000 2817 2687 3033 3011 2791 3057 2695 3020 2710 2334 2840 2758 2802 2993 2903 2743 2758 2842 2680 2951 2962 2730 2948 3082 2754 3197 2773 2931 2940 2921 3106 3296 2655 2926 3027 3187 2983 2802 2661 2700 2559 2880 2770 2828 2780 2915
3285 3106 3293 3362 3039 3291 3068 3047 3205 3080 3087 3271 2686 3135 3158 3320 3411 3305 3091 3368 3004 3005 2989 3049 3301 2970 3027 2958 2873 3343 2925 3275 3183 3165 3137 2637 3565 3116 3419 2936 3464 3532 3144 3399 3193 3270 3215 3023 3526 3639 2814 3177 3294 3327 3099 3123 3275 3063 3208 3125 3261 3442 2647 3017 3115 3019 3563 3240 3437 3046 2966 2968 2983 2805 3014 2768 2802 2962 3544 3247 2870 2869 3221 2723 3312 3285 3247 3344 2641 3150 2868 2942 3114 2977 2973 2947 3216 3209 2854 3095 2739 2908 3153 2785 3208 3481 3101 3384 3141 2935 3343 3317 3227 3768 2960 3178 3215 3358 3443 2907 3044 2750 2963 3118 2662 3064 3165 3110
3076 3324 3204 3436 3358 3424 3037 3153 3261 2918 3152 3477 2957 3387 3407 3303 3729 3308 3557 3540 3288 2892 3310 3234 3519 2996 3290 3045 3167 3540 3014 3361 3381 3063 3190 2729 3494 3171 3503 2931 3434 3615 3152 3375 3248 3679 3206 3311 3359 3787 2848 3405 3455 3577 3163 2992 3118 3270 3070 3020 3231 3726 2838 3217 3084 3252 3492 3260 3515 3100 3070 3048 3355 3137 3158 2863 2985 3117 3815 3279 3200 3172 3064 3091 3431 3200 3375 3591 2974 3148 3176 3001 3412 2858 3203 3269 3174 3057 2821 3303 3029 3175 3387 3035 3249 3364 3119 3597 3287 3054 3114 3232 3435 3654 3044 3212 3151 3546 3455 3006 3348 3229 2964 3201 2896 3218 3111 3181
3255 2961 2920 3294 3158 3441 3053 3090 3364 3037 3205 3600 2682 3271 3419 3363 3446 3397 3508 3500 2899 2821 3126 3509 3065 3207 3027 2867 3034 3382 2981 3262 3623 3258 3114 2973 3424 3267 3172 2883 3463 3319 3043 3426 3283 3432 3133 3092 3261 3788 2943 3388 3456 3335 3256 3026 3254 3243 3145 3325 3368 3339 2702 3073 3218 2940 3719 3144 3410 2954 2967 2971 3141 2853 3125 3108 3001 3179 3639 3145 2938 2962 3226 3016 3485 3306 3480 3421 2949 3181 2865 2798 3131 3158 3081 3063 3029 3345 2997 3262 2839 3298 3509 3010 3102 3427 3236 3521 3069 3041 3350 3234 3409 3594 3036 3009 3059 3523 3327 2951 2896 2838 2925 3359 3054 3471 2992 3134
3146 3168 3241 3454 3170 3490 3254 3163 3344 3057 3079 3642 2630 3468 3451 3370 3502 3392 3368 3557 2960 2958 2988 3405 3319 3147 2889 2951 2997 3259 3185 3296 3435 3278 3359 2881 3595 3020 3388 2848 3430 3650 3111 3152 3149 3419 3295 3149 3464 3672 3080 3224 3216 3320 3164 3065 3158 3311 3060 3344 3268 3334 2570 3128 3302 3093 3554 3062 3529 3135 3018 3133 3237 2952 3078 3070 3094 3312 3708 3325 3257 3205 3084 3039 3455 3294 3326 3349 3013 3412 3101 2799 3361 2946 3049 2996 3100 2986 3104 2958 2976 3470 3334 3103 3233 3290 3263 3697 3126 2999 3263 3180 3071 3794 2858 3120 3338 3439 3307 2818 2939 3142 2815 3311 2947 3229 2920 3134
3338 3358 3265 3738 3305 3637 3158 3225 3344 3157 3359 3677 2979 3583 3515 3620 3648 3511 3517 3481 3406 3090 3383 3668 3476 3164 3301 3152 3136 3792 3200 3492 3671 3245 3286 2875 3682 3586 3732 3175 3383 3596 3258 3496 3267 3722 3357 3352 3558 3881 3542 3424 3562 3727 3483 3148 3680 3653 3286 3220 3447 3767 2983 3450 3426 3371 3629 3349 3627 3219 3188 3298 3229 3001 3434 3121 3115 3263 3869 3664 3332 3219 3121 3359 3586 3480 3606 3453 2898 3406 3267 3056 3450 3284 3131 3306 3230 3255 3177 3289 3055 3270 3618 3138 3119 3558 3230 3600 3217 3398 3467 3266 3512 4044 2821 3379 3502 3763 3574 3180 3070 3080 3223 3341 3221 3503 3139 3131
2861 3088 2868 3357 3106 3272 3067 3169 3260 2993 3169 3394 2703 3072 3178 3223 3559 3208 3195 3135 3061 2997 2844 2934 3216 2960 2884 2908 2825 3313 2732 3118 3173 3161 3088 2579 3555 2876 3291 2968 3262 3281 2953 3261 2926 3355 3057 3175 3149 3401 2967 3247 3246 3550 3142 2895 3196 3165 2968 2902 3311 3244 2740 2891 3251 2947 3508 2939 3273 2754 3039 2791 3174 2813 3094 2822 2980 3002 3413 3025 3068 2911 3128 2803 2968 3089 3141 3219 2883 3070 2709 2643 3369 3014 3065 3065 3027 3027 2769 2997 2829 3116 3195 2769 3130 3211 2852 3289 3032 2820 2831 3230 3323 3588 2848 2961 2796 3367 3471 2769 3008 2851 2873 3037 2628 3070 3115 3100
3077 3305 3103 3455 2980 3368 2976 3180 3305 3295 3116 3391 2685 3361 3340 3343 3356 3231 3241 3402 3048 2906 3034 3247 3151 3094 3063 2898 2824 3240 3006 3287 3276 3091 3361 2827 3693 3158 3473 2980 3320 3608 3134 3266 3152 3272 3163 2825 3253 3386 2871 3157 3315 3418 3242 3070 3246 3318 3118 3127 3134 3232 2715 2979 3101 3236 3542 3145 3399 3028 2958 3139 3255 2955 3082 2928 3082 3172 3675 3524 3059 3064 2876 2892 3305 3334 3101 3237 2718 3341 2985 2690 3149 3070 3059 3099 3307 3018 2798 3092 2780 3119 3440 2830 3152 3571 2986 3596 3146 2763 3096 3112 3344 3776 2827 3090 3174 3538 3348 3148 2985 2924 2798 3034 3032 3104 2962 3071
3154 2943 3104 3285 3138 3457 3100 2978 3212 3214 2949 3420 2804 3309 3284 3274 3395 3025 3243 3201 3013 2950 2963 3254 3289 2984 3073 2723 2855 3570 3010 3355 3218 3040 3235 2680 3368 3183 3559 2928 3474 3578 3092 3376 2955 3435 3147 3005 3501 3287 3237 3463 3196 3328 3242 3086 3284 3294 3046 3301 3340 3410 2747 3034 3325 3066 3651 3464 3393 2700 3023 3160 2934 3118 3066 2811 3205 3085 3681 3231 3094 3021 2818 2927 3314 3341 3363 3239 2961 3421 3134 2947 3216 3020 3195 3140 3077 3064 2896 3232 3105 3421 3135 3026 3163 3309 3052 3457 3164 2873 3141 3206 3253 3703 2887 3239 3297 3487 3512 2832 2897 3171 3005 2965 3122 3131 3172 3121
2964 2971 3005 3254 3251 3162 2910 2850 3301 3160 2932 3363 2816 3554 3180 3281 3444 2945 3247 3536 2838 2720 2867 3303 3142 3006 2675 2876 2791 3354 2674 3070 3081 3016 3032 2637 3129 3170 3320 2958 3233 3403 2979 3055 3186 3195 2978 2881 3297 3597 2877 3212 3050 3249 3112 3058 3058 3205 2981 3143 3291 3594 2654 2954 3373 2838 3364 2972 3318 2762 2968 2964 2937 3035 2928 2926 3061 3154 3515 3004 2932 2839 2696 2681 3155 3175 3239 3248 2834 3086 2817 2818 3155 3011 2672 3096 3168 3009 2881 3203 2887 3078 3370 2727 3087 3120 2919 3218 3019 2835 3362 3024 3020 3368 2967 3051 3097 3202 3434 2591 3017 3140 2693 2999 3022 3181 2980 2910
3040 3052 3144 3095 3101 3386 2762 2710 3055 2907 3028 3191 2764 3116 3068 3313 3396 3001 3033 3106 2966 2862 2800 3104 2947 2879 2816 2690 2666 3283 2656 3131 2950 3052 3117 2596 3175 2997 3253 2808 3347 3329 3058 3077 3020 3307 3016 2802 3245 3490 2849 3169 3197 3236 3035 3060 3105 2935 2809 2804 3135 3244 2580 2887 3179 2763 3332 2986 3378 2647 2841 3043 2900 2716 3036 2618 2992 3124 3675 3039 2860 2932 2735 2615 2980 3037 3163 3225 2569 3138 2699 2802 2979 2842 3038 2832 3100 3007 2658 3113 2754 2918 3252 2799 2993 3208 3065 3272 2898 2906 3146 3119 3075 3286 2839 2855 3048 3258 3461 2771 2863 2860 2782 2871 2868 2966 2952 2754
3165 3205 2824 3563 3073 3435 3036 3061 3134 3229 3079 3592 2861 3273 3243 3468 3551 3212 3245 3305 3517 2926 3227 3373 3179 3076 2870 3102 2971 3722 2877 3388 3277 3128 3068 3052 3334 3030 3364 3105 3353 3423 3074 3216 3033 3340 3003 3290 3520 3631 3035 3126 3446 3483 3158 2999 3387 3349 3171 3102 3500 3519 2902 2974 3181 3050 3564 3285 3496 3031 3037 2959 3064 2844 3021 2691 3014 2902 3469 3240 3331 3009 2940 3224 3129 3262 3226 3455 2871 3067 3108 2845 3251 3029 2824 3317 3037 2970 2827 3186 2516 3155 3413 3047 2819 3056 3141 3454 3188 2908 3332 3067 3319 3601 2994 3085 3216 3527 3287 2907 2850 3048 2828 3014 2915 3320 2927 3156
2980 3242 2867 3329 2980 3474 2963 3029 3109 2893 3023 3195 2841 3207 3192 3353 3372 2905 3197 3288 2944 2939 2892 3059 3146 2822 2940 2936 2905 3424 2722 3216 3215 3179 3176 2605 3065 2938 3167 2663 3343 3471 3117 3196 2878 3360 2951 2813 3434 3380 2937 3493 3232 3451 3133 2752 3301 3161 3135 3207 3250 3478 2884 2930 3234 2995 3288 3142 3558 2909 3031 2928 3024 2665 3068 3006 3115 2939 3471 2962 2866 3028 3001 2952 3193 3024 3083 3349 2890 3199 2698 2860 3085 2821 3021 2931 2962 3131 2679 3182 2891 3286 3324 2776 2967 3098 2873 3100 2945 2821 3102 3235 3284 3502 2630 2962 2962 3365 3276 2818 2761 2817 2903 3129 2838 3077 3154 2986
3637 3534 3381 3686 3357 3592 3347 3098 3619 3371 3409 3890 3044 3512 3775 3573 3966 3587 3950 3780 3349 3232 3320 3652 3603 3339 3197 3275 3186 3645 3281 3514 3558 3398 3423 3076 3908 3435 3769 3391 3639 3871 3355 3548 3637 3822 3457 3442 3725 3822 3361 3476 3664 3666 3578 3234 3609 3555 3347 3387 3556 3563 2904 3310 3589 3322 3971 3467 3861 3272 3404 3196 3316 3172 3465 3305 3267 3678 3952 3501 3345 3392 3324 3231 3657 3591 3626 3602 3208 3411 3241 3167 3721 3117 3099 3426 3435 3290 3146 3423 3151 3465 3846 3311 3530 3629 3394 3933 3307 3504 3445 3521 3776 4077 3047 3532 3482 3787 3487 2886 3285 3048 3337 3290 3298 3612 3323 3311
3009 3231 3064 3509 3142 3418 3024 2965 3221 3032 2911 3453 2731 3229 3410 3454 3517 3014 3316 3324 3198 2853 3098 3334 3230 2947 2932 2908 2914 3507 2852 3125 3203 3335 3077 2611 3601 3124 3472 3103 3395 3528 2999 3150 2964 3518 3306 3223 3261 3685 2870 3158 3398 3177 3016 2945 3266 3071 3251 3182 3259 3507 2926 2944 3256 3129 3362 3074 3379 2962 3019 3220 3091 2846 3176 2718 3111 3041 3544 3215 2996 3057 2925 2973 3278 3163 3092 3005 2713 3080 2838 2900 3151 3037 3017 3026 3239 3049 2991 3053 2677 3220 3350 2888 3034 3219 2984 3310 3199 3059 3168 3319 3293 3333 2781 3068 3069 3344 3156 2943 2967 2769 2671 2979 2932 2902 3072 2983
2718 3005 2754 2947 2886 3142 2739 2703 2765 2923 2707 3183 2570 2994 2786 3115 3206 2660 3136 2864 2724 2660 2842 2936 2896 2601 2693 2484 2472 2944 2761 2873 2936 2923 2975 2546 3241 2619 3125 2729 2909 3131 2706 2951 2812 3110 3116 2695 2941 3087 2557 2949 2838 3071 3079 2584 2777 3056 2907 2827 2906 2785 2401 2621 2899 2875 3375 2920 2914 2722 2758 2901 2664 2751 2758 2467 2810 2901 3057 2836 2880 2681 2782 2725 2966 2770 2900 2949 2744 2935 2821 2477 3056 2716 2820 3160 2837 2641 2703 2718 2654 2928 2965 2799 2875 3003 2789 3051 2688 2509 2644 2826 3151 3258 2557 2814 2824 2980 3185 2568 2501 2758 2891 2547 2694 2967 2824 2893
3169 2998 2975 3433 3114 3329 2983 2994 3237 3042 2918 3317 2578 3155 3124 3318 3418 3119 3121 3247 3073 2956 2988 3193 3268 3194 2835 2901 2762 3120 2893 3072 3258 3128 3123 2764 3508 2973 3354 3117 3173 3530 2996 3041 3133 3147 3084 2918 3088 3520 3025 3036 3314 3324 3082 2907 3175 3028 2979 2901 3079 3293 2649 2998 3004 2942 3323 2884 3348 3031 2873 2783 2974 2821 3102 2780 2968 3022 3514 3148 2913 2936 2824 2998 2940 2947 3244 3164 2832 3021 2789 2656 3241 2779 2888 2953 3235 3002 2882 3155 2445 2941 3305 2833 2968 3122 3101 3331 2917 2769 3324 3069 3168 3384 2872 3174 2990 3441 3054 2539 2901 2584 2798 3235 2742 3330 2993 2875
3439 3559 2962 3636 3474 3508 2970 3275 3319 3152 3295 3455 2905 3474 3598 3400 3780 3321 3618 3261 3405 3120 3214 3342 3323 3200 3190 3182 3139 3708 3021 3294 3346 3305 3284 2878 3610 3358 3437 3077 3447 3492 3071 3198 3320 3650 3333 3259 3442 3641 3159 3189 3223 3590 3229 3085 3610 3064 3300 3314 3422 3277 2841 3226 3311 3245 3738 3319 3487 3021 2956 3302 3263 3020 3274 3164 3131 3399 3631 3400 3293 3215 3119 3155 3638 3306 3147 3339 3023 3362 3083 3089 3402 2953 3207 3234 3274 3035 2867 3239 3044 3355 3337 3043 3132 3321 2933 3594 3175 3147 3086 3286 3544 3883 2854 3170 3303 3776 3461 2916 3117 3188 3099 3043 3061 3231 3155 3238
3042 3146 3074 3199 3338 3218 3097 3034 3093 3316 2983 3461 2797 3281 2984 3216 3413 3334 3228 3422 2975 2945 2954 3175 3143 2871 3097 2731 2837 3376 2749 3253 3086 3099 3244 2641 3212 3203 3196 2954 3277 3268 3199 3170 3197 3276 2839 3185 3356 3662 2963 3069 3341 3287 3206 3037 3187 3169 3174 3023 3244 3322 2798 2740 3103 3042 3499 3033 3234 2673 2689 3144 3192 3063 3042 2738 3087 3276 3585 3038 2766 2564 3165 2771 3223 3152 3259 3225 2941 3065 2813 2748 3242 3016 3118 3136 3052 2866 2773 3336 2807 3092 3272 2763 3117 3347 2813 3171 2871 2882 3185 3153 3267 3525 2920 3082 3339 3413 3578 2853 3049 3001 3144 3029 2860 3145 2842 3026
3340 3228 3085 3539 3236 3468 3197 3292 3626 3181 3028 3672 2899 3446 3213 3346 3600 3203 3550 3585 3275 3105 3171 3512 3257 3068 2917 3075 3023 3569 3066 3275 3343 3118 3565 2836 3755 3139 3478 2922 3298 3432 3140 3476 3297 3617 3434 3334 3450 3777 3313 3170 3287 3216 3276 3283 3291 3377 3223 3199 3256 3541 2599 3023 3459 3239 3641 3221 3510 3019 3054 3198 3147 3121 3170 3030 2957 3450 3772 3453 3139 3103 3039 2936 3356 3476 3259 3413 2940 3307 2923 2982 3327 3020 3102 3320 3186 3157 2775 3195 2950 3210 3417 3122 3284 3354 2966 3637 3279 3079 3329 3364 3489 3581 2815 3392 3195 3473 3331 2875 3027 3060 2772 3355 3070 3274 3273 2905
3322 3110 3120 3573 3269 3824 3219 3495 3469 3386 3178 3639 3032 3437 3366 3560 3511 3468 3420 3453 3300 3077 3215 3453 3093 2979 3173 3073 3241 3867 3107 3429 3540 3318 3079 2840 3556 3308 3457 3114 3524 3466 3123 3522 3246 3950 3306 3263 3535 3868 3343 3692 3285 3442 3463 3191 3542 3136 3353 3202 3448 3748 2969 3046 3225 3222 3713 3302 3582 2941 3166 3241 3133 3087 3254 3109 3077 3317 3935 3279 3049 3208 3129 3109 3383 3204 3172 3596 3042 3291 3061 3161 3526 3184 3083 3355 3351 3155 2897 3267 3076 3462 3470 3155 3207 3354 3000 3526 3306 3157 3357 3295 3630 3923 2847 3290 3375 3726 3580 2930 3233 3294 3083 3170 3039 3169 3205 3295
3020 3348 2990 3494 3414 3586 3241 3458 3401 3032 3218 3725 2909 3344 3138 3268 3510 3290 3431 3460 3297 3111 3062 3185 3308 3148 2882 3113 2987 3626 3045 3303 3358 3172 3249 3028 3536 3104 3324 3003 3484 3599 3116 3164 2962 3545 3143 3216 3299 3864 3114 3254 3626 3655 3174 2853 3233 3394 3070 3166 3404 3404 2840 3002 3313 3120 3547 3226 3301 3063 2911 2959 3426 3175 3077 3056 3216 3174 3738 3351 3230 3053 3080 3082 3289 3321 3249 3377 2880 3348 2898 2738 3188 3198 2997 3070 3113 3068 2833 3100 2756 3308 3356 2868 3141 3352 3203 3579 3201 2778 3123 3182 3360 3691 3042 3173 3229 3414 3437 2852 2968 3011 2881 3302 2845 3343 3184 3153
3316 3487 3334 3548 3193 3457 3221 2980 3502 3302 3250 3643 2725 3431 3431 3372 3563 3299 3366 3601 3396 3065 3152 3491 3547 3203 3155 3170 3151 3558 3159 3551 3404 3190 3397 2978 3599 3218 3622 3136 3717 3610 3256 3338 3285 3587 3333 2927 3506 4002 3222 3435 3338 3400 3393 3092 3228 3324 3067 2899 3270 3567 2635 3164 3362 3221 3415 3203 3597 3236 3120 3283 3137 3153 3201 2916 3161 3334 3826 3460 3229 3227 3068 3107 3254 3223 3394 3407 2979 3533 3294 2878 3278 2997 3248 3279 3151 3256 2963 3336 3005 3349 3421 3133 3307 3386 3417 3657 3064 3030 3319 3248 3367 3736 2872 3443 3179 3790 3460 2976 2835 3045 2902 3297 2901 3470 3064 3020
3308 3319 3167 3455 3271 3603 2949 3345 3342 3414 3167 3762 2823 3476 3362 3197 3563 3490 3503 3499 3491 3145 3229 3451 3247 3027 3110 3077 3178 3527 3163 3407 3559 3436 3197 3007 3526 3111 3522 3068 3654 3670 3453 3381 3209 3704 3130 3242 3647 3680 3099 3483 3404 3729 3334 3069 3269 3522 3193 3290 3442 3426 2828 3016 3291 3217 3526 3510 3445 3192 3089 3200 3268 3011 3100 3183 3355 3276 4011 3433 3148 3087 3086 3052 3587 3355 3304 3481 2906 3364 3027 2985 3388 3138 3079 3306 3118 3085 2869 3271 3127 3318 3455 3025 3260 3525 3235 3497 3132 3065 3214 3375 3454 3807 2902 3235 3426 3570 3382 2847 3092 3124 3229 3219 3083 3350 3234 3156
2960 2935 2820 3128 3196 3036 2950 2934 3102 2883 2780 3361 2438 3373 3020 3053 3237 2958 3298 3214 2994 2705 2890 3210 3140 2674 2702 2830 2747 3287 2993 3082 3164 3010 3097 2651 3427 2926 3269 2834 3250 3103 2968 3208 2955 3243 2898 2890 3042 3520 2777 3119 3132 3064 2996 2659 2995 3231 2827 3017 3068 3094 2626 2739 3140 2865 3220 2852 3261 2878 2816 2966 3031 2756 2937 2866 2836 3087 3502 2927 2987 2902 2791 2810 3163 3072 3084 3049 2842 2958 2726 2727 3207 2831 2895 2902 2705 2945 2833 2986 2864 3299 3301 2799 3019 3266 2786 3267 2899 2682 3216 2991 3070 3379 2741 2955 2907 3375 3107 2720 2774 2864 2581 2973 2789 3323 2714 2880
3298 3470 3069 3528 3423 3753 3055 3283 3647 3294 2981 3772 2858 3506 3439 3337 3857 3238 3541 3445 3152 2972 3294 3510 3441 3141 3014 2871 3239 3510 3105 3408 3367 3249 3479 2720 3642 3097 3495 3090 3610 3668 3295 3254 3291 3597 3296 3132 3441 3693 3154 3311 3317 3658 3429 3071 3168 3437 3241 3307 3587 3491 2864 3097 3330 3135 3475 3115 3564 3186 3003 3005 3200 3057 3131 3058 3195 3296 3728 3297 3231 3171 3094 3085 3348 3447 3299 3369 3012 3278 3242 2852 3466 3063 3156 3269 3327 3144 3006 3257 3088 3187 3603 2954 3282 3558 3310 3514 3250 3090 3321 3293 3590 3572 3114 3303 3170 3300 3433 2843 3015 2912 3133 3246 2958 3381 3344 3392
3282 3315 3273 3556 3437 3751 3147 3054 3573 3344 3232 3825 2833 3441 3612 3574 3790 3525 3521 3422 3230 3058 3185 3459 3336 3106 3127 3157 3175 3783 3039 3315 3392 3223 3405 3007 3794 3363 3659 2963 3535 3611 3029 3424 3557 3627 3293 3395 3713 3629 3292 3751 3680 3323 3285 3177 3238 3278 3195 3385 3508 3636 3107 3166 3250 2967 3661 3309 3577 3142 3195 3138 3206 3101 3208 3104 3407 3398 3958 3449 3044 3280 3151 3179 3253 3154 3267 3459 3085 3373 3009 3119 3468 3157 3084 3264 3339 3176 3055 3679 2960 3540 3637 3302 3324 3299 3163 3753 3037 3381 3219 3461 3502 3480 2922 3453 3074 3907 3455 2865 3113 3185 3191 3413 3029 3426 3143 3359
3265 3495 3091 3517 3369 3603 3338 3107 3570 3122 3332 3872 2863 3647 3330 3516 3717 3319 3648 3673 3468 3096 3383 3510 3456 3482 3059 3038 3027 3384 3167 3421 3463 3339 3251 2893 3749 3297 3552 3147 3544 3635 3313 3558 3168 3507 3296 3329 3543 3904 3239 3382 3523 3651 3515 2979 3300 3531 3169 3303 3484 3257 2905 3129 3551 3257 3621 3089 3643 3122 3277 3365 3411 3249 3371 2997 3448 3397 3953 3254 3306 3320 3246 3075 3450 3396 3569 3502 3019 3487 3263 2986 3485 3103 3234 3275 3290 3173 3040 3186 3198 3506 3642 3215 3211 3366 3247 3828 3317 3240 3277 3225 3454 3781 3015 3306 3356 3673 3614 3020 2922 3146 3023 3271 3120 3554 3019 3265
3256 3638 3448 3666 3482 3636 3237 3356 3620 3389 3121 3872 2868 3573 3676 3592 3911 3543 3457 3757 3215 3152 3503 3645 3384 3330 3147 3256 3028 3706 3103 3462 3282 3449 3589 2841 3940 3539 3936 3385 3427 3945 3435 3471 3340 3632 3546 3448 3647 3880 3162 3440 3578 3629 3404 3370 3433 3319 3529 3344 3395 3797 3106 3232 3350 3257 3905 3325 3644 3119 3437 3241 3317 3170 3328 3074 3233 3498 3793 3380 3233 3205 3284 3196 3529 3577 3331 3483 3129 3571 3094 2981 3436 3314 3219 3463 3343 3245 3206 3244 3125 3427 3589 3256 3512 3582 3273 3652 3369 3227 3626 3568 3618 3704 3154 3324 3534 3733 3533 3125 3351 3199 3080 3343 3022 3328 3262 3412
3009 2770 2817 3086 2707 2862 2696 2868 3083 2581 2795 3111 2545 2822 2639 2839 3158 2903 2755 3304 2751 2590 2782 2923 2938 2556 2486 2640 2545 3119 2701 2771 2855 2755 3060 2535 3164 2710 3059 2548 3146 3056 2775 2782 2764 3032 2778 2730 2840 3214 2511 2840 3106 3064 2684 2516 2843 2929 2634 2806 2889 2927 2348 2645 2663 2652 3212 2690 3271 2508 2617 2684 2603 2539 2608 2547 2951 2586 3218 3060 2805 2742 2845 2687 2908 2752 2770 2911 2523 2851 2654 2704 3036 2544 2907 2809 2835 2699 2472 2626 2616 2860 3108 2604 2872 2830 2709 3311 2599 2383 2767 2876 2943 3233 2857 3024 2720 3230 3229 2603 2643 2554 2449 2701 2606 3057 2932 2931
3093 3382 3222 3475 3369 3542 3211 3381 3395 3434 3279 3758 3002 3427 3418 3446 3679 3446 3540 3555 3227 3077 3153 3494 3430 3328 3027 3093 3096 3714 3014 3309 3539 3268 3290 2866 3642 3185 3509 3187 3508 3581 3201 3492 3294 3551 3234 3219 3634 3831 3011 3427 3229 3749 3420 3037 3304 3477 3445 3473 3649 3636 3071 3094 3439 3241 3782 3299 3415 3222 3019 3223 3367 3168 3267 3173 3277 3338 3729 3135 3118 3229 3221 3212 3335 3287 3328 3421 3086 3401 3197 2790 3461 3284 3154 3310 3208 3132 3142 3247 2959 3452 3373 3075 3228 3324 3178 3437 3176 3034 3329 3352 3550 3658 2953 3328 3373 3648 3756 2937 3046 3280 3200 3294 3153 3408 3128 3227
3193 3355 3000 3495 3194 3545 2985 2960 3552 3249 3104 3577 3024 3483 3284 3502 3691 3146 3547 3324 3344 2989 3308 3443 3557 3093 2902 3074 3048 3734 3001 3537 3411 3210 3275 2971 3576 3301 3511 3051 3484 3545 3355 3361 3460 3534 3130 3140 3689 3716 3175 3461 3258 3636 3313 2932 3509 3514 3200 3403 3285 3692 3175 3254 3308 3255 3611 3307 3595 3130 3072 3338 3139 2868 3099 2967 3263 3003 3751 3410 3222 3173 3198 3062 3286 3379 3434 3524 3067 3297 3007 2861 3533 3019 2930 3137 3107 3186 3027 3479 2845 3426 3246 2928 3098 3279 3135 3482 3149 3065 3415 3337 3661 3695 2944 3445 3097 3498 3382 2920 3000 3048 3067 3270 3106 3284 3266 3439
3105 3299 2955 3173 2869 3234 2786 2952 3222 3180 2962 3431 2588 3148 3180 3116 3249 2994 3355 3230 2963 2903 2884 3208 3219 2932 2843 2852 3055 3298 2670 3109 3201 3250 3308 2773 3276 3118 3319 2853 3142 3365 3202 3094 3107 3250 2894 2964 3328 3574 2883 3166 3122 3334 3108 2786 2769 3144 3070 2992 3106 3059 2806 2735 2959 3049 3524 2977 3276 2833 2741 2919 2836 2752 3093 2675 3092 3149 3479 3178 2923 2869 3047 2829 3096 3167 3449 3012 2863 2981 2807 2923 3369 2855 2953 2971 2993 2934 2818 3026 2690 2959 3224 2954 3064 3342 2893 3177 2665 2900 2992 3121 3170 3722 2733 3024 3063 3188 3264 2564 3078 2877 2885 2974 2775 3045 3049 3032
3684 3542 3483 3720 3398 3755 3356 3306 3582 3537 3651 3829 3031 3788 3737 3690 3859 3624 3702 3728 3349 3449 3235 3509 3462 3524 3186 3180 3140 3854 3325 3598 3666 3584 3726 3136 4339 3445 3941 3284 3614 3873 3280 3610 3679 3758 3616 3523 3821 3711 3259 3515 3634 3861 3609 3471 3559 3416 3398 3448 3622 3492 3009 3406 3471 3371 3975 3626 3820 3392 3451 3613 3117 3083 3458 3192 3383 3502 3947 3593 3345 3423 3493 3067 3478 3498 3400 3512 3014 3635 3335 3110 3571 3359 3412 3369 3316 3288 3233 3279 3320 3498 3612 3128 3625 3714 3517 3993 3298 3294 3516 3674 3724 4172 3205 3676 3690 3998 3909 3106 3353 3350 3300 3398 3088 3373 3449 3432
3283 3132 2978 3378 3289 3395 2942 3133 3239 3061 3169 3454 2879 3274 3219 3139 3548 3222 3063 3293 3181 3007 3159 3332 3130 2825 3028 2963 3041 3465 2862 3176 3119 2970 3106 2725 3406 3097 3510 2903 3373 3463 3100 3412 2972 3394 2996 3298 3460 3618 2771 3307 3059 3606 3273 3101 3106 3272 3366 2990 3255 3532 2807 2996 3115 3040 3462 3130 3267 2949 2898 2940 3013 2866 3075 2929 2950 3039 3409 3218 3025 2969 2989 3109 3282 3251 3211 3366 2812 3238 2808 2699 3195 3029 3015 2974 3081 3124 2859 3095 2708 3368 3302 2714 3185 3372 2999 3451 3120 2923 3301 3419 3489 3672 2826 3146 3118 3648 3586 2916 3073 2832 3083 2786 2935 3240 3161 3234
3392 3481 3257 3615 3500 3530 3077 3340 3621 3410 3189 3971 3011 3688 3271 3511 3693 3472 3517 3587 3420 3308 3343 3696 3328 3268 2932 3234 3070 3802 3186 3558 3422 3317 3378 3076 3848 3452 3609 3354 3532 3696 3531 3564 3479 3801 3334 3377 3579 3878 3348 3283 3349 3702 3531 3405 3397 3565 3293 3147 3588 3513 2996 3261 3374 3253 3852 3246 3733 3181 3242 3187 3307 3159 3364 3177 2999 3397 3860 3601 3336 3323 3299 3179 3477 3467 3494 3479 3081 3462 3263 3115 3628 3260 3257 3259 3389 3055 3022 3451 3075 3418 3606 3259 3465 3382 3154 3827 3052 3320 3761 3473 3696 3986 2936 3477 3437 3898 3786 2966 3346 3206 3041 3603 2896 3519 3215 3324
3251 3266 3315 3525 3371 3509 3041 3250 3362 3150 3250 3532 2723 3494 3427 3462 3687 3301 3640 3416 3086 3112 3115 3552 3296 3253 3055 2959 3042 3641 3248 3271 3557 3501 3312 2833 3576 3297 3612 3037 3449 3584 3231 3576 3269 3620 3336 3108 3437 3699 3228 3466 3313 3388 3314 2974 3450 3308 3313 3251 3238 3431 3011 3106 3298 3155 3666 3059 3441 3018 3205 3148 2946 2851 3283 2896 3133 3336 3714 3159 3087 3104 2995 3098 3489 3324 3258 3504 2935 3471 3151 3099 3371 3308 3181 3268 3180 3257 3208 3261 3053 3333 3486 3306 3411 3279 3249 3514 3202 3187 3261 3385 3595 3832 2937 3337 3295 3496 3354 3057 3043 3147 3117 3168 3102 3362 3012 3308
2850 3271 2855 3109 3148 3359 2945 2945 3184 3044 2729 3468 2637 3134 2963 3160 3453 2998 3334 3156 2949 2933 2872 3309 3221 2896 2751 2818 2704 3269 3031 2988 2902 2788 2867 2754 3413 2823 3438 2829 3240 3327 3154 3080 3002 3199 3044 2973 3288 3581 2764 3117 3132 3391 3256 2749 2935 3181 2849 2877 3080 3146 2552 2804 3226 2887 3255 2985 3261 2705 2877 2752 2894 2855 3120 2685 2800 2844 3431 2894 2885 2799 2885 2793 3047 3168 3071 3121 2931 3115 2809 2466 3332 2688 2796 3032 2930 2960 2646 2737 2703 3150 3009 2731 3102 3276 2916 3402 2940 2742 3069 3083 3081 3315 2578 3016 2999 3331 3372 2580 2644 2631 2805 2849 2796 3168 2923 3045
3105 3382 3258 3528 3321 3332 3137 3129 3360 3401 3209 3655 2829 3345 3289 3547 3430 3388 3477 3767 3341 3055 3154 3363 3178 3216 3081 2945 3188 3501 2986 3368 3392 3244 3115 2943 3436 3190 3254 2858 3529 3394 3428 3473 3150 3483 3112 3179 3497 3653 3074 3447 3433 3403 3198 3167 3433 3455 3226 2925 3327 3571 2834 2870 3224 3109 3620 3097 3455 2856 3092 3089 3243 2960 3404 2964 3083 3227 3689 3344 3166 3018 3253 2999 3338 3342 3334 3480 2996 3341 2873 2929 3449 2913 3297 3146 3444 3221 2962 3354 2764 3149 3402 3023 3290 3544 3214 3494 3096 3130 3354 3301 3481 3710 2900 3030 3157 3665 3467 2908 3052 2970 3043 3146 2939 3325 3083 3253
3229 3354 3273 3338 3397 3553 3177 3251 3258 3303 3206 3482 2780 3491 3503 3318 3761 3239 3460 3589 3181 3075 3170 3450 3332 3025 3096 3126 3090 3627 2968 3370 3161 3255 3246 2760 3418 3388 3294 3189 3655 3652 3273 3250 3259 3629 3082 2936 3525 3899 3186 3564 3416 3707 3387 3008 3433 3311 3338 3339 3452 3599 3086 3098 3433 2978 3815 3254 3451 3130 2853 3132 3026 3050 3290 3050 3062 3257 3843 3137 3325 3177 3033 3116 3402 3598 3584 3386 3033 3395 3016 2980 3503 3228 3151 3052 3227 3313 2874 3289 3071 3506 3469 3132 3174 3443 3252 3500 3161 3101 3435 3183 3403 3812 2978 3080 3369 3403 3574 3011 3007 3180 2963 3307 3160 3361 3196 3079
3226 3114 3095 3115 3350 3422 3113 3151 3335 3365 3091 3564 2804 3425 3346 3347 3497 3255 3544 3626 3039 3156 2957 3118 3255 2988 2795 2842 2849 3397 2820 3200 3301 3185 3093 2889 3499 3157 3552 2871 3456 3645 3182 3327 3283 3281 3270 3098 3510 3579 2666 3309 3451 3424 3199 3031 3011 3257 3386 3178 3526 3116 2739 3095 3116 2949 3695 3085 3366 3109 2894 3163 3062 3030 3142 2980 3170 3325 3594 3114 3062 2994 3032 2850 3304 3169 3191 3186 2990 3251 2936 2734 3431 3099 2867 3434 3013 2996 2811 3295 2997 3188 3427 2991 3511 3359 3076 3616 2886 2978 3306 3208 3325 3591 2952 3164 3235 3515 3498 2746 3101 2886 3074 3153 3065 3429 2841 2965
3513 3318 3361 3419 3083 3619 3141 3237 3385 3304 3515 3888 3133 3555 3558 3565 3927 3421 3523 3522 3336 3119 3217 3456 3459 3134 3191 3197 2990 3727 3135 3595 3379 3388 3304 3021 3623 3356 3569 3304 3623 3521 3408 3559 3526 3677 3365 3285 3788 3945 3277 3526 3606 3844 3323 3115 3385 3446 3285 3557 3423 3709 3010 3187 3368 3318 3812 3207 3689 3206 3302 3192 3287 2800 3295 3055 3278 3207 3922 3367 3246 3407 3183 3124 3209 3136 3276 3487 2891 3383 3107 3061 3582 3128 3145 3434 3251 3548 2969 3632 2683 3370 3788 3106 3152 3340 3167 3697 3391 3016 3267 3217 3734 3736 3170 3452 3387 3786 3672 3080 3004 3028 3245 3188 3349 3339 3188 3480
3342 3336 3253 3666 3211 3613 3455 3259 3503 3314 3368 3523 2923 3423 3549 3443 3628 3262 3719 3743 3139 3083 3189 3405 3556 3097 3192 3121 2976 3623 3005 3343 3472 3336 3312 2799 3719 3392 3635 3086 3505 3767 3258 3332 3220 3735 3344 3025 3505 3949 2868 3838 3400 3641 3408 3045 3633 3446 3233 3201 3660 3630 3065 3235 3332 3160 3696 3362 3813 3246 3258 3323 3216 3075 3328 3161 3324 3213 3877 3253 3146 3024 3349 3120 3460 3276 3357 3419 2973 3461 3039 2774 3491 3281 3141 3394 3174 3347 2984 3252 3151 3482 3575 3249 3259 3409 3311 3690 3367 3090 3374 3252 3444 3893 3139 3412 3399 3741 3562 3090 2982 3236 3087 3356 3101 3607 3117 3262
3139 3172 3059 3480 3064 3409 3171 3070 3125 3145 3191 3453 2655 3224 3228 3216 3532 3132 3284 3440 2957 2996 3007 3448 3151 2811 3166 2921 2821 3585 2857 3000 3246 3154 3234 2793 3464 3112 3356 2938 3363 3391 3184 3251 2883 3587 3074 3267 3489 3637 2963 3373 3292 3451 3308 3087 3289 3382 3314 3279 3449 3500 3041 2925 3344 3010 3677 3140 3526 3145 2991 2990 3070 2913 3049 2993 2896 3100 3612 3302 3077 2985 3205 2777 3375 3298 3271 3309 2750 3219 2931 2721 3232 3092 3082 3217 3179 2945 2865 3026 2904 3407 3450 2965 3067 3218 3300 3486 3229 2987 3102 3346 3286 3682 2975 3074 3261 3453 3402 2920 2942 3083 2892 3204 2849 3184 2988 3109
3762 3739 3574 3960 3602 3851 3525 3638 3842 3652 3545 4149 3297 3602 3723 3815 3928 3815 4038 3868 3559 3392 3647 3972 3727 3574 3305 3454 3165 4000 3532 3704 3462 3746 3728 3318 4065 3639 3894 3530 4089 4140 3479 3818 3744 3973 3566 3621 3916 4314 3452 3658 3700 3730 3607 3469 3848 3615 3596 3659 3669 3853 3133 3372 3765 3642 4169 3595 3975 3411 3573 3418 3673 3402 3479 3185 3805 3640 4156 3608 3506 3468 3543 3284 3946 3816 3675 3811 3311 3573 3388 3254 4068 3382 3535 3674 3617 3293 3440 3557 3218 3610 3902 3636 3535 3812 3647 3961 3674 3476 3602 3734 3904 4059 3182 3502 3723 3932 3795 3357 3528 3427 3366 3580 3190 3607 3302 3545
3332 3437 3337 3480 3429 3681 3373 3179 3368 3455 3194 3878 2941 3622 3468 3675 3625 3399 3581 3648 3534 3248 3320 3513 3629 3183 3059 3265 3193 3825 3258 3798 3427 3399 3273 3379 3792 3206 3493 3044 3563 3614 3326 3493 3311 3724 3545 3335 3759 4038 3078 3481 3730 3521 3444 3246 3395 3556 3332 3359 3381 3710 2673 3328 3552 3417 3856 3699 3561 3348 3197 3325 3279 3098 3333 3180 3250 3159 3883 3418 3337 3147 3168 3267 3540 3606 3373 3574 3015 3546 3307 3104 3406 3063 3232 3480 3326 3377 3118 3281 3017 3469 3313 3148 3594 3631 3318 3764 3323 2916 3439 3370 3518 3951 3085 3428 3332 3655 3516 3116 3244 3130 3274 3294 3175 3482 3291 3310
3379 3293 3164 3465 3327 3437 3115 3116 3372 3347 3256 3659 2846 3459 3651 3611 3713 3268 3558 3450 3356 3120 3260 3475 3349 3078 3096 2967 3131 3594 3032 3319 3456 3267 3127 2940 3691 3435 3663 3079 3431 3449 3331 3507 3393 3450 3408 3413 3506 3784 3214 3395 3384 3636 3384 3092 3318 3361 3296 3275 3505 3629 2948 3058 3391 2973 3646 3272 3609 3017 3062 3186 3045 3132 3322 3103 3211 3098 3832 3228 2900 3227 3094 3087 3436 3272 3474 3493 2937 3378 3099 3088 3563 3024 3171 3389 3227 3282 2856 3372 2978 3323 3638 3054 3156 3475 3153 3556 3206 3310 3201 3301 3581 3803 2932 3299 3314 3686 3455 2864 3278 2973 3149 3158 3174 3470 3320 3342
2886 2913 2930 3331 2963 3059 2957 3234 3179 3013 2994 3400 2629 3111 3179 3082 3348 3310 2988 3390 3026 2907 3003 3179 3050 2864 2730 2951 2850 3169 2804 3149 3142 3240 2977 2606 3113 2854 3157 3058 3478 3416 2965 2907 2994 3303 2908 2797 3167 3475 2813 2996 3077 3480 3050 2679 2915 3147 2880 2865 3102 3361 2597 2731 2954 3168 3231 2966 3282 2824 2804 2872 2930 2746 2850 2844 3033 3089 3572 3244 2973 2960 2902 2753 3161 3079 2917 3089 2793 2961 2631 2579 3338 2974 2887 2843 3059 2850 2809 3088 2784 3065 3158 2654 3053 3279 2866 3132 2941 2740 3099 3165 2951 3653 2896 2933 3005 3482 3263 2736 3096 2876 2779 2857 2953 3026 2964 2888
3515 3469 3328 3548 3422 3644 3310 3235 3490 3352 3239 3633 3000 3604 3394 3575 3793 3466 3635 3646 3271 3486 3043 3087 3372 3230 3079 3170 3014 3568 2910 3571 3446 3391 3442 2783 3828 3396 3760 3401 3806 3960 3209 3475 3281 3558 3346 3039 3709 3945 3341 3469 3621 3688 3360 3346 3499 3489 3257 3247 3711 3494 3093 3216 3568 3004 3736 3294 3569 3273 3081 3293 3448 3241 3391 3078 3246 3452 3915 3320 3429 3163 3121 2964 3383 3446 3697 3437 2937 3582 3167 2753 3380 3163 3156 3131 3405 3401 3052 3372 3029 3419 3609 3203 3492 3648 3137 3824 3160 3132 3606 3330 3470 3975 3177 3313 3353 3602 3751 3040 3224 3081 3213 3374 2874 3454 3223 3137
3164 3136 3008 3501 3072 3459 3098 3035 3310 3108 3060 3401 2725 3434 3386 3220 3673 3189 3419 3327 3095 2754 2983 3194 3217 3146 3000 3060 3043 3405 2906 3228 3341 3314 3173 2738 3563 3006 3324 3004 3456 3631 2975 2927 3265 3477 3136 3066 3333 3631 2861 3243 3178 3606 3019 2943 3214 3152 3331 3138 3366 3384 2570 2940 3133 3180 3593 3213 3393 3067 2956 3136 3080 2948 3085 3071 3211 3262 3527 3186 3079 3081 3215 2994 3270 3136 3189 3124 2899 3278 2979 2883 3149 2985 3026 3134 3086 2931 2685 3061 3021 3176 3293 2858 3066 3260 3190 3447 3149 2910 3037 3236 3463 3674 3102 3125 3237 3267 3351 2771 3064 2894 3119 3108 2847 3104 3223 3345
3242 3258 2845 3390 2920 3557 3316 3348 3197 3035 3241 3718 2970 3507 3421 3476 3461 3186 3522 3473 3201 3143 3042 3386 3037 3037 3114 3120 2861 3633 3059 3484 3411 3544 3384 3018 3561 3049 3426 2875 3412 3381 3126 3406 3136 3328 3279 3279 3538 3781 3049 3334 3460 3538 3359 2955 3204 3315 3064 3155 3327 3388 2803 3029 3525 3340 3559 3386 3453 3003 3002 3414 3250 2880 3136 2915 3178 3189 3771 3253 3130 3188 3122 3229 3493 3422 3313 3380 2701 3507 2833 2774 3193 3141 3092 3128 3043 3213 3147 3113 2912 3457 3469 3213 3167 3414 3006 3680 3285 3039 3268 3139 3561 3776 3105 3073 3287 3663 3497 3115 3121 3119 3134 3021 3069 3142 2960 3316
3033 3260 2868 3299 2848 3075 3005 2949 3193 3058 3200 3497 2805 3091 3277 3191 3586 3154 3465 3362 3106 2846 3160 3416 3127 3116 2876 2892 3103 3452 2713 3128 3323 3232 3144 2941 3353 3054 3342 2945 3398 3283 3237 3378 3142 3296 3051 3192 3250 3613 2821 3126 3257 3478 3235 2662 3306 3342 3117 3121 3214 3341 2782 3015 3270 3241 3627 3068 3563 3099 3080 3165 2872 2672 2961 2838 3100 2928 3581 3302 2939 3191 3073 2936 3098 3325 3259 3423 2626 3242 3030 2841 3299 2713 3074 3239 3122 3100 2693 3009 2782 3149 3177 2866 3060 3250 3024 3432 3162 2753 2836 3039 3516 3639 3015 3010 2990 3363 3243 2976 2987 2900 2784 2971 3051 3140 3081 3170
3111 3113 2883 3326 3182 3323 2705 2977 3211 3337 2861 3470 2590 3112 3139 3093 3386 3203 3508 3308 2875 2890 3003 3406 3167 2838 2934 2914 3036 3377 2970 2917 3186 2792 2902 2824 3413 3119 3379 2973 3197 3467 3130 3199 3285 3315 3104 3002 3195 3238 2828 3115 3018 3150 3154 2852 3069 3143 2939 2881 2867 3315 2925 3061 2940 2785 3452 3000 3256 3018 2869 2964 2898 2867 2980 3085 2859 3141 3636 2939 2836 3021 2999 2627 3214 2969 2988 3057 2728 2957 2919 2810 3330 2849 2954 3126 2940 2736 2655 3088 2726 3117 3207 2804 3057 3342 2826 3384 2906 2931 3092 3168 3134 3524 2710 3029 3044 3454 3219 2669 3138 3126 2930 2966 3052 3018 2805 3055
3345 3472 3250 3640 3376 3644 3414 3476 3530 3600 3197 3801 2834 3708 3385 3591 3784 3276 3682 3635 3304 2980 3321 3534 3353 3212 3072 3037 3307 3710 3107 3406 3571 3530 3548 2902 3875 3399 3475 3106 3560 3609 3471 3613 3408 3519 3284 3141 3678 3782 3164 3391 3253 3699 3489 3244 3413 3421 3404 3441 3647 3521 2983 3143 3499 3317 3705 3359 3653 3235 3258 3288 3401 3214 3232 3158 3347 3459 3812 3547 3147 3170 3435 3122 3547 3694 3592 3647 3052 3444 3109 2998 3775 3207 3229 3411 3314 3243 3030 3541 3126 3417 3720 3167 3369 3418 3101 3743 3187 3380 3519 3460 3778 3889 2985 3262 3632 3670 3576 3054 3163 3255 3407 3271 2996 3363 3160 3333
3081 3360 3134 3226 3284 3296 2958 3224 3255 2932 3053 3470 2835 3431 3173 3432 3304 3140 3274 3265 3272 2989 3181 3222 3280 2831 2884 2955 2909 3444 2730 3237 3093 3159 3079 2878 3338 3103 3399 3173 3218 3285 3048 3306 3240 3388 3131 3048 3301 3608 2976 3222 3224 3477 3152 2978 3044 3233 3011 2986 3317 3450 2764 2955 3167 3142 3293 2865 3406 2794 3126 3149 3118 2687 3111 2769 2966 3156 3552 3195 3088 2982 2844 2795 3308 3127 3111 3181 2930 3146 2903 2850 3294 3066 3008 2990 2963 3147 2870 3316 2664 3065 3320 2765 3183 3025 2955 3207 2950 2901 3358 3138 3305 3509 2893 3181 3211 3366 3394 2881 2879 2849 3018 3153 2855 3204 3063 2994
3338 3240 3244 3751 3343 3649 3349 3362 3385 3306 3131 3675 2949 3435 3250 3482 3497 3402 3516 3544 3397 3141 3234 3526 3319 3066 3114 3179 3032 3642 3165 3523 3603 3219 3493 2945 3883 3304 3578 3112 3623 3734 3147 3580 3254 3811 3265 3337 3265 3873 3133 3468 3603 3527 3406 3195 3319 3625 3223 3190 3597 3599 2947 3212 3392 3214 3734 3404 3756 3278 3084 3364 3483 3370 3298 3033 3364 3323 3912 3430 3206 3091 3063 3187 3479 3435 3403 3400 3065 3364 3233 2980 3466 3294 3460 3047 3271 3011 3131 3385 3023 3422 3538 3235 3277 3673 3149 3691 3520 3044 3416 3291 3487 3866 3108 3358 3250 3744 3728 3168 3324 3236 3192 3330 3110 3627 3363 3189
3393 3356 3122 3555 3162 3561 3146 3414 3429 3316 3111 3651 3043 3356 3330 3481 3607 3120 3407 3428 3086 3073 3022 3493 3321 3107 3154 3075 3041 3656 2960 3523 3273 3247 3562 2994 3562 3176 3641 3041 3340 3701 3148 3582 3245 3442 3257 3151 3596 3757 3179 3347 3375 3598 3538 3313 3318 3466 3350 3224 3283 3436 2829 3369 3386 3159 3988 3378 3553 3144 3099 3191 3044 3149 3158 2899 3153 3379 3649 3457 3181 2935 3062 3014 3182 3378 3369 3560 2893 3569 3120 3004 3633 3132 3470 3247 3466 3128 2966 3211 3074 3455 3268 3465 3209 3372 3164 3701 3180 2981 3250 3105 3469 3797 2968 3332 3174 3665 3695 3169 3154 3258 3038 3155 3007 3437 3306 3334
2907 2945 2924 3260 2936 3097 2718 2880 3019 2941 2938 3292 2644 3181 3048 2949 3253 3248 3099 3115 2993 2726 2827 2983 2759 2825 2677 2782 2878 3265 2724 3027 3031 2819 2733 2630 3036 2902 3044 2694 3144 3247 2921 3011 2946 3275 2821 3022 3176 3326 2901 3081 3085 3155 3010 2798 3116 3122 2862 2832 2970 3149 2431 2713 2920 2841 3200 2883 3192 2673 2809 2734 2832 2649 2762 2916 2966 3004 3440 3015 2772 2773 2897 2866 3110 3091 3007 2930 2568 3015 2657 2620 2965 2725 2740 2829 2825 2959 2849 2928 2715 2833 3058 2735 2980 3272 2644 3252 2851 2724 2891 2991 3154 3214 2689 2714 2733 3200 3034 2735 2978 2632 2826 2820 2879 3239 2879 3127
3128 3402 3031 3513 3164 3513 3177 3163 3302 3227 3222 3660 2764 3395 3489 3296 3717 3469 3415 3439 3370 2965 3166 3388 3358 3126 3162 3130 3224 3534 2923 3282 3522 3416 3209 3015 3471 3198 3608 3241 3476 3668 3143 3118 3354 3510 3161 3352 3526 3760 3256 3316 3517 3567 3360 3119 3270 3228 3223 3105 3362 3513 2936 3189 3144 3156 3435 3318 3411 3090 2796 3290 3082 2782 3144 3025 3054 3343 3953 3290 3084 3104 3040 3243 3279 3225 3476 3528 2920 3431 2992 3064 3326 3200 3167 2958 3153 3265 2752 3386 3021 3300 3436 2982 3218 3244 3087 3593 3196 3134 3345 3264 3399 3590 3184 3175 3097 3650 3300 2882 3174 3269 3016 3304 3174 3182 3293 3217
3333 3537 3328 3372 3312 3425 2975 3041 3392 3426 3453 3597 2985 3494 3668 3540 3765 3290 3722 3694 3449 3227 3165 3646 3425 3450 3141 3244 3214 3784 3252 3417 3541 3329 3337 3034 3650 3270 3428 3429 3580 3637 3465 3527 3445 3593 3240 3285 3412 3908 3079 3328 3571 3731 3517 3149 3234 3368 3139 3178 3452 3444 3091 3089 3408 3192 3854 3171 3540 3026 3262 3310 3306 2959 3342 2871 3204 3312 3899 3238 3331 3243 3089 3155 3328 3549 3531 3559 3010 3136 3199 3129 3464 3109 3184 3298 3277 3266 3010 3224 2768 3125 3666 3058 3269 3491 3320 3710 3189 2987 3405 3236 3582 3725 3286 3255 3418 3581 3595 2900 3118 3150 3016 3233 3110 3258 3181 3213
3371 3289 3311 3696 3348 3680 3300 3543 3528 3320 3379 3733 2920 3485 3475 3531 3723 3291 3539 3577 3326 3147 3266 3657 3385 3204 3074 3115 3212 3824 2996 3474 3515 3277 3454 2918 3711 3412 3771 3171 3668 3572 3263 3462 3358 3728 3177 3162 3438 4002 3218 3512 3506 3729 3490 3166 3461 3473 3347 3117 3360 3718 2925 3118 3355 3270 3984 3376 3605 3061 3295 3406 3006 3068 3216 3045 3138 3376 3712 3504 3205 3100 3248 3060 3297 3461 3406 3598 2925 3510 3200 2984 3501 3163 3249 3479 3281 3222 3004 3199 3070 3348 3372 3033 3215 3480 3299 3557 3153 3029 3435 3174 3553 3937 2971 3338 3401 3603 3636 3128 3089 3200 3094 3227 3027 3407 3234 3265
3368 3339 3069 3578 3477 3360 3001 3245 3245 3328 3146 3711 2775 3585 3202 3515 3625 3267 3498 3462 3327 3122 3160 3481 3220 3211 3104 3139 3009 3456 3144 3188 3328 3307 3274 2959 3767 3342 3488 3352 3474 3464 3276 3238 3490 3519 3321 3109 3441 3864 3064 3135 3413 3609 3263 3076 3161 3401 3446 3423 3431 3403 2903 2919 3368 3336 3680 3208 3323 3104 2930 3327 3342 3064 3228 2925 3257 3301 3673 3413 3094 3216 3086 3044 3399 3470 3361 3231 2927 3167 3229 2911 3374 3271 3349 3301 3150 3138 2966 3279 2905 3500 3330 3229 3236 3630 3080 3674 3136 3003 3331 3165 3635 3643 3089 3285 3296 3544 3556 3045 3239 2933 3097 3190 3110 3372 3226 3150
3546 3576 3503 3520 3445 3647 3312 3371 3513 3392 3456 3881 3107 3539 3898 3517 3559 3506 3717 3790 3412 3379 3187 3505 3686 3380 3275 3267 3147 3851 3199 3589 3597 3550 3412 3169 3849 3299 3750 3236 3692 3944 3134 3472 3488 3590 3673 3563 3923 3981 3127 3592 3734 3614 3459 3531 3592 3362 3479 3550 3659 3580 3114 3380 3327 3409 3970 3436 3731 3414 3310 3502 3464 3185 3424 3183 3349 3567 3786 3584 3386 3390 3406 3361 3641 3457 3374 3625 3128 3505 3226 3209 3613 3434 3315 3400 3327 3401 3432 3432 3161 3652 3685 3273 3714 3576 3529 4058 3334 3297 3519 3518 3447 4075 3114 3443 3558 4117 3778 3197 3196 3349 3296 3443 3330 3535 3077 3472
3159 3174 3189 3368 3214 3371 3166 3274 3416 3213 3108 3357 2640 3290 2978 3251 3485 3303 3160 3277 3210 3026 2931 3195 3151 3037 2847 2870 3041 3510 2907 3426 3253 3387 3233 2712 3438 3184 3302 2888 3469 3318 3105 3369 2982 3299 2961 3049 3320 3655 2946 3245 3295 3493 3175 2956 3387 3103 3291 3054 3198 3495 2774 2887 3312 3130 3565 3068 3452 2946 3024 2790 3061 2679 3016 2906 3359 3141 3512 3061 2963 2922 2991 2954 3084 3157 2950 3551 2843 3394 2561 2538 3140 3128 3075 3071 3218 3147 2875 2949 2859 3106 3277 2938 3085 3076 3086 3232 3154 2937 3030 3236 3413 3735 2737 3173 3142 3320 3203 3009 2877 3031 2813 3175 2718 3067 3189 3145
3143 3198 3233 3325 2860 3234 3109 3152 3175 2988 3080 3552 2777 3224 3276 3402 3366 3249 3395 3368 3147 3069 3010 3195 3312 3098 2959 2847 2905 3359 3056 3361 3403 3177 3170 2704 3525 2985 3372 2967 3310 3445 3200 3432 2884 3548 3271 3026 3418 3619 2907 3444 3249 3636 3327 2846 3318 3444 3202 3320 3116 3316 2819 3079 3422 3201 3490 3013 3479 3232 3030 3066 3244 2802 3241 3048 3200 3025 3711 3266 3112 3119 3185 3072 3237 3320 3411 3398 2889 3379 2758 2767 3311 3143 3087 3010 3189 3109 3096 2898 2803 3371 3452 2926 3152 3564 2992 3530 3166 2769 3151 3258 3356 3834 2748 3108 3157 3565 3435 2958 3000 2960 2908 3201 3000 3338 2910 3184
3065 3070 2937 2910 3175 3184 2820 3028 2959 2754 2797 3109 2690 3198 2971 3261 3278 3071 3090 2897 2989 2833 2932 3077 3015 2773 2799 2514 2626 3190 2752 3255 3178 3095 3037 2435 3330 2964 3118 2658 3051 3152 2788 3247 2747 3148 3114 3050 3225 3503 2897 3106 3006 3324 3142 2825 2990 3088 3087 3127 3146 3195 2501 2882 2976 2852 3314 2821 3373 2863 2939 2798 2961 2630 3068 2789 2881 2707 3553 3186 2819 2664 2662 2954 3188 3072 3120 3254 2475 3085 2796 2579 3129 2798 2921 2851 2899 2928 2910 2751 2671 2800 3151 2668 2889 3083 2863 3209 2932 2789 3060 2919 2962 3385 2517 2814 3218 3115 3098 2917 2625 2754 2940 2868 2691 3115 2802 3015
3475 3612 3401 3830 3585 3634 3223 3406 3573 3413 3506 3729 2982 3600 3696 3664 3945 3470 3827 3756 3482 3475 3470 3602 3519 3425 3267 3518 3356 3936 3271 3560 3691 3479 3566 3198 3709 3382 3697 3224 3817 3824 3349 3560 3345 3897 3462 3404 3758 3982 3288 3660 3601 3806 3463 3330 3551 3473 3309 3445 3567 3901 3105 3327 3374 3378 3870 3410 3396 3384 3313 3321 3388 3130 3395 3132 3466 3454 4046 3525 3506 3431 3428 3210 3546 3682 3599 3683 3221 3467 3183 3161 3727 3302 3409 3398 3330 3545 3177 3553 3144 3623 3488 3325 3629 3642 3355 3811 3283 3210 3323 3632 3723 3893 3067 3380 3409 3914 3704 3216 3351 3305 3422 3340 3049 3617 3412 3436
3001 2940 2667 3136 3190 3310 2852 2795 3068 2812 2757 3419 2693 3286 3133 3062 3282 2964 3270 3117 2869 2695 2831 3001 2995 2834 2977 2567 2726 3279 2676 2991 2963 2933 3149 2597 3302 2913 3118 2666 3127 3135 2787 3022 2910 3268 2941 3060 3120 3258 3101 3136 3271 3175 3027 2862 2932 2957 2985 3073 3082 2958 2481 2815 3190 2796 3182 2959 3260 2621 2705 2716 2951 2766 3010 2572 3034 3093 3408 2854 2821 2725 2620 2846 3072 3162 2933 3075 2852 3020 2744 2682 3210 2870 3019 2711 2982 2830 3006 3112 2596 2978 3099 2794 2904 3092 2948 3166 3043 2849 2898 2953 3197 3270 2796 2940 2968 3299 3024 2532 2781 2687 2948 2932 2672 3036 2820 3016
3125 3273 3093 3360 3182 3598 3149 3114 3202 3099 3185 3534 2899 3570 3122 3510 3672 2929 3209 3578 3409 2797 3045 3166 3266 3015 3047 3112 3003 3553 2803 3522 3173 3244 3486 2852 3515 3002 3418 3017 3359 3513 3127 3152 3047 3545 3307 2951 3394 3728 3060 3244 3541 3419 3119 2969 3165 3518 3336 3329 3310 3415 2784 2959 3489 3254 3632 3428 3518 3199 2868 3220 3124 3017 3360 2960 3366 3116 3681 3338 3259 3195 2778 3096 3251 3201 3191 3289 2689 3305 3207 2825 3235 2944 3158 3377 3249 3215 2942 3151 2769 3303 3442 3138 2951 3149 3177 3287 3145 2820 3207 3208 3405 3685 3152 3228 3344 3377 3371 2871 3036 2875 2984 3075 3083 3366 3290 3040
3380 3377 3272 3495 3204 3407 3197 3196 3251 3271 3392 3330 2876 3487 3549 3284 3715 3334 3376 3380 3215 3144 3108 3309 3480 3167 3026 3200 3105 3711 3080 3360 3199 3462 3416 2894 3651 3192 3340 2983 3557 3812 3290 3260 3389 3474 3131 3304 3442 3775 2961 3287 3477 3671 3265 2866 3309 3355 3203 3162 3255 3527 2894 3308 3103 3224 3641 3214 3436 3167 2998 3065 3110 2844 3040 3054 3248 3206 3825 3326 3340 3206 3192 3273 3247 3420 3439 3271 2726 3276 2959 2870 3383 3080 3274 3228 3036 3181 2958 3326 2915 3276 3460 3069 3347 3281 3133 3629 3081 3110 3230 3287 3508 3784 3094 3335 3157 3559 3348 3120 3064 2965 2963 3309 2963 3313 3248 3435
3106 3212 2954 3586 2986 3586 3146 3311 3326 3203 3095 3565 3033 3432 3134 3515 3641 3127 3242 3281 3147 2712 3206 3277 3017 2992 3070 3032 3074 3478 2903 3494 3321 3058 3314 2902 3538 3400 3523 2937 3294 3412 3211 3326 3168 3662 3209 3083 3259 3799 3208 3337 3204 3674 3184 2905 3386 3663 3210 3304 3448 3397 2731 3009 3444 3283 3631 3267 3424 3114 3105 3078 3126 2976 3144 3103 3348 3232 3666 3433 3174 3156 3067 2969 3256 3104 3285 3393 2982 3424 2707 2857 3301 2899 3073 2999 3225 3261 2987 3343 2885 3246 3502 3130 2956 3417 2991 3452 3102 2881 3084 3171 3366 3790 3039 3281 3187 3710 3498 3064 2939 3054 2981 3079 2981 3555 3364 3333
3468 3358 3375 3670 3554 3710 3321 3334 3709 3359 3394 3863 3054 3654 3482 3539 3910 3405 3801 3745 3338 3067 3258 3611 3707 3470 3207 3156 3272 3664 3157 3472 3471 3527 3404 2916 3809 3333 3455 3172 3840 3911 3514 3735 3480 3796 3248 3291 3711 3902 3074 3503 3667 3820 3457 3169 3659 3721 3532 3499 3613 3586 3178 3368 3764 3443 3880 3307 3799 3237 3154 3293 3363 3148 3450 3079 3395 3549 3928 3269 3345 3365 3344 3183 3678 3532 3514 3711 3115 3566 3026 3001 3534 3187 3351 3414 3368 3358 3177 3613 3246 3635 3797 3158 3300 3664 3364 3795 3282 3308 3391 3575 3560 3930 3064 3385 3352 3834 3624 3149 3307 3270 3183 3424 3252 3630 3336 3400
3308 3141 2985 3654 3091 3458 3087 3081 3390 3363 3085 3598 2811 3351 3293 3524 3785 3275 3500 3561 3151 2847 3287 3524 3258 3097 2876 3057 2967 3509 3038 3245 3522 3427 3116 2883 3651 3480 3503 3048 3453 3483 3177 3608 3407 3504 3232 3102 3216 3593 3070 3292 3288 3494 3272 2823 3181 3380 3200 3268 3474 3505 2805 3155 3255 3054 3592 3128 3704 3005 2998 3072 3058 2847 3213 3035 3215 3152 3630 3199 3258 3059 3133 2919 3443 3118 3416 3048 3099 3129 3044 2979 3402 3120 3149 3232 2923 3275 2906 3551 3124 3125 3618 3095 3150 3513 3293 3463 2988 3156 3334 3320 3535 3547 2989 3188 3143 3560 3534 2966 3103 3068 3111 3180 3014 3538 3138 3127
3222 2984 2842 3277 2971 3239 2830 2978 3134 3130 3041 3523 2684 3172 3212 3335 3327 3227 3257 3353 2909 2912 3001 3132 3093 2983 2925 2772 2817 3257 2965 3053 3275 2944 2969 2771 3585 3135 3260 2699 3204 3207 3155 3171 3105 3220 3149 3075 3283 3351 2773 3205 3082 3231 3095 2813 3097 3310 2971 2821 3321 3256 2655 3000 2815 3022 3413 2902 3159 2979 2787 2956 2950 2743 3002 2913 3009 2935 3701 3211 3021 2944 3159 2761 3111 3103 3113 3215 2522 3286 2862 2660 3263 2819 3150 3058 3077 2959 2638 3104 2747 3112 3338 2869 2998 3192 2960 3438 2858 2922 2922 2981 3444 3549 2863 3171 2993 3730 3386 2859 2836 2766 2885 3108 2756 2976 2811 3270
3147 3149 2762 3481 3171 3541 2938 3093 3290 3094 3068 3507 2927 3264 3198 3304 3486 3064 3306 3379 3354 2986 3223 3385 3179 2964 2774 3098 2864 3519 2899 3297 3398 3093 3274 2900 3520 3018 3314 2814 3462 3352 3192 3211 3164 3629 3110 3089 3312 3434 2944 3281 3361 3488 3001 2814 3352 3214 3025 3221 3444 3355 2704 3032 3212 3081 3394 3252 3193 2980 3177 3212 3231 2993 3127 2661 3179 2923 3706 3351 3132 3054 3293 3085 3253 3278 3265 3198 2812 3122 3069 2797 3236 3050 3112 3281 2963 2888 2837 3216 2804 3251 3267 2893 3118 3406 3056 3545 3081 2675 2994 3353 3430 3580 2764 3082 3198 3322 3593 2956 2946 2958 2928 3000 2850 3444 3211 3240
3350 3310 3280 3481 3399 3458 3209 3301 3338 3235 3353 3507 3126 3476 3188 3412 3498 3332 3209 3444 3187 3166 3093 3508 3213 2905 3122 2988 2869 3712 2934 3265 3355 3353 3372 2701 3424 3139 3454 3022 3683 3474 3268 3490 3136 3736 3297 3355 3608 3806 3167 3467 3503 3708 3498 3160 3309 3499 3173 3320 3575 3650 2826 2906 3358 3139 3844 3329 3822 3108 3096 3323 3194 2819 3188 3092 3147 3126 3908 3326 3048 3121 3214 3059 3345 3366 3313 3601 2849 3401 3087 3172 3454 3012 3448 3411 3218 3214 2879 3227 3145 3482 3468 2944 3188 3342 3068 3556 3194 2883 3346 3384 3458 3731 2798 3310 3232 3549 3726 3066 3182 3147 2986 3302 3229 3381 3402 3407
3311 3357 3182 3361 3258 3318 3053 3199 3447 3352 2886 3464 2747 3384 3257 3227 3586 2925 3553 3455 3165 3083 2995 3243 3287 3158 3072 2907 2883 3501 3032 3270 3176 3332 3206 2762 3678 3279 3525 3142 3370 3602 3320 3322 3257 3358 3173 2995 3335 3771 3129 3187 3235 3557 3225 2856 3133 3199 2950 3034 3204 3292 2988 2876 3186 3316 3467 3019 3345 2861 3063 3116 3226 2978 3195 2956 3242 3377 3670 3248 3259 3055 3088 2831 3252 3160 3056 3307 3069 3262 2863 2772 3373 3059 3050 3324 3115 3036 2916 3355 2961 3199 3549 2999 3145 3443 3165 3690 3052 3202 3102 3208 3355 3600 2767 3449 3180 3667 3376 2728 2943 3058 2925 3244 2961 3302 2896 3178
3381 3400 3297 3504 3180 3647 3244 3205 3252 3144 3350 3562 2672 3294 3302 3242 3720 3458 3365 3379 3115 3133 3087 3227 3329 3068 3310 3127 2968 3543 3004 3367 3421 3441 3512 2831 3784 3287 3616 3145 3603 3637 3171 3436 3230 3557 3310 3302 3514 3861 3125 3452 3725 3600 3405 3072 3508 3455 3250 3327 3473 3502 3077 3127 3284 3243 3564 3311 3589 3416 3005 3042 3410 2853 3237 3038 3267 3114 3780 3399 3193 3039 3217 3193 3220 3380 3231 3476 2759 3453 3059 2603 3488 3152 3371 3232 3365 3303 2993 3327 2877 3471 3622 3123 3206 3546 3256 3738 3190 3182 3104 3363 3514 3839 3076 3333 3224 3714 3401 3132 2967 2930 3249 3384 2960 3331 3144 3249
3185 3093 3025 3286 3072 3297 3105 3112 3019 2992 2999 3488 2733 3321 3016 3230 3554 3258 3300 3363 3094 2930 3032 3145 3279 2943 3170 2857 2918 3301 2856 3128 3197 3159 3096 2641 3293 3032 3180 2757 3095 3348 3186 3215 2807 3251 2808 2937 3487 3465 2892 3379 3314 3346 3127 3083 3140 3239 3274 2928 2917 3383 2656 3073 3240 2897 3501 2992 3075 2800 2860 2713 3028 3020 3199 2805 3118 3289 3547 2977 2891 2783 3133 2895 3235 2972 3387 3333 2879 3032 2686 2563 3187 2956 2981 3105 3151 3060 2925 3165 2746 3298 3376 2860 3012 3242 3027 3247 2925 2856 3136 3249 3152 3538 2639 3038 3214 3578 3396 2779 2936 2947 2979 2791 2791 3312 2910 2864
3144 3091 2826 3142 3016 3186 2887 2824 3158 2982 2924 3439 2770 3188 3312 3179 3420 3070 3221 3400 2811 2849 3171 3277 2968 2685 2744 2921 2701 3359 2702 2835 3196 2982 3029 2944 3447 2917 3341 2792 3227 3262 2967 3137 3110 3465 3126 3159 3380 3468 2806 3211 3205 3396 3090 3004 2929 3118 3066 3144 3272 3340 2528 3207 3102 2994 3493 3079 3277 2991 2983 3129 2813 2821 2866 2810 2894 3028 3486 3224 3126 2989 3217 2766 3209 3148 3121 3218 3017 3057 2770 2864 3444 2719 2830 3178 2973 2920 2814 3269 2870 3132 3289 2733 3230 3263 2969 3450 2797 2861 2986 3109 3272 3212 2723 3104 2945 3457 3340 2772 2864 2791 2992 2969 2899 3282 3016 3006
3078 3088 3024 3331 3140 3473 3079 3053 3235 3290 2932 3304 2630 3357 3208 3285 3322 3141 3186 3480 3071 3029 2870 3208 3078 2933 2933 3057 3049 3411 2835 3370 3252 2948 3119 2803 3501 3318 3210 3003 3262 3375 3042 3312 3208 3269 3152 3031 3286 3531 2939 3329 3119 3452 3285 2950 3128 2996 3203 3016 3380 3527 2819 2868 3089 3151 3437 3242 3341 2895 2763 3099 3228 2803 3081 3102 2941 3111 3622 3168 2898 3061 2930 2918 3272 3319 3115 3198 2923 3285 2961 2831 3134 3071 2907 2838 3101 2993 2538 3114 2753 3157 3298 2803 3120 3323 2841 3388 3203 2918 3225 3192 3400 3756 2772 3192 3178 3427 3374 2732 3160 2772 3007 3176 2963 3012 3096 2886
3183 3046 3077 3351 3082 3146 3302 3045 2978 2942 3271 3220 2795 3270 3144 3150 3327 3039 3173 3200 2974 2871 2773 3139 3160 2982 2820 2949 2738 3483 2824 3212 3298 3158 3160 2767 3359 3102 3474 2869 3233 3330 2906 3169 2864 3345 2948 2991 3351 3597 2942 3259 3156 3324 3165 2970 3228 3154 2981 2914 3401 3467 2626 2948 3022 2878 3462 3192 3458 2874 3007 3129 3151 2690 3114 2846 2987 3089 3605 3303 3105 2917 2952 2890 2991 3029 3287 3168 2700 3243 3008 2839 3171 3008 2914 2951 2880 3016 2928 2993 2809 3225 3295 2796 3111 3056 2964 3340 2946 2909 3144 3110 3108 3698 2749 3120 3166 3477 3564 2757 2840 3115 2997 3028 2846 3273 2910 3066
3451 3202 3078 3444 3143 3374 3002 3169 3582 3158 3041 3724 2831 3547 3384 3305 3548 3309 3664 3565 3060 3073 3089 3492 3509 3033 3013 2894 3027 3231 3015 3193 3349 3398 3439 2896 3673 3062 3536 3174 3478 3690 3250 3492 3464 3362 3086 2939 3368 3546 3033 3156 3578 3728 3323 2979 3048 3428 3186 3168 3243 3374 2818 3139 3424 3099 3536 3100 3720 2984 3164 3008 3114 2713 3198 2991 3086 3442 3623 3129 3065 3084 3153 2941 3309 3298 3177 3367 2851 3181 2883 2823 3491 3089 3170 3102 3344 3125 3024 3381 2874 3122 3386 3136 3230 3403 2975 3464 3072 3137 3243 3028 3470 3739 2779 3166 3069 3557 3257 2797 3050 2847 2899 3258 3033 3429 3068 3153
3735 3583 3384 3982 3280 3616 3470 3570 3611 3454 3687 3708 3043 3519 3669 3727 3890 3589 3833 3696 3594 3312 3374 3740 3699 3465 3290 3438 3370 3907 3442 3520 3744 3767 3459 3218 4022 3436 3718 3449 3863 3814 3370 3744 3642 3666 3430 3437 3837 4143 3437 3611 3627 3875 3423 3181 3665 3707 3496 3377 3749 3675 3188 3386 3677 3518 3845 3335 3788 3393 3247 3406 3568 2985 3565 3186 3371 3509 4000 3563 3571 3378 3524 3479 3524 3630 3737 3773 3146 3580 3177 3109 3641 3526 3484 3401 3507 3513 3226 3584 2993 3600 3725 3382 3372 3611 3359 3932 3516 3317 3597 3437 3908 4118 3221 3626 3317 4091 3794 3301 3246 3076 3310 3491 3198 3622 3261 3386
3506 3397 3270 3888 3562 3720 3694 3516 3658 3531 3348 3811 3147 3702 3986 3812 4115 3721 3686 3676 3508 3165 3398 3615 3751 3478 3386 3419 3353 3981 3212 3676 3627 3584 3547 2999 3954 3515 3762 3399 4000 3923 3542 3677 3511 3873 3448 3450 3827 3921 3380 3550 3473 3713 3419 3300 3864 3504 3670 3484 3701 3930 3060 3375 3506 3513 3816 3550 3655 3192 3327 3565 3554 3182 3525 3165 3291 3706 4214 3552 3411 3493 3380 3323 3809 3894 3577 3787 3274 3723 3315 2871 3669 3363 3559 3473 3378 3427 3079 3618 3261 3673 3662 3272 3492 3780 3452 3827 3592 3324 3646 3730 3747 4095 3311 3351 3644 3815 3743 3298 3271 3479 3155 3616 3252 3553 3365 3645
3287 3087 3143 3436 3187 3408 3134 3357 3196 3258 3221 3555 2855 3335 3380 3241 3626 3314 3402 3360 3100 3116 3263 3436 3265 2949 3062 2940 3179 3543 3049 3260 3370 3336 3192 2766 3392 3264 3468 2941 3531 3641 3352 3450 3152 3455 3300 3462 3512 3662 3004 3227 3401 3506 3348 3046 3227 3542 3244 3404 3573 3407 2957 3146 3326 3068 3562 3184 3428 3300 3002 2964 3025 3074 3168 3042 3129 3014 3688 3290 3183 3114 3041 3079 3503 3404 3398 3398 2791 3261 3052 2902 3372 3156 3181 3353 3197 3184 2984 3360 3130 3375 3511 3113 3207 3279 3209 3545 3104 3135 3175 3404 3215 3882 2937 3185 3257 3679 3405 3088 3123 3035 2997 3350 2908 3501 3077 3234
3282 3374 3117 3799 3426 3475 3288 3329 3393 3289 3114 3826 3009 3379 3259 3301 3881 3573 3739 3453 3283 3309 3194 3475 3301 3290 2999 3110 2953 3646 3158 3549 3512 3408 3371 2792 3548 3543 3521 3184 3659 3646 3244 3444 3234 3639 3180 3550 3503 4041 3271 3279 3674 3486 3406 3241 3393 3516 3316 3278 3392 3404 2911 3103 3385 3156 3712 3231 3583 3124 3184 3157 3128 3209 3224 3037 3198 3344 3946 3541 3289 3017 3234 3133 3486 3454 3464 3321 3089 3193 2957 2951 3560 3259 3085 3108 3300 3163 2992 3232 2934 3271 3695 3160 3282 3330 3056 3726 3300 3026 3455 3423 3461 3815 2997 3285 3255 3774 3577 2939 3098 3144 3075 3180 2966 3503 3163 3379
3587 3442 3183 3636 3472 3467 3145 3262 3543 3134 3578 3561 2928 3396 3500 3580 3823 3632 3695 3431 3243 3125 3382 3404 3451 3391 3223 3110 3008 3597 3166 3414 3505 3412 3354 3001 3696 3610 3681 3136 3606 3674 3278 3694 3432 3540 3375 3243 3567 3857 3361 3490 3451 3734 3443 3108 3398 3434 3314 3307 3497 3407 2865 3447 3291 3334 3720 3219 3698 3128 3157 3167 3263 2903 3339 2929 3236 3311 4088 3486 3420 3109 3173 3237 3553 3677 3519 3713 2904 3510 3183 2984 3756 3301 3313 3139 3309 3242 2998 3379 3118 3211 3641 3214 3377 3525 3214 3899 3350 3278 3350 3381 3713 3837 3180 3369 3276 3606 3483 3232 3179 3038 3291 3310 3184 3413 3113 3408
3299 3405 3199 3599 3368 3631 3162 3452 3355 3391 3321 3675 2961 3496 3372 3592 3838 3477 3487 3580 3297 3284 3052 3406 3319 3135 3112 2995 2991 3672 3076 3483 3582 3559 3427 2777 3540 3360 3530 3167 3524 3709 3417 3525 3107 3609 3109 3342 3614 3893 3121 3503 3669 3668 3568 3456 3459 3604 3453 3241 3507 3585 2975 3027 3307 3077 3728 3216 3612 3126 3103 3101 3143 3112 3200 3121 3271 3450 3824 3328 3210 3019 3258 2986 3377 3384 3374 3548 2977 3250 2857 2845 3489 3272 2953 3178 3318 3318 2981 3304 2965 3254 3718 2987 3355 3352 3105 3401 3147 3077 3551 3460 3435 3652 3123 3203 3321 3692 3643 2953 2953 3044 3074 3324 2917 3259 3264 3227
3216 3336 3082 3517 3468 3661 2878 3142 3606 3321 3233 3567 3047 3537 3395 3354 3736 3152 3412 3476 3223 3048 3163 3423 3175 3180 2846 3121 3181 3770 3031 3586 3347 3048 3368 2809 3397 3279 3420 3130 3609 3532 3275 3432 3137 3695 3128 3107 3405 3677 3400 3328 3348 3717 3482 3072 3551 3267 2970 3151 3161 3497 2959 3087 3421 3108 3758 3367 3505 2887 3260 3122 3245 2968 3361 3160 3094 3242 3759 3432 3172 3038 2981 3068 3274 3321 3254 3301 2795 3309 2966 3056 3294 2975 3077 3065 3267 3092 2900 3175 2865 3318 3422 3058 3096 3311 3088 3489 3176 3162 3233 3375 3573 3725 2759 3294 3278 3637 3507 2899 3040 2992 2917 3299 3047 3362 3191 3288
3156 3251 3113 3477 3322 3391 3158 3222 3152 3398 3063 3638 2726 3501 3257 3163 3682 3313 3570 3512 3109 3002 2936 3485 3280 3014 3012 2938 3092 3300 3141 3229 3496 3272 2919 2889 3507 3082 3288 2978 3381 3484 3313 3165 3154 3409 3235 3410 3356 3606 2730 3112 3412 3387 3457 3251 3143 3441 3127 3142 3230 3318 2764 3130 3108 2934 3321 3016 3575 3135 2990 3090 3008 2979 3224 3013 2755 3285 3763 3154 2976 3092 3148 3019 3326 3253 3257 3187 2871 3031 2937 2905 3409 2969 3016 3262 3225 3169 2857 3277 2759 3287 3421 2955 3306 3224 3047 3485 3121 2824 3382 3243 3320 3675 2993 3200 3359 3774 3301 2756 3116 2932 2952 3097 2903 3329 3014 3177
3024 3006 2801 3240 3124 3104 2857 2917 2990 3019 3005 3171 2578 3265 3332 3109 3587 3261 3169 3244 2926 2791 2757 3245 2998 2851 2904 2626 3014 3323 2647 3018 3048 3197 3003 2557 3115 3026 2999 2957 3340 3442 2989 3076 3301 3133 2869 2845 3196 3464 2924 2948 3128 3389 3164 2850 3208 3263 3166 3153 3256 3367 2779 2739 3165 2981 3430 3117 3611 2882 2512 3067 3138 2682 2894 2910 2857 3120 3495 3027 2868 2718 2893 2787 3088 3299 3230 3372 2749 3095 2785 2645 3084 3061 3126 2904 3052 2976 2644 3197 2865 3148 3145 2826 3026 3451 2933 3295 2967 3017 3200 3075 3194 3688 2901 2816 3009 3030 3053 2911 3007 2912 2812 3160 3135 3065 2718 2884
3129 3136 2913 3564 2962 3236 2976 3008 3135 2964 3227 3538 2731 3344 3283 3191 3318 3126 3236 3485 3191 3022 2880 3174 2929 2980 2787 3233 2858 3427 2882 3110 3313 3054 3126 2752 3553 3248 3252 3003 3348 3279 3002 3227 3255 3566 3156 3007 3472 3669 2852 3284 3196 3381 3176 3005 3124 3201 2978 3395 3369 3342 2829 2826 2968 3060 3577 3130 3416 2975 2928 3111 3072 3135 3038 2936 3002 2989 3722 3260 3021 3148 3156 2916 3297 3147 3234 3283 2978 3146 2886 2870 3452 2890 2933 3045 3057 3008 2697 3125 2916 3496 3380 3034 3012 3205 3011 3607 3065 2846 3292 3306 3409 3719 2888 3272 3128 3604 3435 2752 3234 3083 2951 3065 2768 3318 3240 3218
3430 3523 3344 3527 3362 3710 2933 3313 3413 3567 3110 3455 2961 3618 3426 3427 3716 3332 3646 3459 3303 3108 3329 3341 3294 3392 3182 3049 3121 3659 3180 3317 3305 3371 3231 2942 3585 3308 3462 3243 3652 3721 3280 3511 3417 3690 3409 3302 3566 3828 3220 3295 3395 3692 3105 3089 3325 3239 3484 3452 3399 3544 3161 3315 3419 3249 3798 3326 3487 3234 3016 3078 3146 3048 3254 3158 3347 3310 3786 3175 3428 3327 3227 3032 3581 3367 3185 3279 3052 3258 2919 2873 3408 3340 3086 3422 3246 3421 2819 3340 2955 3232 3663 2935 2952 3434 3328 3526 3419 2974 3279 3480 3593 3623 2971 3332 3403 3533 3499 3073 3249 3242 3131 3259 3135 3217 3228 3258
3098 3254 2982 3429 2923 3241 2984 2975 3450 3138 3082 3538 2747 3307 3193 3318 3350 3039 3351 3398 3269 2924 3040 3247 3332 3073 2896 3169 3022 3379 3075 2991 3081 3008 3154 2724 3465 3040 3309 3164 3310 3495 3114 3264 3105 3434 3042 3008 3367 3558 3124 3172 3205 3423 3002 2964 3182 3159 3083 2804 3029 3539 2904 3004 3152 3145 3360 2930 3384 2999 2948 2977 3086 2838 3202 2833 2994 2951 3565 3087 2867 3175 3131 2780 3089 3211 3267 3324 2747 3160 2858 2648 3216 2880 2854 3128 2993 3104 2748 3079 2673 3291 3367 2776 2839 3171 3127 3464 3129 2883 3148 3088 3402 3602 2779 3002 3124 3512 3394 2720 3042 2940 2776 3161 2753 3081 3027 3104
Total Multiplications: 2097152

Strassen's Multiplication Result (Time: 2.267512 seconds):
4033 3358 3201 4625 3590 4215 3999 4131 3876 3646 3252 4460 2720 4385 4037 4230 4189 3751 3525 4388 3230 3314 3117 4176 3724 3958 3877 3514 2968 3613 3174 3559 3624 4009 4601 3922 4226 3922 4524 3051 3683 4186 3771 3618 3346 3538 4034 3101 3928 4088 3036 3473 3928 4013 4117 3963 3230 3716 3906 3588 4392 4592 3304 3207 4014 3219 4192 4266 4190 3643 3213 3603 4166 3702 3179 3651 3781 3768 4284 3817 3975 3129 4066 3563 4336 4125 4257 4529 3497 4531 3104 2834 3974 4192 3568 3553 4164 3325 3614 3568 3129 3675 4425 3637 3084 4185 3784 4049 3614 4080 4136 4095 3607 4526 3762 3599 4166 4454 3668 3194 3987 4142 3261 3965 3643 3566 3385 3154
3449 3619 3342 4128 3458 3971 3642 3327 3881 3657 3624 3901 3268 3632 4377 4164 4165 3725 4433 3615 3997 3187 3750 3920 3648 3554 3311 3556 3274 4274 3629 4101 4032 3702 3603 3829 3920 3719 4398 3233 4232 4042 3319 4365 3498 4433 3938 3746 3850 3962 3456 3489 3809 3237 3877 3576 3812 3623 3919 3785 3789 4242 3440 3548 3573 3487 4007 4011 4178 3552 3846 3944 3697 3345 3283 3156 3366 3507 4378 4031 3461 3843 3392 3113 4110 3795 3577 3867 3149 3396 3717 3210 3710 3823 3179 3701 3475 3736 3823 3783 3100 3499 3908 3420 3954 3782 3782 4244 3661 3647 3519 4200 4163 4340 3401 3545 3742 3993 3698 3749 3447 3681 3524 3473 3322 3801 3297 3709
3513 3586 3294 3760 3578 3410 3462 3369 3577 3565 3493 4049 3120 3700 3848 3806 3876 3447 3900 3678 3527 3296 3386 3718 3685 3440 3292 3389 2982 3783 3393 3596 3584 3517 3695 3320 4061 3778 3716 3459 3701 3680 3284 3633 3518 3684 3359 3312 3721 4024 3456 3420 3663 3676 3245 3272 3620 3608 3537 3567 3679 3721 2983 3570 3593 3415 4097 3520 3546 3373 3332 3488 3414 3233 3378 3256 3489 3567 4117 3718 3552 3442 3386 3061 3808 3685 3674 3787 3396 3700 3173 2974 3732 3265 3297 3424 3568 3277 3222 3573 3040 3520 3877 3318 3437 3544 3518 3787 3501 3224 3426 3396 3703 4051 3194 3450 3550 3972 3677 3114 3356 3562 3294 3425 3180 3636 3495 3373
3422 3525 3162 3832 3469 3777 3302 3342 3422 3236 3549 4000 3030 3612 3824 3735 4007 3391 3813 3578 3481 3311 3322 3553 3661 3431 3229 3321 3144 3599 3228 3371 3628 3578 3572 2947 3912 3289 3607 3411 3538 3848 3386 3330 3407 3855 3581 3503 3650 3914 3335 3612 3626 3670 3402 3101 3630 3539 3313 3494 3530 3699 3048 3319 3429 3275 3765 3330 3846 3411 3126 3577 3384 3227 3358 3343 3384 3609 4044 3489 3470 3522 3297 3161 3512 3584 3599 3560 3032 3534 3292 3292 3780 3065 3351 3525 3472 3254 2941 3624 3096 3756 3862 3278 3374 3395 3364 3787 3479 3327 3347 3339 3828 3938 3328 3475 3337 3817 3556 2890 3325 3255 3184 3561 3296 3339 3329 3429
2829 3268 2877 3420 2971 3434 3212 3088 3121 3073 3021 3702 2763 3158 3047 3145 3694 3342 3186 3326 3211 2903 3174 3307 3110 2923 2915 2980 2799 3329 2905 3322 3372 3127 2890 2869 3522 3068 3326 2881 3066 3417 3278 3535 2800 3308 3100 3138 3306 3387 3237 3050 3224 3343 3445 2819 3431 3368 3104 2934 3157 3287 2739 3035 3324 2934 3453 2943 3208 2891 3030 2827 3265 2625 2998 2826 2731 3024 3497 3312 3101 2806 3170 3073 3206 3106 3337 3200 2730 3294 2892 2605 3195 3143 2844 2688 2978 3002 2849 2982 2574 3178 3111 2855 3203 3127 3006 3443 3099 2879 3002 3336 3412 3584 2715 3043 3173 3356 3080 2889 2784 2819 3060 3070 2914 3111 3048 3026
3820 3820 3754 4055 3778 4182 3724 3822 3977 4011 3664 4351 3294 4030 3812 4246 4107 3745 4205 4024 3834 3503 3810 4205 3861 3392 3829 3396 3595 4411 3474 4012 3903 3649 3977 3614 4209 3787 4190 3477 3911 3968 3956 4055 3698 4305 3765 3891 3957 4363 3462 4050 3964 4225 4086 3685 3958 4012 3814 3731 4104 4154 3299 3562 4173 3554 4301 3923 4190 3671 3729 3652 3812 3576 3613 3441 3898 3867 4288 3901 3557 3617 3592 3484 3942 3946 3878 4172 3396 3911 3587 3457 4076 3580 3728 3872 3928 3467 3662 3890 3308 3936 3968 3621 3799 4024 3569 4026 3651 3703 3722 3831 4203 4299 3325 3790 3764 4410 4026 3354 3659 3645 3538 3554 3490 3928 3752 3755
3143 3226 2825 3348 3152 3183 3105 3008 3200 3028 3190 3440 2760 3205 3260 3414 3470 3145 3358 3292 3045 2911 2943 3375 3056 2772 3119 3093 2764 3536 2720 2892 3151 2960 3183 2711 3410 3157 3361 2879 3237 3160 3149 3422 3110 3541 3062 2840 3234 3520 2916 3259 3199 3279 3320 2865 3041 3191 3022 2984 3411 3443 2826 3117 3202 3058 3570 3209 3462 2934 2752 3137 3181 2809 3180 2925 2663 3265 3690 3316 2949 3087 3234 2867 3298 3320 3203 3417 2743 3286 2962 2654 3524 2868 3075 3161 3102 2950 2761 3095 2865 3334 3236 2975 3109 3294 2676 3488 2875 2948 3103 3260 3525 3775 2695 2913 3048 3558 3322 2807 3169 2979 3043 2870 2850 3285 3065 3172
2983 2987 3017 3152 3139 3214 2999 2810 3146 2858 3313 3386 2619 3164 3141 3246 3055 3170 3237 3411 3048 2912 3064 3254 2957 3030 2726 2753 2859 3330 2869 3025 3217 3094 2923 2870 3446 2953 3180 2894 2959 3262 2898 3004 2916 3126 3081 3110 3168 3535 2784 3158 3321 3269 3186 2753 3112 3086 2788 2992 3173 3280 2746 2916 2929 3066 3292 2979 3234 2629 2957 3059 2895 2739 2914 2812 3005 2994 3597 3088 2814 2760 3182 2832 3053 3128 3180 3126 2613 3013 2645 2764 3058 2841 2773 2976 3089 2937 2962 2985 2745 2972 3212 2677 3256 3273 2920 3464 2890 2823 3147 3095 3119 3491 2979 3070 2956 3198 3219 2883 2869 2747 2632 3096 2998 3245 2964 2986
3183 3080 3005 3721 3112 3209 2991 3278 3465 3212 3403 3556 2936 3498 3553 3230 3594 3297 3435 3452 3177 2914 3112 3481 3430 3187 3054 3057 3120 3554 2776 3253 3170 3345 3253 2858 3403 3361 3402 2838 3619 3403 3346 3336 3217 3517 3163 3125 3462 3720 2840 3288 3095 3453 3047 3099 3289 3416 3299 3096 3265 3659 2704 2968 3308 3136 3612 3215 3484 3007 3035 3184 3026 3041 3166 3020 3039 3193 3885 3279 3217 3372 3133 2970 3483 3415 3268 3333 2811 3469 2938 2865 3335 3004 3211 3190 3132 3024 2813 3266 2864 3306 3388 3095 3426 3122 3025 3435 3163 2947 3199 3503 3514 3835 3040 3140 3212 3613 3389 3100 3315 3113 2936 3165 2894 3189 2995 3383
3340 3263 3286 3535 3423 3456 3257 3267 3423 3313 3292 3584 2936 3531 3437 3619 3756 3489 3397 3500 3170 3078 3241 3364 3307 3117 3092 3015 3023 3595 2910 3374 3224 3271 3430 2698 3470 3406 3415 2945 3554 3577 3248 3314 3456 3385 3138 3137 3663 3811 3024 3601 3445 3546 3266 3195 3372 3342 3325 3317 3483 3662 2904 3083 3395 3131 3789 3283 3573 3100 3109 3309 3239 3034 3205 3073 3240 3326 3838 3391 3097 2957 3231 2957 3341 3566 3506 3595 2908 3418 2968 2827 3259 3159 3190 3385 3181 3115 2929 3369 2902 3388 3520 2979 3111 3366 3177 3504 3349 3068 3500 3421 3491 3781 3020 3178 3377 3552 3533 3171 3194 3075 3044 3199 3085 3300 3196 3198
3203 3066 2994 3298 3088 3326 3172 2997 3089 3004 3325 3535 2836 3405 3321 3246 3335 3244 3343 3579 3291 3018 2918 3155 3296 2964 2915 3014 2820 3469 3085 3297 3273 3182 3239 2972 3635 3048 3347 2929 3342 3506 3153 3365 2931 3321 3039 3208 3482 3664 2984 3270 3487 3429 3166 2913 3163 3340 3157 3086 3193 3462 2693 3184 3234 3052 3495 3326 3408 3190 2902 3140 3223 2950 2992 2923 3107 2987 3817 3233 3129 3010 3046 2915 3057 3170 3481 3392 2650 3448 2993 2939 3252 3073 3197 2976 3124 3049 2685 3139 2866 3327 3277 2849 3307 3221 2975 3654 3071 2805 3305 3096 3430 3487 3057 3066 3118 3501 3460 3058 3195 3134 2815 3245 2858 3195 2917 3075
3477 3677 3533 4111 3731 3803 3494 3455 3921 3627 3647 4118 3069 3919 3683 3796 4238 3661 3789 3977 3583 3363 3408 3862 3833 3648 3333 3478 3285 3831 3537 3663 3768 3897 3843 3152 4128 3666 3887 3398 3900 4033 3440 3934 3624 3696 3660 3488 3896 4114 3511 3792 3922 3913 3595 3409 3617 3804 3722 3810 3753 3955 3258 3290 3840 3337 4118 3448 3980 3383 3596 3470 3781 3360 3643 3474 3696 3723 4196 3672 3546 3638 3444 3389 3568 3658 3828 3754 3267 3633 3428 3434 3828 3600 3688 3783 3718 3451 3316 3574 3343 3842 3898 3651 3814 3554 3517 4096 3668 3457 3605 3757 3839 4193 3367 3564 3479 3961 3926 3280 3551 3581 3359 3572 3436 3730 3499 3555
3029 2985 2918 3507 2931 3186 2836 3025 3246 3139 2996 3237 2468 3363 3172 3136 3372 3218 3191 3221 2896 2847 2950 3113 3090 2889 2764 2924 2982 3208 2658 2986 3094 2994 2880 2518 3181 3100 3226 3014 3071 3342 3042 3037 3112 3165 3082 2848 3239 3523 2793 3228 3063 3444 3057 3028 3043 3202 2896 3048 3139 3451 2780 2867 2920 2971 3306 2941 3247 2984 2750 2994 2773 2726 3164 2891 2755 2891 3534 3067 2764 2771 2812 2863 2998 3213 2955 3163 2531 3224 2673 2511 3088 3002 2884 2962 2881 3063 2547 3077 2702 3233 3102 2907 2944 3146 2778 3174 3023 2792 3115 2961 3320 3597 2819 3003 2959 3288 3178 2852 3113 2766 2913 2986 2905 3136 2862 3043
3125 3234 3270 3337 3097 3389 2953 3150 2992 3032 3140 3407 2783 3380 3069 3427 3441 3288 3268 3209 3213 2974 3056 3341 2976 3027 2878 2735 2818 3484 3025 3299 2953 3314 3334 2633 3283 3128 3429 3044 3303 3372 3164 3295 3204 3443 3262 3224 3337 3555 3139 3205 3248 3458 3293 2918 3048 3253 3030 3295 3152 3513 2902 2735 3227 3013 3503 3345 3485 2811 2938 3024 3062 2811 2774 3019 3225 2975 3575 3063 2937 2913 2984 2856 3241 3289 3181 3322 2719 3218 2887 2909 3242 3072 3133 3103 3153 3097 2982 3122 3156 3022 3391 3001 3034 3485 2855 3431 2897 3073 3322 3197 3311 3496 2960 3117 3034 3141 3409 3002 3092 3127 2860 3202 2826 3065 3087 3201
3433 3628 3420 3654 3429 3617 3236 3288 3600 3408 3455 3861 2904 3673 3750 3618 4010 3554 3842 3522 3488 3062 3325 3570 3699 3178 3261 3257 3449 3763 3055 3570 3601 3511 3627 3025 3910 3624 3659 3261 3711 3728 3392 3427 3637 3730 3433 3238 3635 3796 3088 3542 3452 3715 3469 3287 3424 3617 3645 3446 3690 3568 3185 3320 3438 3329 3848 3297 3843 3313 3157 3479 3382 3111 3373 3266 3431 3672 3855 3541 3313 3274 3223 3212 3591 3567 3521 3597 3042 3677 3245 3025 3617 3256 3550 3251 3351 3256 3262 3589 3012 3583 3544 3308 3470 3463 3357 3550 3242 3326 3376 3389 3905 4135 3281 3347 3439 3826 3619 3137 3391 3298 3298 3364 3050 3366 3325 3328
3146 3022 3037 3143 3036 3159 3050 3065 3157 3225 2809 3341 2721 3221 3135 2976 3345 3093 3476 3186 2771 2911 2935 3231 3087 2967 2899 2838 2837 3358 2959 3100 3163 3057 3076 2628 3404 2974 3216 2956 3463 3414 3009 3187 3010 3525 2987 2888 3131 3654 2889 3299 3152 3296 3053 2753 2965 3168 3016 3071 3432 3190 2658 2986 3187 2977 3642 3156 3447 3057 2952 2919 2814 3180 2871 2902 3012 3080 3693 3095 3084 3109 3018 2841 3364 3229 3168 2986 2816 3004 3219 2731 3465 2864 2747 3157 2836 2826 2970 2874 2909 3196 3422 2893 3000 3313 3091 3293 2986 2808 2998 2867 3259 3547 2794 3051 3295 3224 3318 2692 2987 2953 3012 2953 2787 3233 2843 2990
3063 3218 3272 3190 3172 3409 3101 3200 3298 3096 3235 3525 2951 3311 3186 3368 3590 3320 3344 3466 3142 2900 3051 3409 3170 3136 2962 3024 2987 3526 3042 3587 3476 3307 3290 2855 3378 3268 3502 3032 3413 3569 3285 3442 3211 3632 3026 3099 3459 3674 3116 3274 3484 3440 3429 2955 3373 3309 3333 3052 3296 3469 2984 3156 3269 3162 3707 3084 3520 3022 3023 3234 3059 2974 3175 2896 3286 3223 3751 3254 3029 3158 2936 3020 3214 3064 3250 3389 2831 3371 2959 3001 3365 3019 2998 3152 3172 3116 3124 3303 2863 3266 3485 3188 3114 3160 3200 3402 3019 3085 3233 3051 3489 3639 2960 3305 3307 3562 3562 2837 3140 3122 3019 3198 2949 3211 3103 3004
3201 3395 3335 3154 3229 3307 3147 2965 3252 3192 3226 3557 2789 3300 3392 3127 3376 3242 3308 3460 3196 2985 2980 3320 3239 3091 2882 3013 3024 3587 2970 3387 3220 3202 3256 2815 3563 3039 3500 3032 3698 3685 3193 3248 3187 3524 3054 3251 3529 3643 2891 3307 3425 3355 3155 3099 3395 3349 3187 3307 3375 3562 3037 3215 3012 3129 3610 3274 3632 3167 2906 3176 3167 3092 3008 2869 3133 3058 3684 3270 3101 3219 2974 3102 3165 3110 3267 3234 2698 3428 3151 2771 3254 2831 3073 3294 3076 3060 2916 3271 2921 3417 3480 2974 3152 3343 3171 3489 3242 2982 3243 3081 3475 3519 3012 3200 3288 3249 3497 3065 3127 3136 2778 3194 3048 3229 3110 3197
2680 2938 2544 3007 2515 2876 2663 2674 2767 2704 2707 2878 2449 2772 2722 2675 3176 2756 2908 2880 2600 2550 2901 2972 2832 2433 2761 2496 2589 3036 2408 2772 2667 2710 2839 2374 2976 2617 2894 2642 2943 3029 2756 2771 2434 2950 2664 2578 2942 3067 2642 2569 2759 3099 2892 2509 2943 2946 2747 2746 2836 2954 2767 2739 3000 2623 3082 2825 3108 2744 2295 2680 2615 2520 2741 2412 2389 2664 3032 2688 2737 2585 2793 2566 2981 2850 2837 2934 2365 2930 2531 2266 2716 2705 2841 2640 2701 2478 2404 2758 2609 2915 2845 2586 2501 2891 2757 2718 2677 2603 2720 2895 3057 3273 2462 2683 2927 3041 2814 2700 2660 2568 2513 2745 2481 2632 2442 2460
3151 3149 2969 3365 3128 3146 2819 2801 3190 2774 3042 3372 2549 3173 3282 3014 3427 3207 3191 3152 2853 3044 2963 3170 3179 2963 2934 2627 2784 3095 2777 3044 3012 2900 2979 2459 3290 3001 3133 2787 3180 3161 2903 3139 2997 3156 2991 2907 3458 3401 2776 3044 3039 3361 3109 2819 3062 2950 2919 3102 3054 3205 2785 2734 2991 2817 3281 2831 3386 2787 2801 3041 2945 2732 2825 2757 2806 3171 3599 3125 2813 2941 3083 2692 3240 3148 3063 3136 2651 3230 2774 2578 3013 2835 2897 2851 2905 2926 2739 2947 2533 3192 3129 2651 2960 3136 2830 3190 3004 2876 3102 3127 3340 3453 2649 3181 3011 3351 3110 2813 2767 2718 3049 3004 2945 2934 2690 3061
3044 3447 2995 3451 3177 3294 3154 3191 3301 3057 3076 3654 2818 3430 3348 3418 3457 3078 3353 3628 3196 2895 3069 3304 2978 3094 2993 3175 2906 3418 2883 3226 3380 3200 3360 2823 3581 3137 3713 3106 3531 3535 3179 3085 3241 3604 3205 3043 3310 3780 2863 3095 3226 3263 3053 3021 3325 3239 3136 3214 3382 3597 2589 2896 3091 3296 3387 3389 3399 3111 2893 3252 3210 2893 3066 3075 3091 3244 3665 3311 3043 3312 3054 3013 3407 3048 3041 3344 2949 3518 2913 2843 3254 2629 2781 3349 3085 3047 2824 3119 2905 3372 3391 2870 3112 3219 2877 3340 3157 2831 3210 3167 3385 3563 2871 3128 3303 3449 3254 2810 3045 2968 2872 3019 2812 3277 3126 3177
3306 3162 3067 3580 3279 3409 3177 3261 3386 3146 3246 3432 2955 3325 3231 3498 3364 3241 3179 3519 3149 2998 3270 3345 3107 2779 2959 3117 2886 3629 2920 3221 3419 3190 3330 3101 3606 3189 3294 2792 3477 3346 3184 3464 3312 3427 2949 2832 3445 3664 3132 3193 3254 3445 3139 2891 3259 3271 3212 3169 3285 3765 2778 2939 3084 3192 3474 3169 3302 3067 2965 3204 3093 2863 2967 2953 3028 3120 3786 3669 3015 3227 3120 2912 3318 3175 3247 3283 2735 3169 3082 2856 3252 2860 2990 3079 3030 2879 2855 3313 2575 3343 3366 2726 3175 3334 3156 3490 3068 2887 3300 3333 3582 3581 2826 3304 3355 3461 3503 3091 3173 2923 3033 2967 2918 3386 3297 3104
3189 3203 3259 3287 3139 3115 3178 2971 3234 2981 3085 3474 2709 3278 3387 3555 3404 3188 3504 3358 3179 3004 2854 3044 3273 2828 2967 2960 2941 3489 2868 3236 3146 2928 3059 2744 3522 3140 3459 3108 3212 3349 2946 3161 3355 3383 3090 3026 3355 3760 2844 3421 3166 3508 3122 3080 3193 3307 3035 3042 3410 3533 2786 2824 2950 3072 3340 2974 3245 2787 2978 3258 3139 2860 3180 2877 2863 3158 3440 3103 2755 2803 3039 2876 3301 2889 3167 3274 2852 3265 2926 2661 3028 2868 2985 3063 2941 3079 2952 3265 2861 3199 3396 2787 3072 3439 2930 3471 2908 3130 3308 3100 3278 3578 2928 3159 3022 3525 3609 2714 2863 2935 2949 3050 2912 3419 3020 3246
3069 2872 2890 3097 2911 3257 2941 2907 3010 3068 2887 3156 2513 3178 3105 3097 3272 3069 3116 3119 2993 2811 2826 3034 3102 2745 2996 2607 2815 3196 2850 3062 3055 2956 3001 2582 3120 3084 3223 2705 3216 3129 3023 3136 2990 3143 2885 2976 3208 3416 2937 2965 2988 3121 2980 2956 3031 3122 3115 2952 2964 3214 2609 2782 3123 2816 3254 2945 3246 2661 2776 2791 2932 2756 2929 2729 3056 2923 3465 2932 2882 2732 2685 2755 3151 3031 3160 3108 2836 2975 2617 2618 2955 2814 2852 3106 2853 2859 2703 2921 2598 2999 3144 2675 2868 3009 2702 3063 2884 2642 3123 3236 3004 3438 2885 3085 3139 3223 3248 2625 2776 2987 2772 2920 2839 2921 2866 2712
3383 3153 3175 3581 3247 3402 3106 3203 3430 3141 3034 3606 2911 3407 3347 3389 3485 3216 3710 3475 3130 3053 2948 3520 3471 3123 2991 3102 2889 3550 3133 3326 3366 3225 3175 2956 3850 3306 3612 3190 3422 3654 3117 3465 3139 3529 3271 3034 3458 3679 3090 3271 3450 3485 3208 3046 3462 3331 3054 3239 3381 3360 2866 3102 3319 3116 3577 3021 3696 3010 3325 3189 3284 2837 3309 2951 3237 3236 3607 3350 3292 3151 3100 2967 3344 3387 3276 3368 2925 3272 3014 2979 3443 3081 3202 3143 3098 3170 3132 3225 2790 3303 3479 3140 3317 3384 3275 3720 3274 2970 3400 3045 3313 3789 2950 3309 3377 3711 3514 2947 2846 3000 3171 3259 3020 3488 2866 3208
3204 3207 2839 3343 3260 3218 2988 3040 3082 3242 2922 3590 2901 3114 3209 3520 3499 3363 3662 3276 3253 3135 3019 3434 3239 3215 2938 2874 2826 3590 2868 3278 3460 3122 3154 2974 3506 3260 3456 2926 3222 3374 3438 3389 3328 3397 3328 3490 3287 3444 2929 3088 3242 3193 3176 2927 3221 3406 3150 3157 3441 3307 2629 3019 3102 3190 3633 3252 3299 2971 2990 3090 3286 2862 3138 2904 2948 3330 3665 3194 2949 2920 3103 3049 3414 3220 3294 3295 2860 3199 2951 2900 3332 3035 3225 3027 2973 2777 2832 3155 2852 2979 3271 2989 3346 3326 2938 3569 2994 2959 3186 3308 3477 3524 2845 3136 3178 3529 3258 2730 3132 2902 2952 3190 2801 3244 2844 3185
3195 3329 3159 3369 3290 3287 2900 2959 3043 3224 3326 3412 2874 3375 3303 3257 3548 3138 3497 3438 3185 2981 3009 3313 3086 2907 2933 2967 3081 3561 2979 3329 3337 3297 3208 2934 3336 3179 3340 3126 3469 3536 3288 3352 3274 3455 3124 3092 3369 3646 2945 3393 3238 3725 3419 2926 3358 3422 3012 3207 3340 3440 2774 3072 3264 3228 3584 3329 3590 2967 3007 3129 3189 2767 3142 3004 3127 3126 3492 3394 3168 3065 2850 3042 3283 3230 3380 3249 2917 3093 2873 2956 3431 2903 2945 3109 2923 3267 2765 3224 2904 3133 3377 2832 3085 3515 3261 3544 3233 2985 3143 3308 3469 3710 2805 3044 3074 3360 3442 2833 3033 2922 3185 3057 3047 3368 3184 3133
3316 3369 3427 3695 3651 3663 3349 3507 3514 3430 3501 3880 3155 3779 3704 3719 3707 3289 3607 3863 3289 3168 3286 3536 3249 3281 3382 3295 3206 3654 3256 3690 3590 3363 3533 2957 3954 3458 3516 3275 3658 3800 3313 3724 3797 3761 3236 3269 3723 4156 3115 3570 3514 3684 3341 3222 3469 3572 3536 3396 3448 3796 2897 3252 3448 3400 3814 3518 3641 3137 3175 3453 3186 3332 3291 3181 3306 3614 4222 3538 3281 3501 3153 3098 3537 3389 3314 3533 3367 3490 3034 3017 3688 3211 3164 3144 3389 3345 3025 3560 2884 3611 3760 3247 3268 3457 3325 3745 3517 3146 3671 3426 3676 3694 3132 3647 3335 3860 3732 3188 3291 3299 3188 3370 3198 3647 3555 3455
3245 3153 2887 3294 3268 3385 3095 3079 3033 3078 3321 3586 2660 3396 3317 3254 3611 3264 3086 3469 3122 2940 2940 3374 2992 3143 3104 3017 3175 3625 3149 3301 3508 3234 3230 2710 3697 3419 3588 2864 3373 3623 3233 3294 3135 3413 3139 3175 3255 3651 2870 3275 3390 3416 3255 2712 3167 3430 3091 2956 3145 3431 2776 3059 3122 3093 3588 3403 3376 2944 2895 3093 3185 2980 2946 3143 3259 3119 3760 3358 3200 3161 3020 3049 3302 3102 3539 3577 2705 3232 2919 2865 3137 2906 3081 3316 3099 3195 2892 3197 2857 3363 3686 2911 3158 3555 3094 3564 3000 3225 3262 3144 3197 3824 3051 3162 3145 3603 3343 2844 3006 3115 2898 3015 3214 3349 3125 3120
2964 3040 2736 3257 2788 3014 2947 2823 3144 2981 3223 3341 2750 3204 3284 3153 3333 3094 3423 3190 2951 2587 2732 3129 3015 2973 2933 3000 2626 3225 2872 3110 3283 3151 3029 2862 3496 2961 3121 2815 3184 3101 2681 3214 3085 3245 3069 3003 3255 3549 2895 3202 3121 3343 3116 3130 3083 3033 3063 3182 3191 3096 2454 2674 3100 3048 3469 3010 3252 2909 2840 3075 3172 2903 3133 2757 2954 3022 3313 3148 2801 2956 2925 2995 3098 3187 3034 3323 2909 3007 2812 2838 3279 2880 2860 2897 2957 2957 2879 3189 2743 3165 3279 2879 3121 3261 2879 3564 3009 2860 2840 3082 3401 3492 2766 2951 3073 3593 3429 2804 2980 2904 2908 2787 2804 3059 2877 2969
3137 3170 3070 3257 3136 3269 3002 3016 3145 2957 2893 3341 2844 3191 3193 3236 3463 3096 3398 3226 3054 2830 3024 3344 3249 2953 2959 2768 2835 3390 2878 3278 3141 2988 3157 2581 3491 3243 3392 3061 3285 3411 3158 3256 3165 3424 3134 3116 3242 3533 3079 3143 3157 3349 3319 2890 3154 3279 3123 3101 3196 3296 2809 3032 3287 2888 3439 3007 3387 2941 2925 3001 3110 2880 3209 2802 2913 3023 3603 3261 2919 3040 2793 3026 3269 3379 3354 3319 2812 3243 3048 2782 3280 2886 3199 2891 3174 2898 2862 3025 2872 3200 3415 2970 3194 3414 2945 3540 3004 2974 3192 3158 3353 3748 2679 3159 3267 3435 3434 2761 2989 2744 2846 3052 2816 3156 3168 3080
3345 3596 3306 3490 3456 3306 3215 3184 3268 3368 3240 3619 2704 3420 3311 3278 3625 3222 3501 3674 3153 3126 3212 3320 3370 3023 3147 2994 2889 3486 2840 3127 3232 3522 3423 2771 3552 3248 3443 3123 3473 3586 3382 3045 3188 3471 3230 3330 3463 3897 2866 3522 3347 3615 3288 3241 3282 3279 3267 3417 3437 3409 2962 3036 3377 3060 3623 3150 3466 3189 2961 3084 3269 2930 3271 3040 3070 3276 3644 3365 3033 3050 3218 2978 3586 3289 3489 3305 2901 3126 2942 2854 3486 3151 3077 3349 3208 3295 2927 3185 2909 3349 3560 2908 3255 3368 3124 3491 3128 3077 3280 3399 3252 3832 2820 3014 3324 3550 3397 2813 2977 3007 3032 3260 2960 3401 3210 3345
2808 2939 2729 3109 2731 3003 2730 2606 2988 2681 2992 3074 2860 2924 2996 2836 3122 2984 2832 3089 2924 2547 2945 2861 3012 2793 2510 2803 2510 2945 2659 2959 2693 2685 2695 2402 3001 2704 2847 2858 2966 3217 2797 2859 2649 3175 2728 2729 3176 3161 2626 2995 2867 3296 2898 2785 2993 3010 2848 2872 2946 3137 2455 2690 2862 3031 3290 2861 3124 2606 2755 2722 2933 2562 2943 2501 2774 2699 3412 2783 2923 2820 2613 2700 2831 2966 2847 3082 2669 2892 2668 2458 2815 2611 2645 2800 2838 2767 2653 2720 2458 2922 3039 2668 2668 2747 2868 3059 2944 2457 2908 2735 2997 3265 2653 2792 2870 3154 3138 2766 2662 2764 2456 2724 2730 3057 2657 2857
3162 3068 2902 3103 2824 3103 2926 2965 3291 3002 2795 3228 2682 3147 3284 3049 3169 3014 3169 3097 2732 2778 3005 3031 2976 2579 2797 2581 2703 3173 2649 3045 2776 3052 3157 2745 3228 2656 3221 2671 3172 3271 2922 3020 3028 3023 2961 2903 3335 3301 2799 2880 2827 3128 2907 2889 3043 2803 2983 3005 3195 3175 2417 2803 3152 3008 3275 2934 3232 2588 2696 2935 2918 2649 2544 2536 2800 3029 3264 3073 2623 3000 2817 2687 3033 3011 2791 3057 2695 3020 2710 2334 2840 2758 2802 2993 2903 2743 2758 2842 2680 2951 2962 2730 2948 3082 2754 3197 2773 2931 2940 2921 3106 3296 2655 2926 3027 3187 2983 2802 2661 2700 2559 2880 2770 2828 2780 2915
3285 3106 3293 3362 3039 3291 3068 3047 3205 3080 3087 3271 2686 3135 3158 3320 3411 3305 3091 3368 3004 3005 2989 3049 3301 2970 3027 2958 2873 3343 2925 3275 3183 3165 3137 2637 3565 3116 3419 2936 3464 3532 3144 3399 3193 3270 3215 3023 3526 3639 2814 3177 3294 3327 3099 3123 3275 3063 3208 3125 3261 3442 2647 3017 3115 3019 3563 3240 3437 3046 2966 2968 2983 2805 3014 2768 2802 2962 3544 3247 2870 2869 3221 2723 3312 3285 3247 3344 2641 3150 2868 2942 3114 2977 2973 2947 3216 3209 2854 3095 2739 2908 3153 2785 3208 3481 3101 3384 3141 2935 3343 3317 3227 3768 2960 3178 3215 3358 3443 2907 3044 2750 2963 3118 2662 3064 3165 3110
3076 3324 3204 3436 3358 3424 3037 3153 3261 2918 3152 3477 2957 3387 3407 3303 3729 3308 3557 3540 3288 2892 3310 3234 3519 2996 3290 3045 3167 3540 3014 3361 3381 3063 3190 2729 3494 3171 3503 2931 3434 3615 3152 3375 3248 3679 3206 3311 3359 3787 2848 3405 3455 3577 3163 2992 3118 3270 3070 3020 3231 3726 2838 3217 3084 3252 3492 3260 3515 3100 3070 3048 3355 3137 3158 2863 2985 3117 3815 3279 3200 3172 3064 3091 3431 3200 3375 3591 2974 3148 3176 3001 3412 2858 3203 3269 3174 3057 2821 3303 3029 3175 3387 3035 3249 3364 3119 3597 3287 3054 3114 3232 3435 3654 3044 3212 3151 3546 3455 3006 3348 3229 2964 3201 2896 3218 3111 3181
3255 2961 2920 3294 3158 3441 3053 3090 3364 3037 3205 3600 2682 3271 3419 3363 3446 3397 3508 3500 2899 2821 3126 3509 3065 3207 3027 2867 3034 3382 2981 3262 3623 3258 3114 2973 3424 3267 3172 2883 3463 3319 3043 3426 3283 3432 3133 3092 3261 3788 2943 3388 3456 3335 3256 3026 3254 3243 3145 3325 3368 3339 2702 3073 3218 2940 3719 3144 3410 2954 2967 2971 3141 2853 3125 3108 3001 3179 3639 3145 2938 2962 3226 3016 3485 3306 3480 3421 2949 3181 2865 2798 3131 3158 3081 3063 3029 3345 2997 3262 2839 3298 3509 3010 3102 3427 3236 3521 3069 3041 3350 3234 3409 3594 3036 3009 3059 3523 3327 2951 2896 2838 2925 3359 3054 3471 2992 3134
3146 3168 3241 3454 3170 3490 3254 3163 3344 3057 3079 3642 2630 3468 3451 3370 3502 3392 3368 3557 2960 2958 2988 3405 3319 3147 2889 2951 2997 3259 3185 3296 3435 3278 3359 2881 3595 3020 3388 2848 3430 3650 3111 3152 3149 3419 3295 3149 3464 3672 3080 3224 3216 3320 3164 3065 3158 3311 3060 3344 3268 3334 2570 3128 3302 3093 3554 3062 3529 3135 3018 3133 3237 2952 3078 3070 3094 3312 3708 3325 3257 3205 3084 3039 3455 3294 3326 3349 3013 3412 3101 2799 3361 2946 3049 2996 3100 2986 3104 2958 2976 3470 3334 3103 3233 3290 3263 3697 3126 2999 3263 3180 3071 3794 2858 3120 3338 3439 3307 2818 2939 3142 2815 3311 2947 3229 2920 3134
3338 3358 3265 3738 3305 3637 3158 3225 3344 3157 3359 3677 2979 3583 3515 3620 3648 3511 3517 3481 3406 3090 3383 3668 3476 3164 3301 3152 3136 3792 3200 3492 3671 3245 3286 2875 3682 3586 3732 3175 3383 3596 3258 3496 3267 3722 3357 3352 3558 3881 3542 3424 3562 3727 3483 3148 3680 3653 3286 3220 3447 3767 2983 3450 3426 3371 3629 3349 3627 3219 3188 3298 3229 3001 3434 3121 3115 3263 3869 3664 3332 3219 3121 3359 3586 3480 3606 3453 2898 3406 3267 3056 3450 3284 3131 3306 3230 3255 3177 3289 3055 3270 3618 3138 3119 3558 3230 3600 3217 3398 3467 3266 3512 4044 2821 3379 3502 3763 3574 3180 3070 3080 3223 3341 3221 3503 3139 3131
2861 3088 2868 3357 3106 3272 3067 3169 3260 2993 3169 3394 2703 3072 3178 3223 3559 3208 3195 3135 3061 2997 2844 2934 3216 2960 2884 2908 2825 3313 2732 3118 3173 3161 3088 2579 3555 2876 3291 2968 3262 3281 2953 3261 2926 3355 3057 3175 3149 3401 2967 3247 3246 3550 3142 2895 3196 3165 2968 2902 3311 3244 2740 2891 3251 2947 3508 2939 3273 2754 3039 2791 3174 2813 3094 2822 2980 3002 3413 3025 3068 2911 3128 2803 2968 3089 3141 3219 2883 3070 2709 2643 3369 3014 3065 3065 3027 3027 2769 2997 2829 3116 3195 2769 3130 3211 2852 3289 3032 2820 2831 3230 3323 3588 2848 2961 2796 3367 3471 2769 3008 2851 2873 3037 2628 3070 3115 3100
3077 3305 3103 3455 2980 3368 2976 3180 3305 3295 3116 3391 2685 3361 3340 3343 3356 3231 3241 3402 3048 2906 3034 3247 3151 3094 3063 2898 2824 3240 3006 3287 3276 3091 3361 2827 3693 3158 3473 2980 3320 3608 3134 3266 3152 3272 3163 2825 3253 3386 2871 3157 3315 3418 3242 3070 3246 3318 3118 3127 3134 3232 2715 2979 3101 3236 3542 3145 3399 3028 2958 3139 3255 2955 3082 2928 3082 3172 3675 3524 3059 3064 2876 2892 3305 3334 3101 3237 2718 3341 2985 2690 3149 3070 3059 3099 3307 3018 2798 3092 2780 3119 3440 2830 3152 3571 2986 3596 3146 2763 3096 3112 3344 3776 2827 3090 3174 3538 3348 3148 2985 2924 2798 3034 3032 3104 2962 3071
3154 2943 3104 3285 3138 3457 3100 2978 3212 3214 2949 3420 2804 3309 3284 3274 3395 3025 3243 3201 3013 2950 2963 3254 3289 2984 3073 2723 2855 3570 3010 3355 3218 3040 3235 2680 3368 3183 3559 2928 3474 3578 3092 3376 2955 3435 3147 3005 3501 3287 3237 3463 3196 3328 3242 3086 3284 3294 3046 3301 3340 3410 2747 3034 3325 3066 3651 3464 3393 2700 3023 3160 2934 3118 3066 2811 3205 3085 3681 3231 3094 3021 2818 2927 3314 3341 3363 3239 2961 3421 3134 2947 3216 3020 3195 3140 3077 3064 2896 3232 3105 3421 3135 3026 3163 3309 3052 3457 3164 2873 3141 3206 3253 3703 2887 3239 3297 3487 3512 2832 2897 3171 3005 2965 3122 3131 3172 3121
2964 2971 3005 3254 3251 3162 2910 2850 3301 3160 2932 3363 2816 3554 3180 3281 3444 2945 3247 3536 2838 2720 2867 3303 3142 3006 2675 2876 2791 3354 2674 3070 3081 3016 3032 2637 3129 3170 3320 2958 3233 3403 2979 3055 3186 3195 2978 2881 3297 3597 2877 3212 3050 3249 3112 3058 3058 3205 2981 3143 3291 3594 2654 2954 3373 2838 3364 2972 3318 2762 2968 2964 2937 3035 2928 2926 3061 3154 3515 3004 2932 2839 2696 2681 3155 3175 3239 3248 2834 3086 2817 2818 3155 3011 2672 3096 3168 3009 2881 3203 2887 3078 3370 2727 3087 3120 2919 3218 3019 2835 3362 3024 3020 3368 2967 3051 3097 3202 3434 2591 3017 3140 2693 2999 3022 3181 2980 2910
3040 3052 3144 3095 3101 3386 2762 2710 3055 2907 3028 3191 2764 3116 3068 3313 3396 3001 3033 3106 2966 2862 2800 3104 2947 2879 2816 2690 2666 3283 2656 3131 2950 3052 3117 2596 3175 2997 3253 2808 3347 3329 3058 3077 3020 3307 3016 2802 3245 3490 2849 3169 3197 3236 3035 3060 3105 2935 2809 2804 3135 3244 2580 2887 3179 2763 3332 2986 3378 2647 2841 3043 2900 2716 3036 2618 2992 3124 3675 3039 2860 2932 2735 2615 2980 3037 3163 3225 2569 3138 2699 2802 2979 2842 3038 2832 3100 3007 2658 3113 2754 2918 3252 2799 2993 3208 3065 3272 2898 2906 3146 3119 3075 3286 2839 2855 3048 3258 3461 2771 2863 2860 2782 2871 2868 2966 2952 2754
3165 3205 2824 3563 3073 3435 3036 3061 3134 3229 3079 3592 2861 3273 3243 3468 3551 3212 3245 3305 3517 2926 3227 3373 3179 3076 2870 3102 2971 3722 2877 3388 3277 3128 3068 3052 3334 3030 3364 3105 3353 3423 3074 3216 3033 3340 3003 3290 3520 3631 3035 3126 3446 3483 3158 2999 3387 3349 3171 3102 3500 3519 2902 2974 3181 3050 3564 3285 3496 3031 3037 2959 3064 2844 3021 2691 3014 2902 3469 3240 3331 3009 2940 3224 3129 3262 3226 3455 2871 3067 3108 2845 3251 3029 2824 3317 3037 2970 2827 3186 2516 3155 3413 3047 2819 3056 3141 3454 3188 2908 3332 3067 3319 3601 2994 3085 3216 3527 3287 2907 2850 3048 2828 3014 2915 3320 2927 3156
2980 3242 2867 3329 2980 3474 2963 3029 3109 2893 3023 3195 2841 3207 3192 3353 3372 2905 3197 3288 2944 2939 2892 3059 3146 2822 2940 2936 2905 3424 2722 3216 3215 3179 3176 2605 3065 2938 3167 2663 3343 3471 3117 3196 2878 3360 2951 2813 3434 3380 2937 3493 3232 3451 3133 2752 3301 3161 3135 3207 3250 3478 2884 2930 3234 2995 3288 3142 3558 2909 3031 2928 3024 2665 3068 3006 3115 2939 3471 2962 2866 3028 3001 2952 3193 3024 3083 3349 2890 3199 2698 2860 3085 2821 3021 2931 2962 3131 2679 3182 2891 3286 3324 2776 2967 3098 2873 3100 2945 2821 3102 3235 3284 3502 2630 2962 2962 3365 3276 2818 2761 2817 2903 3129 2838 3077 3154 2986
3637 3534 3381 3686 3357 3592 3347 3098 3619 3371 3409 3890 3044 3512 3775 3573 3966 3587 3950 3780 3349 3232 3320 3652 3603 3339 3197 3275 3186 3645 3281 3514 3558 3398 3423 3076 3908 3435 3769 3391 3639 3871 3355 3548 3637 3822 3457 3442 3725 3822 3361 3476 3664 3666 3578 3234 3609 3555 3347 3387 3556 3563 2904 3310 3589 3322 3971 3467 3861 3272 3404 3196 3316 3172 3465 3305 3267 3678 3952 3501 3345 3392 3324 3231 3657 3591 3626 3602 3208 3411 3241 3167 3721 3117 3099 3426 3435 3290 3146 3423 3151 3465 3846 3311 3530 3629 3394 3933 3307 3504 3445 3521 3776 4077 3047 3532 3482 3787 3487 2886 3285 3048 3337 3290 3298 3612 3323 3311
3009 3231 3064 3509 3142 3418 3024 2965 3221 3032 2911 3453 2731 3229 3410 3454 3517 3014 3316 3324 3198 2853 3098 3334 3230 2947 2932 2908 2914 3507 2852 3125 3203 3335 3077 2611 3601 3124 3472 3103 3395 3528 2999 3150 2964 3518 3306 3223 3261 3685 2870 3158 3398 3177 3016 2945 3266 3071 3251 3182 3259 3507 2926 2944 3256 3129 3362 3074 3379 2962 3019 3220 3091 2846 3176 2718 3111 3041 3544 3215 2996 3057 2925 2973 3278 3163 3092 3005 2713 3080 2838 2900 3151 3037 3017 3026 3239 3049 2991 3053 2677 3220 3350 2888 3034 3219 2984 3310 3199 3059 3168 3319 3293 3333 2781 3068 3069 3344 3156 2943 2967 2769 2671 2979 2932 2902 3072 2983
2718 3005 2754 2947 2886 3142 2739 2703 2765 2923 2707 3183 2570 2994 2786 3115 3206 2660 3136 2864 2724 2660 2842 2936 2896 2601 2693 2484 2472 2944 2761 2873 2936 2923 2975 2546 3241 2619 3125 2729 2909 3131 2706 2951 2812 3110 3116 2695 2941 3087 2557 2949 2838 3071 3079 2584 2777 3056 2907 2827 2906 2785 2401 2621 2899 2875 3375 2920 2914 2722 2758 2901 2664 2751 2758 2467 2810 2901 3057 2836 2880 2681 2782 2725 2966 2770 2900 2949 2744 2935 2821 2477 3056 2716 2820 3160 2837 2641 2703 2718 2654 2928 2965 2799 2875 3003 2789 3051 2688 2509 2644 2826 3151 3258 2557 2814 2824 2980 3185 2568 2501 2758 2891 2547 2694 2967 2824 2893
3169 2998 2975 3433 3114 3329 2983 2994 3237 3042 2918 3317 2578 3155 3124 3318 3418 3119 3121 3247 3073 2956 2988 3193 3268 3194 2835 2901 2762 3120 2893 3072 3258 3128 3123 2764 3508 2973 3354 3117 3173 3530 2996 3041 3133 3147 3084 2918 3088 3520 3025 3036 3314 3324 3082 2907 3175 3028 2979 2901 3079 3293 2649 2998 3004 2942 3323 2884 3348 3031 2873 2783 2974 2821 3102 2780 2968 3022 3514 3148 2913 2936 2824 2998 2940 2947 3244 3164 2832 3021 2789 2656 3241 2779 2888 2953 3235 3002 2882 3155 2445 2941 3305 2833 2968 3122 3101 3331 2917 2769 3324 3069 3168 3384 2872 3174 2990 3441 3054 2539 2901 2584 2798 3235 2742 3330 2993 2875
3439 3559 2962 3636 3474 3508 2970 3275 3319 3152 3295 3455 2905 3474 3598 3400 3780 3321 3618 3261 3405 3120 3214 3342 3323 3200 3190 3182 3139 3708 3021 3294 3346 3305 3284 2878 3610 3358 3437 3077 3447 3492 3071 3198 3320 3650 3333 3259 3442 3641 3159 3189 3223 3590 3229 3085 3610 3064 3300 3314 3422 3277 2841 3226 3311 3245 3738 3319 3487 3021 2956 3302 3263 3020 3274 3164 3131 3399 3631 3400 3293 3215 3119 3155 3638 3306 3147 3339 3023 3362 3083 3089 3402 2953 3207 3234 3274 3035 2867 3239 3044 3355 3337 3043 3132 3321 2933 3594 3175 3147 3086 3286 3544 3883 2854 3170 3303 3776 3461 2916 3117 3188 3099 3043 3061 3231 3155 3238
3042 3146 3074 3199 3338 3218 3097 3034 3093 3316 2983 3461 2797 3281 2984 3216 3413 3334 3228 3422 2975 2945 2954 3175 3143 2871 3097 2731 2837 3376 2749 3253 3086 3099 3244 2641 3212 3203 3196 2954 3277 3268 3199 3170 3197 3276 2839 3185 3356 3662 2963 3069 3341 3287 3206 3037 3187 3169 3174 3023 3244 3322 2798 2740 3103 3042 3499 3033 3234 2673 2689 3144 3192 3063 3042 2738 3087 3276 3585 3038 2766 2564 3165 2771 3223 3152 3259 3225 2941 3065 2813 2748 3242 3016 3118 3136 3052 2866 2773 3336 2807 3092 3272 2763 3117 3347 2813 3171 2871 2882 3185 3153 3267 3525 2920 3082 3339 3413 3578 2853 3049 3001 3144 3029 2860 3145 2842 3026
3340 3228 3085 3539 3236 3468 3197 3292 3626 3181 3028 3672 2899 3446 3213 3346 3600 3203 3550 3585 3275 3105 3171 3512 3257 3068 2917 3075 3023 3569 3066 3275 3343 3118 3565 2836 3755 3139 3478 2922 3298 3432 3140 3476 3297 3617 3434 3334 3450 3777 3313 3170 3287 3216 3276 3283 3291 3377 3223 3199 3256 3541 2599 3023 3459 3239 3641 3221 3510 3019 3054 3198 3147 3121 3170 3030 2957 3450 3772 3453 3139 3103 3039 2936 3356 3476 3259 3413 2940 3307 2923 2982 3327 3020 3102 3320 3186 3157 2775 3195 2950 3210 3417 3122 3284 3354 2966 3637 3279 3079 3329 3364 3489 3581 2815 3392 3195 3473 3331 2875 3027 3060 2772 3355 3070 3274 3273 2905
3322 3110 3120 3573 3269 3824 3219 3495 3469 3386 3178 3639 3032 3437 3366 3560 3511 3468 3420 3453 3300 3077 3215 3453 3093 2979 3173 3073 3241 3867 3107 3429 3540 3318 3079 2840 3556 3308 3457 3114 3524 3466 3123 3522 3246 3950 3306 3263 3535 3868 3343 3692 3285 3442 3463 3191 3542 3136 3353 3202 3448 3748 2969 3046 3225 3222 3713 3302 3582 2941 3166 3241 3133 3087 3254 3109 3077 3317 3935 3279 3049 3208 3129 3109 3383 3204 3172 3596 3042 3291 3061 3161 3526 3184 3083 3355 3351 3155 2897 3267 3076 3462 3470 3155 3207 3354 3000 3526 3306 3157 3357 3295 3630 3923 2847 3290 3375 3726 3580 2930 3233 3294 3083 3170 3039 3169 3205 3295
3020 3348 2990 3494 3414 3586 3241 3458 3401 3032 3218 3725 2909 3344 3138 3268 3510 3290 3431 3460 3297 3111 3062 3185 3308 3148 2882 3113 2987 3626 3045 3303 3358 3172 3249 3028 3536 3104 3324 3003 3484 3599 3116 3164 2962 3545 3143 3216 3299 3864 3114 3254 3626 3655 3174 2853 3233 3394 3070 3166 3404 3404 2840 3002 3313 3120 3547 3226 3301 3063 2911 2959 3426 3175 3077 3056 3216 3174 3738 3351 3230 3053 3080 3082 3289 3321 3249 3377 2880 3348 2898 2738 3188 3198 2997 3070 3113 3068 2833 3100 2756 3308 3356 2868 3141 3352 3203 3579 3201 2778 3123 3182 3360 3691 3042 3173 3229 3414 3437 2852 2968 3011 2881 3302 2845 3343 3184 3153
3316 3487 3334 3548 3193 3457 3221 2980 3502 3302 3250 3643 2725 3431 3431 3372 3563 3299 3366 3601 3396 3065 3152 3491 3547 3203 3155 3170 3151 3558 3159 3551 3404 3190 3397 2978 3599 3218 3622 3136 3717 3610 3256 3338 3285 3587 3333 2927 3506 4002 3222 3435 3338 3400 3393 3092 3228 3324 3067 2899 3270 3567 2635 3164 3362 3221 3415 3203 3597 3236 3120 3283 3137 3153 3201 2916 3161 3334 3826 3460 3229 3227 3068 3107 3254 3223 3394 3407 2979 3533 3294 2878 3278 2997 3248 3279 3151 3256 2963 3336 3005 3349 3421 3133 3307 3386 3417 3657 3064 3030 3319 3248 3367 3736 2872 3443 3179 3790 3460 2976 2835 3045 2902 3297 2901 3470 3064 3020
3308 3319 3167 3455 3271 3603 2949 3345 3342 3414 3167 3762 2823 3476 3362 3197 3563 3490 3503 3499 3491 3145 3229 3451 3247 3027 3110 3077 3178 3527 3163 3407 3559 3436 3197 3007 3526 3111 3522 3068 3654 3670 3453 3381 3209 3704 3130 3242 3647 3680 3099 3483 3404 3729 3334 3069 3269 3522 3193 3290 3442 3426 2828 3016 3291 3217 3526 3510 3445 3192 3089 3200 3268 3011 3100 3183 3355 3276 4011 3433 3148 3087 3086 3052 3587 3355 3304 3481 2906 3364 3027 2985 3388 3138 3079 3306 3118 3085 2869 3271 3127 3318 3455 3025 3260 3525 3235 3497 3132 3065 3214 3375 3454 3807 2902 3235 3426 3570 3382 2847 3092 3124 3229 3219 3083 3350 3234 3156
2960 2935 2820 3128 3196 3036 2950 2934 3102 2883 2780 3361 2438 3373 3020 3053 3237 2958 3298 3214 2994 2705 2890 3210 3140 2674 2702 2830 2747 3287 2993 3082 3164 3010 3097 2651 3427 2926 3269 2834 3250 3103 2968 3208 2955 3243 2898 2890 3042 3520 2777 3119 3132 3064 2996 2659 2995 3231 2827 3017 3068 3094 2626 2739 3140 2865 3220 2852 3261 2878 2816 2966 3031 2756 2937 2866 2836 3087 3502 2927 2987 2902 2791 2810 3163 3072 3084 3049 2842 2958 2726 2727 3207 2831 2895 2902 2705 2945 2833 2986 2864 3299 3301 2799 3019 3266 2786 3267 2899 2682 3216 2991 3070 3379 2741 2955 2907 3375 3107 2720 2774 2864 2581 2973 2789 3323 2714 2880
3298 3470 3069 3528 3423 3753 3055 3283 3647 3294 2981 3772 2858 3506 3439 3337 3857 3238 3541 3445 3152 2972 3294 3510 3441 3141 3014 2871 3239 3510 3105 3408 3367 3249 3479 2720 3642 3097 3495 3090 3610 3668 3295 3254 3291 3597 3296 3132 3441 3693 3154 3311 3317 3658 3429 3071 3168 3437 3241 3307 3587 3491 2864 3097 3330 3135 3475 3115 3564 3186 3003 3005 3200 3057 3131 3058 3195 3296 3728 3297 3231 3171 3094 3085 3348 3447 3299 3369 3012 3278 3242 2852 3466 3063 3156 3269 3327 3144 3006 3257 3088 3187 3603 2954 3282 3558 3310 3514 3250 3090 3321 3293 3590 3572 3114 3303 3170 3300 3433 2843 3015 2912 3133 3246 2958 3381 3344 3392
3282 3315 3273 3556 3437 3751 3147 3054 3573 3344 3232 3825 2833 3441 3612 3574 3790 3525 3521 3422 3230 3058 3185 3459 3336 3106 3127 3157 3175 3783 3039 3315 3392 3223 3405 3007 3794 3363 3659 2963 3535 3611 3029 3424 3557 3627 3293 3395 3713 3629 3292 3751 3680 3323 3285 3177 3238 3278 3195 3385 3508 3636 3107 3166 3250 2967 3661 3309 3577 3142 3195 3138 3206 3101 3208 3104 3407 3398 3958 3449 3044 3280 3151 3179 3253 3154 3267 3459 3085 3373 3009 3119 3468 3157 3084 3264 3339 3176 3055 3679 2960 3540 3637 3302 3324 3299 3163 3753 3037 3381 3219 3461 3502 3480 2922 3453 3074 3907 3455 2865 3113 3185 3191 3413 3029 3426 3143 3359
3265 3495 3091 3517 3369 3603 3338 3107 3570 3122 3332 3872 2863 3647 3330 3516 3717 3319 3648 3673 3468 3096 3383 3510 3456 3482 3059 3038 3027 3384 3167 3421 3463 3339 3251 2893 3749 3297 3552 3147 3544 3635 3313 3558 3168 3507 3296 3329 3543 3904 3239 3382 3523 3651 3515 2979 3300 3531 3169 3303 3484 3257 2905 3129 3551 3257 3621 3089 3643 3122 3277 3365 3411 3249 3371 2997 3448 3397 3953 3254 3306 3320 3246 3075 3450 3396 3569 3502 3019 3487 3263 2986 3485 3103 3234 3275 3290 3173 3040 3186 3198 3506 3642 3215 3211 3366 3247 3828 3317 3240 3277 3225 3454 3781 3015 3306 3356 3673 3614 3020 2922 3146 3023 3271 3120 3554 3019 3265
3256 3638 3448 3666 3482 3636 3237 3356 3620 3389 3121 3872 2868 3573 3676 3592 3911 3543 3457 3757 3215 3152 3503 3645 3384 3330 3147 3256 3028 3706 3103 3462 3282 3449 3589 2841 3940 3539 3936 3385 3427 3945 3435 3471 3340 3632 3546 3448 3647 3880 3162 3440 3578 3629 3404 3370 3433 3319 3529 3344 3395 3797 3106 3232 3350 3257 3905 3325 3644 3119 3437 3241 3317 3170 3328 3074 3233 3498 3793 3380 3233 3205 3284 3196 3529 3577 3331 3483 3129 3571 3094 2981 3436 3314 3219 3463 3343 3245 3206 3244 3125 3427 3589 3256 3512 3582 3273 3652 3369 3227 3626 3568 3618 3704 3154 3324 3534 3733 3533 3125 3351 3199 3080 3343 3022 3328 3262 3412
3009 2770 2817 3086 2707 2862 2696 2868 3083 2581 2795 3111 2545 2822 2639 2839 3158 2903 2755 3304 2751 2590 2782 2923 2938 2556 2486 2640 2545 3119 2701 2771 2855 2755 3060 2535 3164 2710 3059 2548 3146 3056 2775 2782 2764 3032 2778 2730 2840 3214 2511 2840 3106 3064 2684 2516 2843 2929 2634 2806 2889 2927 2348 2645 2663 2652 3212 2690 3271 2508 2617 2684 2603 2539 2608 2547 2951 2586 3218 3060 2805 2742 2845 2687 2908 2752 2770 2911 2523 2851 2654 2704 3036 2544 2907 2809 2835 2699 2472 2626 2616 2860 3108 2604 2872 2830 2709 3311 2599 2383 2767 2876 2943 3233 2857 3024 2720 3230 3229 2603 2643 2554 2449 2701 2606 3057 2932 2931
3093 3382 3222 3475 3369 3542 3211 3381 3395 3434 3279 3758 3002 3427 3418 3446 3679 3446 3540 3555 3227 3077 3153 3494 3430 3328 3027 3093 3096 3714 3014 3309 3539 3268 3290 2866 3642 3185 3509 3187 3508 3581 3201 3492 3294 3551 3234 3219 3634 3831 3011 3427 3229 3749 3420 3037 3304 3477 3445 3473 3649 3636 3071 3094 3439 3241 3782 3299 3415 3222 3019 3223 3367 3168 3267 3173 3277 3338 3729 3135 3118 3229 3221 3212 3335 3287 3328 3421 3086 3401 3197 2790 3461 3284 3154 3310 3208 3132 3142 3247 2959 3452 3373 3075 3228 3324 3178 3437 3176 3034 3329 3352 3550 3658 2953 3328 3373 3648 3756 2937 3046 3280 3200 3294 3153 3408 3128 3227
3193 3355 3000 3495 3194 3545 2985 2960 3552 3249 3104 3577 3024 3483 3284 3502 3691 3146 3547 3324 3344 2989 3308 3443 3557 3093 2902 3074 3048 3734 3001 3537 3411 3210 3275 2971 3576 3301 3511 3051 3484 3545 3355 3361 3460 3534 3130 3140 3689 3716 3175 3461 3258 3636 3313 2932 3509 3514 3200 3403 3285 3692 3175 3254 3308 3255 3611 3307 3595 3130 3072 3338 3139 2868 3099 2967 3263 3003 3751 3410 3222 3173 3198 3062 3286 3379 3434 3524 3067 3297 3007 2861 3533 3019 2930 3137 3107 3186 3027 3479 2845 3426 3246 2928 3098 3279 3135 3482 3149 3065 3415 3337 3661 3695 2944 3445 3097 3498 3382 2920 3000 3048 3067 3270 3106 3284 3266 3439
3105 3299 2955 3173 2869 3234 2786 2952 3222 3180 2962 3431 2588 3148 3180 3116 3249 2994 3355 3230 2963 2903 2884 3208 3219 2932 2843 2852 3055 3298 2670 3109 3201 3250 3308 2773 3276 3118 3319 2853 3142 3365 3202 3094 3107 3250 2894 2964 3328 3574 2883 3166 3122 3334 3108 2786 2769 3144 3070 2992 3106 3059 2806 2735 2959 3049 3524 2977 3276 2833 2741 2919 2836 2752 3093 2675 3092 3149 3479 3178 2923 2869 3047 2829 3096 3167 3449 3012 2863 2981 2807 2923 3369 2855 2953 2971 2993 2934 2818 3026 2690 2959 3224 2954 3064 3342 2893 3177 2665 2900 2992 3121 3170 3722 2733 3024 3063 3188 3264 2564 3078 2877 2885 2974 2775 3045 3049 3032
3684 3542 3483 3720 3398 3755 3356 3306 3582 3537 3651 3829 3031 3788 3737 3690 3859 3624 3702 3728 3349 3449 3235 3509 3462 3524 3186 3180 3140 3854 3325 3598 3666 3584 3726 3136 4339 3445 3941 3284 3614 3873 3280 3610 3679 3758 3616 3523 3821 3711 3259 3515 3634 3861 3609 3471 3559 3416 3398 3448 3622 3492 3009 3406 3471 3371 3975 3626 3820 3392 3451 3613 3117 3083 3458 3192 3383 3502 3947 3593 3345 3423 3493 3067 3478 3498 3400 3512 3014 3635 3335 3110 3571 3359 3412 3369 3316 3288 3233 3279 3320 3498 3612 3128 3625 3714 3517 3993 3298 3294 3516 3674 3724 4172 3205 3676 3690 3998 3909 3106 3353 3350 3300 3398 3088 3373 3449 3432
3283 3132 2978 3378 3289 3395 2942 3133 3239 3061 3169 3454 2879 3274 3219 3139 3548 3222 3063 3293 3181 3007 3159 3332 3130 2825 3028 2963 3041 3465 2862 3176 3119 2970 3106 2725 3406 3097 3510 2903 3373 3463 3100 3412 2972 3394 2996 3298 3460 3618 2771 3307 3059 3606 3273 3101 3106 3272 3366 2990 3255 3532 2807 2996 3115 3040 3462 3130 3267 2949 2898 2940 3013 2866 3075 2929 2950 3039 3409 3218 3025 2969 2989 3109 3282 3251 3211 3366 2812 3238 2808 2699 3195 3029 3015 2974 3081 3124 2859 3095 2708 3368 3302 2714 3185 3372 2999 3451 3120 2923 3301 3419 3489 3672 2826 3146 3118 3648 3586 2916 3073 2832 3083 2786 2935 3240 3161 3234
3392 3481 3257 3615 3500 3530 3077 3340 3621 3410 3189 3971 3011 3688 3271 3511 3693 3472 3517 3587 3420 3308 3343 3696 3328 3268 2932 3234 3070 3802 3186 3558 3422 3317 3378 3076 3848 3452 3609 3354 3532 3696 3531 3564 3479 3801 3334 3377 3579 3878 3348 3283 3349 3702 3531 3405 3397 3565 3293 3147 3588 3513 2996 3261 3374 3253 3852 3246 3733 3181 3242 3187 3307 3159 3364 3177 2999 3397 3860 3601 3336 3323 3299 3179 3477 3467 3494 3479 3081 3462 3263 3115 3628 3260 3257 3259 3389 3055 3022 3451 3075 3418 3606 3259 3465 3382 3154 3827 3052 3320 3761 3473 3696 3986 2936 3477 3437 3898 3786 2966 3346 3206 3041 3603 2896 3519 3215 3324
3251 3266 3315 3525 3371 3509 3041 3250 3362 3150 3250 3532 2723 3494 3427 3462 3687 3301 3640 3416 3086 3112 3115 3552 3296 3253 3055 2959 3042 3641 3248 3271 3557 3501 3312 2833 3576 3297 3612 3037 3449 3584 3231 3576 3269 3620 3336 3108 3437 3699 3228 3466 3313 3388 3314 2974 3450 3308 3313 3251 3238 3431 3011 3106 3298 3155 3666 3059 3441 3018 3205 3148 2946 2851 3283 2896 3133 3336 3714 3159 3087 3104 2995 3098 3489 3324 3258 3504 2935 3471 3151 3099 3371 3308 3181 3268 3180 3257 3208 3261 3053 3333 3486 3306 3411 3279 3249 3514 3202 3187 3261 3385 3595 3832 2937 3337 3295 3496 3354 3057 3043 3147 3117 3168 3102 3362 3012 3308
2850 3271 2855 3109 3148 3359 2945 2945 3184 3044 2729 3468 2637 3134 2963 3160 3453 2998 3334 3156 2949 2933 2872 3309 3221 2896 2751 2818 2704 3269 3031 2988 2902 2788 2867 2754 3413 2823 3438 2829 3240 3327 3154 3080 3002 3199 3044 2973 3288 3581 2764 3117 3132 3391 3256 2749 2935 3181 2849 2877 3080 3146 2552 2804 3226 2887 3255 2985 3261 2705 2877 2752 2894 2855 3120 2685 2800 2844 3431 2894 2885 2799 2885 2793 3047 3168 3071 3121 2931 3115 2809 2466 3332 2688 2796 3032 2930 2960 2646 2737 2703 3150 3009 2731 3102 3276 2916 3402 2940 2742 3069 3083 3081 3315 2578 3016 2999 3331 3372 2580 2644 2631 2805 2849 2796 3168 2923 3045
3105 3382 3258 3528 3321 3332 3137 3129 3360 3401 3209 3655 2829 3345 3289 3547 3430 3388 3477 3767 3341 3055 3154 3363 3178 3216 3081 2945 3188 3501 2986 3368 3392 3244 3115 2943 3436 3190 3254 2858 3529 3394 3428 3473 3150 3483 3112 3179 3497 3653 3074 3447 3433 3403 3198 3167 3433 3455 3226 2925 3327 3571 2834 2870 3224 3109 3620 3097 3455 2856 3092 3089 3243 2960 3404 2964 3083 3227 3689 3344 3166 3018 3253 2999 3338 3342 3334 3480 2996 3341 2873 2929 3449 2913 3297 3146 3444 3221 2962 3354 2764 3149 3402 3023 3290 3544 3214 3494 3096 3130 3354 3301 3481 3710 2900 3030 3157 3665 3467 2908 3052 2970 3043 3146 2939 3325 3083 3253
3229 3354 3273 3338 3397 3553 3177 3251 3258 3303 3206 3482 2780 3491 3503 3318 3761 3239 3460 3589 3181 3075 3170 3450 3332 3025 3096 3126 3090 3627 2968 3370 3161 3255 3246 2760 3418 3388 3294 3189 3655 3652 3273 3250 3259 3629 3082 2936 3525 3899 3186 3564 3416 3707 3387 3008 3433 3311 3338 3339 3452 3599 3086 3098 3433 2978 3815 3254 3451 3130 2853 3132 3026 3050 3290 3050 3062 3257 3843 3137 3325 3177 3033 3116 3402 3598 3584 3386 3033 3395 3016 2980 3503 3228 3151 3052 3227 3313 2874 3289 3071 3506 3469 3132 3174 3443 3252 3500 3161 3101 3435 3183 3403 3812 2978 3080 3369 3403 3574 3011 3007 3180 2963 3307 3160 3361 3196 3079
3226 3114 3095 3115 3350 3422 3113 3151 3335 3365 3091 3564 2804 3425 3346 3347 3497 3255 3544 3626 3039 3156 2957 3118 3255 2988 2795 2842 2849 3397 2820 3200 3301 3185 3093 2889 3499 3157 3552 2871 3456 3645 3182 3327 3283 3281 3270 3098 3510 3579 2666 3309 3451 3424 3199 3031 3011 3257 3386 3178 3526 3116 2739 3095 3116 2949 3695 3085 3366 3109 2894 3163 3062 3030 3142 2980 3170 3325 3594 3114 3062 2994 3032 2850 3304 3169 3191 3186 2990 3251 2936 2734 3431 3099 2867 3434 3013 2996 2811 3295 2997 3188 3427 2991 3511 3359 3076 3616 2886 2978 3306 3208 3325 3591 2952 3164 3235 3515 3498 2746 3101 2886 3074 3153 3065 3429 2841 2965
3513 3318 3361 3419 3083 3619 3141 3237 3385 3304 3515 3888 3133 3555 3558 3565 3927 3421 3523 3522 3336 3119 3217 3456 3459 3134 3191 3197 2990 3727 3135 3595 3379 3388 3304 3021 3623 3356 3569 3304 3623 3521 3408 3559 3526 3677 3365 3285 3788 3945 3277 3526 3606 3844 3323 3115 3385 3446 3285 3557 3423 3709 3010 3187 3368 3318 3812 3207 3689 3206 3302 3192 3287 2800 3295 3055 3278 3207 3922 3367 3246 3407 3183 3124 3209 3136 3276 3487 2891 3383 3107 3061 3582 3128 3145 3434 3251 3548 2969 3632 2683 3370 3788 3106 3152 3340 3167 3697 3391 3016 3267 3217 3734 3736 3170 3452 3387 3786 3672 3080 3004 3028 3245 3188 3349 3339 3188 3480
3342 3336 3253 3666 3211 3613 3455 3259 3503 3314 3368 3523 2923 3423 3549 3443 3628 3262 3719 3743 3139 3083 3189 3405 3556 3097 3192 3121 2976 3623 3005 3343 3472 3336 3312 2799 3719 3392 3635 3086 3505 3767 3258 3332 3220 3735 3344 3025 3505 3949 2868 3838 3400 3641 3408 3045 3633 3446 3233 3201 3660 3630 3065 3235 3332 3160 3696 3362 3813 3246 3258 3323 3216 3075 3328 3161 3324 3213 3877 3253 3146 3024 3349 3120 3460 3276 3357 3419 2973 3461 3039 2774 3491 3281 3141 3394 3174 3347 2984 3252 3151 3482 3575 3249 3259 3409 3311 3690 3367 3090 3374 3252 3444 3893 3139 3412 3399 3741 3562 3090 2982 3236 3087 3356 3101 3607 3117 3262
3139 3172 3059 3480 3064 3409 3171 3070 3125 3145 3191 3453 2655 3224 3228 3216 3532 3132 3284 3440 2957 2996 3007 3448 3151 2811 3166 2921 2821 3585 2857 3000 3246 3154 3234 2793 3464 3112 3356 2938 3363 3391 3184 3251 2883 3587 3074 3267 3489 3637 2963 3373 3292 3451 3308 3087 3289 3382 3314 3279 3449 3500 3041 2925 3344 3010 3677 3140 3526 3145 2991 2990 3070 2913 3049 2993 2896 3100 3612 3302 3077 2985 3205 2777 3375 3298 3271 3309 2750 3219 2931 2721 3232 3092 3082 3217 3179 2945 2865 3026 2904 3407 3450 2965 3067 3218 3300 3486 3229 2987 3102 3346 3286 3682 2975 3074 3261 3453 3402 2920 2942 3083 2892 3204 2849 3184 2988 3109
3762 3739 3574 3960 3602 3851 3525 3638 3842 3652 3545 4149 3297 3602 3723 3815 3928 3815 4038 3868 3559 3392 3647 3972 3727 3574 3305 3454 3165 4000 3532 3704 3462 3746 3728 3318 4065 3639 3894 3530 4089 4140 3479 3818 3744 3973 3566 3621 3916 4314 3452 3658 3700 3730 3607 3469 3848 3615 3596 3659 3669 3853 3133 3372 3765 3642 4169 3595 3975 3411 3573 3418 3673 3402 3479 3185 3805 3640 4156 3608 3506 3468 3543 3284 3946 3816 3675 3811 3311 3573 3388 3254 4068 3382 3535 3674 3617 3293 3440 3557 3218 3610 3902 3636 3535 3812 3647 3961 3674 3476 3602 3734 3904 4059 3182 3502 3723 3932 3795 3357 3528 3427 3366 3580 3190 3607 3302 3545
3332 3437 3337 3480 3429 3681 3373 3179 3368 3455 3194 3878 2941 3622 3468 3675 3625 3399 3581 3648 3534 3248 3320 3513 3629 3183 3059 3265 3193 3825 3258 3798 3427 3399 3273 3379 3792 3206 3493 3044 3563 3614 3326 3493 3311 3724 3545 3335 3759 4038 3078 3481 3730 3521 3444 3246 3395 3556 3332 3359 3381 3710 2673 3328 3552 3417 3856 3699 3561 3348 3197 3325 3279 3098 3333 3180 3250 3159 3883 3418 3337 3147 3168 3267 3540 3606 3373 3574 3015 3546 3307 3104 3406 3063 3232 3480 3326 3377 3118 3281 3017 3469 3313 3148 3594 3631 3318 3764 3323 2916 3439 3370 3518 3951 3085 3428 3332 3655 3516 3116 3244 3130 3274 3294 3175 3482 3291 3310
3379 3293 3164 3465 3327 3437 3115 3116 3372 3347 3256 3659 2846 3459 3651 3611 3713 3268 3558 3450 3356 3120 3260 3475 3349 3078 3096 2967 3131 3594 3032 3319 3456 3267 3127 2940 3691 3435 3663 3079 3431 3449 3331 3507 3393 3450 3408 3413 3506 3784 3214 3395 3384 3636 3384 3092 3318 3361 3296 3275 3505 3629 2948 3058 3391 2973 3646 3272 3609 3017 3062 3186 3045 3132 3322 3103 3211 3098 3832 3228 2900 3227 3094 3087 3436 3272 3474 3493 2937 3378 3099 3088 3563 3024 3171 3389 3227 3282 2856 3372 2978 3323 3638 3054 3156 3475 3153 3556 3206 3310 3201 3301 3581 3803 2932 3299 3314 3686 3455 2864 3278 2973 3149 3158 3174 3470 3320 3342
2886 2913 2930 3331 2963 3059 2957 3234 3179 3013 2994 3400 2629 3111 3179 3082 3348 3310 2988 3390 3026 2907 3003 3179 3050 2864 2730 2951 2850 3169 2804 3149 3142 3240 2977 2606 3113 2854 3157 3058 3478 3416 2965 2907 2994 3303 2908 2797 3167 3475 2813 2996 3077 3480 3050 2679 2915 3147 2880 2865 3102 3361 2597 2731 2954 3168 3231 2966 3282 2824 2804 2872 2930 2746 2850 2844 3033 3089 3572 3244 2973 2960 2902 2753 3161 3079 2917 3089 2793 2961 2631 2579 3338 2974 2887 2843 3059 2850 2809 3088 2784 3065 3158 2654 3053 3279 2866 3132 2941 2740 3099 3165 2951 3653 2896 2933 3005 3482 3263 2736 3096 2876 2779 2857 2953 3026 2964 2888
3515 3469 3328 3548 3422 3644 3310 3235 3490 3352 3239 3633 3000 3604 3394 3575 3793 3466 3635 3646 3271 3486 3043 3087 3372 3230 3079 3170 3014 3568 2910 3571 3446 3391 3442 2783 3828 3396 3760 3401 3806 3960 3209 3475 3281 3558 3346 3039 3709 3945 3341 3469 3621 3688 3360 3346 3499 3489 3257 3247 3711 3494 3093 3216 3568 3004 3736 3294 3569 3273 3081 3293 3448 3241 3391 3078 3246 3452 3915 3320 3429 3163 3121 2964 3383 3446 3697 3437 2937 3582 3167 2753 3380 3163 3156 3131 3405 3401 3052 3372 3029 3419 3609 3203 3492 3648 3137 3824 3160 3132 3606 3330 3470 3975 3177 3313 3353 3602 3751 3040 3224 3081 3213 3374 2874 3454 3223 3137
3164 3136 3008 3501 3072 3459 3098 3035 3310 3108 3060 3401 2725 3434 3386 3220 3673 3189 3419 3327 3095 2754 2983 3194 3217 3146 3000 3060 3043 3405 2906 3228 3341 3314 3173 2738 3563 3006 3324 3004 3456 3631 2975 2927 3265 3477 3136 3066 3333 3631 2861 3243 3178 3606 3019 2943 3214 3152 3331 3138 3366 3384 2570 2940 3133 3180 3593 3213 3393 3067 2956 3136 3080 2948 3085 3071 3211 3262 3527 3186 3079 3081 3215 2994 3270 3136 3189 3124 2899 3278 2979 2883 3149 2985 3026 3134 3086 2931 2685 3061 3021 3176 3293 2858 3066 3260 3190 3447 3149 2910 3037 3236 3463 3674 3102 3125 3237 3267 3351 2771 3064 2894 3119 3108 2847 3104 3223 3345
3242 3258 2845 3390 2920 3557 3316 3348 3197 3035 3241 3718 2970 3507 3421 3476 3461 3186 3522 3473 3201 3143 3042 3386 3037 3037 3114 3120 2861 3633 3059 3484 3411 3544 3384 3018 3561 3049 3426 2875 3412 3381 3126 3406 3136 3328 3279 3279 3538 3781 3049 3334 3460 3538 3359 2955 3204 3315 3064 3155 3327 3388 2803 3029 3525 3340 3559 3386 3453 3003 3002 3414 3250 2880 3136 2915 3178 3189 3771 3253 3130 3188 3122 3229 3493 3422 3313 3380 2701 3507 2833 2774 3193 3141 3092 3128 3043 3213 3147 3113 2912 3457 3469 3213 3167 3414 3006 3680 3285 3039 3268 3139 3561 3776 3105 3073 3287 3663 3497 3115 3121 3119 3134 3021 3069 3142 2960 3316
3033 3260 2868 3299 2848 3075 3005 2949 3193 3058 3200 3497 2805 3091 3277 3191 3586 3154 3465 3362 3106 2846 3160 3416 3127 3116 2876 2892 3103 3452 2713 3128 3323 3232 3144 2941 3353 3054 3342 2945 3398 3283 3237 3378 3142 3296 3051 3192 3250 3613 2821 3126 3257 3478 3235 2662 3306 3342 3117 3121 3214 3341 2782 3015 3270 3241 3627 3068 3563 3099 3080 3165 2872 2672 2961 2838 3100 2928 3581 3302 2939 3191 3073 2936 3098 3325 3259 3423 2626 3242 3030 2841 3299 2713 3074 3239 3122 3100 2693 3009 2782 3149 3177 2866 3060 3250 3024 3432 3162 2753 2836 3039 3516 3639 3015 3010 2990 3363 3243 2976 2987 2900 2784 2971 3051 3140 3081 3170
3111 3113 2883 3326 3182 3323 2705 2977 3211 3337 2861 3470 2590 3112 3139 3093 3386 3203 3508 3308 2875 2890 3003 3406 3167 2838 2934 2914 3036 3377 2970 2917 3186 2792 2902 2824 3413 3119 3379 2973 3197 3467 3130 3199 3285 3315 3104 3002 3195 3238 2828 3115 3018 3150 3154 2852 3069 3143 2939 2881 2867 3315 2925 3061 2940 2785 3452 3000 3256 3018 2869 2964 2898 2867 2980 3085 2859 3141 3636 2939 2836 3021 2999 2627 3214 2969 2988 3057 2728 2957 2919 2810 3330 2849 2954 3126 2940 2736 2655 3088 2726 3117 3207 2804 3057 3342 2826 3384 2906 2931 3092 3168 3134 3524 2710 3029 3044 3454 3219 2669 3138 3126 2930 2966 3052 3018 2805 3055
3345 3472 3250 3640 3376 3644 3414 3476 3530 3600 3197 3801 2834 3708 3385 3591 3784 3276 3682 3635 3304 2980 3321 3534 3353 3212 3072 3037 3307 3710 3107 3406 3571 3530 3548 2902 3875 3399 3475 3106 3560 3609 3471 3613 3408 3519 3284 3141 3678 3782 3164 3391 3253 3699 3489 3244 3413 3421 3404 3441 3647 3521 2983 3143 3499 3317 3705 3359 3653 3235 3258 3288 3401 3214 3232 3158 3347 3459 3812 3547 3147 3170 3435 3122 3547 3694 3592 3647 3052 3444 3109 2998 3775 3207 3229 3411 3314 3243 3030 3541 3126 3417 3720 3167 3369 3418 3101 3743 3187 3380 3519 3460 3778 3889 2985 3262 3632 3670 3576 3054 3163 3255 3407 3271 2996 3363 3160 3333
3081 3360 3134 3226 3284 3296 2958 3224 3255 2932 3053 3470 2835 3431 3173 3432 3304 3140 3274 3265 3272 2989 3181 3222 3280 2831 2884 2955 2909 3444 2730 3237 3093 3159 3079 2878 3338 3103 3399 3173 3218 3285 3048 3306 3240 3388 3131 3048 3301 3608 2976 3222 3224 3477 3152 2978 3044 3233 3011 2986 3317 3450 2764 2955 3167 3142 3293 2865 3406 2794 3126 3149 3118 2687 3111 2769 2966 3156 3552 3195 3088 2982 2844 2795 3308 3127 3111 3181 2930 3146 2903 2850 3294 3066 3008 2990 2963 3147 2870 3316 2664 3065 3320 2765 3183 3025 2955 3207 2950 2901 3358 3138 3305 3509 2893 3181 3211 3366 3394 2881 2879 2849 3018 3153 2855 3204 3063 2994
3338 3240 3244 3751 3343 3649 3349 3362 3385 3306 3131 3675 2949 3435 3250 3482 3497 3402 3516 3544 3397 3141 3234 3526 3319 3066 3114 3179 3032 3642 3165 3523 3603 3219 3493 2945 3883 3304 3578 3112 3623 3734 3147 3580 3254 3811 3265 3337 3265 3873 3133 3468 3603 3527 3406 3195 3319 3625 3223 3190 3597 3599 2947 3212 3392 3214 3734 3404 3756 3278 3084 3364 3483 3370 3298 3033 3364 3323 3912 3430 3206 3091 3063 3187 3479 3435 3403 3400 3065 3364 3233 2980 3466 3294 3460 3047 3271 3011 3131 3385 3023 3422 3538 3235 3277 3673 3149 3691 3520 3044 3416 3291 3487 3866 3108 3358 3250 3744 3728 3168 3324 3236 3192 3330 3110 3627 3363 3189
3393 3356 3122 3555 3162 3561 3146 3414 3429 3316 3111 3651 3043 3356 3330 3481 3607 3120 3407 3428 3086 3073 3022 3493 3321 3107 3154 3075 3041 3656 2960 3523 3273 3247 3562 2994 3562 3176 3641 3041 3340 3701 3148 3582 3245 3442 3257 3151 3596 3757 3179 3347 3375 3598 3538 3313 3318 3466 3350 3224 3283 3436 2829 3369 3386 3159 3988 3378 3553 3144 3099 3191 3044 3149 3158 2899 3153 3379 3649 3457 3181 2935 3062 3014 3182 3378 3369 3560 2893 3569 3120 3004 3633 3132 3470 3247 3466 3128 2966 3211 3074 3455 3268 3465 3209 3372 3164 3701 3180 2981 3250 3105 3469 3797 2968 3332 3174 3665 3695 3169 3154 3258 3038 3155 3007 3437 3306 3334
2907 2945 2924 3260 2936 3097 2718 2880 3019 2941 2938 3292 2644 3181 3048 2949 3253 3248 3099 3115 2993 2726 2827 2983 2759 2825 2677 2782 2878 3265 2724 3027 3031 2819 2733 2630 3036 2902 3044 2694 3144 3247 2921 3011 2946 3275 2821 3022 3176 3326 2901 3081 3085 3155 3010 2798 3116 3122 2862 2832 2970 3149 2431 2713 2920 2841 3200 2883 3192 2673 2809 2734 2832 2649 2762 2916 2966 3004 3440 3015 2772 2773 2897 2866 3110 3091 3007 2930 2568 3015 2657 2620 2965 2725 2740 2829 2825 2959 2849 2928 2715 2833 3058 2735 2980 3272 2644 3252 2851 2724 2891 2991 3154 3214 2689 2714 2733 3200 3034 2735 2978 2632 2826 2820 2879 3239 2879 3127
3128 3402 3031 3513 3164 3513 3177 3163 3302 3227 3222 3660 2764 3395 3489 3296 3717 3469 3415 3439 3370 2965 3166 3388 3358 3126 3162 3130 3224 3534 2923 3282 3522 3416 3209 3015 3471 3198 3608 3241 3476 3668 3143 3118 3354 3510 3161 3352 3526 3760 3256 3316 3517 3567 3360 3119 3270 3228 3223 3105 3362 3513 2936 3189 3144 3156 3435 3318 3411 3090 2796 3290 3082 2782 3144 3025 3054 3343 3953 3290 3084 3104 3040 3243 3279 3225 3476 3528 2920 3431 2992 3064 3326 3200 3167 2958 3153 3265 2752 3386 3021 3300 3436 2982 3218 3244 3087 3593 3196 3134 3345 3264 3399 3590 3184 3175 3097 3650 3300 2882 3174 3269 3016 3304 3174 3182 3293 3217
3333 3537 3328 3372 3312 3425 2975 3041 3392 3426 3453 3597 2985 3494 3668 3540 3765 3290 3722 3694 3449 3227 3165 3646 3425 3450 3141 3244 3214 3784 3252 3417 3541 3329 3337 3034 3650 3270 3428 3429 3580 3637 3465 3527 3445 3593 3240 3285 3412 3908 3079 3328 3571 3731 3517 3149 3234 3368 3139 3178 3452 3444 3091 3089 3408 3192 3854 3171 3540 3026 3262 3310 3306 2959 3342 2871 3204 3312 3899 3238 3331 3243 3089 3155 3328 3549 3531 3559 3010 3136 3199 3129 3464 3109 3184 3298 3277 3266 3010 3224 2768 3125 3666 3058 3269 3491 3320 3710 3189 2987 3405 3236 3582 3725 3286 3255 3418 3581 3595 2900 3118 3150 3016 3233 3110 3258 3181 3213
3371 3289 3311 3696 3348 3680 3300 3543 3528 3320 3379 3733 2920 3485 3475 3531 3723 3291 3539 3577 3326 3147 3266 3657 3385 3204 3074 3115 3212 3824 2996 3474 3515 3277 3454 2918 3711 3412 3771 3171 3668 3572 3263 3462 3358 3728 3177 3162 3438 4002 3218 3512 3506 3729 3490 3166 3461 3473 3347 3117 3360 3718 2925 3118 3355 3270 3984 3376 3605 3061 3295 3406 3006 3068 3216 3045 3138 3376 3712 3504 3205 3100 3248 3060 3297 3461 3406 3598 2925 3510 3200 2984 3501 3163 3249 3479 3281 3222 3004 3199 3070 3348 3372 3033 3215 3480 3299 3557 3153 3029 3435 3174 3553 3937 2971 3338 3401 3603 3636 3128 3089 3200 3094 3227 3027 3407 3234 3265
3368 3339 3069 3578 3477 3360 3001 3245 3245 3328 3146 3711 2775 3585 3202 3515 3625 3267 3498 3462 3327 3122 3160 3481 3220 3211 3104 3139 3009 3456 3144 3188 3328 3307 3274 2959 3767 3342 3488 3352 3474 3464 3276 3238 3490 3519 3321 3109 3441 3864 3064 3135 3413 3609 3263 3076 3161 3401 3446 3423 3431 3403 2903 2919 3368 3336 3680 3208 3323 3104 2930 3327 3342 3064 3228 2925 3257 3301 3673 3413 3094 3216 3086 3044 3399 3470 3361 3231 2927 3167 3229 2911 3374 3271 3349 3301 3150 3138 2966 3279 2905 3500 3330 3229 3236 3630 3080 3674 3136 3003 3331 3165 3635 3643 3089 3285 3296 3544 3556 3045 3239 2933 3097 3190 3110 3372 3226 3150
3546 3576 3503 3520 3445 3647 3312 3371 3513 3392 3456 3881 3107 3539 3898 3517 3559 3506 3717 3790 3412 3379 3187 3505 3686 3380 3275 3267 3147 3851 3199 3589 3597 3550 3412 3169 3849 3299 3750 3236 3692 3944 3134 3472 3488 3590 3673 3563 3923 3981 3127 3592 3734 3614 3459 3531 3592 3362 3479 3550 3659 3580 3114 3380 3327 3409 3970 3436 3731 3414 3310 3502 3464 3185 3424 3183 3349 3567 3786 3584 3386 3390 3406 3361 3641 3457 3374 3625 3128 3505 3226 3209 3613 3434 3315 3400 3327 3401 3432 3432 3161 3652 3685 3273 3714 3576 3529 4058 3334 3297 3519 3518 3447 4075 3114 3443 3558 4117 3778 3197 3196 3349 3296 3443 3330 3535 3077 3472
3159 3174 3189 3368 3214 3371 3166 3274 3416 3213 3108 3357 2640 3290 2978 3251 3485 3303 3160 3277 3210 3026 2931 3195 3151 3037 2847 2870 3041 3510 2907 3426 3253 3387 3233 2712 3438 3184 3302 2888 3469 3318 3105 3369 2982 3299 2961 3049 3320 3655 2946 3245 3295 3493 3175 2956 3387 3103 3291 3054 3198 3495 2774 2887 3312 3130 3565 3068 3452 2946 3024 2790 3061 2679 3016 2906 3359 3141 3512 3061 2963 2922 2991 2954 3084 3157 2950 3551 2843 3394 2561 2538 3140 3128 3075 3071 3218 3147 2875 2949 2859 3106 3277 2938 3085 3076 3086 3232 3154 2937 3030 3236 3413 3735 2737 3173 3142 3320 3203 3009 2877 3031 2813 3175 2718 3067 3189 3145
3143 3198 3233 3325 2860 3234 3109 3152 3175 2988 3080 3552 2777 3224 3276 3402 3366 3249 3395 3368 3147 3069 3010 3195 3312 3098 2959 2847 2905 3359 3056 3361 3403 3177 3170 2704 3525 2985 3372 2967 3310 3445 3200 3432 2884 3548 3271 3026 3418 3619 2907 3444 3249 3636 3327 2846 3318 3444 3202 3320 3116 3316 2819 3079 3422 3201 3490 3013 3479 3232 3030 3066 3244 2802 3241 3048 3200 3025 3711 3266 3112 3119 3185 3072 3237 3320 3411 3398 2889 3379 2758 2767 3311 3143 3087 3010 3189 3109 3096 2898 2803 3371 3452 2926 3152 3564 2992 3530 3166 2769 3151 3258 3356 3834 2748 3108 3157 3565 3435 2958 3000 2960 2908 3201 3000 3338 2910 3184
3065 3070 2937 2910 3175 3184 2820 3028 2959 2754 2797 3109 2690 3198 2971 3261 3278 3071 3090 2897 2989 2833 2932 3077 3015 2773 2799 2514 2626 3190 2752 3255 3178 3095 3037 2435 3330 2964 3118 2658 3051 3152 2788 3247 2747 3148 3114 3050 3225 3503 2897 3106 3006 3324 3142 2825 2990 3088 3087 3127 3146 3195 2501 2882 2976 2852 3314 2821 3373 2863 2939 2798 2961 2630 3068 2789 2881 2707 3553 3186 2819 2664 2662 2954 3188 3072 3120 3254 2475 3085 2796 2579 3129 2798 2921 2851 2899 2928 2910 2751 2671 2800 3151 2668 2889 3083 2863 3209 2932 2789 3060 2919 2962 3385 2517 2814 3218 3115 3098 2917 2625 2754 2940 2868 2691 3115 2802 3015
3475 3612 3401 3830 3585 3634 3223 3406 3573 3413 3506 3729 2982 3600 3696 3664 3945 3470 3827 3756 3482 3475 3470 3602 3519 3425 3267 3518 3356 3936 3271 3560 3691 3479 3566 3198 3709 3382 3697 3224 3817 3824 3349 3560 3345 3897 3462 3404 3758 3982 3288 3660 3601 3806 3463 3330 3551 3473 3309 3445 3567 3901 3105 3327 3374 3378 3870 3410 3396 3384 3313 3321 3388 3130 3395 3132 3466 3454 4046 3525 3506 3431 3428 3210 3546 3682 3599 3683 3221 3467 3183 3161 3727 3302 3409 3398 3330 3545 3177 3553 3144 3623 3488 3325 3629 3642 3355 3811 3283 3210 3323 3632 3723 3893 3067 3380 3409 3914 3704 3216 3351 3305 3422 3340 3049 3617 3412 3436
3001 2940 2667 3136 3190 3310 2852 2795 3068 2812 2757 3419 2693 3286 3133 3062 3282 2964 3270 3117 2869 2695 2831 3001 2995 2834 2977 2567 2726 3279 2676 2991 2963 2933 3149 2597 3302 2913 3118 2666 3127 3135 2787 3022 2910 3268 2941 3060 3120 3258 3101 3136 3271 3175 3027 2862 2932 2957 2985 3073 3082 2958 2481 2815 3190 2796 3182 2959 3260 2621 2705 2716 2951 2766 3010 2572 3034 3093 3408 2854 2821 2725 2620 2846 3072 3162 2933 3075 2852 3020 2744 2682 3210 2870 3019 2711 2982 2830 3006 3112 2596 2978 3099 2794 2904 3092 2948 3166 3043 2849 2898 2953 3197 3270 2796 2940 2968 3299 3024 2532 2781 2687 2948 2932 2672 3036 2820 3016
3125 3273 3093 3360 3182 3598 3149 3114 3202 3099 3185 3534 2899 3570 3122 3510 3672 2929 3209 3578 3409 2797 3045 3166 3266 3015 3047 3112 3003 3553 2803 3522 3173 3244 3486 2852 3515 3002 3418 3017 3359 3513 3127 3152 3047 3545 3307 2951 3394 3728 3060 3244 3541 3419 3119 2969 3165 3518 3336 3329 3310 3415 2784 2959 3489 3254 3632 3428 3518 3199 2868 3220 3124 3017 3360 2960 3366 3116 3681 3338 3259 3195 2778 3096 3251 3201 3191 3289 2689 3305 3207 2825 3235 2944 3158 3377 3249 3215 2942 3151 2769 3303 3442 3138 2951 3149 3177 3287 3145 2820 3207 3208 3405 3685 3152 3228 3344 3377 3371 2871 3036 2875 2984 3075 3083 3366 3290 3040
3380 3377 3272 3495 3204 3407 3197 3196 3251 3271 3392 3330 2876 3487 3549 3284 3715 3334 3376 3380 3215 3144 3108 3309 3480 3167 3026 3200 3105 3711 3080 3360 3199 3462 3416 2894 3651 3192 3340 2983 3557 3812 3290 3260 3389 3474 3131 3304 3442 3775 2961 3287 3477 3671 3265 2866 3309 3355 3203 3162 3255 3527 2894 3308 3103 3224 3641 3214 3436 3167 2998 3065 3110 2844 3040 3054 3248 3206 3825 3326 3340 3206 3192 3273 3247 3420 3439 3271 2726 3276 2959 2870 3383 3080 3274 3228 3036 3181 2958 3326 2915 3276 3460 3069 3347 3281 3133 3629 3081 3110 3230 3287 3508 3784 3094 3335 3157 3559 3348 3120 3064 2965 2963 3309 2963 3313 3248 3435
3106 3212 2954 3586 2986 3586 3146 3311 3326 3203 3095 3565 3033 3432 3134 3515 3641 3127 3242 3281 3147 2712 3206 3277 3017 2992 3070 3032 3074 3478 2903 3494 3321 3058 3314 2902 3538 3400 3523 2937 3294 3412 3211 3326 3168 3662 3209 3083 3259 3799 3208 3337 3204 3674 3184 2905 3386 3663 3210 3304 3448 3397 2731 3009 3444 3283 3631 3267 3424 3114 3105 3078 3126 2976 3144 3103 3348 3232 3666 3433 3174 3156 3067 2969 3256 3104 3285 3393 2982 3424 2707 2857 3301 2899 3073 2999 3225 3261 2987 3343 2885 3246 3502 3130 2956 3417 2991 3452 3102 2881 3084 3171 3366 3790 3039 3281 3187 3710 3498 3064 2939 3054 2981 3079 2981 3555 3364 3333
3468 3358 3375 3670 3554 3710 3321 3334 3709 3359 3394 3863 3054 3654 3482 3539 3910 3405 3801 3745 3338 3067 3258 3611 3707 3470 3207 3156 3272 3664 3157 3472 3471 3527 3404 2916 3809 3333 3455 3172 3840 3911 3514 3735 3480 3796 3248 3291 3711 3902 3074 3503 3667 3820 3457 3169 3659 3721 3532 3499 3613 3586 3178 3368 3764 3443 3880 3307 3799 3237 3154 3293 3363 3148 3450 3079 3395 3549 3928 3269 3345 3365 3344 3183 3678 3532 3514 3711 3115 3566 3026 3001 3534 3187 3351 3414 3368 3358 3177 3613 3246 3635 3797 3158 3300 3664 3364 3795 3282 3308 3391 3575 3560 3930 3064 3385 3352 3834 3624 3149 3307 3270 3183 3424 3252 3630 3336 3400
3308 3141 2985 3654 3091 3458 3087 3081 3390 3363 3085 3598 2811 3351 3293 3524 3785 3275 3500 3561 3151 2847 3287 3524 3258 3097 2876 3057 2967 3509 3038 3245 3522 3427 3116 2883 3651 3480 3503 3048 3453 3483 3177 3608 3407 3504 3232 3102 3216 3593 3070 3292 3288 3494 3272 2823 3181 3380 3200 3268 3474 3505 2805 3155 3255 3054 3592 3128 3704 3005 2998 3072 3058 2847 3213 3035 3215 3152 3630 3199 3258 3059 3133 2919 3443 3118 3416 3048 3099 3129 3044 2979 3402 3120 3149 3232 2923 3275 2906 3551 3124 3125 3618 3095 3150 3513 3293 3463 2988 3156 3334 3320 3535 3547 2989 3188 3143 3560 3534 2966 3103 3068 3111 3180 3014 3538 3138 3127
3222 2984 2842 3277 2971 3239 2830 2978 3134 3130 3041 3523 2684 3172 3212 3335 3327 3227 3257 3353 2909 2912 3001 3132 3093 2983 2925 2772 2817 3257 2965 3053 3275 2944 2969 2771 3585 3135 3260 2699 3204 3207 3155 3171 3105 3220 3149 3075 3283 3351 2773 3205 3082 3231 3095 2813 3097 3310 2971 2821 3321 3256 2655 3000 2815 3022 3413 2902 3159 2979 2787 2956 2950 2743 3002 2913 3009 2935 3701 3211 3021 2944 3159 2761 3111 3103 3113 3215 2522 3286 2862 2660 3263 2819 3150 3058 3077 2959 2638 3104 2747 3112 3338 2869 2998 3192 2960 3438 2858 2922 2922 2981 3444 3549 2863 3171 2993 3730 3386 2859 2836 2766 2885 3108 2756 2976 2811 3270
3147 3149 2762 3481 3171 3541 2938 3093 3290 3094 3068 3507 2927 3264 3198 3304 3486 3064 3306 3379 3354 2986 3223 3385 3179 2964 2774 3098 2864 3519 2899 3297 3398 3093 3274 2900 3520 3018 3314 2814 3462 3352 3192 3211 3164 3629 3110 3089 3312 3434 2944 3281 3361 3488 3001 2814 3352 3214 3025 3221 3444 3355 2704 3032 3212 3081 3394 3252 3193 2980 3177 3212 3231 2993 3127 2661 3179 2923 3706 3351 3132 3054 3293 3085 3253 3278 3265 3198 2812 3122 3069 2797 3236 3050 3112 3281 2963 2888 2837 3216 2804 3251 3267 2893 3118 3406 3056 3545 3081 2675 2994 3353 3430 3580 2764 3082 3198 3322 3593 2956 2946 2958 2928 3000 2850 3444 3211 3240
3350 3310 3280 3481 3399 3458 3209 3301 3338 3235 3353 3507 3126 3476 3188 3412 3498 3332 3209 3444 3187 3166 3093 3508 3213 2905 3122 2988 2869 3712 2934 3265 3355 3353 3372 2701 3424 3139 3454 3022 3683 3474 3268 3490 3136 3736 3297 3355 3608 3806 3167 3467 3503 3708 3498 3160 3309 3499 3173 3320 3575 3650 2826 2906 3358 3139 3844 3329 3822 3108 3096 3323 3194 2819 3188 3092 3147 3126 3908 3326 3048 3121 3214 3059 3345 3366 3313 3601 2849 3401 3087 3172 3454 3012 3448 3411 3218 3214 2879 3227 3145 3482 3468 2944 3188 3342 3068 3556 3194 2883 3346 3384 3458 3731 2798 3310 3232 3549 3726 3066 3182 3147 2986 3302 3229 3381 3402 3407
3311 3357 3182 3361 3258 3318 3053 3199 3447 3352 2886 3464 2747 3384 3257 3227 3586 2925 3553 3455 3165 3083 2995 3243 3287 3158 3072 2907 2883 3501 3032 3270 3176 3332 3206 2762 3678 3279 3525 3142 3370 3602 3320 3322 3257 3358 3173 2995 3335 3771 3129 3187 3235 3557 3225 2856 3133 3199 2950 3034 3204 3292 2988 2876 3186 3316 3467 3019 3345 2861 3063 3116 3226 2978 3195 2956 3242 3377 3670 3248 3259 3055 3088 2831 3252 3160 3056 3307 3069 3262 2863 2772 3373 3059 3050 3324 3115 3036 2916 3355 2961 3199 3549 2999 3145 3443 3165 3690 3052 3202 3102 3208 3355 3600 2767 3449 3180 3667 3376 2728 2943 3058 2925 3244 2961 3302 2896 3178
3381 3400 3297 3504 3180 3647 3244 3205 3252 3144 3350 3562 2672 3294 3302 3242 3720 3458 3365 3379 3115 3133 3087 3227 3329 3068 3310 3127 2968 3543 3004 3367 3421 3441 3512 2831 3784 3287 3616 3145 3603 3637 3171 3436 3230 3557 3310 3302 3514 3861 3125 3452 3725 3600 3405 3072 3508 3455 3250 3327 3473 3502 3077 3127 3284 3243 3564 3311 3589 3416 3005 3042 3410 2853 3237 3038 3267 3114 3780 3399 3193 3039 3217 3193 3220 3380 3231 3476 2759 3453 3059 2603 3488 3152 3371 3232 3365 3303 2993 3327 2877 3471 3622 3123 3206 3546 3256 3738 3190 3182 3104 3363 3514 3839 3076 3333 3224 3714 3401 3132 2967 2930 3249 3384 2960 3331 3144 3249
3185 3093 3025 3286 3072 3297 3105 3112 3019 2992 2999 3488 2733 3321 3016 3230 3554 3258 3300 3363 3094 2930 3032 3145 3279 2943 3170 2857 2918 3301 2856 3128 3197 3159 3096 2641 3293 3032 3180 2757 3095 3348 3186 3215 2807 3251 2808 2937 3487 3465 2892 3379 3314 3346 3127 3083 3140 3239 3274 2928 2917 3383 2656 3073 3240 2897 3501 2992 3075 2800 2860 2713 3028 3020 3199 2805 3118 3289 3547 2977 2891 2783 3133 2895 3235 2972 3387 3333 2879 3032 2686 2563 3187 2956 2981 3105 3151 3060 2925 3165 2746 3298 3376 2860 3012 3242 3027 3247 2925 2856 3136 3249 3152 3538 2639 3038 3214 3578 3396 2779 2936 2947 2979 2791 2791 3312 2910 2864
3144 3091 2826 3142 3016 3186 2887 2824 3158 2982 2924 3439 2770 3188 3312 3179 3420 3070 3221 3400 2811 2849 3171 3277 2968 2685 2744 2921 2701 3359 2702 2835 3196 2982 3029 2944 3447 2917 3341 2792 3227 3262 2967 3137 3110 3465 3126 3159 3380 3468 2806 3211 3205 3396 3090 3004 2929 3118 3066 3144 3272 3340 2528 3207 3102 2994 3493 3079 3277 2991 2983 3129 2813 2821 2866 2810 2894 3028 3486 3224 3126 2989 3217 2766 3209 3148 3121 3218 3017 3057 2770 2864 3444 2719 2830 3178 2973 2920 2814 3269 2870 3132 3289 2733 3230 3263 2969 3450 2797 2861 2986 3109 3272 3212 2723 3104 2945 3457 3340 2772 2864 2791 2992 2969 2899 3282 3016 3006
3078 3088 3024 3331 3140 3473 3079 3053 3235 3290 2932 3304 2630 3357 3208 3285 3322 3141 3186 3480 3071 3029 2870 3208 3078 2933 2933 3057 3049 3411 2835 3370 3252 2948 3119 2803 3501 3318 3210 3003 3262 3375 3042 3312 3208 3269 3152 3031 3286 3531 2939 3329 3119 3452 3285 2950 3128 2996 3203 3016 3380 3527 2819 2868 3089 3151 3437 3242 3341 2895 2763 3099 3228 2803 3081 3102 2941 3111 3622 3168 2898 3061 2930 2918 3272 3319 3115 3198 2923 3285 2961 2831 3134 3071 2907 2838 3101 2993 2538 3114 2753 3157 3298 2803 3120 3323 2841 3388 3203 2918 3225 3192 3400 3756 2772 3192 3178 3427 3374 2732 3160 2772 3007 3176 2963 3012 3096 2886
3183 3046 3077 3351 3082 3146 3302 3045 2978 2942 3271 3220 2795 3270 3144 3150 3327 3039 3173 3200 2974 2871 2773 3139 3160 2982 2820 2949 2738 3483 2824 3212 3298 3158 3160 2767 3359 3102 3474 2869 3233 3330 2906 3169 2864 3345 2948 2991 3351 3597 2942 3259 3156 3324 3165 2970 3228 3154 2981 2914 3401 3467 2626 2948 3022 2878 3462 3192 3458 2874 3007 3129 3151 2690 3114 2846 2987 3089 3605 3303 3105 2917 2952 2890 2991 3029 3287 3168 2700 3243 3008 2839 3171 3008 2914 2951 2880 3016 2928 2993 2809 3225 3295 2796 3111 3056 2964 3340 2946 2909 3144 3110 3108 3698 2749 3120 3166 3477 3564 2757 2840 3115 2997 3028 2846 3273 2910 3066
3451 3202 3078 3444 3143 3374 3002 3169 3582 3158 3041 3724 2831 3547 3384 3305 3548 3309 3664 3565 3060 3073 3089 3492 3509 3033 3013 2894 3027 3231 3015 3193 3349 3398 3439 2896 3673 3062 3536 3174 3478 3690 3250 3492 3464 3362 3086 2939 3368 3546 3033 3156 3578 3728 3323 2979 3048 3428 3186 3168 3243 3374 2818 3139 3424 3099 3536 3100 3720 2984 3164 3008 3114 2713 3198 2991 3086 3442 3623 3129 3065 3084 3153 2941 3309 3298 3177 3367 2851 3181 2883 2823 3491 3089 3170 3102 3344 3125 3024 3381 2874 3122 3386 3136 3230 3403 2975 3464 3072 3137 3243 3028 3470 3739 2779 3166 3069 3557 3257 2797 3050 2847 2899 3258 3033 3429 3068 3153
3735 3583 3384 3982 3280 3616 3470 3570 3611 3454 3687 3708 3043 3519 3669 3727 3890 3589 3833 3696 3594 3312 3374 3740 3699 3465 3290 3438 3370 3907 3442 3520 3744 3767 3459 3218 4022 3436 3718 3449 3863 3814 3370 3744 3642 3666 3430 3437 3837 4143 3437 3611 3627 3875 3423 3181 3665 3707 3496 3377 3749 3675 3188 3386 3677 3518 3845 3335 3788 3393 3247 3406 3568 2985 3565 3186 3371 3509 4000 3563 3571 3378 3524 3479 3524 3630 3737 3773 3146 3580 3177 3109 3641 3526 3484 3401 3507 3513 3226 3584 2993 3600 3725 3382 3372 3611 3359 3932 3516 3317 3597 3437 3908 4118 3221 3626 3317 4091 3794 3301 3246 3076 3310 3491 3198 3622 3261 3386
3506 3397 3270 3888 3562 3720 3694 3516 3658 3531 3348 3811 3147 3702 3986 3812 4115 3721 3686 3676 3508 3165 3398 3615 3751 3478 3386 3419 3353 3981 3212 3676 3627 3584 3547 2999 3954 3515 3762 3399 4000 3923 3542 3677 3511 3873 3448 3450 3827 3921 3380 3550 3473 3713 3419 3300 3864 3504 3670 3484 3701 3930 3060 3375 3506 3513 3816 3550 3655 3192 3327 3565 3554 3182 3525 3165 3291 3706 4214 3552 3411 3493 3380 3323 3809 3894 3577 3787 3274 3723 3315 2871 3669 3363 3559 3473 3378 3427 3079 3618 3261 3673 3662 3272 3492 3780 3452 3827 3592 3324 3646 3730 3747 4095 3311 3351 3644 3815 3743 3298 3271 3479 3155 3616 3252 3553 3365 3645
3287 3087 3143 3436 3187 3408 3134 3357 3196 3258 3221 3555 2855 3335 3380 3241 3626 3314 3402 3360 3100 3116 3263 3436 3265 2949 3062 2940 3179 3543 3049 3260 3370 3336 3192 2766 3392 3264 3468 2941 3531 3641 3352 3450 3152 3455 3300 3462 3512 3662 3004 3227 3401 3506 3348 3046 3227 3542 3244 3404 3573 3407 2957 3146 3326 3068 3562 3184 3428 3300 3002 2964 3025 3074 3168 3042 3129 3014 3688 3290 3183 3114 3041 3079 3503 3404 3398 3398 2791 3261 3052 2902 3372 3156 3181 3353 3197 3184 2984 3360 3130 3375 3511 3113 3207 3279 3209 3545 3104 3135 3175 3404 3215 3882 2937 3185 3257 3679 3405 3088 3123 3035 2997 3350 2908 3501 3077 3234
3282 3374 3117 3799 3426 3475 3288 3329 3393 3289 3114 3826 3009 3379 3259 3301 3881 3573 3739 3453 3283 3309 3194 3475 3301 3290 2999 3110 2953 3646 3158 3549 3512 3408 3371 2792 3548 3543 3521 3184 3659 3646 3244 3444 3234 3639 3180 3550 3503 4041 3271 3279 3674 3486 3406 3241 3393 3516 3316 3278 3392 3404 2911 3103 3385 3156 3712 3231 3583 3124 3184 3157 3128 3209 3224 3037 3198 3344 3946 3541 3289 3017 3234 3133 3486 3454 3464 3321 3089 3193 2957 2951 3560 3259 3085 3108 3300 3163 2992 3232 2934 3271 3695 3160 3282 3330 3056 3726 3300 3026 3455 3423 3461 3815 2997 3285 3255 3774 3577 2939 3098 3144 3075 3180 2966 3503 3163 3379
3587 3442 3183 3636 3472 3467 3145 3262 3543 3134 3578 3561 2928 3396 3500 3580 3823 3632 3695 3431 3243 3125 3382 3404 3451 3391 3223 3110 3008 3597 3166 3414 3505 3412 3354 3001 3696 3610 3681 3136 3606 3674 3278 3694 3432 3540 3375 3243 3567 3857 3361 3490 3451 3734 3443 3108 3398 3434 3314 3307 3497 3407 2865 3447 3291 3334 3720 3219 3698 3128 3157 3167 3263 2903 3339 2929 3236 3311 4088 3486 3420 3109 3173 3237 3553 3677 3519 3713 2904 3510 3183 2984 3756 3301 3313 3139 3309 3242 2998 3379 3118 3211 3641 3214 3377 3525 3214 3899 3350 3278 3350 3381 3713 3837 3180 3369 3276 3606 3483 3232 3179 3038 3291 3310 3184 3413 3113 3408
3299 3405 3199 3599 3368 3631 3162 3452 3355 3391 3321 3675 2961 3496 3372 3592 3838 3477 3487 3580 3297 3284 3052 3406 3319 3135 3112 2995 2991 3672 3076 3483 3582 3559 3427 2777 3540 3360 3530 3167 3524 3709 3417 3525 3107 3609 3109 3342 3614 3893 3121 3503 3669 3668 3568 3456 3459 3604 3453 3241 3507 3585 2975 3027 3307 3077 3728 3216 3612 3126 3103 3101 3143 3112 3200 3121 3271 3450 3824 3328 3210 3019 3258 2986 3377 3384 3374 3548 2977 3250 2857 2845 3489 3272 2953 3178 3318 3318 2981 3304 2965 3254 3718 2987 3355 3352 3105 3401 3147 3077 3551 3460 3435 3652 3123 3203 3321 3692 3643 2953 2953 3044 3074 3324 2917 3259 3264 3227
3216 3336 3082 3517 3468 3661 2878 3142 3606 3321 3233 3567 3047 3537 3395 3354 3736 3152 3412 3476 3223 3048 3163 3423 3175 3180 2846 3121 3181 3770 3031 3586 3347 3048 3368 2809 3397 3279 3420 3130 3609 3532 3275 3432 3137 3695 3128 3107 3405 3677 3400 3328 3348 3717 3482 3072 3551 3267 2970 3151 3161 3497 2959 3087 3421 3108 3758 3367 3505 2887 3260 3122 3245 2968 3361 3160 3094 3242 3759 3432 3172 3038 2981 3068 3274 3321 3254 3301 2795 3309 2966 3056 3294 2975 3077 3065 3267 3092 2900 3175 2865 3318 3422 3058 3096 3311 3088 3489 3176 3162 3233 3375 3573 3725 2759 3294 3278 3637 3507 2899 3040 2992 2917 3299 3047 3362 3191 3288
3156 3251 3113 3477 3322 3391 3158 3222 3152 3398 3063 3638 2726 3501 3257 3163 3682 3313 3570 3512 3109 3002 2936 3485 3280 3014 3012 2938 3092 3300 3141 3229 3496 3272 2919 2889 3507 3082 3288 2978 3381 3484 3313 3165 3154 3409 3235 3410 3356 3606 2730 3112 3412 3387 3457 3251 3143 3441 3127 3142 3230 3318 2764 3130 3108 2934 3321 3016 3575 3135 2990 3090 3008 2979 3224 3013 2755 3285 3763 3154 2976 3092 3148 3019 3326 3253 3257 3187 2871 3031 2937 2905 3409 2969 3016 3262 3225 3169 2857 3277 2759 3287 3421 2955 3306 3224 3047 3485 3121 2824 3382 3243 3320 3675 2993 3200 3359 3774 3301 2756 3116 2932 2952 3097 2903 3329 3014 3177
3024 3006 2801 3240 3124 3104 2857 2917 2990 3019 3005 3171 2578 3265 3332 3109 3587 3261 3169 3244 2926 2791 2757 3245 2998 2851 2904 2626 3014 3323 2647 3018 3048 3197 3003 2557 3115 3026 2999 2957 3340 3442 2989 3076 3301 3133 2869 2845 3196 3464 2924 2948 3128 3389 3164 2850 3208 3263 3166 3153 3256 3367 2779 2739 3165 2981 3430 3117 3611 2882 2512 3067 3138 2682 2894 2910 2857 3120 3495 3027 2868 2718 2893 2787 3088 3299 3230 3372 2749 3095 2785 2645 3084 3061 3126 2904 3052 2976 2644 3197 2865 3148 3145 2826 3026 3451 2933 3295 2967 3017 3200 3075 3194 3688 2901 2816 3009 3030 3053 2911 3007 2912 2812 3160 3135 3065 2718 2884
3129 3136 2913 3564 2962 3236 2976 3008 3135 2964 3227 3538 2731 3344 3283 3191 3318 3126 3236 3485 3191 3022 2880 3174 2929 2980 2787 3233 2858 3427 2882 3110 3313 3054 3126 2752 3553 3248 3252 3003 3348 3279 3002 3227 3255 3566 3156 3007 3472 3669 2852 3284 3196 3381 3176 3005 3124 3201 2978 3395 3369 3342 2829 2826 2968 3060 3577 3130 3416 2975 2928 3111 3072 3135 3038 2936 3002 2989 3722 3260 3021 3148 3156 2916 3297 3147 3234 3283 2978 3146 2886 2870 3452 2890 2933 3045 3057 3008 2697 3125 2916 3496 3380 3034 3012 3205 3011 3607 3065 2846 3292 3306 3409 3719 2888 3272 3128 3604 3435 2752 3234 3083 2951 3065 2768 3318 3240 3218
3430 3523 3344 3527 3362 3710 2933 3313 3413 3567 3110 3455 2961 3618 3426 3427 3716 3332 3646 3459 3303 3108 3329 3341 3294 3392 3182 3049 3121 3659 3180 3317 3305 3371 3231 2942 3585 3308 3462 3243 3652 3721 3280 3511 3417 3690 3409 3302 3566 3828 3220 3295 3395 3692 3105 3089 3325 3239 3484 3452 3399 3544 3161 3315 3419 3249 3798 3326 3487 3234 3016 3078 3146 3048 3254 3158 3347 3310 3786 3175 3428 3327 3227 3032 3581 3367 3185 3279 3052 3258 2919 2873 3408 3340 3086 3422 3246 3421 2819 3340 2955 3232 3663 2935 2952 3434 3328 3526 3419 2974 3279 3480 3593 3623 2971 3332 3403 3533 3499 3073 3249 3242 3131 3259 3135 3217 3228 3258
3098 3254 2982 3429 2923 3241 2984 2975 3450 3138 3082 3538 2747 3307 3193 3318 3350 3039 3351 3398 3269 2924 3040 3247 3332 3073 2896 3169 3022 3379 3075 2991 3081 3008 3154 2724 3465 3040 3309 3164 3310 3495 3114 3264 3105 3434 3042 3008 3367 3558 3124 3172 3205 3423 3002 2964 3182 3159 3083 2804 3029 3539 2904 3004 3152 3145 3360 2930 3384 2999 2948 2977 3086 2838 3202 2833 2994 2951 3565 3087 2867 3175 3131 2780 3089 3211 3267 3324 2747 3160 2858 2648 3216 2880 2854 3128 2993 3104 2748 3079 2673 3291 3367 2776 2839 3171 3127 3464 3129 2883 3148 3088 3402 3602 2779 3002 3124 3512 3394 2720 3042 2940 2776 3161 2753 3081 3027 3104
Total Multiplications (Strassen's): 823543

Matrix Pair 16:
Dimensions: 256x256
Ordinary Multiplication Result (Time: 2.111983 seconds):
6352 6470 6345 6066 6327 6872 7073 6767 5731 6577 6101 6686 6439 6502 6462 6460 6664 6468 6219 6365 6190 6590 6841 6378 6442 6255 5862 6069 6317 6367 6528 6619 6639 6539 6075 6373 6684 6782 6605 6623 6654 6384 6273 6334 6521 6096 6898 6604 6339 6641 6560 6446 6144 5790 6000 6414 6388 6604 5860 6641 6024 6444 5852 5853 6072 6479 5776 6392 5384 6001 6127 6397 6289 5790 5647 6621 6857 6866 6381 6537 6175 6074 6031 6328 6202 6778 6298 6379 5431 5983 6378 6421 5988 6739 6246 6194 6455 6207 6175 6449 6742 6480 6255 6437 6733 5829 6353 6030 5835 5923 6428 6687 7106 6361 6060 6143 6352 5998 6766 6196 6413 6144 6631 6160 6512 6894 6530 6626 6201 6077 6152 6201 5836 6737 5706 6106 6587 6183 6284 6286 5426 6852 6709 6501 5606 6104 6375 6314 5897 6700 6202 6471 6125 5755 6413 6472 6464 6533 5926 6068 6766 6184 6443 6100 6500 6420 6251 6284 5844 6523 6155 6435 6443 6715 6033 6598 5872 6727 6491 6811 6228 6038 6576 6432 6087 5995 6901 6398 6335 6281 6626 6404 7048 6486 6044 6082 6809 6298 6111 6444 6516 6692 6177 6194 6320 6080 6040 6174 6581 5931 6170 6507 6732 5992 6135 5937 6820 6077 6624 6348 6294 6674 6409 6336 6706 6692 5780 5940 6053 6429 6638 6278 6921 6812 6873 6569 5669 5775 6030 6429 6214 6298 6411 6627 7068 6205 6191 6348 6129 5956 5993 6530 5694 5875 6424 6525
6526 6549 6525 6119 6335 6352 6845 6915 6299 6589 6604 6940 6225 6744 6435 6574 6649 6619 6404 6724 6265 6586 6864 6652 6488 6508 5977 6775 6528 6156 6355 6888 6832 6607 6382 6370 6794 7129 6619 6478 6528 6554 6739 6603 6426 6451 6542 6545 6588 6876 6576 6665 6001 6043 6389 6570 6672 6765 5801 6875 6250 6859 6162 6061 6365 6252 6125 6496 5873 6410 6432 6832 6357 6075 6196 6879 6708 6845 6655 6715 6347 6400 6112 6183 6311 7135 6154 6520 5994 6206 6337 6710 5941 6774 6217 6235 6719 6249 6235 6514 7082 6470 6075 6175 7217 6106 6401 6289 6407 6323 6576 6434 6989 6767 5827 6313 6663 6474 6517 6381 6616 6207 6562 5892 6307 7107 6616 7040 6413 6256 6397 6692 6351 6485 5927 5739 6504 6474 6345 6376 5634 7056 6836 6595 6016 6233 6170 6386 5838 6687 5824 6730 5912 6234 6648 6064 6561 6841 6182 6250 6937 6054 6245 6519 6425 6253 5897 6664 5857 6808 6643 6603 6744 6705 6048 6441 6195 6708 6578 6657 6465 6244 6604 6418 6301 6312 6905 6389 6320 6559 6145 6399 7142 6571 5983 6251 6774 6590 6144 6233 6863 6576 6451 6171 6487 6146 6426 6275 7038 6406 6185 6363 6487 6507 6466 5841 6841 6086 6743 6770 6787 6608 6720 6239 6686 6591 6100 6040 5950 6326 6789 6070 7032 6564 6711 6971 6193 5803 6085 6467 6601 6516 6756 7037 7204 6320 6296 6209 6227 6465 6332 6345 6170 6041 6820 6611
7084 7108 6910 6389 6967 6840 7107 6862 6749 6841 6656 7182 6436 7061 6825 6595 6945 6693 6949 6994 6213 7056 7131 6469 7160 6742 6122 6700 6876 6510 7060 7190 6940 7043 6426 6822 7165 7203 7441 6837 7150 7016 6668 6471 6731 7011 7125 6959 7091 7037 6976 6813 6203 6044 6509 6672 7016 7150 6475 7220 6801 6833 6513 6419 6765 6596 6268 7058 6273 6785 6854 6798 6771 6364 6404 7037 7345 6769 6819 7363 6527 6898 7295 6591 6872 7396 6687 6792 6466 6356 6749 7054 6528 6883 6403 6868 7213 6835 6595 6579 7409 6757 7295 6983 7214 6638 6491 6536 6614 6701 6689 7187 7274 6824 6576 6773 6841 6657 6806 6732 6853 6820 6942 6330 6687 7188 6883 6874 6738 7282 6469 7062 6576 7043 6405 6705 7267 6618 6546 6834 6114 7290 7267 7138 6386 6413 6799 6892 6658 7535 6581 6837 6405 6805 7116 6760 7014 7033 6878 6644 7180 6542 6840 6759 6875 6692 6813 6828 6682 7251 7139 6788 6866 6811 6763 7285 6235 6929 6909 6940 6835 6500 6446 6890 6531 6498 7075 6924 6258 6559 6817 6895 7237 6801 6337 6738 6810 6840 6840 6570 7015 7342 6596 6694 7261 6596 6392 6872 7016 6649 6405 7221 7195 6781 6687 6469 7110 6588 7523 6695 6769 6875 6962 6671 6898 7031 6287 6603 6816 6952 7096 6498 7366 6899 6904 6774 6757 6197 6561 6994 7317 7008 6685 7046 7549 6695 6798 6892 6789 6305 6271 7063 6254 6395 7210 6854
6955 6640 6549 6498 6237 6618 6691 6698 5994 6863 6758 6744 6279 6836 6723 6409 6730 6449 6693 6468 6359 6618 7356 6167 7001 6599 5995 6721 6959 6159 6752 6924 6775 6879 6373 6717 6648 7116 6969 6619 6626 6894 6617 6148 6616 6181 6670 6607 6929 6674 6690 6818 5725 5948 6264 6273 6741 6971 5956 6948 6353 6661 6244 5863 6247 6810 6201 6679 5985 6380 6451 6720 6613 6416 6237 6618 6801 7135 6840 7149 6174 6545 6523 6352 6533 7045 6357 6496 5915 5854 6961 6559 6354 6557 6394 6312 7255 6132 6021 6511 7168 6727 6744 6732 6708 6249 6671 6206 6280 6209 6516 6799 6717 6741 6262 6416 6473 6497 6337 6298 6422 6565 6667 5809 6228 6567 6751 6791 6544 6322 6221 6385 6201 6496 6245 6644 6919 6614 6149 6224 5734 7213 6739 6803 6344 6339 6529 6528 6040 6753 6355 6411 6119 6658 6627 6534 6371 6887 6366 6318 6520 6424 6515 6650 6711 6380 6164 6511 6314 6621 7040 6325 6943 6501 6175 6622 5838 6902 6650 6499 6343 6309 6013 6631 6000 6133 7101 6421 6337 6436 6484 6448 6936 6776 6212 6492 6718 6670 6405 6292 6833 6877 6118 6106 6973 6128 5829 6236 6910 6556 6410 6645 6644 6461 6414 5986 6746 5965 7011 6502 6322 6528 6436 6564 6537 6851 6218 6128 6352 6565 6622 6250 7046 6602 6561 7165 6270 5812 6325 6462 6421 6698 6535 6915 7385 6290 6391 6487 6660 6472 6320 6973 6054 6003 6647 6915
6703 6919 6524 6380 6305 6565 6985 6644 6018 6496 6767 6602 6460 6773 6674 6659 6680 6410 6797 6735 6138 6482 7157 6213 6762 6254 6034 6599 6843 6258 6846 6772 6876 6510 6477 6478 6544 6753 7091 6761 6661 6643 6331 6331 6715 6345 6817 6528 6765 6409 6499 6625 5928 5840 6082 6564 6746 6747 6167 6898 6453 6660 5997 6061 5983 6639 6277 6545 6235 6097 6463 6501 6837 6181 6102 6922 6702 6807 6354 6863 6334 6319 6589 6463 6629 7167 6122 6554 5857 5997 6368 6538 6141 6636 6031 6438 6594 6238 6074 6213 6892 6622 6659 6285 7010 6291 6501 6025 6309 6239 6415 6416 7050 6504 6266 6079 6270 6430 6826 6184 6639 6465 6848 5905 6352 7001 7016 6597 6626 6440 6422 6280 6371 6683 6180 6454 6558 6412 6212 6470 5860 7133 7092 6367 5949 6310 6731 6702 6300 6570 6043 6531 6501 6236 6833 6783 6821 6637 6533 6477 6684 6437 6359 6462 6837 6617 6295 6491 6250 6751 6957 6431 6858 6490 6297 6361 5672 6716 6467 6667 6684 6126 6174 6458 5861 6055 6864 6327 6457 6596 6441 6386 7077 6424 6116 6173 6725 6817 6398 6239 6707 7282 6304 6257 6751 6241 6101 6398 6862 6423 6343 6752 6671 6172 6332 6029 7175 5864 6788 6487 6379 6198 6484 6238 6932 6498 6135 6258 6673 6658 6853 6134 7030 6698 6337 6656 6222 5820 6470 6763 6878 6812 6668 6925 7159 6107 6186 6433 6474 6188 6211 6696 6121 6116 6918 6637
6739 7176 6851 6385 6617 6786 7046 6740 6016 6707 6956 6638 6265 7140 6830 6517 6855 6299 6783 6859 6461 6858 7471 6339 6877 6485 5773 6556 6434 6636 6539 6804 6938 6689 6553 6750 6981 7080 7144 6766 6960 6731 6514 6473 6879 6485 6927 7075 6677 6752 6876 6623 6162 5954 6530 6645 6813 6998 6159 7102 6402 6855 6247 6391 6112 6695 6392 6754 5878 6523 6607 6955 6753 6238 6203 6994 7041 6836 6861 6922 6418 6610 6694 6801 6777 7228 6468 6547 6057 6482 6478 6830 6532 6740 6594 6454 6742 6647 6530 6404 7100 6911 6699 6613 7243 6307 6814 6242 6161 6259 6724 7015 7307 6476 6123 6319 6562 6334 6792 6597 6137 6856 6872 6407 6711 7105 6787 6687 6329 6703 6631 6650 6452 6805 6501 6434 6744 6493 6625 6599 5425 7126 7032 6567 6528 6221 6604 6699 6202 6659 6759 6879 6389 6413 6543 6478 6615 6701 6535 6526 6836 6581 6569 6620 6895 6483 6622 6826 6558 7149 7227 6548 6835 6745 6251 6653 5766 6753 6801 6787 6684 6308 6587 6607 6091 6240 6839 6547 6216 6768 6617 6730 6799 6693 6469 6243 7119 6552 6340 6437 6820 7004 6412 6637 6570 6366 6311 6720 6986 6649 6463 6769 6891 6478 6476 6208 6972 6239 6931 6651 6503 6794 6962 6558 7008 6832 6645 6403 6066 6769 6675 6423 6975 6983 6486 6961 6178 6069 6086 6537 6832 6787 6334 6857 7427 6426 6693 6409 6667 6432 6460 6680 6048 6081 7230 6548
6547 6741 6600 6162 6343 6623 6973 6643 5971 6342 6639 6432 5925 6615 6622 6540 6811 6341 6592 6388 6323 6668 6793 6576 6694 6491 6135 6642 6878 6514 6846 6982 6558 6864 6322 6285 6461 6993 6939 6502 6688 6834 6635 6134 6563 6351 6519 6898 6509 6560 6432 6643 5658 5747 6218 6187 6737 6773 5962 6954 6077 6640 5598 6342 6337 6515 6226 6601 6013 6283 6670 6422 6575 6322 6168 6986 6567 6833 6482 7064 6142 6260 6534 6446 6581 7218 6127 6432 5902 6280 6109 6430 6170 6646 6128 6612 6694 6454 6105 6073 7000 6363 6467 6711 6904 6319 6472 6477 6262 6482 6640 6434 6605 6513 5906 6280 6535 6286 6580 5970 6518 6493 6527 6229 6245 6981 6416 6788 6332 6396 6351 6273 6385 6547 6332 6436 6734 6501 6174 6367 5920 6828 6762 6735 6091 6394 6453 6330 6214 6817 6142 6563 6089 6207 6859 6422 6258 6725 6222 6254 6522 6317 6417 6344 6685 6566 6236 6684 6121 6901 6771 6453 6667 6513 5939 6699 6285 6891 6384 6379 6888 6265 6216 6403 6184 6286 7235 6273 6410 6498 6220 6236 6511 6397 6213 6309 6794 6693 6216 6362 6510 7126 6338 6350 6437 6648 5959 6114 6831 6494 6320 6733 6623 6491 6249 5783 6635 6141 6795 6784 6436 6402 6210 6337 6820 6284 6308 6385 6321 6479 6723 6280 7006 7041 6598 6842 6185 5760 5754 6284 6842 6672 6525 6467 7472 6242 6280 6217 6527 6243 6103 6673 5975 6007 7012 6837
6321 6368 6313 6041 6234 6302 6510 6532 5448 6129 6354 6195 5823 6654 6258 5906 6422 6031 6322 6368 5993 6087 6616 5943 6207 6354 5291 6043 6236 5931 6239 6443 6232 6527 6090 5999 6233 6575 6394 6172 6658 6277 6215 5650 6274 6059 6599 6460 6214 6243 6077 6230 5670 5555 5928 6091 6486 6544 5739 6499 5940 6544 5608 5677 6001 6196 5548 6227 5627 6010 5977 6094 5925 5454 5979 6237 6395 6463 6147 6535 5896 6035 5993 5836 6122 6816 6017 6396 5873 5871 6170 6328 5700 6141 6065 6054 6487 6208 5969 6085 6763 6478 6245 6292 6644 6069 6076 5736 6246 6394 6289 6230 6574 6022 5781 5686 6076 6171 6007 6123 5983 5949 6036 5948 5902 6649 6106 6052 5889 6036 6019 6131 6008 6038 5597 6132 6531 6125 5969 5797 5588 6908 6668 6227 5655 5697 6076 6093 5846 6790 5884 6186 5896 6362 6101 6186 6251 6508 6210 6253 6401 5990 6187 6455 6510 5733 6091 6371 5665 6397 6426 6173 6382 6417 5821 6408 5866 6406 6109 5945 6161 5667 6135 5819 6060 5997 6210 5908 6014 6166 6259 6098 6450 6044 5930 6159 6270 5976 6037 5952 6184 6788 5952 5954 6371 5780 5711 5791 6498 6528 6136 6089 6134 6189 6187 5592 6367 5830 6835 6032 6026 6353 6327 6177 6451 6006 5835 6039 5990 6401 6377 5830 6758 6590 6201 6463 5958 5278 5720 6244 6486 6188 6231 6187 7126 6108 5832 6197 5883 5997 5700 6219 5783 5526 6706 6487
6481 6719 6509 6370 6229 6213 6745 6296 5778 6553 6202 6278 5891 6390 6396 6414 6252 6072 6558 6603 6085 6673 6947 6385 6725 6223 5621 6244 6529 6260 6438 6513 6352 6618 6260 6184 6431 6900 6950 6268 6846 6453 6123 6385 6433 6171 6401 6772 6461 6330 6444 6345 5765 5509 6064 6104 6641 6868 6031 7038 6145 6620 5913 6224 6521 6450 6241 6581 5856 6310 6468 6343 6602 6283 6319 6633 6388 6708 6372 6561 6372 6407 6766 6328 6442 7199 6087 6146 5669 6107 6121 6516 5918 6474 6162 6300 6427 6070 6073 6174 6815 6292 6258 6476 6820 6031 6119 5903 6150 6264 6337 6621 6800 6001 6139 6115 6358 5933 6307 6236 6206 6368 6304 5879 6024 7081 6489 6428 6458 6656 5929 6436 6099 6382 6086 6210 6602 6410 6686 6150 5687 7042 6800 6615 5894 6222 6319 5929 6102 6724 6071 6671 6093 6072 6393 6716 6411 6476 6204 6128 6679 6102 6487 6477 6325 6181 5854 6490 6106 6757 6779 6456 6530 6693 6137 6177 5981 6107 6336 6739 6774 5984 6022 6622 6058 5933 6464 6576 5612 6225 6260 6170 6466 6545 6144 6182 6425 6632 6542 6334 6645 6807 6085 6136 6574 5993 5969 6253 6765 6214 6352 6476 6254 6086 6265 6245 6498 6164 6671 6198 6316 6654 6687 6041 6713 6469 6020 5916 6290 6254 6367 6078 6897 6770 6698 6573 6211 6048 5653 6239 6999 6575 6385 6588 7340 6284 6329 6272 6448 6205 5674 6238 6093 5953 6987 6353
6241 6280 5959 6138 5825 6017 6415 6193 5649 6038 6080 6333 5592 6178 6281 6064 6250 6015 6107 6334 5828 6251 6485 5716 6112 5897 5431 6213 6228 6072 6332 6586 6041 6582 5969 6253 6292 6476 6605 6306 6475 6091 6132 5668 6017 6097 6156 6363 6394 6108 6181 6277 5549 5473 5818 6056 6488 6479 5429 6836 5880 6405 5722 5561 6019 5905 5912 6196 5428 5948 5977 6076 6044 6091 5809 6390 6022 6690 6245 6431 5710 5864 6180 6032 6125 6810 5828 5859 5437 5877 5944 5918 5792 6241 5806 5970 6395 5678 6036 5978 6559 6070 5892 6317 6373 5893 6080 5776 5900 5706 6164 6129 6749 6474 5762 5968 6046 5620 6121 6034 6094 5766 6489 5744 6008 6621 6230 6413 6094 5757 5417 5729 5847 6338 5700 5763 6069 5755 5765 5658 5266 6389 6549 6084 5584 5887 5885 6082 5904 6580 5752 6189 5647 5755 6412 6316 6235 6354 6470 6278 6250 5741 5965 6135 6130 6211 5860 6281 5805 6387 6826 5908 6339 6135 5763 6112 5611 6597 5970 6217 5803 5895 5853 6071 5711 5926 6499 5677 5966 5931 6032 5876 6413 5932 5760 5772 5981 6029 5976 6191 6319 6568 5487 5893 6372 5809 5694 6116 6422 6239 6208 6009 6205 5696 6190 5616 6431 5776 6302 6310 6206 6378 6104 6300 6222 6043 6073 5702 5964 6340 6189 5632 6511 6381 6244 6225 6045 5165 5946 5912 6395 6128 6200 6231 6675 5779 5788 6039 6028 5661 5824 6206 5317 5695 6491 6249
6369 6515 6426 6122 6118 6269 6471 6236 5623 6325 6074 6103 6123 6178 6365 6155 6346 6076 6248 6537 5627 6536 6664 5869 6144 5999 5805 6031 6212 6147 6375 6635 6295 6266 6058 6245 6179 6653 6942 6190 6414 6442 6251 5932 6325 5718 6206 6527 6435 6257 6250 6214 5883 5693 6053 6296 6480 6459 5694 6443 5885 6272 5839 6015 5766 6329 5823 6440 5610 6028 6225 6559 6263 5934 5811 6526 6229 6793 6167 6513 6395 6174 6016 6564 6488 6747 5940 6033 5295 6047 5999 6316 6209 6515 5766 6156 6544 6173 6244 6212 6874 6457 6262 6199 6745 6190 6618 5906 6032 6325 6438 6262 6844 6191 6017 6114 5974 5932 6564 6054 6030 6458 6669 5618 6466 6596 6426 6644 6125 6522 6128 6307 6239 6249 5963 6084 6402 5944 6090 6490 5447 6682 6598 6697 5776 6327 6129 6352 6148 6619 6053 6731 6171 6112 6401 6190 6113 6432 6110 6400 6325 6021 6059 6121 6453 6519 5969 6395 6278 6457 6907 6068 6269 6434 5884 6043 5885 6477 6218 6456 6471 5906 6138 6107 6044 5678 6394 6313 6187 6093 5863 6168 6749 6300 5620 5522 6362 6165 5954 6272 6362 6687 6066 6291 6809 5858 5889 6174 6836 6538 6292 6469 6712 5967 6388 5724 6349 5810 6473 5977 6018 6206 6216 6097 6607 6397 6273 5848 6265 6187 6615 5712 6428 6685 6434 6662 5945 5683 6297 6332 6518 6417 6063 6292 7175 5928 6226 5868 6155 6174 6134 6479 5682 5761 6436 6307
6268 6326 6641 6289 6351 6651 6808 6725 6019 6318 6398 6362 6208 6674 6358 6386 6667 6273 6499 6851 6246 6527 6683 6117 6515 6568 5911 6070 6513 6276 6691 6813 6371 6397 6361 6349 6512 6925 6836 6581 6527 6400 6386 6345 6206 6335 6547 6686 6514 6479 6263 6740 6123 5706 6422 6193 6407 6843 5665 6964 6247 6485 6192 6291 6384 6405 6253 6248 6302 5945 6899 6397 6570 6067 5726 6717 6621 6851 6368 6574 6152 6160 6291 6422 6537 7093 5753 6463 5505 6166 6593 6333 6219 6364 6047 6168 6895 6426 6148 6219 7002 6353 6231 6196 7067 6069 6674 6006 6152 6075 6706 6465 6863 6541 6210 6470 6489 6402 6408 6139 6650 6481 6851 6055 6248 6888 6790 6818 6340 6258 6305 6163 6077 6700 6005 6170 6491 6540 6161 6657 5857 6952 7034 6614 6011 6367 6346 6215 6090 6284 5939 6403 6031 6136 6367 6527 6450 6732 5934 6416 6583 6164 6336 6151 6797 6250 6262 6680 6083 6791 6657 6311 6984 6364 6060 6332 6238 6763 6369 6529 6638 6129 6414 6110 5954 6198 6757 6068 6312 6368 6096 6381 6842 6678 6095 6262 6396 6314 5966 6258 6422 6878 5861 6247 6673 6010 5928 6402 6948 6606 6653 6462 6463 6417 6137 6229 6871 6155 6633 6329 6366 6606 6376 6563 6668 6502 6327 6052 6174 6681 6398 6345 7029 6689 6392 6458 6218 5616 6180 6350 6650 6646 6340 6711 6993 6097 6264 6093 6464 6361 6155 6483 6141 5787 6834 6811
6598 6861 6483 6409 6188 6573 7063 6885 5611 6695 6616 6409 5870 6938 6833 6306 6280 6191 6699 6773 6138 6876 6795 6047 6749 6500 5808 6483 6387 6603 7001 6593 6770 6703 6078 6252 6842 7261 7122 6341 6944 6499 6588 6169 6584 6148 6800 6470 6592 6579 6462 6375 5902 5923 6288 5955 6633 7067 5995 6595 6561 6707 5999 6258 6206 6527 6135 6647 6067 6262 6772 6637 6547 5967 6093 6921 6905 6574 6375 6628 5991 6399 6702 6357 6734 7045 6335 6361 5722 5970 6789 6476 6146 6532 6094 6633 6728 6250 6075 6190 6996 6792 6029 6331 6932 6193 6644 6263 5958 6300 6647 6682 6503 6750 6360 6289 6589 6604 6505 6298 6217 6627 6581 6045 6099 6859 6925 6913 6590 6461 6368 6210 5995 6343 6084 6804 6512 6203 6003 6481 5866 7216 6880 6696 5811 6318 6526 6260 5903 6802 6082 6552 6090 6295 6649 6733 6726 6711 6104 6488 6572 6250 6304 6748 6765 6224 6571 6378 6321 6841 6369 6392 6902 6748 6289 6580 5865 6780 6646 6655 6907 6163 6349 6346 6292 6245 6455 6361 6444 6269 6286 6463 7040 6323 6172 6168 6506 6384 5933 6235 6536 6803 5982 6409 6672 6297 5771 6100 6604 6345 6348 6789 6378 6221 5748 6139 7140 6333 6871 6316 6377 6343 6472 6496 6808 6822 6279 6074 6059 6643 6864 6008 7011 6565 6316 6692 6187 5879 5952 6492 6766 6589 6299 6993 7251 5857 6498 6688 6611 6141 6300 6734 5867 5890 6837 6741
6694 6607 7029 6490 6586 6889 6847 6690 6334 6831 6904 6300 6378 6776 6616 6617 6577 6562 6803 6781 6187 6749 7189 6270 6504 6765 5884 6428 6741 6173 6949 6847 6538 6988 6608 6753 6829 7277 7139 6863 6751 6933 6535 6367 6423 6558 6457 6774 6680 6770 6616 7247 6275 6167 6385 6324 6459 6898 6020 7104 6540 6604 6287 6081 6348 7020 6275 6679 6230 6498 6452 6854 6690 6181 6091 6969 6432 6854 6550 6948 6087 6422 6640 6670 6638 6941 6428 6378 5864 6084 6567 6935 6342 6733 6511 6274 6909 6401 6501 5922 7119 6458 6238 6531 7083 6256 6451 5958 6467 6664 6634 6740 6636 6547 5902 6114 6719 6288 6483 6288 6997 6763 6413 6071 6146 6821 6592 6908 6709 6419 6308 6460 6554 6670 6416 6233 6840 6613 6289 6713 5797 7269 6898 6754 5799 6263 6815 6554 6151 6746 6159 6711 6527 6602 6811 6657 6882 6776 6515 6842 6676 6435 6709 6681 6758 6528 6221 6626 6460 6933 6703 6828 6888 7105 6551 6848 6102 6885 6457 6622 6467 6344 6509 6416 6248 6459 6724 6569 6333 6375 6640 6620 7366 6891 6295 6492 7235 6575 6434 6296 6921 6969 6276 5857 7062 6152 5801 6772 7399 6894 6641 6661 6709 6219 6611 6061 6797 6339 6704 6623 6644 6988 7055 6380 6716 6450 6443 6207 6374 6716 6831 6555 7061 7025 6333 6545 6092 5694 6328 6648 6912 6663 6491 7018 7595 6322 6570 6746 6698 6604 6606 6875 6160 5945 7061 6795
6654 6749 6865 6842 6717 6949 7336 6989 6182 6857 6622 6710 6733 6911 6932 6684 6892 6696 6463 6861 6251 7000 7471 6894 7025 6794 5730 6928 6829 6517 7016 7140 7004 7227 6634 6756 7183 7467 7258 6732 7138 7016 6959 6355 6663 6548 7016 7128 6820 7362 6860 6937 6257 6084 6661 6803 6805 7481 6329 7200 6344 6672 6085 6142 6287 6641 6400 7034 6054 6514 6722 6865 6979 6583 6393 7161 6704 6991 6681 6934 6648 6689 6976 6730 6920 7366 6633 6581 6092 6456 6610 7041 6244 6925 6664 6737 7115 6518 6686 6477 7152 6616 6667 6985 7274 6427 6979 6094 6794 6853 7000 7041 7326 7028 6575 6815 6652 6660 6950 6703 6790 6897 7045 6262 6756 7655 7057 6985 6815 6811 6879 6923 6439 6683 6485 6882 7096 6787 6485 6657 5995 7351 7570 6877 6216 6574 6771 6642 6793 6686 6547 7032 6498 6686 7052 6797 6981 6897 6787 6801 6844 6375 6786 6822 6814 6438 6778 6938 6479 6784 7239 6586 6930 7024 6284 6782 5830 6957 6825 6587 6881 6447 6456 6867 6325 6474 7180 6633 6574 6566 6429 6556 7449 6968 6498 6620 7280 6610 6582 6911 7159 7097 6376 6314 7135 6487 6379 6674 7314 6685 6662 6607 6785 6465 6578 6201 7170 6185 7001 6818 6797 6924 6740 6670 7314 6817 6478 6316 6914 6589 7235 6128 7260 6731 6865 6888 6348 6177 6607 6778 7013 6856 7073 7449 7620 6506 6910 6563 6882 6516 6844 6841 6425 6132 6915 6743
6306 6268 6365 5915 6204 6401 6455 6445 5851 6202 6165 5710 5856 6635 6018 6081 6241 5852 6312 6205 5761 6175 6708 5876 6387 6343 5591 6192 6209 5836 6291 6237 6062 6258 5664 5924 6240 6824 6586 5999 6444 6274 6374 5863 5980 5929 6435 6596 6432 6247 6155 6097 5688 5566 5953 6075 6051 6321 5622 6520 6148 6127 5729 5565 5933 6172 5536 6176 5379 6156 5970 6209 6128 5855 6030 6207 6438 6289 6194 6340 5715 5826 6242 6339 6069 6677 5922 6167 5856 5763 5974 6134 5533 6013 6094 5968 6142 5874 5768 6070 6672 6182 6148 6044 6541 5506 6494 5862 5966 5914 6460 6300 6539 6084 5573 5630 6074 6005 6135 6053 5995 6451 6203 5818 6306 6373 6312 6508 6098 6041 6197 6045 5955 5943 6044 5963 6401 6180 6276 6023 5290 6448 6628 6273 5882 5971 6208 5869 5931 6490 5860 5922 5629 6456 6203 6048 6018 6155 5848 5973 6409 6133 6133 6094 6038 5948 6037 6358 5827 6160 6361 5960 6510 6259 5972 6103 5612 6228 6180 6366 6164 5586 6017 6046 5722 6211 6388 6370 5810 6174 6084 6018 6169 6322 5724 6073 6436 5977 5943 6297 6104 6550 5990 5950 6335 5817 5568 5899 6524 6246 6276 6470 6412 6067 5924 5743 6209 5675 6057 5850 6205 6531 6046 6131 6431 6143 5875 5732 5829 6207 6038 5765 6747 6246 6308 6564 5810 5626 5721 6053 6399 6149 5748 6307 7110 6192 6011 5841 6069 5956 5796 6332 6087 5662 6351 6499
6212 6482 6278 6589 6190 6679 6762 6729 5855 6378 6361 6388 5937 6675 6449 6087 6512 6426 6604 6607 6132 6411 6995 6185 6474 6345 5487 6458 6458 5877 6643 6759 6592 6922 6289 6377 6681 6891 6832 6551 6668 6272 6365 5873 6318 6305 6656 6550 6767 6412 6771 6280 5817 5430 6127 6282 6488 6650 5606 6773 6413 6439 5760 5821 5917 6405 5958 6537 5598 6055 6296 6322 6439 5847 6130 6755 6460 6700 6361 6570 6152 6126 6402 6170 6415 7037 6130 6152 5840 5710 6345 6659 5791 6606 5933 6374 6228 5909 6166 6092 6681 6337 5990 6413 6683 6001 6278 5886 6155 6064 6476 6457 6798 6414 6053 6051 6237 6402 6339 6355 6340 6158 6484 6083 6020 7090 6738 6561 6663 6118 5992 6429 5927 6247 6195 6517 6562 6050 6327 5955 5598 6827 6985 6296 5806 5740 6265 6497 5811 6361 6012 6701 5806 6241 6535 6415 6244 6306 6358 6347 6411 6075 6106 6666 6721 6094 6037 6160 6091 6390 6497 6376 6452 6309 5941 6358 5679 6802 6378 6411 5990 5712 5897 6215 5825 5992 6828 6246 6209 6063 6203 6159 6589 6165 5975 5964 6721 6333 6145 6450 6427 6630 6094 6207 6331 5918 6220 6210 6659 6350 6345 6625 6137 6090 5960 5667 6815 5739 6597 6558 6383 6347 6449 6273 6570 6536 5792 6320 6175 6451 6282 6106 6792 6340 6506 6673 6074 5578 5919 6276 6676 6470 6553 6519 7238 5884 6154 6316 6252 5956 6293 6139 6036 5583 6617 6555
6996 6935 7073 6502 6702 6836 7356 7079 6239 6892 6694 6908 6323 7428 6940 6853 7172 6691 6907 6956 6504 7243 7256 6652 6934 7052 5882 6910 6827 6714 7183 7154 7167 7269 6635 7041 7045 7196 7359 7101 7156 6927 6627 6544 7030 6880 7285 6958 6928 7097 6755 6801 6425 6181 6526 6755 7073 7241 6397 7277 6623 6790 6259 6513 6761 6915 6359 6742 6396 6580 6954 6784 7082 6415 6711 7530 7049 6893 6613 7008 6389 6376 6780 6661 7117 7309 6259 6648 6015 6475 6241 6423 6471 7061 6345 6617 6706 6772 6543 6652 7433 6593 6741 6864 7595 6559 6781 6441 6472 6767 7056 6671 7122 7051 6271 6534 6767 6753 6836 6473 6691 6627 6818 6366 6734 7179 6599 7096 6975 6818 6515 6644 6636 6814 6639 6762 6690 6430 6682 6890 6050 7294 7284 6923 6010 6236 6925 6580 6231 7194 6129 7218 6308 6494 6954 7078 6962 7020 6646 6687 7038 6411 6722 6964 7210 6639 6681 6992 6476 7276 7006 6680 6856 7113 6320 6971 6427 6981 6929 6945 7082 6575 6730 6842 6431 6518 7087 7010 6697 6402 6828 6720 7147 7067 6602 6545 6965 6804 6390 6699 6808 7158 6625 6553 6795 6675 6416 6576 7303 6787 6682 6894 7041 6345 6473 6292 6897 6214 7000 6460 6812 6803 7037 6677 7315 7015 6464 6370 6702 7059 7046 6613 7425 7101 7233 6765 6494 6318 6479 6611 7226 6929 6859 7107 7834 6785 6617 6740 6706 6558 6560 6977 6563 5941 7062 6938
6321 6511 6351 6170 6228 6325 7041 6387 5943 6477 6378 6461 5940 6481 6315 5973 6220 6026 6156 6544 5890 6532 6928 6207 6576 6371 5265 6081 6355 5883 6455 6529 6181 6684 6166 6299 6361 6703 6813 6307 6671 6479 6387 6102 6382 6047 6378 6485 6436 6335 6295 6214 5513 5542 6159 6317 6020 6632 5599 6537 6189 6528 6068 5876 6165 6274 5598 6786 5924 5833 6370 6288 6193 5850 5887 6437 6482 6757 6272 6792 6139 6248 6140 6171 6329 6922 6136 6145 5869 5924 6069 6133 6251 6481 5717 6132 6849 6072 6274 6075 6609 6203 6182 6390 6816 6143 6022 5737 6030 6124 6123 6296 6634 6735 6129 6315 6332 6165 6255 5814 6280 6152 6462 5854 6028 6866 6287 6492 6219 6576 5748 6224 5990 6447 5912 6254 6642 6021 6113 6259 5520 6720 6578 6536 5763 5919 6097 6282 5876 6531 6142 6255 6114 6292 6421 6521 6556 6796 6067 6213 6345 6083 5972 5961 6410 6218 5771 6356 6245 6643 6574 6292 6428 6554 5878 6438 5740 6855 6178 6276 6256 6026 5951 6146 6002 5958 6370 6122 6178 5938 6405 6314 6423 6381 5850 5896 6196 6303 5898 6129 6771 6721 5785 6237 6482 5819 5785 6245 6520 6315 6191 6283 6430 5960 6095 5842 6731 5999 6590 6203 6214 6009 6346 6043 6391 6281 5910 5790 5993 6335 6541 6227 6704 6568 6313 6408 6173 5604 5988 6361 6595 6648 6226 6611 6897 6178 6297 6241 6243 5935 5615 6369 5684 5565 6748 6347
6821 6634 6592 6378 6296 6531 6777 6746 5902 6810 6717 6904 6242 6918 6625 6787 6825 6289 6297 6597 6258 6971 7310 6373 7020 6643 6035 6072 6392 6420 6796 6623 6727 6678 6399 6686 6682 7033 6836 6650 6761 6726 6372 6425 6385 6331 6528 6825 6917 6838 6458 6735 6275 5936 6413 6390 6552 7394 6062 6976 6489 6527 6348 6039 6195 6676 6168 6479 5734 6439 6547 6626 6610 6124 6081 6791 6699 6986 6383 6574 6247 6514 6475 6765 6640 7099 6428 6637 5980 6186 6382 6324 6208 6754 6399 6769 6853 6550 6467 6385 7249 6509 6599 6477 7176 6664 6641 6254 6270 6778 6742 6708 7027 6628 6411 6315 6416 6498 6581 6229 6370 6570 6669 5925 6426 6997 6813 6848 6474 6463 6317 6405 6420 6515 6240 6442 6757 6333 6160 6457 5746 7024 7047 6837 6053 6152 6420 6464 5853 6598 6450 6722 6343 6446 6916 6636 6504 6574 6471 6605 6626 6175 6498 6541 7042 6404 6047 6854 6284 6862 6680 6398 6734 6548 6273 6616 6000 6903 6708 6510 6502 6172 6341 6480 6231 6051 6727 6780 6304 6568 6565 6409 7109 6497 6124 6543 6652 6599 6187 6521 6789 6785 6130 6403 6618 6382 6318 6568 7100 6283 6576 6772 6742 6566 6690 6610 6917 6136 6931 6480 6145 6520 6440 6421 6961 6815 6200 5945 6297 6639 6796 6456 7115 6927 6438 6555 6290 5991 6361 6703 7104 6441 6235 6973 7133 6351 6555 6755 6579 6378 6363 6319 5656 6109 6739 6788
6769 6641 6695 6407 6417 6666 7034 6833 6029 6550 6805 6605 6267 6744 6920 6500 6607 6591 6209 6813 6483 7146 7191 6293 7160 6603 5876 6819 6633 6357 6671 6810 6838 6929 6605 6599 6777 6919 7366 6993 6945 6924 6463 6409 6803 6418 7032 6826 6689 6778 6650 6765 6192 5901 6203 6629 6788 6930 6254 7107 6283 6584 5794 6237 6020 6817 6368 7019 5879 6372 6366 6963 6988 6157 6300 6953 6781 6782 6892 6943 6486 6526 6544 6418 6924 7014 6169 6523 5845 6262 6426 6888 6294 6936 6593 6345 6910 6430 6289 6382 7248 6845 6594 6752 6859 6451 6347 5976 6553 6667 6542 6827 7146 6840 6128 6340 6567 6421 6670 6330 6637 6338 6668 6268 6598 7032 6820 6721 6538 6441 6445 6228 6361 6872 6207 6321 6760 6432 6484 6247 5520 7120 6756 6895 6154 6328 6516 6494 6383 6667 6229 6365 6389 6556 6546 6602 6776 6476 6651 6400 6799 6152 6525 6600 6271 6337 6497 6667 6378 6607 6759 6356 6706 6663 6485 6612 5939 6933 6556 6805 6549 6247 6588 6710 6390 6032 7001 6466 6446 6240 6596 6507 7181 6697 6551 6498 6707 6788 6430 6733 6771 6997 6353 6074 6867 6272 5957 6598 7054 6443 6326 6629 6582 6276 6555 6102 7064 6223 6821 6611 6248 6613 6462 6331 7065 6566 6494 6303 6269 6387 6865 6544 7208 6806 6610 6871 5982 5936 6120 6542 6661 6733 6814 6948 7420 6533 6371 6588 6656 6437 6373 6656 5941 6039 6740 6780
6591 6474 6332 6094 6097 6194 6839 6579 5800 6268 6293 5819 5643 6969 6261 6080 6318 5920 6433 6640 5548 6444 6299 6215 6468 6362 5620 5986 6484 6204 6628 6579 6293 6255 6308 6118 6231 6774 6699 6295 6331 6307 6035 6059 6265 6166 6581 6667 6692 6398 6530 6320 5616 5698 6032 6090 6388 6755 5713 6425 6019 6701 5849 5844 5954 6220 6002 6262 5861 6090 6233 6177 6571 6101 5819 6629 6634 6575 5949 6585 5803 6344 6630 6481 6362 6819 5937 6062 5608 6028 5974 6158 6000 6157 5942 6828 6580 5951 5987 6142 6903 6180 6209 6170 6328 5925 6347 5962 5932 6426 6325 6248 6492 6245 5693 5996 6214 6227 6297 6122 6353 6141 6337 5815 6056 6596 6425 6411 6373 5949 5903 5925 5968 6360 5808 5942 6362 6076 6325 6013 5497 6732 6515 6486 6081 6233 6491 6194 6047 6281 5937 6372 6268 6256 6651 6366 6361 6277 6140 6126 6798 6113 5954 6145 5965 6157 6292 6272 5994 6579 6377 6146 6453 6163 5936 6529 5666 6077 5893 6078 6148 5724 5761 5672 5912 6070 6519 6138 6233 5847 6317 6323 6410 5965 6090 6231 6309 6463 5698 6312 6449 6916 5526 6130 6270 5727 5626 6323 6646 6057 5872 6197 6311 6199 5944 5893 6662 5806 6779 6470 5987 6375 6147 6338 6532 6477 5802 5921 5869 6405 6319 5900 6890 6708 6119 6659 6280 5539 6116 6143 6507 6066 5964 6437 6594 5794 6012 6149 6198 6123 5818 6382 5868 5854 6495 6732
7198 7165 6828 6671 6548 7014 7252 7340 6312 6812 6845 6672 6481 6995 6628 6688 7020 6709 6942 6717 6560 7016 7491 6572 7017 6380 6497 6790 6984 6571 7158 7102 6792 7138 6604 6597 7132 7176 7192 6743 7270 6862 6850 6272 6848 6654 7039 6965 7020 7067 6866 6905 6146 6216 6451 6749 7120 7390 6297 6873 6639 7103 6196 6441 6373 6796 6478 7110 6173 6335 6642 6774 6731 6551 6333 7076 7133 6935 6931 7140 6470 6613 6536 6904 6389 7279 6710 6739 6231 6306 6658 6826 6573 6667 6267 6927 7154 6697 6656 6359 7305 6793 6957 6639 7227 6463 6642 6553 6317 6736 7048 7201 6993 6928 6250 6781 6826 6751 6866 6821 6822 6652 6833 6122 6501 7213 7161 6913 6756 6364 6505 6458 6300 6831 6349 6811 6760 6493 6392 6699 6131 7559 7065 6818 6444 6464 6888 6696 6496 7069 6326 6930 6249 6648 7018 6760 7053 7079 6586 6936 6859 6544 6761 6866 7000 6695 6588 6718 6379 7137 6813 6910 6934 6952 6741 7034 6327 6829 6681 6747 6781 6753 6608 6381 6146 6442 7004 6414 6717 6615 6610 6796 7233 6728 6490 6502 6985 6874 6495 6899 6725 7378 6420 6353 6984 6344 6217 6675 7222 6781 6660 6983 6681 6686 6594 6270 7179 6139 7065 7112 6536 6741 6748 6963 7311 7161 6489 6545 6425 6841 7042 6395 7439 7028 6590 7262 6508 6280 6296 6813 7210 6584 7085 7012 7669 6563 6665 6526 6728 6734 6398 7234 6326 6276 7077 6866
6688 6501 6833 6113 6584 6793 6919 6607 6182 6545 6629 6421 5946 6974 6570 6551 6530 6461 6612 6887 6122 6511 6970 6228 6644 6476 5724 6065 6766 6301 6524 6752 6604 6637 6355 6519 6643 7118 6849 6505 6643 6678 6402 6350 6443 6376 6742 6473 6650 6506 6663 6611 5766 5855 6048 6490 6668 7005 6040 7118 6187 6817 5840 6312 6065 6525 5923 6389 5847 6324 6356 6317 6562 5792 6126 6934 6742 6995 6503 6929 6316 6486 6785 6317 6542 7062 6360 6126 5888 6297 6600 6429 6335 6545 6361 6536 6543 6362 6382 6393 7086 6405 6461 6379 6969 6302 6639 6287 6320 6305 6521 6443 6876 6474 6219 6110 6365 6291 6386 6331 6260 6636 6745 6005 6230 7097 6778 6357 6320 6446 6056 6303 6065 6572 6406 6389 6494 6403 6198 6149 5790 7110 7076 6852 5929 6000 6678 6253 5931 6865 6035 6496 6404 6334 6664 6480 6868 6672 6138 6165 6706 6184 6251 6601 6736 6337 6278 6734 6153 6805 6486 6489 6632 6618 6378 6983 5925 7092 6455 6604 6794 6067 6356 6413 6366 6418 6831 6381 6152 6588 6351 6403 6852 6560 6159 6488 6580 6311 6455 6473 6770 7241 6283 6266 6593 6449 5890 6020 6813 6612 6519 6254 6562 6530 6060 5717 6835 6168 6990 6404 6345 6470 6641 6380 6886 6545 5984 6103 6327 6352 6766 6105 6836 6570 6865 6363 6071 5963 6000 6148 6554 6706 6471 6780 7140 6375 6467 6421 6098 5919 6116 6464 6188 6071 6915 6804
6171 6174 6717 6313 6120 6340 6580 6569 6032 6289 6528 6534 6005 6518 6167 6101 6383 6328 6501 6569 6371 6349 6497 6093 6617 6406 5582 6411 6392 6139 6302 6479 6460 6273 6291 6575 6454 7079 6757 6430 6711 6576 6258 6210 6538 6259 6570 6602 6275 6560 6298 6483 6203 5677 6021 6186 6563 7152 5922 6664 6052 6425 5755 6148 5748 6068 6033 6036 5489 6460 6491 6282 6284 5840 5783 6767 6673 6828 6353 6532 5960 6084 6233 6284 6412 6618 5966 6227 5760 5846 6098 6496 5924 6323 6071 6485 6515 6256 6073 6413 7010 6466 6270 6449 6469 6028 6289 5847 6042 5980 6489 6326 6877 6353 5924 6277 6165 5943 6351 6162 6462 5822 6498 6126 6273 6952 6562 6547 6342 6005 6456 6168 6468 6456 6065 6095 6495 6377 5968 6363 5219 6947 6519 6218 5820 5893 6131 6327 6103 6491 5957 6279 5946 6078 6417 6331 6779 6213 6130 6101 6339 6003 6238 6356 6351 6496 6111 6244 6111 6543 6406 6134 6863 6722 6132 5979 6322 6744 6522 6152 6044 5994 6257 6361 6076 6046 6487 6301 6199 6611 6092 6151 6431 6390 6096 5863 6613 6407 6124 6110 6521 6680 6190 6096 6113 6334 5952 5932 6877 6330 6093 6368 6193 6204 6357 5728 6484 5956 6663 6102 6421 6301 6204 6514 6542 6535 6099 6057 5919 6260 6696 5751 6764 6749 6555 6652 5941 5529 5902 6209 6332 6749 6232 6608 6983 6392 6240 6301 6303 5975 6224 6149 5740 5903 6677 6500
6478 6519 6747 5942 6437 6687 6941 6464 5924 6303 6440 6229 6072 6727 6322 6518 6179 6467 6358 6458 5836 6942 7013 6308 6493 6768 5688 6418 6398 5946 6455 6753 6601 6801 6367 6420 6824 6698 6870 6589 6573 6554 6253 5904 6332 6250 6606 6613 6300 6664 6276 6212 5816 5959 6111 6298 6136 6791 5829 6391 6175 6190 6055 5954 6273 6392 5937 6560 5956 6159 6263 6238 6520 6088 6065 6807 6611 6775 6591 6598 6105 6233 6454 6237 6529 6995 5918 6141 6095 6135 6110 6311 6029 6313 6001 6066 6538 6243 6235 6197 6865 6452 6641 6298 6983 6042 6084 6093 6662 6410 6353 6288 6908 6502 6003 6235 6191 6266 6683 6137 6084 6397 6336 6011 6270 6963 6361 6589 6674 6276 6227 6414 6238 6652 6089 6262 6533 6170 6370 6586 5543 7041 6737 6447 5874 6132 6500 6539 6226 6604 5840 6751 6025 6245 6362 6499 6443 6355 6057 6364 6502 5814 6189 6283 6368 6296 5954 6372 5946 6571 6457 6342 6250 6531 5891 6377 6215 6744 6442 6367 6475 5898 6298 6504 6278 5935 6712 6155 6228 5870 6429 6158 6671 6584 5943 6441 6436 6436 6339 6545 6565 6695 6262 5788 6599 5953 5767 6193 6790 6424 6410 6515 6471 6101 6318 6234 6729 5993 6383 6270 6199 6509 6296 6241 6672 6523 6123 6023 6176 6291 6626 6066 6927 6282 6556 6113 5947 5902 5918 6273 6573 6381 6715 6732 7352 6152 6515 6242 6222 5896 6039 6574 5976 5742 6850 6554
6581 6489 6671 6206 6460 6712 6669 6630 6175 6672 6453 6542 6301 6892 6087 6450 6711 6526 6857 6999 6314 6672 7009 6036 6684 6406 5897 6354 6559 6085 6676 6539 6777 6821 6457 6307 6629 7013 7116 6547 6665 6805 6390 6210 6544 6143 6802 6634 6481 6443 6448 6688 5899 6062 6391 6405 6659 6927 6017 6919 6213 6452 6059 6074 6041 6563 6122 6695 5855 6308 6469 6523 6443 6276 6139 6685 6735 6752 6466 6712 6337 6432 6362 6607 6602 7251 6273 6422 5983 6265 6383 6288 6438 6488 6297 6682 6550 6657 6455 6319 6697 6686 6583 6672 7084 6227 6859 6014 6421 6250 6537 6377 7037 6218 6168 6303 6340 6456 6419 6549 6466 6363 6606 6412 6359 6969 6507 6752 6416 6660 6162 6158 6632 6714 6075 6654 7215 6644 6537 6437 5722 6814 7085 6654 5988 5969 6900 6298 6157 6743 6175 6457 6398 6524 6788 6542 6472 6722 6589 6269 6674 6505 6505 6224 6809 6569 6431 6713 6463 6801 7012 6730 6825 6626 6171 6760 5985 6894 6755 6619 6558 6178 6428 6704 6193 6219 6693 6710 6177 6490 6567 6077 6945 6269 6361 6348 7041 6413 6267 6305 6753 7261 6300 6383 6721 6216 6115 6405 7224 6757 6503 6823 6926 6557 6373 5945 6727 5894 6961 6290 6386 6920 6532 6540 6980 6509 6279 6346 6453 6498 6368 6135 7047 6961 7026 6712 6094 5833 6459 6288 6381 6463 6467 6517 7482 6409 6407 6243 6569 6182 6456 6947 6029 5896 7058 6378
6541 6544 6797 6236 6483 6457 6920 6686 5993 7004 6509 6154 5993 6824 6623 6653 6568 6304 6860 6492 6019 6622 6771 6195 7079 6181 6125 6451 6356 6321 6370 6709 6692 6702 6170 6199 6817 7284 6755 6501 6701 6797 6474 6411 6536 6495 6739 6561 6618 6695 6582 6496 5782 5528 6166 6328 6417 7193 5758 7004 6543 6685 5714 5965 5769 6477 6021 6608 5793 6165 6440 6480 6188 6250 6141 6895 6441 6833 6406 6499 6162 6345 6618 6061 6584 7194 6211 6272 5974 5959 6208 6625 6306 6554 6113 6521 6815 6172 6337 6308 6807 6341 6345 6411 6920 6284 6108 5725 6325 6432 6432 6623 6935 6486 6240 6306 6294 6127 6428 6313 6112 6441 6581 5980 6189 6729 6439 6771 6423 6443 6207 6392 6117 6505 6590 6605 6631 6197 6076 6260 5798 7086 6897 6595 5961 6063 6585 6253 6348 6449 6098 6638 6397 6294 6674 6293 6374 6629 6315 6528 6262 6184 6503 6558 6725 6476 6275 6660 6440 6897 6615 6265 6677 6563 6247 6601 5857 6940 6413 6424 6335 6018 6083 6115 5925 5974 6911 6301 6224 6258 6297 6254 6828 6507 6354 6243 6396 6449 6261 6408 6716 6628 6027 6387 6498 6168 5736 6260 6935 6493 6488 6650 6490 6418 6248 5795 6814 6311 6635 6414 6111 6656 6473 6050 6550 6628 6313 6278 6218 6385 6685 5945 6806 6522 6437 6591 6380 5950 5745 6302 6567 6388 6322 6647 7169 6153 6469 6286 6463 6135 6494 6503 5957 5781 6798 6547
6993 7098 7114 6819 6841 7006 7425 6981 6290 6965 6711 6867 6614 7004 7149 6605 6838 6489 6991 7030 6748 6846 7593 6547 6988 6938 6155 6648 6706 6628 7228 7210 7171 7049 6735 6770 6756 7422 7467 6977 7245 6606 6798 6719 6722 6362 7291 7051 6771 6810 6937 6920 6615 5899 6548 6732 7016 7579 6261 7140 6605 7054 6132 6486 6578 7179 6695 6974 6353 6527 6869 6715 6841 6545 6268 6966 6911 6991 6633 7207 6599 6674 6910 7132 7086 7562 6575 6742 6040 6583 6664 7001 6640 6854 6339 6800 6907 6672 6536 6484 7087 6777 6588 6600 7243 6562 6841 6367 6478 6752 6669 6922 7425 6936 6349 6304 6947 6880 6837 6926 6810 6597 6845 6518 6680 7376 7217 7001 6817 6672 6592 6411 6392 6620 6701 6611 7280 6803 6633 6888 6090 7385 7306 6897 6177 6463 6764 6746 6315 6936 6458 7110 6325 6572 7227 7076 6940 7153 6811 6842 6886 6526 6825 6883 6803 6837 6896 6932 6522 7032 7184 6820 7112 6747 6447 6937 6368 6883 6726 6730 6817 6600 6558 6799 6189 6171 7106 6680 7056 6465 6993 6841 6983 6792 6440 6347 6793 6644 6587 6892 6996 7327 6400 6536 7084 6222 6405 6801 7373 6726 6773 6877 6977 6515 6358 6406 7268 6361 7073 6856 6933 6630 6945 6813 7407 6980 6592 6594 6919 6775 7155 6612 7613 7091 6783 7163 6625 6348 6267 6863 7202 6817 6980 6533 7727 6632 6759 7089 6837 6693 6479 6916 6734 6348 7114 7044
7195 7369 7089 6845 6782 7002 7488 6737 6226 6952 6875 6695 6436 7138 7077 6767 6862 6602 6818 6949 6339 7206 7330 6807 7244 6963 6518 6840 6783 6549 7193 7524 7227 7234 6586 6877 7309 7572 7245 6766 7311 6841 6723 6479 6972 6730 7259 7154 7127 6853 7129 6979 6385 6086 6556 6952 7042 7222 6157 7216 6580 7264 6246 6467 6691 7152 6630 6757 6501 6638 6691 7004 7008 6420 6943 7144 7198 7112 6836 6942 6738 6737 6882 6842 6924 7714 6552 6791 6217 6273 6887 6809 6481 7005 6646 6642 7018 6705 6441 6853 7384 6932 6997 6833 7067 6453 6607 6466 6794 6756 6847 6928 7210 6906 6465 6594 6900 6914 6991 6754 6945 6956 7130 6555 6977 7547 6801 6902 6836 6777 6664 6769 6811 6798 6368 6874 6821 6295 6603 6868 5916 7459 7325 7044 6420 6729 6783 6828 6502 6992 6317 7351 6680 6514 7094 7015 6930 6974 6493 7011 6975 6565 6667 6952 7071 6922 6944 6945 6685 7030 7020 6729 6842 7053 6577 6752 6296 7347 6719 7055 7002 6377 6856 6801 6522 6355 7211 6843 6739 6453 6667 6478 7043 6873 6294 6836 7059 6986 6622 6805 7117 7131 6335 6736 7071 6457 6506 6807 7316 6567 6724 7033 7062 6409 6676 6397 7058 6506 7068 6835 6640 6704 6784 6595 6969 6901 6690 6233 6600 6871 7204 6572 7275 7261 6856 7018 6617 6107 6647 6813 7114 6837 6859 7435 7932 6632 6738 6824 6793 6602 6547 7050 6471 6144 7341 7076
6314 6635 6621 6266 6231 6654 6643 6452 5829 6358 6497 6424 6143 6675 6559 6157 6882 6213 6540 6344 6150 6212 6809 6085 6875 6156 5688 6295 6691 6076 6622 6353 6652 6259 6255 6325 6511 7019 6918 6692 6481 6348 6141 5998 6327 6208 6571 6562 6549 6492 6485 6431 5991 5882 5808 6024 6559 6948 5839 7013 6217 6587 5744 6110 6091 6395 6088 6236 5681 6326 6704 6184 6691 6322 5812 6410 6825 6385 6004 6854 6201 6363 6491 6715 6494 6703 6257 5783 5899 6054 6514 6347 6063 6383 6235 6448 6564 6301 6076 6165 6908 6404 6379 6344 6604 6290 6557 5891 5828 5954 6362 6224 6875 6366 6042 6051 6168 6217 6503 6502 6120 6406 6153 6141 6228 6750 6648 6283 6147 5998 6046 6276 5842 6162 6203 6564 6418 6173 6202 6266 5362 6796 6830 6300 6020 6084 6124 6298 5877 6495 6132 6563 6303 6256 6554 6507 6622 6551 6200 6555 6395 6514 6142 6293 6737 6331 6393 6357 5858 6630 6733 6402 6565 6572 5940 6309 5689 7105 6443 6505 6540 5972 6182 6161 5960 5915 6621 6045 6294 6054 6472 6340 6535 6301 6224 6060 6669 6243 6484 6413 6743 6681 6139 6256 6135 6165 6084 6138 6741 6412 6155 6641 6437 5951 6173 6052 6666 6016 6569 6422 6308 6646 6439 6414 6360 6641 6041 5998 6006 6719 6510 6184 6782 6705 6411 6564 6234 5665 6041 6067 6311 6130 6508 6758 6910 6231 6489 6428 6216 5930 6014 6227 6103 5769 6720 6327
6411 6710 6825 6374 6171 6737 6772 6838 6329 6529 6325 6763 6197 6723 6731 6371 6870 6488 6203 6731 6116 6874 7379 6763 6697 6580 5969 6177 6792 6108 6955 7201 6625 6879 6488 6554 6966 7012 6713 6748 7003 6899 6653 6566 6545 6279 6887 6782 6860 6479 6855 6683 6433 5642 6017 6391 6908 6585 5985 7192 6385 6900 5786 6289 6073 6445 6189 6628 6027 6136 6541 6458 6732 6174 6262 6603 6602 6729 6600 6778 6480 6280 6485 6553 6511 6929 6570 6253 6074 6570 6185 6635 6282 6691 6469 6323 6673 6464 6557 6536 7367 6643 6523 6754 7076 6355 6626 6100 6321 6602 6668 6497 7009 6712 6112 6145 6787 6426 6659 6331 6573 6506 6786 5942 6444 6996 6891 6614 6555 6691 6351 6515 6323 6527 6101 6605 6196 6319 6532 6522 5690 6886 6880 6919 6156 6273 6695 6285 6175 6777 6282 6834 6061 6541 6808 6300 6347 6666 6490 6684 6587 6411 6616 6481 6814 6541 6509 6582 6301 6732 6890 6384 6528 6696 6373 6695 5757 6607 6379 6539 6330 5963 6188 6496 6252 6153 6755 6463 6575 6164 6539 6623 6930 6732 6131 6477 6722 6304 6107 6349 6790 6892 6344 6075 6732 6351 6242 6433 6812 6535 6420 6666 6846 6443 6533 5642 6720 6055 7014 6672 6457 6504 6558 6435 6764 6461 6232 6213 6551 6580 6654 6379 6889 6943 6684 7018 6128 5770 6048 6280 6848 6611 6729 6918 7347 6099 6452 6586 6351 6502 6336 6541 6119 6044 6896 6760
6406 6508 6712 6278 6403 6835 6880 6636 6045 6304 6244 6395 6419 6738 6506 6136 6771 6293 6763 6608 5989 6925 6921 6106 6562 6422 5824 6636 6612 6375 6957 6615 6684 6849 6495 6480 6380 6949 7223 6599 6836 6479 6578 6175 6656 6147 6951 6915 6608 6867 6527 6255 6066 5782 6024 6239 6603 6944 5936 6844 6463 6632 6138 6199 6062 6536 6031 6633 5980 6277 6614 6356 6611 6249 6415 6660 6732 6674 6230 6603 6019 6276 6544 6475 6474 7109 6098 6111 5742 6065 6422 6639 6042 6547 6468 6180 6695 6252 6351 6320 6830 6664 6227 6505 6861 6048 6515 5968 6313 6295 6343 6595 6658 6340 6462 5698 6118 6456 6715 6240 6449 6358 6764 6005 6658 6974 6603 6567 6491 6479 6060 6656 5858 6494 6067 6326 6745 6304 6355 6000 5663 7057 6950 6480 5969 6213 6450 6373 6095 6890 6171 6505 6205 6616 6607 6616 6657 6360 6510 6388 6630 6273 6016 6745 6941 6414 6487 6355 6405 6746 6911 6562 6477 6488 6170 6679 6099 6708 6558 6821 6519 5953 6064 6533 5931 5983 6626 6344 6370 5958 6480 6599 7020 6471 6083 6304 6597 6509 5993 6351 6725 6893 6158 6274 7047 6331 6062 6248 6797 6555 6677 6607 6623 6216 6262 6085 6791 6278 6558 6419 6148 6389 6642 6404 6827 6495 6035 5819 6363 6517 6864 6161 6803 6761 6681 6877 5979 5672 6417 6364 6866 6784 6577 6744 7478 6443 6396 6579 6504 6287 6282 6721 5930 5611 6691 6456
6584 6816 6294 6422 6558 6573 6866 6723 5786 6377 6435 6594 6109 6525 6205 6608 6585 6283 6623 6694 6123 6662 6923 6265 6558 6227 6004 6046 6469 6264 6718 6592 6646 6564 6337 6295 6710 6897 7079 6408 6677 6526 5985 6170 6423 6199 6430 6553 6287 6473 6269 6506 5788 5744 6239 5973 6803 6962 5905 6897 6471 6421 6302 6004 6063 6457 6150 6746 5764 6219 6651 6378 6497 6190 5885 6727 6452 6667 6488 6447 6100 6375 6517 6583 6563 6963 6528 6328 5759 6251 6068 6342 6382 6279 5885 6612 6785 6311 6418 6241 6659 6111 6700 6000 7031 6062 6183 6131 5836 6130 6210 6642 6840 6393 5972 6203 6287 6117 6271 6405 6428 6489 6615 5837 6156 6555 6653 6510 6314 6428 6033 6349 5943 6164 6358 6162 6597 6285 6284 6571 5833 6888 6576 6272 6028 6229 6386 6602 5846 6609 6284 6677 6135 6127 6510 6311 6354 6730 6502 6452 6892 6072 6239 6410 6725 6451 5854 6647 6344 7089 6728 6579 6371 6462 6206 6466 6199 6597 6340 6656 6414 6050 6309 6235 5870 5975 6783 6404 6024 6406 6322 6115 6712 6313 6133 6262 6406 6561 6180 6456 6722 6851 6025 6230 6660 6144 5893 6452 6930 6260 6451 6784 6318 6161 6512 5676 6666 6006 6760 6406 6207 6486 6604 6067 6851 6684 6087 6255 6282 6560 6603 6051 6902 6624 6049 6613 6459 5911 6094 6255 6754 6467 6562 6609 7196 6153 6454 6266 6336 5851 6171 6552 5697 5756 6921 6483
6502 6282 6289 6397 6277 6582 6589 6409 5927 6339 6174 6422 5730 6308 6505 5987 6317 6159 6452 6323 6085 6292 6790 6154 6301 6106 5768 5847 6434 5969 6614 6203 6413 6712 6362 6172 6460 6860 6527 6263 6895 6612 6400 5955 6291 5928 6417 6530 6558 6089 6475 6265 5924 5528 6568 6102 6418 6683 5906 6581 6279 6597 5928 5965 5958 6183 6532 6594 5712 6012 6486 6293 6153 6080 6072 6546 6535 6700 6000 6476 5737 6194 6348 6366 6014 6784 6112 6245 5743 5870 6205 6399 6047 6300 6025 6496 6363 6002 6197 5930 6500 6720 6344 6692 6569 5917 6322 6279 6305 6284 6609 6284 6667 6176 5896 6155 6189 5878 6224 6402 6246 6203 6296 5716 6072 6903 6623 6423 5968 6319 5926 6290 6135 6591 5550 6290 6411 6256 6047 6059 5710 6945 6832 6528 5715 5902 6533 6314 5961 6628 6134 6452 6121 6110 6355 6361 6268 6454 6264 6283 6265 6149 6170 6446 6570 6203 6179 6172 5875 6652 6414 6393 6560 6485 6074 6637 5738 6558 6186 6217 6362 6086 6110 6159 5895 6214 6390 6280 6265 6169 6572 6038 6792 6183 6232 5855 6563 6406 6167 6186 6376 6732 6221 6075 6596 5969 5750 5882 6699 6371 6128 6324 6245 6199 6239 5315 6533 6000 6781 6198 6383 6453 6470 6609 6610 6306 5990 6016 6267 6297 6602 5839 6713 6709 6482 6606 6062 5441 5911 6370 6652 6391 6579 6636 7180 5893 6393 6417 6151 6037 5981 6555 5581 5643 6697 6516
6431 6471 6551 6090 6335 6463 6752 6821 6123 6407 6339 6610 6339 6638 6428 6230 6696 6700 6160 6920 5905 6598 6722 6125 6496 6496 5783 6503 6699 6359 6661 6670 6541 6577 6516 6427 6748 6754 7156 6497 6700 6697 6540 6060 6528 6170 6615 6631 6550 6587 6526 6345 5780 5686 6262 6119 6442 6886 5869 6581 6430 6284 5933 6098 5834 6418 5782 6651 5889 6212 6563 6802 6281 6254 6133 6666 6872 6662 6187 6927 6199 6261 6293 6412 6421 7167 6333 6192 5574 6252 6167 6392 6065 6424 6121 6365 7038 6390 6266 6348 6946 6669 6151 6618 6910 6132 6129 6002 6594 6184 6517 6406 6897 6520 5711 6285 6429 6388 6372 6049 6569 6273 6572 5939 6401 7082 6725 6577 6297 6406 6124 6350 6195 6741 6156 6124 6884 6489 6107 6241 5750 6906 7131 6575 6115 6485 6540 6496 6012 6857 6138 6102 6199 6101 6561 6364 6841 6427 6325 6563 6566 6096 6134 6169 6460 6334 6046 6496 6058 6583 6595 6371 6676 6570 6292 6572 5772 6828 6631 6580 6539 5769 6237 6089 6119 5997 6478 6311 6176 6276 6518 6569 7038 6386 6379 6143 6709 6280 6203 6452 6452 6896 6052 5955 6942 5934 5831 6339 6965 6560 6501 6391 6507 6084 6438 5745 6831 6132 6701 6783 6373 6340 6455 6661 6771 6318 6083 6230 6299 6289 6601 6387 6970 6589 6656 6806 6111 5576 6167 6327 6440 6798 6549 6835 7168 6313 6562 6286 6344 6193 6312 6822 5906 5586 6721 6425
7122 6972 7241 6783 6849 7168 6973 7023 6688 7076 6756 6868 6740 7115 7111 6954 6845 7221 7372 7162 6274 6804 7568 6569 6957 6725 6122 6741 7184 6700 7034 7208 6981 7058 7173 7094 7078 7693 7622 6997 7254 7313 7005 6770 7043 6719 6927 7018 7121 6918 7135 6859 6904 6367 6676 6594 6961 7300 6107 7621 7115 7075 6211 7012 6416 6767 6808 6785 6635 6322 7117 7256 6846 6642 6508 7141 7302 7263 7015 7297 6495 6770 7053 7202 7073 7324 6734 6554 6374 6797 6785 6925 6699 6931 6818 6991 7412 6956 6930 6587 7410 6752 6846 6746 7525 6455 7100 6550 6480 6826 6774 7075 7695 7094 6730 6915 6566 6975 6905 6880 6800 6970 7245 6328 6759 7477 7034 7428 6797 6930 7017 6661 6799 7138 6587 6850 7078 6893 6690 6815 6054 7440 7467 6562 6373 6552 6936 7189 6924 6979 6629 7114 6601 6960 7355 7127 7113 6905 6554 6877 7066 6915 6412 6929 6996 7098 6769 7190 6891 7417 7376 7018 7268 7104 6554 7036 6786 7325 7110 6935 7070 6755 6546 6641 6469 6776 6997 6777 6757 6884 7039 6841 7278 7049 6623 6654 7140 6822 6549 6722 7076 7647 6817 6527 6878 6631 6432 7183 7349 7044 6889 7150 7309 6900 7068 6255 7185 6650 7181 6813 6893 7046 7031 7108 7262 6964 6659 6721 6832 7070 7059 6537 7401 7209 7214 7158 6587 6442 6937 6886 7160 7049 6996 7468 7652 6596 6710 6894 6854 6653 6970 7291 6387 6433 7368 7081
6502 6376 6098 5825 6129 6106 6653 5984 5695 6428 6246 6059 5795 6710 6221 6337 6090 6043 6179 6188 5706 6432 6987 6078 6392 6223 5451 6252 6297 5993 6615 6323 6138 6548 5931 6101 5946 6247 6490 6490 6555 6013 6388 5915 5884 5883 6149 6392 6260 6126 6222 6281 5637 5369 5785 5933 6151 6586 5509 6431 5712 6493 5789 5356 5952 6132 5836 6342 5577 5884 6088 6015 6128 5434 5598 6193 6269 6476 6012 6489 5652 6047 5793 5835 5995 6542 6065 6141 5436 5789 6000 5983 5457 6346 6119 6262 6117 5868 6185 6218 6698 6161 6184 6269 6427 6141 6000 5596 5869 6206 6066 6292 6372 6269 5928 5896 6268 5960 6187 6038 5958 6001 6171 5700 5863 6422 6035 6254 6333 5886 5710 5954 5460 6042 5653 5962 6365 5809 5799 5864 5153 6577 6295 6226 5376 6163 5828 5960 5726 6261 5899 5783 5782 6026 6244 6152 6172 6460 6172 6257 6298 5997 6206 5982 6190 5931 5921 6005 5763 6595 6490 6042 6192 6234 5678 5844 5647 6041 6228 6135 5723 5805 5852 6406 5759 5906 6335 6133 6067 5838 6133 5963 6222 6274 5642 6164 6257 6076 5637 6113 6321 6551 5796 5672 6019 5422 5808 5928 6594 6055 6100 6035 6023 6070 6055 5538 6303 5412 6150 5962 6134 6117 6050 6385 6341 6395 6108 5581 6043 6048 6294 5793 6767 6426 6311 6531 5959 5264 5849 6255 6539 6189 5872 6279 6734 6113 5928 6015 5735 5849 5528 6077 5681 5633 6390 6405
5940 6355 6231 5772 5878 6227 6454 6344 5736 6075 5855 6445 5654 6444 5971 5893 6304 6063 6087 6273 5682 6088 6404 5931 6240 6000 5443 6037 6004 5678 6215 6301 6395 6646 6165 5739 6274 6338 6601 6439 6390 6131 5897 5750 6041 5790 6339 6186 6230 6051 6101 6353 5441 5487 5599 6075 6408 6304 5413 6551 5901 5981 5994 5854 5733 6176 5596 6238 5225 5616 6146 6146 5955 5413 5652 6634 6284 6370 6138 6406 5708 5948 6071 6276 6028 6571 5943 6038 5697 5981 6012 6256 5318 6366 6078 6107 6386 5999 5976 5796 6532 6083 6237 5837 6556 5826 5872 5747 5578 5984 5920 6022 6624 6213 5623 5810 6021 5906 6195 5644 6152 6187 6080 5631 5938 6918 6296 6136 6154 5846 5734 6136 5756 6213 5704 5916 6052 6012 5965 5829 5466 6244 6674 6240 5478 6107 6004 5999 5346 6184 5840 6417 6104 5921 6044 6244 6024 6099 6052 5993 6406 5805 5943 6083 6044 5918 6116 6563 5492 6417 6179 6057 6064 6343 5730 5819 5711 6344 6085 5883 6112 5272 6004 6100 5612 5821 6052 6010 5743 6011 5855 5844 6734 5899 5686 6062 6276 6211 6195 6068 6419 6058 5564 6105 5879 5531 5758 6229 6609 5977 5849 6324 6102 5874 6130 5692 6548 5647 6271 6080 6064 6058 6142 5801 6449 6323 5843 5553 5666 5981 6241 5867 6482 6572 6296 6342 5742 5482 5424 5865 6257 5888 5863 6202 6666 5740 5851 5966 5966 5902 5622 6219 5756 5466 6386 6291
6259 6349 6087 5838 6004 6321 6295 6361 5606 5984 5988 5790 5751 6544 6007 5945 6445 6063 6153 6531 5969 6155 6815 5891 6268 5878 5424 5976 6121 5620 6503 6367 6005 6266 6018 6258 6307 6518 6181 6151 6322 5960 6144 5868 6104 5768 6271 6227 6182 6070 6201 6004 5869 5650 5964 6020 6109 6336 5524 6526 5897 5915 5518 5748 5786 6193 5703 5819 5905 5818 6237 5986 6276 5790 5714 6096 6064 6165 6177 6082 5655 6110 5949 6288 6423 6409 5791 5766 5554 5708 5921 6011 5925 6065 5824 5631 6347 5871 5823 5920 6455 6104 6142 6021 6388 5811 6202 5620 5952 5879 6444 6188 6423 5890 5579 5976 5920 6100 6000 5968 5840 6049 6081 5901 5897 6380 6061 6231 6117 6065 5695 6217 5662 5905 5617 6163 6242 5758 5803 6019 5311 6773 6623 6038 5414 5804 6080 6017 5713 6278 5897 6022 5814 5770 6293 5950 6209 6241 5813 6070 6334 5705 6257 6118 6170 6124 5898 6135 5976 6282 6575 6367 6113 6351 6066 6122 5543 6140 6149 6100 6037 5710 5878 6047 5737 5842 6521 5992 6029 5968 6108 6056 6315 6056 5654 5901 6224 5822 5806 6099 6217 6877 5813 5511 6235 5640 5853 6116 6501 5893 6035 5973 6191 6064 6087 5694 6354 5664 6438 6121 5893 5936 6091 6161 6310 6110 5845 5685 6271 6258 6209 5814 6670 6183 6084 6131 5950 5365 5840 5830 6332 6114 6090 6263 6813 5773 5918 6060 6066 5967 5999 6221 5768 5675 6359 6187
6778 7010 6735 6500 6487 6996 7435 7400 6260 6892 6575 6910 6325 7120 6399 6773 6955 6615 6762 6812 6608 7003 7333 6530 6783 6549 5949 6507 6583 6424 7067 7078 6833 6919 6665 6858 6884 7208 7553 6757 7222 6969 6827 6341 6746 6486 6861 7235 6935 6947 6519 6997 6305 5821 6612 6950 6941 7349 6310 6974 6660 6757 6012 6437 6335 6710 6535 7005 6181 6633 7060 6675 7178 6355 6384 6896 7045 7053 6305 7212 6834 6528 6673 6851 7096 7344 6429 6765 6145 6464 6632 6704 6419 6743 6516 6542 6991 6848 6681 6554 7520 7037 6974 7065 7212 6722 6741 6588 6396 7166 6899 6575 7335 6595 6501 6784 7098 6529 6856 6443 6571 6496 7008 6528 6919 7212 7248 7040 6548 6703 6763 6677 6549 7062 6245 6761 7394 6500 6312 6590 6026 7295 7304 6737 6165 6276 6901 6494 6479 6924 6751 7017 6620 6674 6853 6653 6973 6944 6573 6591 7053 6657 6469 6742 6717 6522 6422 7323 6366 7237 6890 6519 7195 6897 6386 7188 6233 6982 6954 6943 7124 6716 6665 6464 6464 6379 7023 6772 6446 6813 6852 6747 7049 6879 6317 6519 7286 6729 6645 6666 7039 7343 6408 6599 6919 6155 6319 6928 6901 6861 6722 7090 6990 6660 6785 6498 7115 6068 7026 6864 6935 6864 6934 6738 7044 6995 6224 6348 6629 6955 6984 6622 7365 7398 6779 6925 6498 6109 6397 6595 7290 6640 6701 7164 7533 6531 6456 6770 6673 6447 6246 7037 6441 6394 7020 6585
6814 7036 7044 6874 6565 7005 7233 6935 6312 6959 6664 6665 6216 7173 6549 6739 6914 6620 6838 6898 6543 6855 7254 6693 6918 6527 5891 6569 7129 6206 7039 6776 6768 7028 6832 6621 6793 7105 7082 6632 6847 6933 6579 6294 6377 6451 6654 6926 6896 6718 6779 6929 5973 6049 6143 6647 6921 7273 6126 7192 6512 6625 6037 6475 6127 6948 6530 6968 5931 6216 6719 6746 6801 6598 6167 6961 6777 6989 6619 7147 6527 6475 7012 6615 6842 7378 6871 6430 6001 6352 6361 6731 6513 6832 6290 6742 6979 6463 6689 6517 7129 6725 6663 6627 7356 6446 6598 6134 6575 6472 6846 6536 7173 6779 6146 6373 6632 6565 6711 6528 6711 6541 6510 6367 6142 7410 7081 6935 6911 6535 6218 6418 6471 6607 6396 6680 6892 6689 6722 6598 5909 7220 7420 6831 6051 6539 6758 6661 6368 6813 6491 6840 6507 6371 6913 6621 6929 6839 6666 6744 6879 6849 6539 6679 6978 6887 6083 6855 6265 6874 6890 6589 6988 6970 6433 6760 5998 6897 6555 6628 6806 6132 6385 6575 6209 6538 6909 6399 6425 6808 6660 6703 7063 6599 6482 6360 6895 6644 6533 6479 7185 7277 6366 6452 6529 6304 6314 6699 7022 6771 6548 6516 6645 6526 6552 5995 7022 5927 6934 6610 6482 7089 6777 6405 7200 6767 6124 6313 6589 6713 6868 6619 7314 6913 6788 6630 6576 5993 6141 6429 6981 6588 6845 6921 7225 6327 6427 6698 6559 6530 6402 6923 6473 5899 7222 7176
5955 6307 6058 5754 6013 6092 6418 6366 5544 5979 6045 6209 5477 6205 6027 5961 6202 5973 5976 6190 5816 6203 6647 5611 6489 6053 5523 6152 6364 5839 6301 6383 6289 6467 6032 5939 5950 6159 6397 6094 6320 6093 6029 5705 6124 6107 5974 6209 6312 5983 6020 6185 5510 5748 5794 5971 6055 6544 5519 6571 5793 6078 5617 5781 5802 5997 5521 6241 5359 5779 5964 6197 6272 5703 5836 6267 6148 6226 5824 6145 6001 5939 5985 6244 6259 6440 5793 6058 5753 5876 5759 5939 5711 6219 5719 6036 6179 6004 5925 5603 6488 5891 6042 5896 6475 5870 5867 5646 5794 5956 6046 6255 6568 6014 5544 5856 6175 6073 5938 5593 6261 5860 5990 5916 5895 6629 6283 6384 6015 5886 5900 5796 5777 6100 5664 6142 6242 5829 6040 6012 5441 6270 6576 6133 5639 5727 6052 5980 5334 5868 5646 6111 5766 5722 6287 5969 5995 6168 5812 6215 6088 5940 6268 5778 6007 5939 5617 6386 5792 6294 6254 6006 6283 6082 5670 6120 5480 6438 5833 6115 6200 5538 5755 5945 5830 5638 6208 5923 5711 5771 5753 5969 6490 5974 5984 5886 5889 5940 5855 6032 6187 6181 5741 6009 6290 5954 5580 6121 6368 5926 5972 6433 6007 5873 5786 5862 6395 5457 6502 6154 6001 6154 5878 5641 6223 6181 5737 5852 5954 5945 6276 5739 6737 6228 6247 6189 6102 5460 5645 5807 6403 5998 6018 6279 6984 5652 5756 5801 5978 5841 5719 6175 5469 5550 6429 6166
6326 6462 6494 6193 5993 6283 6448 6427 5691 6325 6279 6346 5817 6439 6288 5807 6128 6049 6140 6180 6006 6338 6718 6088 6663 6312 5581 6173 6351 5752 6255 6603 6203 6626 6075 6243 6009 6649 6634 6373 6795 6348 6266 5986 6441 6104 6551 6571 6553 6236 6350 6256 5716 5562 5997 5980 6173 6692 5745 6720 6095 6373 5931 5923 6063 6345 5999 6519 6019 5793 6493 6077 5923 5868 6117 6696 6104 6336 6183 6579 6037 6036 6432 6355 6219 6360 5711 6032 6017 6108 6149 6184 5985 6446 6196 6144 6470 6526 6147 5775 6792 6353 6142 6216 6718 6133 6131 5782 5992 6274 6391 6206 6589 6337 5928 5931 6271 6328 6297 5932 6119 6096 6124 5768 6014 6715 6260 6608 6202 6324 5780 6150 5866 6012 5964 6099 6281 6236 6206 6185 5442 6706 6827 6172 5705 6070 6085 6321 5852 6389 5720 6566 6089 6168 6257 6413 6236 6345 5808 5949 6141 6119 6140 6267 6211 6213 6000 6597 5928 6829 6705 5907 6234 6637 5854 6178 5728 6493 6090 6247 6325 5809 6191 6182 5979 5988 6609 6266 6129 5976 5970 6038 6611 6482 6029 6229 6419 6362 6091 6294 6146 6613 5969 5806 6411 5998 5570 6039 6863 6292 6246 6570 6354 6265 6177 5730 6499 5807 6713 6212 6199 6527 6408 6086 6369 6431 6167 5780 6315 6253 6117 5717 6840 6655 6634 6326 6061 5605 5798 5967 6515 6332 5952 6580 7020 5998 6028 6132 6090 5984 5798 6149 5992 5429 6665 6090
6413 6469 6366 5893 6271 6261 6631 6495 5706 6338 6210 5961 6023 6845 5890 6134 6647 6225 6682 6423 5886 6561 6434 5937 6476 6598 5916 5845 6406 5963 6598 6613 6302 6402 6273 6055 6398 6688 6896 5908 6524 6120 6149 5924 5996 5936 6377 6495 6312 6334 6075 6231 5830 5690 6155 5804 6321 6292 5706 6449 6241 6316 5682 5680 5845 6338 5767 6569 5404 5784 6123 6129 6334 5781 5745 6501 6539 6334 6072 6330 5660 6085 6267 6227 6227 6939 6198 6257 5607 5775 6369 6283 5739 6069 6045 6299 6482 6203 5946 5945 6842 6403 6188 6175 6781 5847 6246 5822 5974 6241 6245 6218 6929 6203 5923 5833 6033 6401 6363 5833 6170 6132 6670 5916 6219 6542 6222 6394 6163 6008 6092 6105 5764 6108 5817 6033 6527 6001 5899 6021 5489 6692 6582 6443 5761 5765 6460 5909 5909 6400 5854 6334 6131 6078 6516 6361 6202 6398 6114 6037 6325 6141 6336 6199 6427 6086 6151 6294 5929 6693 6295 6364 6474 6191 5968 6389 5862 6399 6151 6149 6458 5619 5949 5828 5930 5849 6263 6050 6068 6163 6356 6115 6528 6218 5788 6302 6542 6178 5863 6096 6237 6450 5856 6165 6427 5931 5827 5850 6487 6135 6053 6251 6366 6063 6034 5780 6519 5792 6584 6230 5925 6408 6151 6128 6597 6222 5944 5860 6140 6489 6470 5838 6607 6198 6170 6638 6096 5389 5763 5991 6453 6047 5946 6118 6884 5720 6352 6120 6137 5544 5885 6339 5758 5820 6328 6522
6374 6294 6294 6114 5957 6451 6646 6588 5990 6242 6413 6280 6048 6671 6321 6117 6535 6065 6198 6531 5693 6396 6566 6238 6586 6430 5466 6153 6471 5943 6410 6931 6356 6675 6240 6792 6446 6848 6918 6337 6730 6578 6376 5864 6509 6013 6763 6357 6481 6550 6669 6214 5787 5900 6180 6268 6405 6578 5776 6591 5840 6650 5643 6033 6182 6507 6304 6291 5965 5946 6410 6410 6651 6017 5849 6600 6499 6470 6332 6405 5776 6004 6542 6140 6309 6387 5833 6121 5740 5920 5994 6208 6208 6431 5936 6075 6834 6209 5944 5960 6858 6253 6121 6256 6427 5914 6312 5842 5909 6302 6300 6488 6230 6577 5673 5829 5999 6357 6152 6053 6115 6032 6179 5655 5899 6607 6046 6327 6114 6194 6308 6405 6144 6433 5798 6093 6406 5846 5962 6011 5506 6819 6577 6299 5821 6234 6004 6207 5673 6321 6168 6214 5852 6271 6399 6205 6813 6521 6269 5958 6084 6179 6248 6490 6402 6137 6082 6615 6004 6741 6380 6126 6516 6483 6006 6657 5718 6780 6210 6341 6198 5834 6062 6187 6007 6096 6575 5900 6138 6001 6132 6323 6706 6390 6155 6123 6308 6326 5769 6201 6411 6671 5574 6095 6295 6021 5773 6125 6773 6338 6013 6244 6220 6116 5922 5739 6476 6160 6486 6356 5789 6391 5862 6471 6613 6020 6009 5990 5836 6132 6381 5934 7033 6423 6447 6518 5719 5637 6058 6123 6200 6334 6318 6488 7089 6337 6112 6099 6217 6149 6240 6430 5803 5571 6419 6293
6567 6578 6720 6227 6596 6933 7080 6786 5978 6452 6718 6537 6337 6669 6459 6516 6488 6566 7040 6896 5817 6683 7045 6397 6498 6356 5787 6548 6799 6274 6911 7032 6422 6964 6481 6533 6543 6960 7148 6451 6814 6743 6419 6267 6353 6607 6930 6827 6617 6685 6693 6585 5978 6064 6183 6286 6525 6377 6267 6534 6327 6838 6012 6271 6421 6310 6150 6572 6112 6052 6438 6713 6666 6058 6114 6979 6629 6601 6431 6623 6144 6406 6701 6286 6442 7018 6150 6294 5913 6076 6498 6426 6414 6887 6218 6291 6669 6430 5963 6223 7039 6637 6681 6710 7042 5988 6796 6105 6483 6465 6899 6329 7092 6349 6032 6074 6276 6167 6628 6462 6662 6297 6733 6144 6162 6905 6210 6905 6467 6400 6237 6523 6382 6758 6029 6675 6792 6001 6679 6257 5507 6996 6940 6728 5758 6058 6537 6601 6253 6819 6325 6592 6382 6389 6632 6483 6439 6385 6449 6770 6585 6205 6309 6417 7058 6553 6325 6591 6402 6615 6697 6643 6937 6479 6275 6579 6054 6626 6422 6910 6703 6316 6177 6586 6086 6150 6962 6174 6173 6628 6702 6393 6624 6328 5974 6210 6663 6428 6231 6796 6669 7083 6571 6329 6730 6501 6029 6331 6863 6632 6223 6739 6859 6547 6550 6031 6819 6101 6791 6712 6754 6662 6423 6404 6819 6475 6261 6057 6464 6582 6234 5985 6995 6940 6576 6541 5879 5711 5926 6188 6764 6664 6379 6954 7384 6275 6193 6232 6583 6294 6256 6795 5813 5704 6925 7075
6301 6501 6242 5962 6124 6072 6384 6312 5770 6248 6028 6403 6105 6521 5982 6324 6222 6072 6352 6179 5862 6173 6591 5957 6381 6317 5453 6393 6629 5912 6399 6421 6330 6533 6137 6077 6347 6631 6632 6430 6285 6419 6435 5729 6392 6094 6450 6611 6290 6248 6400 6191 5858 5735 5723 6320 6062 6339 5710 6507 6104 6305 5790 5406 5861 6289 5743 6326 5596 6168 6337 6272 6317 5634 5877 6433 6441 6628 6270 6371 5788 6074 5942 6297 6212 6911 6241 6218 5558 5732 5800 6291 5768 6166 6108 6014 6670 5952 6194 6071 6776 6371 6515 6095 6767 5887 6485 5791 6106 6174 6446 6132 6569 6489 5774 5960 6018 6012 6316 6126 6229 6086 6192 5859 6068 6827 6427 6288 5902 6220 6146 6100 6120 6297 5879 6170 6576 6287 6113 6037 5317 6701 6580 6199 5890 6017 6162 6189 5842 6205 6041 6284 5919 6215 6261 6188 6367 6392 5604 6060 6476 6047 6115 6040 6267 5981 5705 6251 6054 6587 6575 6356 6392 6447 6084 6351 5633 6648 6473 6128 5859 5838 6059 6285 5886 6044 6183 6192 5956 5765 6258 6117 6637 6351 5863 6231 6512 6274 5679 6280 6470 6735 5950 5832 6504 5796 5702 6267 6558 6395 6256 6583 6459 6317 6074 6045 6562 5763 6585 6191 6031 6236 5991 6267 6511 6266 5721 5828 5699 6390 6220 6112 6812 6523 6543 6285 5937 5694 6132 5743 6345 6391 6234 6574 6834 5920 5903 6122 6351 5897 5735 6283 5853 5647 6431 6257
6894 6819 6631 6260 6474 6889 7206 6653 6164 6859 6612 6755 6138 7141 6741 6550 6898 6501 6531 6764 6287 7108 7334 6494 6996 6385 5713 6973 6855 6794 6396 7202 6591 6808 6546 6995 6768 6986 6844 6509 6965 6676 6541 6544 6408 6287 6668 7020 6799 6807 6524 6630 6160 5757 6040 6457 6837 7297 6111 7113 6344 6537 6190 5959 6076 6680 6069 6676 5851 6292 6492 6690 6720 6265 6485 6978 6680 6927 6458 6881 6431 6648 6553 6753 6827 7031 6688 6435 6060 6485 6445 6594 6246 6788 6698 6533 6975 6642 6500 6535 7312 6623 7062 6781 7038 6150 6655 6142 6574 6787 6387 6830 7371 6788 5983 6647 6667 6365 6691 6543 6668 6716 6936 6101 6678 7127 6492 6557 6446 6424 6133 6592 6392 6433 6169 6639 6867 6352 6581 6411 6009 7042 6924 6727 5922 6061 6689 6657 6317 6933 6799 6458 6351 6683 6411 6462 6549 7000 6540 6500 7090 6412 6506 6346 6830 6623 6512 6689 6446 6694 7037 6362 6778 7017 6121 6597 6015 6773 6620 6529 6685 6221 6488 6585 6269 6047 6936 6695 6318 6486 6452 6271 7148 6762 6347 6234 6863 6639 6449 6703 6881 6815 6671 6212 6910 6453 6404 6593 7030 6445 6640 6589 7029 6401 6597 6032 6697 6223 6426 6704 6495 6485 6789 6574 6933 6890 6422 6329 6619 6653 6777 6085 7240 6801 6965 7164 6110 6191 6257 6322 6695 6803 6772 6952 7391 6729 6782 6351 6262 6099 6406 6823 6222 6075 6930 6607
6713 6692 6903 6689 6284 6634 7129 6200 5920 6660 6611 6609 6412 6596 6634 6307 6510 6337 6680 6647 6151 6809 7176 6402 6825 6675 5589 6216 6755 6222 6906 6520 6458 6569 6351 6577 6811 7082 7132 6493 6897 6558 6111 6378 6594 6361 6881 7052 6571 6468 6634 6570 6272 5965 6290 6194 6656 6802 5915 6875 6442 6771 5988 6289 6139 6784 6163 6688 6150 6250 6648 6814 6671 6138 6363 6983 6747 6934 6495 6817 6291 6509 6537 6374 6750 7051 6141 6426 5626 6037 6089 6513 6403 6450 6198 6499 6914 6260 6167 6257 7063 6292 6403 6474 7149 6078 6547 6162 6554 6646 6740 6763 7043 6623 6008 6313 6389 6370 6247 6226 6581 6512 6698 5975 6633 6923 6661 6739 6131 6523 6154 6506 6403 6425 6266 6603 6802 6597 6163 6602 5995 7314 7084 6763 6182 6130 6534 6483 6213 6671 6131 6842 6330 6327 6486 6782 6283 6600 6292 6565 6947 6450 6184 6387 6699 6274 6551 6774 6385 6856 6759 6393 6620 6512 6132 6583 6065 6856 6563 6569 6960 6071 6372 6224 6091 6033 6625 6488 6363 6221 6491 6555 6643 6827 6278 6250 6813 6559 6199 6353 6869 6996 5990 6334 6647 6303 6180 6831 6991 6319 6341 6745 6738 6212 6195 5950 6699 6331 6941 6598 6770 6457 6602 6450 6805 6554 6087 6372 6414 6670 6936 6379 7113 6880 6653 6739 6299 6013 6020 6456 6998 6753 6723 6711 7222 6260 6671 6498 6508 6298 6469 6734 6077 5784 6728 6859
5916 6059 6571 5992 6002 6221 6033 6270 5530 6075 6006 6404 6013 6233 6185 6040 6469 5812 6202 6195 5989 6016 6777 5556 6179 6059 5404 5815 6295 6077 6034 6323 6295 6328 6389 6002 6055 6555 6291 5924 6141 6036 6008 6085 5923 5928 6520 6318 6203 6083 6239 6153 5554 5565 5441 5857 6092 6228 5694 6659 5851 6230 5546 5729 5754 6013 5935 6199 5644 6000 6359 5962 6057 5824 5555 6160 6512 6423 6033 6632 5625 6050 5780 6063 5955 6409 5601 5881 5351 5884 5894 6059 5547 6175 6115 5914 6545 6004 6072 5915 6915 5931 6128 5886 6303 5627 6170 5755 6037 6016 5842 6084 6646 6320 5813 5753 5915 6143 6042 5859 5967 5681 6103 5407 5787 6617 6253 6160 5789 5862 5802 5447 5672 6190 5530 5832 6463 6242 5659 5944 5491 6523 6219 6275 5416 5966 6100 6512 5589 6265 5462 5991 5768 5899 6188 5707 6412 6031 6065 6027 5943 5930 6054 6002 6151 6334 5878 6122 5599 6390 6247 5961 6113 6070 5830 6182 5886 6328 6156 5791 6019 5610 5999 6066 5476 5987 6174 5824 6051 6001 6211 6174 6402 6118 5906 5966 6207 6076 5845 5895 6050 6637 6042 5379 6349 5741 5732 6120 6563 6026 6193 5914 5713 6139 6170 5489 6396 5362 6364 5986 5745 6125 6135 5916 6296 6139 5439 5531 6072 5810 6278 5503 6437 6070 6167 6254 5595 5155 5942 5879 6145 6085 6186 6072 6495 5615 6356 6116 5560 5838 5430 6273 5811 5744 6426 6344
6733 6685 6531 6103 6143 6496 7001 7001 6034 6601 6531 6540 6301 6597 6582 6454 6952 6319 6510 7010 6199 6421 7153 6132 6812 6512 6094 6186 6528 6130 6611 6846 6526 6487 6194 6504 6496 7285 6982 6401 6724 6422 6532 6290 6484 6271 6488 6459 6477 6805 6629 6522 5927 5885 6262 6349 6652 6996 5990 7027 6540 6687 5656 6242 6183 6309 6410 6574 5838 6503 6456 6307 6551 6246 6117 6809 6733 6568 6511 6417 6226 6329 6656 6414 6557 7004 6215 6295 5723 5883 6529 6312 6145 6601 6174 6396 6724 6439 6244 6326 7179 6552 6143 6651 6945 5990 6391 6026 6362 6354 6441 6340 6551 6558 6120 6247 6490 6417 6455 6317 6360 6519 6553 6032 6280 6705 6524 6598 6433 6275 6177 6385 5971 6496 6449 6229 6750 6457 5889 6473 5635 6830 7118 6527 5862 6173 6377 6360 5918 6821 5992 6328 6063 6379 6508 6108 6653 6356 6439 6679 6306 6417 6428 6612 6667 6556 6325 6372 6174 6721 6677 6459 6786 6387 6380 6628 6127 6662 6752 6457 6693 5972 6420 6439 6007 6168 6498 6458 6278 6356 6200 6259 6995 6716 6111 6439 6768 6458 6349 6521 6592 7200 6027 6253 6703 6190 5931 6070 6876 6421 6662 6528 6498 6106 6539 6083 6510 5840 6612 6432 6380 6480 6405 6406 6605 6553 6188 6023 6168 6590 6726 6174 7043 6372 6317 6618 6216 5903 6363 6274 6637 6644 6615 6562 7035 6262 6481 6395 6275 6347 6303 6428 6344 5869 6573 6852
6294 6330 6646 6063 6286 6383 6641 6599 5720 6445 6120 6254 6021 6439 6211 6477 6495 6104 6417 6297 6307 6609 6541 5918 6612 6461 6004 6095 6216 6134 6663 6549 6451 6427 6301 6059 6273 6881 6798 6196 7024 6525 6369 5986 6352 5888 6643 6812 6163 6474 6161 6223 6125 5889 6001 5855 6567 6648 5924 6734 6273 6195 5794 5644 6141 6571 5930 6471 5503 5942 6486 6229 6518 6120 5731 6664 6566 6366 6410 6530 5814 6036 6016 6318 6096 6822 6186 6402 5691 5746 5940 6470 5912 5979 5939 6257 6487 6047 5907 6160 6621 6710 5958 6198 6770 6030 6213 6075 5981 6053 6627 6460 6622 6169 5815 5940 6325 6109 6368 6128 6237 5800 6273 5753 6154 6950 6851 6451 6005 6239 6008 6003 6051 6362 5791 6370 6507 6120 5891 6370 5636 6782 6765 6411 5934 6294 6234 6131 5901 6409 6093 6578 6070 6226 6319 6145 6456 6024 5957 6163 6560 6272 6334 6333 6328 5922 5776 6376 5849 6704 6284 6471 6764 6537 5946 6666 5994 6475 6296 6351 6266 5989 6247 5866 6025 5975 6388 6257 6373 6233 6573 6316 6497 6198 5911 6100 6411 6624 5868 6153 6477 6529 5867 5884 6343 5762 5934 6143 6645 6532 5848 6587 6290 6237 5940 5913 6495 6124 6567 6278 6265 6701 6464 6128 6571 6228 5893 5802 5986 6608 6783 6218 6880 6522 5899 6474 5857 5809 5795 6019 6336 6299 6006 6567 7254 5976 6343 6282 6456 6090 5893 6499 5683 5762 6687 6278
7312 6882 7343 6514 6693 7022 7351 7407 6397 7084 7024 6979 6509 7374 6901 6714 6990 6843 6851 6959 6578 6951 7606 6354 6998 6773 6128 7177 7144 6874 7007 6897 6980 7142 6792 6767 6551 7509 7317 7046 7324 7383 6983 6550 6810 6535 7292 6974 7393 6884 6925 6885 6379 6463 6567 6780 6968 7327 6059 7241 6832 6991 6339 6279 6386 6881 6647 6888 6359 6638 6706 6863 7078 6736 6374 7187 7285 7169 6820 7088 6345 6530 6663 6769 6902 7141 6548 6512 6237 6736 6681 6850 6488 7034 6877 6617 7082 6496 6978 6600 7301 7072 6692 6944 7450 6935 6974 6561 6371 6784 7065 6958 7223 7067 6545 6705 7042 6791 7088 6434 6772 6672 7022 6423 6669 7221 7204 6950 7047 6527 6383 6921 6850 7075 6151 6729 7004 6522 6998 6675 5830 7482 7288 7047 6330 6819 6934 6541 6572 7291 6828 6982 6472 6980 6729 6962 7094 6864 6685 6723 7152 6649 6753 7043 6974 7072 6484 6876 6573 7229 7216 6697 7128 7121 6269 6909 6160 7352 7152 6986 6751 6864 6672 6916 6495 6540 6927 6554 6696 6727 6980 7156 7623 7273 6694 6542 7012 6792 6332 6606 7329 7381 6386 6486 6867 6454 6470 6792 7500 6942 6911 6978 7189 6667 6714 6490 7238 6408 6837 6936 6794 6768 7074 6937 7157 6824 6545 6281 6817 6817 7088 6967 7555 7064 7166 6957 6457 6275 6468 6802 7213 7035 6692 7455 7742 6879 6606 6815 7017 7040 6589 6889 6311 6083 7120 6948
6757 6474 6908 6250 6428 6728 6700 6626 5942 6764 6404 6475 6164 6867 6402 6258 6318 6191 6555 6913 6236 6613 7121 6546 6600 6507 5903 6056 6776 6087 6925 6624 6690 6736 6557 6359 6601 7424 6712 6550 7015 6655 6531 6358 6727 6432 6886 6791 6581 6493 6660 6688 6082 5894 6355 6309 6731 7237 6035 7071 6253 6714 6002 6178 6301 6601 6224 6565 5804 6206 6496 6385 6786 6253 6020 6804 6907 6608 6406 6489 6182 6303 6569 6665 6701 7034 6195 6344 6162 6321 6317 6406 6116 6583 6782 6849 6821 6507 6531 6132 6956 6459 6292 6530 7020 6372 6638 5956 6251 6717 6878 6626 7131 6594 6359 6183 6193 6346 6347 6494 6558 6422 6567 6220 6387 7015 6574 6781 6415 6548 6433 6336 6434 6625 6187 6470 6896 6387 6279 6321 5840 7216 7006 6589 6166 6195 6366 6442 6034 6490 6266 6720 6205 6206 6662 6527 6465 6658 6633 6640 6676 6326 6357 6649 6210 6418 6345 6450 6378 6658 6899 6760 6841 6732 5971 6663 5949 6723 6344 6660 6581 6108 6316 6241 6393 6570 6696 6307 6435 6271 6491 6257 6693 6694 6420 6237 6621 6679 6316 6284 6976 7222 6154 6197 6568 6192 6266 6218 6705 6312 6337 6824 6538 6236 6199 6141 6869 6211 6958 6506 6253 6482 6513 6443 7133 6660 6203 6258 6548 6389 7004 5899 6965 6775 6748 6802 6338 6022 5897 6553 6726 6924 6481 6776 7543 6261 6543 6399 6520 6074 6352 6616 6001 6225 7081 6480
6566 6602 6793 6263 6321 6684 7060 6974 6090 6736 6070 6742 6181 6537 6683 6747 6601 6463 6615 6596 6054 6688 6823 6304 6648 6114 5801 6225 6875 6007 6751 6683 6599 6651 6498 6195 6887 6901 7043 6804 6676 6765 6171 6309 6408 6452 6662 6961 6486 6768 6650 6725 6031 5962 6104 6383 6711 6796 5817 6814 6288 6690 6121 6314 6103 6269 6014 6811 6008 6346 6730 6399 6657 5928 5705 6770 6592 6790 6406 6829 6038 6166 6590 6545 6333 6965 6145 6365 5773 6369 6601 6587 6107 6666 6466 6503 7026 6355 6438 6582 7166 6521 6616 6447 7221 5919 6766 6197 6008 6268 6724 6753 7030 6419 6308 6351 6367 6355 6414 6222 6625 6303 6647 6115 6206 7007 6449 6489 6195 6412 6297 6218 6159 6734 6123 6338 6671 6441 6226 6044 5737 7166 7405 6783 6218 6046 6485 6688 6267 6639 6359 6447 6296 6712 6470 6562 6634 6615 6352 6700 6807 6719 6671 6402 6468 6391 6014 6950 6224 6958 6711 6265 6490 6740 5814 6761 6296 6871 6828 6208 6338 6058 6181 6650 6145 6471 6614 6583 6383 6733 6422 6463 7116 6831 6081 6658 6526 6456 6146 6506 6363 6799 5889 6385 6778 6293 6169 6554 7027 6603 6636 6518 6151 6407 6162 5864 6898 5672 6838 6575 6524 6581 6760 6748 6759 6896 6117 6092 6341 6389 6807 6421 7179 6967 6592 6471 6492 5828 6289 6043 6568 6459 6355 7021 7013 6203 6101 6331 6300 6328 6302 6426 5832 6111 6815 6594
6042 6295 6301 5933 5990 6450 6598 6807 5650 6197 6127 6373 5819 6359 6141 6100 6298 6075 6427 6445 6178 6373 6394 5798 6238 6123 5646 6036 6239 5764 6568 6555 6300 6563 6095 5862 6450 6746 6533 6305 6522 6532 6029 6188 6234 5860 6458 6253 6352 6239 6207 6408 5520 5315 6109 5937 6205 7105 5383 6554 6113 6176 5879 6020 5854 6031 5584 6411 5657 5874 6156 6148 6379 6053 5934 6487 6185 6408 5929 6640 6006 6323 6255 6001 6690 6405 6123 6154 5674 5891 6011 6082 5821 6061 6083 6137 6393 5880 5895 5926 6591 6253 6142 6100 6616 5703 5947 5436 5685 6260 6220 6092 6445 6229 6052 6119 6170 5938 6288 6107 6061 5920 6433 5846 5758 6493 6468 6385 6350 6121 6138 6263 6046 6140 5880 6596 6098 6158 5981 6330 5893 6355 6811 6257 5590 5901 6331 6174 5684 6197 5893 6201 6271 6136 6586 6444 6386 6166 5726 6372 6183 6194 6169 6031 6290 6264 5796 6239 6079 6491 6856 6173 6245 6344 5571 6213 5821 6677 6355 6144 6058 5929 5890 6291 5749 5980 6269 6064 5952 6056 6210 6035 6570 6310 5878 6201 6068 6341 6022 6117 6170 6779 5970 6241 6079 5801 5725 6238 6591 6091 6295 6164 6494 5915 5944 5648 6410 5952 6336 6234 5796 6400 6429 5887 6743 6032 5951 6008 5961 6370 6310 5728 6537 6096 6546 6321 5856 5535 5759 6148 6488 6265 6289 6757 6824 5767 5887 6234 6184 5802 6169 6151 5680 5906 6420 6417
6238 6661 6297 6418 6099 6248 6269 6311 5441 6101 6106 6194 6051 6591 6567 6480 6515 6147 6102 6226 6248 6420 6622 6048 6584 6489 5652 6037 6423 6220 6505 6650 6577 6617 6116 6017 6378 6562 6271 6511 6592 6341 6229 6077 6337 5924 6213 6305 6282 6259 6312 6398 5648 5393 5690 6301 6232 6480 5824 6539 6113 6279 5647 5907 5963 6014 5757 6027 5387 6260 6206 6550 6040 5960 5862 6435 6328 6522 6109 6632 6160 5695 6294 6418 6342 6491 5889 6498 5353 5879 5923 6242 5739 6313 5784 6149 6312 6289 5909 5888 6797 6036 6370 6462 6629 5949 6036 5604 6154 6023 6505 6113 6780 6349 5516 6117 6443 5683 6431 6032 6287 6490 6148 5775 6016 6579 6396 6662 6212 6197 6136 5834 5965 6282 5886 6150 6423 6137 5962 6230 5558 6635 6490 6188 6088 5883 6379 6314 5992 6466 5964 6160 5829 6127 6478 6260 6013 6359 5911 5924 6484 6039 6418 6204 6520 5913 6301 6124 5927 6380 6560 6066 6604 6304 5800 6202 5841 6253 6278 6488 6295 5710 5998 6133 5762 5723 6636 5984 5906 6139 6496 6291 6688 5952 6072 6063 6473 6370 6014 6408 6238 6606 6184 5973 6255 5980 5700 5927 6832 6308 6049 6110 6380 5883 6115 5910 6502 5720 6286 6269 5752 6323 6542 6097 6652 6263 5828 5971 5875 6057 6284 6032 6694 6386 6257 6685 6124 5618 6015 6362 6440 6219 6325 6085 6950 5997 6204 6316 6503 6005 5625 6244 5869 6042 6594 6796
6481 6761 6540 6398 6443 6845 6883 6876 6040 6275 6806 6534 5988 7119 6481 6534 6786 6368 6724 6559 6202 6840 7029 6392 6683 6767 5694 6195 6627 6363 6776 7097 6993 6746 6520 6447 6661 6893 7062 6682 7080 6530 6368 6183 6541 6331 6879 7081 6786 6731 6678 6925 5827 6227 5949 6594 6745 6817 6383 6887 6368 6892 6246 5965 6357 6841 6293 6687 5733 6280 6739 6615 6729 6166 6122 6930 6502 6768 6439 6612 6532 6332 6771 6689 6802 7014 5949 6590 5899 6349 6565 6857 6422 6812 6174 6330 6668 6634 6305 6270 6969 6767 6497 6793 6709 6258 6857 6129 6450 6461 6783 6560 7162 6737 6326 5757 6403 6228 6367 6447 6506 6896 6744 6212 6630 6863 6827 6927 6446 6451 6357 6494 6123 6623 6176 6354 6858 6372 6642 6572 5943 7246 7146 6953 6187 6402 6606 6479 6111 6736 6477 6886 6328 6370 6787 6651 6708 6656 6788 6494 7151 6157 6485 6926 6649 6353 6623 6736 6398 7057 6862 6392 7001 6521 6317 6901 6314 6677 6243 6928 6512 6056 6458 6451 6299 6105 6981 6441 6586 6373 6640 6576 6898 6443 6189 6182 6705 6671 6275 6575 6663 6965 6041 6264 7061 6207 6022 6367 6823 6401 6306 6780 6641 6458 6864 6110 6793 6051 6848 6583 6511 6495 6772 6501 7024 6894 6354 6181 6379 6943 6654 5942 7099 6985 6789 6654 6160 5857 6318 6457 6829 6570 6623 6588 7119 6300 6544 6609 6690 6308 6097 6744 6382 6271 7031 6870
6108 6158 6095 5980 5712 6189 6135 6301 5704 5736 6014 5909 5608 6152 5516 5971 5952 6007 6473 5944 5807 6019 6389 5482 6268 6165 5159 5933 6020 5737 6075 6300 6363 5730 5847 6124 5819 6503 6657 6140 6248 6183 5784 5922 6037 5849 6226 6144 6273 6027 5846 6145 5511 5621 5771 5859 6204 6220 5488 6561 5791 6171 5948 5854 5737 6180 5839 6091 5412 5708 6067 6042 5986 5499 5562 6394 6245 6139 6132 6217 5705 5741 6230 6067 6090 6448 5752 5886 5787 5458 6083 5967 6015 6124 5785 5738 6112 5794 5816 5828 6363 6189 6166 5917 6582 5670 5952 5569 5808 5875 5732 5948 6549 6236 5296 5619 5888 5937 6001 5712 5798 5907 6126 5741 5686 6359 6029 6031 6155 5749 5836 6106 5788 6189 5547 6172 6289 5765 5825 6054 5536 6733 6509 6054 5488 5600 6059 5823 5547 6166 5802 6225 5806 6266 5841 5964 5986 6067 6150 6188 6490 5696 5792 6129 6392 5891 5856 6054 6063 6515 6260 5912 6354 6041 5670 6084 5861 6440 6082 6171 6191 5740 5921 5811 5563 5722 6329 5749 6246 5912 5934 5933 6351 6134 5806 5667 6279 5927 5786 5770 6174 6244 5882 5894 5834 5702 5691 5781 6348 6060 5896 6226 6020 5770 5790 5693 6446 5767 6406 5879 6047 6065 6290 6129 6141 6021 5593 5761 5710 6310 6171 5737 6448 6367 6081 6173 5639 5696 5498 5750 6240 5751 5927 6045 6749 5740 5752 5603 5865 5944 5897 5892 5846 5553 6501 6206
6454 6455 5992 5782 6284 5958 6583 6205 5693 6333 5830 5868 5725 6522 6445 5949 6346 5872 6047 6424 5724 6195 6597 5812 6274 6106 5421 5783 6185 5673 6113 6415 6437 6130 5981 5947 6301 6425 6628 6310 6523 5809 6250 5995 6043 5721 6339 6059 6141 5869 6117 6105 5421 5171 6174 5874 6453 6735 5314 6219 5879 6169 5757 5766 5676 6294 5794 6277 5887 5896 6073 6048 6168 5681 5621 6016 6284 6377 5719 6283 5836 5967 6201 5874 5964 6510 5660 6053 5339 5834 5926 5922 5663 6059 5658 6086 6219 5734 5937 6029 6411 6097 5860 6120 6794 5827 5812 5602 5824 5804 6321 6119 6305 6028 5728 5890 6043 5828 5725 6116 5962 5945 6140 5583 5904 6376 6352 6028 5817 6137 5773 5692 5732 6197 5766 5806 6189 5859 5699 5971 5231 6780 6577 6021 5430 5913 6106 5931 5774 6252 5894 5866 6012 5790 6215 6005 6342 6481 6009 5507 6298 6020 5900 6093 6144 6108 6204 6030 5713 6454 6396 6157 6169 6172 5797 6041 5407 6139 6021 5977 6132 5641 5856 5964 5710 5677 6227 6088 6254 5826 5969 6151 6462 5881 5612 5999 6032 6044 5794 6017 6174 6533 5633 5676 6241 5642 5714 5681 6681 5950 6012 5988 6191 5878 5995 5624 6548 5391 6495 6143 5923 6289 6064 5960 6587 6209 5938 5677 6145 6095 6527 5810 6742 6185 5863 6164 5965 5559 5607 5983 6196 6281 6040 6308 6742 5895 5828 6294 6168 5906 5824 6181 5588 5640 6013 6351
6733 7163 7080 6674 6609 6987 7367 7273 6326 6774 6928 6725 6783 7164 6825 6765 7033 6959 7212 7207 6608 6882 7358 6385 6997 6926 5969 6544 6866 6554 6895 7269 6862 7126 6864 6897 6910 7191 7276 7055 6957 6893 6950 6549 6853 6361 6876 7008 7163 6845 6688 6895 6108 6318 6534 6764 6714 7272 6252 7185 6594 7005 6241 6543 6261 6870 6448 6835 6229 6518 6975 6808 6928 6751 6365 6810 6988 7197 6728 7217 6653 6587 6952 6900 7035 7244 6515 6841 5922 6619 6860 6684 6372 6518 6607 6724 7248 6842 6547 6440 7186 6841 6694 6823 7345 6592 6766 6227 6441 6732 6829 6591 7463 7003 6170 6370 6781 6651 6737 6543 6761 6980 6841 6197 6625 7128 6975 7252 7053 6664 6695 6812 6473 6649 6112 6600 6744 6749 6701 6709 6203 7305 7219 6678 6256 6512 6862 6831 6529 6869 6611 6639 6400 6680 6884 7039 7086 6890 6491 6869 6712 6648 6800 6725 6791 6906 6478 6558 6257 7098 7155 6852 7146 7058 6660 6754 6419 7030 6841 6771 7028 6343 6629 6780 6370 6507 6910 6428 6562 6354 6939 6883 7450 6934 6559 6731 7095 6767 6650 6904 6991 7520 6592 6415 7017 6294 6140 6639 7539 6920 6952 6818 7029 6580 6705 6228 7130 6480 6848 6929 6461 7047 6915 6855 7339 6896 6671 6485 6545 6898 7044 6425 7471 7065 6957 6867 6518 5885 6611 6642 6965 6931 6759 7428 7583 6508 6620 6668 6863 6642 6639 6982 6628 6306 7295 6958
6323 6717 6262 6088 6062 6252 6649 6182 5758 5921 6162 6206 5903 6272 5990 6187 6142 6041 6096 6013 5876 6349 6984 6188 6324 6237 5709 6015 6332 5776 6462 6432 6230 6550 6342 5985 6231 6384 6640 5967 6579 6133 6159 6158 6012 5972 6355 6283 6347 6468 6025 6454 5687 5731 5847 5964 6390 6333 5715 6493 5849 6197 5734 5941 6056 6327 6109 6712 6014 5792 6260 6257 6319 6047 5655 6474 6229 6391 6427 6376 5842 6167 6300 6085 6558 6777 5851 5843 5608 5893 6100 6175 5939 6189 5889 5956 6449 6399 6072 5861 6796 6689 5995 6092 6734 6160 6066 5839 6093 6176 6263 6181 6765 6461 6082 5738 6231 6203 6200 5921 6202 6301 6396 5649 5927 6644 6356 6475 6430 5930 6098 6063 5890 6244 5996 6015 6421 5999 5711 6566 5610 6762 6568 6602 5900 5854 6101 6212 6089 6240 5909 6550 5713 5944 6383 6339 6369 6200 6122 6081 6298 5844 6192 6269 6546 6122 5955 6239 5997 6228 6628 6197 6081 6262 5642 6309 5626 6355 5788 6239 6432 6049 6054 6185 5737 6095 6390 6071 6036 5815 5816 6117 6464 6236 5934 6074 6440 6242 5939 6126 6145 6505 6006 5632 6397 5894 5833 6250 6392 5955 6312 6115 6327 5924 6433 5666 6317 5449 6343 6099 6251 5967 6337 6037 6547 6330 5775 5764 6316 6073 6457 5812 7012 6452 6054 6478 6108 5571 5956 6049 6691 6140 6351 6558 6997 5978 6482 6227 6039 5958 6026 6381 5797 5735 6587 6045
6396 6394 6335 5797 6087 6216 6690 6584 6033 6220 6117 6369 6004 6447 6478 5855 6422 5960 6177 6401 5964 6588 6978 5660 6750 6302 5460 6192 6441 5933 6643 6613 6405 6325 6119 6261 6040 6921 6552 6130 6801 6309 6428 6315 6320 5862 6550 6330 6373 6478 5982 6040 5808 5500 5983 6336 6553 6698 5640 6683 6054 6411 5577 5784 5979 6183 5642 6514 5799 6213 5941 6249 6454 5805 5897 6491 6381 6638 6074 6533 5875 6201 6196 5942 6088 6647 5929 6038 5755 5793 6257 6340 5893 6226 6017 5785 6291 6177 5813 6185 6736 6419 6422 6124 6673 5797 6108 5720 6185 6179 6472 6133 6668 6288 6189 6082 6251 6036 6094 6147 6338 5945 6406 6042 6090 6481 6274 6092 5903 6154 6230 6187 5953 6321 5862 6213 6423 5902 6196 6083 5518 6568 6571 6594 5821 5999 5918 6263 5623 6534 5851 6104 6075 6114 6425 6188 6512 6561 6064 6435 6335 5959 6040 6412 6420 5945 6136 6362 5952 6351 6460 6605 6419 6657 6007 6314 5917 6404 6323 6108 6146 5775 5814 6156 5812 6394 6626 6551 6227 5906 6111 6494 6204 6353 5868 6225 6420 6055 6007 6205 6392 6590 6003 6066 6412 5862 5915 5928 6545 6117 6223 6116 6381 6141 6332 5690 6606 5806 6541 6098 6472 6233 6307 6175 6495 6249 5931 5788 6098 6329 6797 5720 6901 6168 6360 6426 5811 5594 5918 5741 6413 6274 6505 6492 7102 5921 6030 6617 6053 6128 6167 6124 5711 5860 6345 6641
6964 7164 6828 6354 6737 6847 7040 7214 6006 6612 6716 6579 6656 7214 6338 6803 6970 6580 7002 6806 6472 6968 7385 6512 6899 6621 5935 6775 6810 6213 7207 6984 6788 6957 6654 6561 6789 6823 7512 6730 7124 6853 6655 6242 6830 6820 6990 6967 6737 6718 6726 7068 6207 6029 6505 6742 7012 7255 6158 6992 6698 6867 6171 6626 6357 7163 6376 6893 6067 6433 6901 6835 7107 6625 6334 6860 6868 7067 6793 6970 6703 6554 6705 6612 7082 7451 6572 6569 5876 6294 6526 6798 6372 6826 6483 6805 6865 6512 6609 6625 7254 7021 6823 6671 7217 6631 7000 6263 6576 6638 6833 6604 7260 6696 6409 6342 6872 6639 6762 6643 6728 6414 6835 6426 6558 6937 6790 6756 6872 6346 6597 6787 6495 7004 6348 6829 7010 6530 6594 6492 5994 7378 7064 7034 6572 6307 7123 6544 6506 6853 6643 6739 6564 6410 7100 6757 6918 6685 6552 6798 6767 6686 6868 6729 6883 6620 6456 6662 6680 6787 7253 6713 7079 6760 6443 6936 6016 6689 6597 7131 6826 6319 6402 6395 6424 6403 7052 6797 6617 6310 6800 6728 6927 6823 6694 6726 7034 6500 6225 6547 6774 7186 6428 6430 6938 6645 6311 6687 6925 6769 6343 6993 7013 6755 6761 6041 6973 6316 7285 6635 6590 6880 6841 6845 7084 6786 6428 6651 6821 6967 6838 6405 7469 6917 6798 6804 6502 5969 6541 6355 7034 6656 6769 7062 7630 6375 6760 6741 6678 6508 6590 7460 6108 6072 7058 6911
6632 6683 6802 6485 6428 6538 7173 6630 6097 6548 6697 6648 6174 6953 6751 6326 6846 6606 6590 6959 6198 6982 7154 6487 6641 6258 6070 6372 6868 6548 6854 6893 6452 6935 6305 6712 6711 7111 6788 6741 6679 6811 6620 6359 6642 6405 6844 6762 6716 6514 6630 6691 6390 6332 6343 6669 6401 7144 6263 6861 6223 6483 6160 5934 6404 6740 6509 6635 6029 6086 6554 6765 6849 6168 6134 6796 6746 6712 6307 6587 6306 6321 6770 6956 6687 7149 6250 6465 5927 6539 6241 6328 6409 6645 6369 6527 7017 6772 6507 6197 6953 6434 6501 6571 7373 6517 6777 6132 6185 6598 6978 6686 6875 6764 6329 6267 6742 6214 6843 6612 6480 6818 6547 6157 6557 6958 6906 6885 6413 6725 6360 6545 6266 6509 5975 6449 6597 6346 6084 6464 5721 7215 7039 6515 6157 6046 6383 6520 6065 6697 6434 6885 6453 6391 6398 6505 6616 7188 6467 6487 6897 6354 6343 6474 6798 6565 6223 6810 6190 6839 6769 6561 6885 6765 6216 6556 6016 7013 6434 6827 6865 6424 6694 6517 6228 6024 6644 6220 6184 6498 6380 6240 7015 6820 6315 6312 6938 6785 6319 6613 6939 7110 6099 6518 7004 6599 6081 6379 7088 6511 6183 6667 6533 6216 6164 5908 6963 6221 6698 6431 6515 6443 6695 6211 7179 6912 6395 6220 6331 6622 6855 6426 6768 7021 6664 6670 6369 6082 6116 6404 6654 6884 6653 6995 7532 6472 6423 6450 6668 6413 6614 6811 6315 5888 6922 6523
6646 6549 6288 6127 6020 6310 6695 6410 5648 5989 6400 6279 6074 6403 6077 6379 6485 5954 6199 6546 5970 6493 6822 6082 6473 6255 5533 6088 6616 6086 6434 6814 6213 6211 6142 6077 6295 6401 6541 6463 6710 6406 6434 6073 6295 6328 6646 6766 6397 6642 6149 6724 5632 5505 5513 6160 6310 6400 5903 6702 6159 6395 5847 5879 5863 6270 5810 6366 5865 6225 6219 6583 6468 5734 5972 6589 6683 6356 6164 7114 5987 6329 6307 5950 6568 6534 5965 6236 5500 6033 6145 6175 6091 6456 5866 6500 6643 6318 6164 6344 6879 6344 6496 6245 6661 6092 6236 5870 6313 6098 6192 6111 7024 6411 6105 6272 6051 6047 6301 6291 6356 6263 6312 5858 5931 6642 6304 6426 6084 6305 5817 5982 5937 6362 6037 6269 6280 6258 6065 6108 5318 6662 6687 6416 6121 5943 6034 6595 6244 6416 6041 6400 6178 6121 6664 6504 6326 6255 6125 5985 6507 6343 6101 6208 6359 5943 5935 6909 6102 6641 6624 5862 6494 6501 5998 6575 5766 6563 6139 6336 6264 5904 6174 6322 6244 5952 6834 6144 5882 6201 6211 6035 6494 6320 6091 6253 6399 6433 6071 6358 6404 6861 6094 6099 6574 6217 5796 6399 6727 6016 6157 6329 6437 6283 6259 5843 6515 5950 6612 5854 6139 6414 6375 6115 6669 6463 6105 5760 6007 6462 6436 6133 6545 6697 6433 6300 6004 5506 6104 6045 6275 6154 6321 6550 6874 6507 6111 6399 6002 5793 5915 6382 5773 5782 6720 6494
6455 6660 6529 6210 6346 6455 6672 6402 6006 6493 6074 6142 6112 6785 6363 6169 6478 6200 6551 6669 6242 6341 6996 5874 6472 6473 5620 6012 6722 5978 6688 6826 6763 6572 6132 6576 6342 6758 7013 6444 6811 6229 6311 6073 6472 5986 6355 6609 6754 6271 6603 6651 5710 5604 6252 5910 6649 6672 5860 6887 6211 6521 6053 6136 6104 6563 6325 6590 5747 6435 6775 6279 6434 6387 6445 6482 6450 6730 6417 6741 6477 6480 6348 6445 6726 6694 5889 6289 5511 5849 5928 6506 6154 6365 6157 6431 6435 6154 6102 6204 6821 6552 6369 6617 6634 6083 6422 5922 6619 6454 6564 6265 6690 6272 6021 6118 6235 5828 6146 6311 6303 6217 6349 5952 6070 6255 6552 6587 6573 6386 6126 5924 6247 6496 6107 6413 6729 6132 5961 6331 5945 6939 6643 6739 5834 6354 6284 6383 5854 6595 6207 6569 6239 6096 6645 6376 6320 6386 6414 6312 6508 6096 6386 6494 6409 6356 6437 6115 6302 6521 6961 6499 6536 6400 5979 6691 5844 6377 6325 6592 6409 6135 6102 6334 6004 6023 6762 6403 6449 6135 6272 6233 6444 6766 6252 6026 6654 6335 6172 6088 6466 7219 5958 6118 6764 6041 6003 6178 6613 6471 6221 6601 6581 5890 6313 5891 6437 6067 6915 6373 6386 6321 6261 6341 6574 6157 6272 6023 6560 6268 6924 6148 6899 6967 6379 6632 6313 5557 5970 6499 6727 6512 6464 6756 7397 6097 6518 6557 6376 6139 6058 6524 5735 6038 6747 6514
6595 6721 6499 6442 6499 6569 6952 6679 6077 6811 6687 6234 6078 6933 6642 6500 6693 6600 6732 6703 6506 6907 7346 6280 6859 6659 5823 6444 6615 6402 6906 6778 6886 7186 6467 6697 6700 7139 7031 6555 6778 6768 6835 6304 6229 6445 6614 6562 6694 6330 6814 6833 6038 5916 6268 6649 6535 7012 6268 6965 6266 6757 6149 6137 6147 6813 6336 6582 5915 6534 6665 6519 6509 5957 5932 6460 6663 7011 6275 6767 6326 6249 6726 6499 6836 7011 6267 6560 5852 6256 6772 6487 6117 6686 6460 6500 6883 6298 6173 6341 7348 6883 6671 6515 6997 6382 6626 6131 6469 6539 6723 6732 7213 6411 6068 6189 6508 6153 6473 6626 6095 6681 6686 6131 6229 7170 6694 6800 6268 6645 6273 6292 6413 6421 5783 6838 6706 6384 6481 6711 5782 7110 7005 6882 5826 6134 6778 6400 6165 6503 6213 6485 6322 6301 6783 6683 6415 7153 6449 6700 6607 6674 6800 6524 6734 6444 6811 6557 6410 7135 7027 6076 7030 6576 6132 6667 5755 6939 6616 6595 6419 6145 6665 6672 6140 5977 6653 6410 6415 6693 6560 6519 6822 6426 6131 6291 6864 6667 6182 6256 6852 7014 6278 6274 6920 6155 6152 6397 6938 6800 6522 6429 6436 6148 6084 5889 7124 6066 6993 6652 6407 6799 6726 6341 6850 6794 6389 6064 6465 6646 6724 6315 7081 6605 6333 6596 6427 5627 6141 6377 7053 6589 6513 6930 7252 6193 6345 6294 6598 6299 6308 6592 6239 5874 7082 6550
6137 6645 6385 6129 6145 6590 6695 6415 5877 6646 6304 6125 6123 6911 6073 6120 6768 6295 6346 6624 6440 6770 6761 6536 6707 6314 5762 6455 6272 5911 6738 6288 6488 6548 6282 6347 6227 6501 6882 6309 6597 6180 6363 6096 6195 5960 6720 6561 6406 6515 6251 6555 5922 5620 6153 6095 6521 7342 5616 6726 5952 6461 5656 6020 5935 6475 6092 6718 5814 6101 6258 6190 6266 6049 6000 6679 6339 6621 6177 6761 6173 6475 6300 5989 6759 7092 6062 5847 5668 5850 6222 6099 6115 5962 6069 6011 6584 6271 6028 6063 6935 6497 6220 6284 6808 5868 6543 5993 5842 6278 6314 6712 6695 6189 6149 6059 6333 6140 6358 6330 5989 6225 6318 5892 6136 6834 6717 6855 6516 6334 5891 6073 5986 6384 5907 6310 6297 6250 6082 6542 5488 6930 7017 6241 5890 6091 6347 6036 6015 6368 6038 6473 5907 5929 6507 6374 6428 6284 5958 6292 6525 6165 6305 6485 6659 6519 6032 6195 6038 6666 6541 6408 6412 6563 5922 6414 5946 6337 6250 6400 6126 6026 6076 6188 5775 6025 6486 6303 5951 6246 6258 6327 6452 6495 6197 6306 6755 6003 6042 6157 6490 6914 6110 5970 6476 5931 5967 6009 6771 6516 6406 6183 6410 6210 6329 5641 6613 5968 6637 6370 6370 6525 6532 6145 6686 6487 6029 6012 6310 6525 6425 5867 6958 6525 6191 6832 6198 5590 5883 6176 6819 6398 6347 6574 7193 6173 6130 6273 6155 6194 6116 6597 5783 5920 6746 6359
6992 6936 7002 6517 6727 6910 7085 7141 6188 6533 6396 6927 6246 7012 6828 7058 7076 6776 6738 6760 6205 6793 7294 6591 6874 6740 6442 6623 6976 6541 7005 7346 7008 6853 6368 6643 7199 7239 7290 7040 6919 7094 6966 6302 7001 6561 7185 7029 6584 6940 6632 7062 6083 5860 6587 6822 6925 7167 6284 7122 6679 6994 6443 6417 6487 6796 6362 6774 6068 6608 6743 6860 6918 6760 6151 6760 6971 7322 6745 6959 6479 5954 6615 6524 6771 7396 6661 6894 6202 6773 6793 6949 6406 7081 6604 6921 7171 6421 6922 6756 7412 7046 6731 6907 7278 6633 6583 6600 6227 6520 6996 6699 7310 6733 6487 6730 6533 6550 6667 6518 6731 6567 6938 6213 6655 7323 7090 6988 6715 6840 6689 6803 6722 7197 6571 6476 6935 6732 6484 6423 6203 7493 7397 6885 6349 6633 6831 6448 6287 6965 6459 6696 6501 6550 6983 6727 6749 6994 6832 6560 7089 6556 7033 6655 6661 6759 6651 6795 6296 7145 6969 6584 6972 6954 6411 7328 6196 7051 6599 6972 6750 6403 6486 6667 6523 6495 6787 6688 6561 6522 7119 6600 7070 6921 6752 6690 6709 6835 6313 6729 6836 6996 6503 6322 6949 6617 6338 6580 7373 6619 6876 6653 6852 6369 6664 6285 6992 6067 6962 6699 6436 6717 6715 6937 7258 6512 6069 6506 6825 6661 6964 6377 7264 6899 7456 6996 6468 6193 6406 6666 7103 6929 6952 7066 7766 6484 6466 6690 6783 6779 6454 6952 6126 6331 6990 6932
6329 6498 6330 6137 6245 6757 6774 6455 6155 6244 6496 6413 5955 6756 6532 6235 6562 6590 6440 6737 5994 6446 6939 6107 6645 6602 5478 6417 6705 5781 6426 6621 6426 6995 5971 6294 6567 6767 7112 6647 6701 6458 6515 5977 6650 6254 6625 6717 6417 6305 6230 6598 5867 5812 6199 6471 6701 6894 5862 6825 6516 6645 5818 5849 6500 6386 6013 6434 6139 6051 6193 6567 6604 5810 6093 6769 6462 6806 6165 6592 6095 6196 6510 6448 6571 6845 6306 6147 6063 5925 6332 6565 6093 6524 6114 6242 6710 6373 6181 6219 6826 6636 6490 6649 6806 6285 6508 5985 5537 6172 6207 6407 6970 6661 6029 6001 6435 6123 6258 6391 6241 6439 6296 6032 6273 6912 6800 6683 6337 5998 5853 6396 6063 6512 5951 6391 6299 6158 6135 6240 6028 6980 7014 6410 6166 6029 6338 6358 6210 6719 6162 6165 6021 6206 6423 6394 5985 6466 6368 6351 6839 6197 6129 6211 6517 6200 5882 6504 6290 6579 6741 6406 6732 6814 5921 6348 5950 6987 6235 6654 6341 5869 6091 6105 6058 6103 6417 6202 6033 6387 6535 6087 6567 6596 6338 6205 6714 6406 6224 6427 6557 6834 6298 6095 6578 6008 6279 6512 7037 6336 6546 6491 6598 6284 6317 5887 6812 5952 6717 6546 6765 6432 6774 6169 6670 6363 6008 5898 6449 6578 6655 6031 6968 6716 6793 6445 6476 5463 6084 6293 6428 6644 6280 6915 7150 6220 6288 5965 6330 5981 6192 6637 5963 5872 6772 6417
6848 6851 6670 6606 6437 6972 6921 6850 6142 6462 6689 6586 6406 6957 6814 6427 6762 6830 6683 7071 6312 6555 7413 6526 6923 6699 5739 6647 6988 6664 6806 7187 6777 6982 6766 7091 6815 7034 7328 6966 7066 6943 6684 6235 6734 6538 7122 6996 6939 6780 6687 6667 6155 6167 6441 6779 6738 6492 6058 7147 6462 6536 6146 6433 6555 6540 6503 6768 6077 6574 6467 6983 7018 6601 6109 6933 6802 7057 6663 7001 6162 6524 6958 6731 6832 7223 6506 6440 5896 6310 6597 6870 6498 6703 6277 6247 6741 6574 6398 6427 7174 6690 6859 6901 7172 6337 6494 6407 6647 6285 6873 6775 7358 6385 6153 6152 6663 6868 6783 6320 6555 6584 6985 6329 6649 7123 7138 6773 6570 6618 6349 6681 6299 6841 6404 6704 6815 6355 6643 6347 6065 7533 7361 6835 6351 6498 6413 6496 6455 6891 6254 6801 6231 6695 6692 6786 6869 6930 6593 6835 6962 6490 6363 6934 6950 6626 6214 6807 6342 6806 6910 6633 6852 6848 6260 7025 6146 7052 6497 7044 6624 6364 6345 6630 6284 6592 7137 6489 6481 6337 6717 6470 6970 6546 6635 6326 6857 6726 6567 6603 7020 7367 6268 6384 6755 6326 6203 6591 7287 6883 6551 6653 6620 6486 6663 6132 7019 6396 6862 6583 6599 6731 6659 6848 7191 6607 6316 6189 6720 6962 7041 6424 7319 6776 7020 7045 6305 5968 6116 6397 6695 6982 6976 6749 7735 6768 6508 6520 6474 6481 6307 6975 6352 6130 6927 7039
6407 6605 6459 6007 6453 6495 6553 6937 5657 6415 6315 6395 5934 6570 6281 6258 6384 6034 6039 6200 6270 6636 6747 6084 6578 6330 5609 6080 6374 5901 6514 6606 6441 6772 6077 5952 6379 6677 6338 6320 6463 6463 6277 6069 6093 5958 6414 6512 6406 6251 6384 6596 5698 5635 5902 6299 6158 6757 5601 6764 5850 6347 5675 5949 5735 6455 5846 6366 5383 5945 6289 6171 6204 6158 5505 6440 6472 6673 6252 6421 6058 5944 6164 6176 6325 6930 6403 6115 5806 5981 6077 6313 6072 6405 6082 6269 6249 6179 6237 5969 6630 6340 6199 6257 6593 6112 6441 6197 5979 6211 6485 6372 6942 6248 5917 6147 6339 6102 5964 6199 6132 6065 6609 6106 6087 6586 6624 6558 6239 6165 6082 5892 6021 6357 5708 6066 6206 6118 6277 6407 5517 6892 6467 6223 5880 6283 6329 6199 5917 6668 6182 6170 5837 5932 6344 6547 6560 6404 5833 6087 6356 6373 6343 6106 6191 6288 6203 6547 5725 6481 6533 6571 6462 6470 5670 6254 5623 6250 6209 6390 5928 5713 6074 6062 6107 6347 6465 6169 6148 6082 6616 6038 6336 6237 6121 5906 6837 6204 5940 6253 6231 6495 5963 5743 6224 6173 5447 6185 6321 6400 6160 6317 6269 6330 5993 5693 6704 5727 6596 6198 6135 6286 6361 6439 6335 6505 6225 6129 6080 6457 6181 6008 6795 6482 6460 6501 6012 5592 5898 6123 6437 6174 6353 6460 6973 6220 6161 6472 5872 5694 5829 6313 5739 6224 7030 6343
5923 5953 6122 5764 5726 6216 6391 6144 5475 5654 6136 5959 5581 6271 5760 5800 6159 5776 5882 6360 5582 6343 6153 5722 6101 5961 5226 5844 5852 5549 6156 6254 6051 6327 5857 6002 5861 6239 6182 5870 6331 6213 5963 5730 6060 5555 6224 6057 5712 6013 5984 6165 5292 4928 5659 5692 5895 6307 5240 6593 5873 6001 5888 5642 5582 5750 5575 6284 5530 5464 6000 5944 5857 5703 5705 6502 5954 6192 6065 6441 5692 5917 5740 5824 5980 6325 5589 5956 5435 5685 5696 5769 5675 6148 5743 5893 6214 5792 5899 5699 6272 5902 5956 5535 6430 5488 5919 5219 5751 5757 5713 5905 6324 5996 5959 5810 5826 5893 6122 5495 5843 5926 6297 5741 6195 6268 6287 6232 6075 6032 5642 5804 5978 5907 5619 5975 6461 5799 5898 5901 5216 6325 6030 5885 5217 5857 5890 5805 5579 6054 5545 6090 5593 5997 6160 6281 6306 6203 5827 5802 6403 5813 5570 5950 6167 5900 5950 6236 5810 6342 6598 6126 6355 6384 5554 5944 5707 6253 5854 5997 5969 5666 5983 6066 5570 5721 6286 6005 5648 5924 5891 5462 6143 5959 5664 5723 5953 5994 5889 5492 6287 6500 5571 5689 5903 5721 5479 5961 6375 6211 5773 5883 6639 5879 5934 5329 6161 5578 6129 5595 5913 6010 6264 5906 6361 6032 5685 5690 5760 6092 5810 5639 6702 6140 6292 6470 5256 5373 5723 5947 6155 6270 5893 6124 6640 6138 5578 5525 5902 5666 5646 6164 5569 5333 6441 6074
6630 6819 6885 6344 6545 6714 6970 6763 6209 6669 6363 6520 6211 6823 6363 6456 6687 6594 6469 6807 6170 6708 7287 6235 6494 6732 5760 6542 6411 6210 6976 7016 6740 6941 6644 6383 6797 7359 7222 6464 6671 6780 6670 6356 6413 6469 6641 6868 6670 6794 6384 6769 6143 5569 6276 6415 6871 6867 5833 6970 6627 6901 6240 5892 6280 6711 6378 6895 6091 6348 6460 6408 6795 6193 5943 6763 6439 6994 6704 6930 6377 6297 6251 6502 6685 7097 6448 6585 6010 6422 6265 6871 6187 6633 6309 6372 6647 6409 6526 6340 7347 6525 6684 6483 7151 6347 6232 6006 6253 6494 6595 6556 6940 6646 6398 6623 6487 6352 6724 6268 6883 6418 6699 6167 6128 6995 6587 6644 6500 6608 6217 6284 6611 6589 6257 6285 7068 6799 6293 6530 5914 6856 6840 6858 5823 6399 6666 6283 6350 6648 6282 6913 6263 6362 6649 6490 6745 6845 6453 6324 6755 6464 6367 6504 6385 6332 6371 6705 6633 6885 6734 6506 6905 6425 6290 6810 6116 6583 6582 6261 6511 6310 6514 6468 5989 6585 6424 6415 6582 6489 6303 6737 7145 6803 6237 6369 6781 6582 6169 6289 7068 6898 6136 6543 6937 6099 6070 6502 6953 6555 6728 6360 6920 6368 6316 5886 6728 5869 6716 6662 6748 6656 6597 6307 6776 6327 6253 6309 6315 6598 7049 6520 7037 6640 6399 6626 6388 5718 6268 6316 7006 6584 6655 6531 7430 6490 6373 6729 6261 6527 6262 6436 6199 5530 6808 7037
5961 6173 6298 5964 6116 6361 6312 6454 5297 6026 6216 6210 5919 6064 5924 6177 6475 6020 6003 6132 5625 6088 6271 5699 6267 6196 5530 5959 6405 5901 6247 6354 6211 6503 6138 5934 6319 6564 6524 6097 6244 6153 5969 5806 6201 6117 6111 6285 6292 6268 6386 6328 5621 5386 5808 5899 6184 6485 5597 6533 5957 5987 5807 5363 5449 5916 5942 6409 5431 5701 6203 5862 6020 5778 5633 6162 6216 6339 5998 6409 5651 5874 6279 6092 5863 6575 6020 6194 5423 5590 5874 6086 5776 6221 5796 6066 6570 5976 5776 5774 6815 6139 6074 5990 6421 5823 5642 5521 5899 5513 5929 5876 6378 6667 5640 5576 5839 5861 6364 5843 6115 5929 6361 5869 5735 6397 6439 6214 6134 5807 5970 5815 5890 6033 5600 5802 6336 6074 5984 6039 5366 6367 6364 6051 5375 5995 5982 6084 5758 6329 5554 6022 5819 5964 6208 6229 6413 6252 5909 6082 6218 5765 5736 5802 6351 6117 5816 5907 5946 6204 6315 6216 6097 6134 5917 6210 5706 6592 5874 5985 5897 6123 6006 5791 5826 5758 6433 6091 6056 6028 6171 5824 6605 5886 6183 6110 6189 5841 5804 6138 6392 6414 5867 5571 6228 5532 5533 5983 6694 6285 6237 5984 6088 6072 5898 5305 6392 5787 6351 6137 5752 6341 5954 5943 6525 6061 5617 5782 6035 6132 6286 5686 6648 6239 6049 6391 5707 5217 6049 6079 6291 6197 6153 6392 6712 5738 5834 6429 5932 5793 5948 6176 5726 5436 6510 6439
6261 6286 6149 6168 6159 6337 6741 6409 5861 6075 6320 6296 5959 6769 6701 6112 6719 5800 6562 6503 6100 6325 6893 6174 6650 6104 5541 6072 6516 5967 6517 6527 6175 6547 6234 6322 6257 6585 6886 6663 6470 6576 6421 5942 6151 6077 6289 6597 6297 6604 6063 6405 5463 5863 6064 6298 6333 6539 5987 6622 6211 6344 5644 5893 6217 6197 6081 6515 5493 5942 6179 6284 6258 6018 5660 6656 6496 6407 6260 6503 6318 6224 6497 6348 6514 6668 5902 5806 5528 6035 6481 6067 6042 6346 5892 6096 6458 6158 5903 6046 6932 6485 6370 6394 6644 5857 6576 6036 5798 6171 6196 6259 6618 6274 5896 6137 6044 6101 6260 6182 5901 6033 6268 5884 5853 6579 6245 6399 6340 6153 5829 5977 5932 6333 5764 6231 6319 5817 5986 6270 5488 6654 6669 6198 6229 6087 6045 6272 6046 6618 6141 6186 5986 6056 6349 6078 6312 6146 6203 6372 6288 6098 6240 6350 6531 6262 6284 6191 5780 6512 6441 6147 6499 6324 5838 6172 6044 6685 6204 6210 6201 5830 5994 6277 5883 5874 6301 6151 6489 5977 5965 6015 6416 6305 5923 5922 6263 6045 5910 5949 6446 6822 6148 5954 6576 5947 6039 5952 6680 6466 6333 6715 6001 5842 6458 6044 6773 6188 6631 6432 6128 6062 6313 5913 6384 6221 5811 5601 5958 6497 6390 5934 6796 6598 6211 6365 6140 5657 5964 5933 6482 5991 6175 6369 6911 6347 5927 6301 6172 6042 5698 6239 5625 5702 6796 6714
6343 6733 6355 6258 6138 6437 6802 6628 5803 6348 6216 6253 6084 6467 6420 6466 6713 6337 6432 6600 6092 6352 6808 6208 6444 6372 5527 6257 6604 6465 6970 6319 6743 6469 6272 6601 6442 6820 6967 6641 6675 6706 6393 6354 6403 6186 6594 6906 6562 6726 6197 6771 6046 5493 5968 6048 6616 6706 6049 6752 6153 6633 6039 5877 6405 6600 5885 6619 5906 6390 6484 6277 6498 6057 6106 6907 6459 6832 6283 6877 6228 6401 6533 6382 6566 6685 6002 6368 5782 6044 6192 6565 5909 6801 6051 6475 6793 6208 6347 6434 7144 6559 6410 6276 6749 6114 6116 5862 6353 6192 6220 6485 6745 6259 5765 5965 6397 6395 6582 6334 6421 6202 6535 5915 6169 6909 6536 6832 6149 6467 6604 6435 6107 6252 6088 6113 6735 6267 6091 6417 5584 7023 6760 6586 5800 6164 6414 6333 5674 6591 5920 6539 6328 6326 6813 6640 6382 6221 6451 6189 6631 6023 6315 6218 6363 6146 6127 6490 6009 6879 6801 6092 6547 6404 6047 6428 6067 6630 6532 6547 6546 6122 6077 6121 5822 5960 6575 6391 6189 6045 6421 6390 6701 6612 6176 6313 6460 6474 6185 6046 6721 6607 6043 6301 6382 6148 5901 6117 6790 6341 6309 6511 6543 6028 6333 6227 6464 6057 6829 6279 6475 6602 6452 6230 6561 6580 5905 6039 6458 6394 6698 5889 7018 6496 6463 6696 6249 5787 6006 6538 6659 6372 6698 6519 7163 6235 6218 6263 6326 6281 6019 6446 5748 5836 6646 6663
6660 6710 6853 6207 6694 6773 7062 6718 6101 6603 6521 6617 6516 6919 6567 6754 6630 6645 6787 6687 6471 7145 7332 6309 6668 6548 5767 6340 6890 6144 6692 6850 6800 7059 6319 6737 6367 6992 7054 6570 6972 7173 6528 6416 6822 6329 6938 6782 6691 6555 6851 6749 6205 5708 6570 6471 6498 7093 6043 6785 6264 6640 6050 6004 6188 6717 6103 6745 6302 6207 6410 6484 6500 6409 6319 6848 6525 7238 6509 6854 6416 6389 6685 6373 6542 7223 6256 6520 6116 6217 6570 6591 6342 6465 6574 6357 6897 6449 6415 6543 6941 6914 6617 6683 6661 6270 6410 5960 6712 6277 6842 6440 7019 6449 6570 6513 6368 6426 6631 6820 6533 6355 6679 6192 6372 7174 6779 6827 6559 6577 6674 6212 6462 6947 6298 6586 7145 6817 6351 6382 5971 6938 6906 6722 6177 6328 6605 6506 6221 6842 6288 6622 6389 6449 6656 6868 6843 6674 6531 6722 6404 6399 6495 6362 6707 6432 6287 6991 6313 6781 7020 6648 6962 6737 6250 6694 6209 6858 6857 6842 6749 6537 6386 6351 6255 6190 6837 6590 6440 6254 6531 6483 7169 6776 6365 6403 6798 6423 6180 6466 6960 7013 6188 6243 7060 6409 5795 6453 7227 6910 6709 6679 6845 6246 6638 6115 6852 6253 6835 6699 6437 6758 6557 6381 6830 6573 6415 6273 6836 6695 6711 6108 7267 6649 6797 6667 6143 5792 6440 6611 6950 6874 7059 7070 7423 6471 6735 6496 6647 6272 6206 6816 5930 5861 6958 6519
6690 6873 6626 6499 6239 6584 6929 6489 6067 6547 6729 6569 6278 6853 6597 6616 6590 6682 6904 6980 6339 6719 7059 6539 6869 6813 5824 6541 6901 6399 6933 7310 6824 6898 6430 6662 6793 7248 7514 6937 6991 6795 6586 6230 6673 6340 6848 6829 6712 6872 6887 6830 6066 5966 6640 6395 6845 6913 6074 6946 6598 6762 6110 6370 6396 6834 6427 6740 6163 6494 6852 6674 6999 6335 6474 6828 7007 6995 6615 6746 6072 6487 6792 6906 6577 7334 6602 6843 6036 6178 6504 6536 6333 6679 6217 6905 7110 6680 6396 6283 7254 6839 6370 6892 7154 6536 6521 5972 6393 6406 7198 6485 6961 6588 6401 6034 6688 6462 6493 6490 6267 6797 6987 6407 6360 7042 6757 6908 6962 6671 6285 6696 6347 6743 6546 6472 6712 6651 6537 6482 5851 7279 6844 6622 6130 6634 6689 6497 6444 6690 6425 6716 6531 6417 7011 6562 6756 6935 6943 6754 6636 6664 6339 6657 7052 6536 6398 6618 6634 7110 6928 6664 6655 6922 6188 6766 6094 6940 6551 6843 6414 6398 6446 6489 6427 6133 6813 6710 6513 6342 6692 6614 6883 6556 6423 6528 6903 6699 6257 6589 6875 7146 6370 6245 6660 6403 6386 6432 6981 6518 6787 6793 6784 6320 6517 6161 6998 6272 6706 6672 6371 6850 6681 6793 6916 6749 6122 6245 6157 6608 6806 6416 7002 6880 6698 7114 6167 5941 6272 6630 7029 6664 6512 6974 7524 6197 6537 6535 6734 6393 6637 6928 6105 6233 6899 6699
6309 6223 6302 6093 5829 5841 6775 6224 6011 6151 6267 6207 5590 6374 6047 5722 6276 6059 6196 6587 5702 6115 6614 5717 6174 6543 5328 5911 6283 6006 6313 6498 6557 6242 6017 6260 6242 6589 6776 6153 6432 6211 6195 5904 6286 6073 6339 6168 6495 6193 6317 6417 5399 5463 6021 6012 6726 6613 5380 6405 5909 6350 5686 5706 5601 6160 5714 6217 5869 5844 6335 6178 6360 5954 5705 6052 6373 6808 6133 6489 5911 5894 6202 6352 5960 6607 5832 6251 5601 5805 6078 6122 5849 6146 6037 6175 6768 6077 6062 5858 6728 5928 5899 6295 6736 5636 5958 5781 5850 5954 6186 6147 6566 6214 5792 5985 6165 6232 6106 5945 5825 6137 6240 5669 5924 6319 6439 6441 6237 6237 6226 6113 5929 5973 5855 5963 6463 6192 6111 6099 5281 6383 6391 6286 5336 6027 6229 5778 5939 6501 5948 6112 5974 6004 6215 5944 6523 6290 6159 6029 6073 6060 5855 6033 6503 6145 6179 6138 6068 6209 6286 6234 6471 6098 6168 6231 5614 6393 5911 6217 6094 5904 5924 5965 5896 6181 6282 5750 6104 6041 5948 6369 6864 6135 5947 5927 5985 5975 5734 6060 6472 6468 5747 5825 6386 5773 5452 5777 6304 6195 6140 6024 6221 6126 6098 5658 6537 5827 6604 6368 5871 6587 5972 5993 6322 6059 5723 6156 5961 6223 6272 5890 6679 6357 6160 6737 5959 5441 5705 5798 6335 6267 6249 6355 6932 5824 5722 6146 6079 6081 5669 6176 5852 5770 6339 6435
6519 6695 6719 6471 6353 6895 6909 6632 5847 6497 6529 6386 6250 6522 6205 6426 6716 6224 6394 6802 6225 6799 7156 6250 6226 6384 5766 6445 6422 5976 6758 6778 6264 6845 6255 6383 6742 7143 7014 6339 6903 6733 6525 6382 6592 6348 6460 6790 6505 6588 6555 6583 5946 5838 5825 6297 6699 6966 6002 6749 6200 6675 6038 5744 6232 6615 6251 6623 6183 6393 6575 6358 6682 6349 6108 6818 6674 7005 6450 7126 6252 6549 6518 6480 6162 6947 6095 6430 5876 6207 6306 6645 6193 6886 6052 6229 6879 6211 6243 6612 7039 6838 6280 6474 6618 6264 6475 5651 6340 5928 6478 6538 6740 6718 6196 6273 6195 5920 6654 6462 6529 6334 6555 6064 6258 6922 6640 6459 6456 6264 6509 6531 6284 6580 6119 6194 7041 6495 6348 6492 5664 6904 6828 6966 6099 6458 6508 6677 5998 6676 6257 6600 6282 6281 6681 6478 6841 6470 6485 6616 6586 6375 6216 6353 6346 6289 6522 6518 6548 6541 6819 6319 6763 6652 6256 6493 5727 6893 6302 6452 6655 6253 6580 6324 5940 6191 6936 6340 6112 6407 6386 6535 6776 6508 6121 6285 6677 6675 6367 6652 6889 6681 6121 6257 6765 6202 5801 6390 6746 6634 6477 6413 6780 6142 6314 5799 6598 5989 6589 6533 6529 6976 6475 6443 6739 6685 6159 6202 6461 6326 6748 5944 6891 6606 6687 6917 5902 5595 6248 6297 6760 6532 6841 6846 7223 6212 6299 6461 6187 6364 6490 6822 6163 5659 6983 6626
6640 6519 6984 6205 6106 6635 6742 6742 6104 6570 6477 6453 6019 6412 6570 5998 6664 6199 6385 6364 6128 6861 6712 6252 6725 6362 5689 6551 6841 5966 6660 6705 6225 6740 6036 6293 6475 6488 7045 6344 6747 6810 6331 6032 6475 6033 6352 6672 6483 6587 6561 6202 5880 6024 6248 6182 6472 6751 5773 6918 5866 6307 5846 6000 6152 6230 6242 6396 5912 6145 6750 6211 6409 6373 5929 6543 6443 6786 6173 6663 6217 6144 6641 6321 6386 6927 6259 6359 5703 5896 6393 6337 6034 6749 6191 6318 6617 6480 5893 5881 6970 6581 6309 6438 6772 6272 6643 6123 6187 6318 6850 6616 6796 6415 6166 6214 6404 6158 6247 6313 6293 6215 6513 6045 6340 6951 6514 6414 6453 6329 6096 6492 6207 6640 6181 6353 6028 6267 6277 6274 5824 7206 6941 6716 6000 6366 6347 6459 6331 6638 6246 6427 6011 6372 6425 6215 6618 6761 6248 6651 6658 6507 6245 6508 6749 6257 6216 6786 6292 6714 6742 6274 6560 7004 5921 6327 6053 6765 6480 6131 6264 5799 6328 6409 6090 6185 6556 6645 6325 6192 6258 6409 6560 6459 6076 6006 6772 6549 6220 6258 6669 6762 6205 6141 6847 6078 6260 6561 6832 6539 6427 6549 6253 6270 6230 5810 6857 5942 6643 6475 6559 6420 6767 6293 6381 6390 6282 5871 6192 6488 6659 6034 6873 6779 6749 6450 5979 5722 6004 6045 6660 6358 6413 6717 7090 6091 6019 6093 6389 5958 6234 6592 5670 5978 6661 6492
6450 6426 6545 6215 6364 6748 6702 6794 6413 6542 6250 6514 5919 6976 6228 6634 6652 6205 7004 6644 6230 6491 6779 6023 6567 6409 5951 6202 6548 5988 6891 6893 6570 6711 6207 6254 6617 6868 7000 6535 6923 6608 6438 5923 6028 6180 6527 6598 6844 6571 6504 6536 5743 6294 5975 6185 6244 6856 5664 6762 6170 6591 5909 5943 6084 6352 6013 6650 5757 6308 6647 6311 6174 6210 5866 7032 6557 6793 6424 6593 6072 6319 6450 6530 6562 6946 6524 6222 5900 5902 6317 6311 6339 6358 5855 6459 6764 6108 6057 6196 6868 6622 6248 6271 7088 6117 6211 6186 5981 6355 6437 6307 7159 6582 5958 6090 6268 6203 6567 6516 6453 6600 6587 5997 6074 6929 6437 6640 6364 5921 6233 6241 5908 6335 5930 6377 6691 6269 6252 6180 5492 6691 6905 6571 5390 6513 6312 6440 5821 6590 6058 6493 6096 6313 6578 6419 6397 6289 6322 6282 6434 5976 6331 6207 6718 6154 6056 6349 6231 6855 6326 6572 6628 6255 5921 6537 5968 6768 6531 6566 6370 6023 6191 6300 6164 5959 6477 6087 6191 6278 6491 6287 6835 6321 6253 6217 6621 6494 6616 6408 6545 7035 6144 6128 6624 6060 5944 6255 6906 6513 6283 6700 6518 6050 6280 6226 6987 6033 6603 6646 6425 6595 6221 6419 6529 6571 5988 5646 6020 6895 6493 6240 7047 6428 6429 6341 6132 5953 6069 6271 6430 6460 6488 6950 7155 6157 6347 6288 6671 5925 5898 6727 5846 6032 6906 6544
6348 6615 6242 5826 6108 6514 6923 6646 5862 6143 6116 6395 6024 6351 6501 6208 6439 6225 6411 6448 5935 6500 6730 6102 6316 6325 5565 6303 6385 6072 6483 6381 6687 6932 6344 6124 6154 6618 7137 6691 6440 6305 6448 5891 6388 6336 6595 6414 6212 6521 6556 6589 5855 5423 6215 5944 6534 6782 5499 6451 6084 6714 5674 6285 6064 6380 5987 6630 5805 5973 6315 6295 6377 5658 5755 6600 6594 6672 6127 6408 5923 5859 6263 6277 6367 6971 6321 6087 5540 5948 6417 6456 5976 6594 6162 6251 6421 6420 6152 6314 6919 6552 6138 6551 6743 5674 6257 5936 5736 6271 6465 6272 6907 6369 5998 6266 6615 5985 6345 5985 6075 6262 6110 6011 5931 6867 6459 6760 6345 6325 6078 6350 5958 6333 6019 6240 6493 5998 5909 6443 5442 6641 6774 6209 5711 6128 6493 5942 6261 6606 6274 6392 6452 6129 6255 6543 6365 6036 6168 6179 6451 5947 6296 6457 6589 6106 6550 6236 6231 6763 6384 6374 6556 6591 6429 6387 6012 6782 6379 6433 6243 6189 6063 6321 5848 6203 6385 6083 6170 6276 6175 6251 6842 6389 6052 6400 6455 6291 5877 6312 6232 6769 6002 6263 6263 5842 5941 6167 6630 6439 6203 6447 6498 5884 6189 5941 6951 6019 6667 6368 6023 6348 6242 6321 6719 6277 6298 6061 5898 6363 6286 6097 6787 6771 6221 6394 6201 5776 5851 6214 6947 6317 6072 6465 6838 5900 5770 6233 6381 6053 5781 6340 5628 5662 6598 6388
6586 6881 6735 6542 6299 6626 6985 6994 5900 6834 6402 6319 6314 6562 6495 6504 6981 6571 6726 6750 6453 6807 7030 6203 6892 6410 5751 6700 6582 6265 6945 7108 6593 6833 6443 6475 6392 6973 7175 6864 6741 6704 6605 6260 6505 5999 6690 6887 6751 6662 6429 6665 5868 6238 6103 6575 6655 7170 5779 6991 6317 6773 5946 6299 6492 6766 5996 6623 6067 6193 6267 6476 6560 6120 6368 7116 6713 6753 6499 6812 6265 6767 6751 6817 6774 7433 6575 6166 5920 6083 6479 6636 6337 6635 6334 6338 6819 6164 6134 6076 6906 6640 6548 6363 7102 6185 6598 6034 6434 6128 6699 6601 7414 6476 6374 6265 6433 6577 6787 6433 6609 6450 7001 5954 6562 7049 6861 6557 6480 6429 6524 6401 6297 6375 6202 6472 6435 6393 6455 6377 5666 7123 7193 6581 6093 6416 6477 6580 6356 6691 6494 6859 6466 6688 6654 6667 6936 6478 6051 6642 6713 6633 6277 6684 6637 6431 6264 6746 6187 6898 6879 6839 6666 6724 6258 6830 5917 6775 6371 6466 6662 6179 6388 6717 6093 6179 6864 6805 6366 6511 6666 6569 6768 6731 6234 6289 6765 6299 6800 6650 6770 6966 6251 6377 6816 6398 6057 6650 6896 6613 6750 6796 6669 6488 6058 6087 6783 5989 6648 6349 6404 6445 6773 6334 6759 6543 6224 6376 6558 6632 6860 6131 6826 6730 6606 6823 6024 6192 6009 6316 6725 6578 6530 6706 7361 5998 6174 6465 6277 6378 6521 6571 6285 5904 6849 6578
6567 6577 6787 6340 6642 6587 6661 6766 6047 6582 6344 6301 6136 6639 6399 6510 6484 6373 6560 6581 5929 6802 6945 6403 6605 6650 5702 6235 6854 6327 6622 6774 6392 6654 6292 6259 6662 7160 6495 6235 6506 6848 6482 6156 6382 6248 6466 6773 6555 6847 6611 6588 5845 5856 5997 6446 6358 7409 5863 6985 6080 6567 6082 6081 6208 6333 5872 6661 6190 6441 6767 6317 6357 6019 6192 6493 6389 6933 6207 6892 6310 6321 6408 6611 6540 7214 6497 6366 5863 6157 6250 6027 5897 6465 6467 6558 7083 6252 6242 6388 6950 6282 6568 6626 6899 6126 6620 5956 6278 6508 6564 6683 6886 6516 6237 6433 6825 6320 6503 6012 6583 6603 6432 5755 6330 6984 6503 6754 6441 6734 6167 6370 6264 6504 6087 6337 6734 6716 6281 6316 5774 7103 6980 6588 6036 6260 6803 6377 6247 6657 6123 6688 6449 6636 6624 6778 6679 6490 6123 6766 6426 6257 6481 6367 6583 6398 6207 6482 6199 7126 7050 6406 6800 6789 6033 6590 6120 6614 6705 6513 6601 5845 6294 6219 5915 6182 6406 6365 6011 6300 6334 6143 6835 6521 6001 6561 6858 6733 6401 6220 6785 6974 6181 6145 6906 6383 5743 6433 7032 6256 5957 6632 6615 6302 6471 6107 6690 6168 6409 6504 6161 6537 6509 6386 6874 6536 6230 5942 6122 6551 6622 6194 6795 6880 6912 6652 6326 6081 6103 6206 6647 6765 6326 7211 7100 6028 6255 6193 6663 6265 6013 6898 5756 5881 6978 6312
6350 7092 6734 6384 6331 6498 7260 6909 6043 6575 6522 6883 6397 7045 6679 6533 6606 6596 6641 6824 6036 6782 7140 6589 6716 6526 5885 6321 6612 6373 6554 7193 6847 7236 6874 6582 7035 7107 7077 6564 6916 6709 6640 6352 6641 6341 6950 6878 6625 6890 6411 6675 6166 5708 6465 6698 6703 7164 5845 6601 6245 6857 6434 6233 5967 6379 6170 6889 6077 6116 6705 6639 6908 6315 6104 6776 6612 6936 6463 7044 6640 6496 6310 6568 6446 7071 6555 6261 6125 6433 6477 6452 6330 6464 6227 6525 6871 6525 6300 6617 7050 6553 6841 6448 7133 6154 6155 6058 6180 6341 6680 6565 7293 6838 6075 6349 6576 6423 6808 6341 6540 6474 6772 6071 6407 7132 6891 6439 6649 6744 6574 6580 6369 6604 5898 6263 6760 6328 6421 6366 5633 7074 7052 6623 6043 6165 6537 6486 6179 6748 6188 6914 6590 6323 6745 6574 6794 6980 6481 6663 6744 6084 6484 6458 6919 6389 6413 6729 6162 6845 6992 6347 7060 6836 5999 6720 6131 6640 6616 6682 6622 6360 6181 6270 6281 6328 6875 6381 6400 6581 6389 6527 6983 6736 5940 6642 6553 6457 6199 6736 6740 6952 5970 6415 6628 5972 6287 6431 7032 6697 6250 6413 6581 6304 6334 5866 6949 6123 6781 6756 6322 6418 6659 6382 6928 6594 6282 6127 6363 6489 6848 6112 7109 6792 6723 7120 6291 5841 6293 6231 6688 6706 6514 6948 7286 6204 6520 6522 6465 6365 6262 6792 6137 5936 6945 6444
6268 6132 6500 6265 5934 6555 6546 6592 5882 6264 6307 6232 5963 6332 6294 6196 6508 6116 6050 6253 5646 6165 6580 6104 6449 6334 5632 6216 6275 6069 6420 6457 6343 6528 6256 6177 6363 6586 6671 6156 6663 6303 6255 6064 6131 6029 6239 6398 6217 6406 6123 6441 5696 5311 5630 6037 6320 6516 5896 7020 6089 6628 5662 5735 6231 6667 5913 6087 5745 6093 6411 6199 6355 5542 5537 6460 6408 6418 5952 6410 5923 5676 6201 6221 6261 6675 5886 5961 5585 5994 5877 6296 5779 6351 6161 6224 6662 6240 6256 6018 6819 5919 6500 6504 6725 5901 6538 5574 5827 6306 6227 6260 6216 6392 5783 6035 6165 5877 6055 5937 6036 6073 6344 5597 6034 6778 6315 6589 6132 5892 6140 6037 5504 6300 5863 6160 6298 6002 6004 6309 5572 6801 6378 6105 5927 5900 6391 6265 5795 6366 6315 6091 5768 6140 6420 6070 6393 6586 6273 6152 6461 6173 6255 6330 6480 6139 5914 6297 5963 6671 6463 5858 6492 6390 5833 6179 5690 6335 5924 6159 5937 5572 6053 6187 5639 5813 6561 6021 5857 5982 6203 6396 6533 6541 5885 5857 6479 6087 5733 6043 6284 6390 5822 5667 6288 6107 5696 6062 6616 6361 6247 6102 6117 5892 5886 5620 6524 5718 6388 6213 6217 6284 6487 6453 6438 6424 6020 6099 6083 6027 6286 6020 6606 6483 6265 6302 6247 5360 5854 6051 6526 6482 6139 6521 6736 6002 6183 6071 6162 5984 5821 6264 5882 5905 6573 6391
6555 6665 6640 6399 6185 6248 6566 6680 5690 6326 6412 6332 5805 6766 6446 6271 6477 6468 6362 6382 6086 6216 7118 6117 6574 6485 5456 6393 6330 5863 6343 6693 6774 6721 6173 6214 6628 6974 6636 6696 6874 6651 6409 5982 6247 6105 6522 6740 6628 6650 6375 6482 5671 5772 6274 6345 6445 6738 5532 6715 6117 6576 5768 6007 6239 6471 6133 6467 5920 6382 6319 6621 6284 5640 5998 6509 6498 6869 6301 6510 6097 5938 6393 6489 5829 6878 6650 6406 5759 6167 6392 6393 5896 6717 6332 6172 6599 6360 6152 6179 6862 6534 6577 6501 6869 6275 6258 5776 5903 6184 6798 6420 6941 6480 5874 6290 6446 6447 6345 6391 6152 6150 6365 5858 6030 7003 6512 6284 6175 6341 6274 6396 6106 6655 5930 5983 6357 6117 6158 6187 5650 6973 6848 6375 5870 6141 6565 6423 6283 6747 6249 6364 6269 6179 6480 6437 6491 6530 6379 5998 6446 6376 6261 6591 6704 6109 6143 6415 5912 6720 6756 6406 6406 6445 6244 6377 5646 6604 6564 6274 6163 5777 5976 6259 5667 6235 6626 6303 6251 6533 6481 6379 6775 6144 6136 5967 6577 6373 5818 6157 6430 6579 6177 5877 6318 5973 5863 6256 6967 6401 6262 6403 6419 6328 6371 5671 6957 5935 6765 6696 6380 6399 6317 6653 6511 6500 6185 6165 6141 6265 6468 6050 6815 6638 6688 6669 5987 5699 5765 6513 6306 6455 6483 6783 6885 6101 6241 6098 6516 6362 6037 6531 5724 5824 6705 6287
6448 6409 6718 6058 6687 6724 6598 6725 5779 6300 6311 6511 6217 6661 6004 6551 6582 6433 6566 6419 5995 6542 7077 5957 6559 6390 5776 6177 6552 6102 6440 6441 6476 6629 6196 6538 6481 7039 6454 6364 6474 6426 6162 6077 6417 6173 6302 6727 6334 6581 6635 6398 5832 5710 6146 6161 6202 7032 5753 6907 6391 6304 6090 5765 6221 6474 5815 6459 5751 6235 6733 5771 6451 6095 5836 6179 6781 7029 6083 6640 6163 6089 6365 6285 6292 7115 6339 6116 5844 6101 6370 6366 6207 6431 6255 6545 6557 6275 6260 6411 7248 6462 6399 6252 7043 6296 6279 5941 6157 5948 6595 6259 6693 6455 6170 6376 6354 6234 6418 6114 6372 6427 6577 6234 6022 6927 6302 6570 6448 6118 6250 6188 6097 6582 6288 6553 7008 6318 5760 6464 5592 7206 6752 6356 5887 5766 6390 6423 6240 6374 6010 6405 6144 6612 6201 6746 6597 6363 6048 6456 6493 6322 6494 6143 6717 6228 6004 6226 6239 6907 6903 6108 6604 6190 6050 6558 6059 7008 6709 6311 6543 6119 6085 6121 5784 5864 6487 5951 6156 6040 6449 6573 6728 6459 6044 6250 6534 6462 6308 6564 6688 6662 6084 6095 6101 6143 5771 6320 6975 6195 6619 6420 6543 6325 6227 5946 6634 5743 6563 6485 5994 6437 6531 6450 6548 6504 6021 5719 6146 6477 6600 6063 6798 6365 6584 6648 6096 5707 6320 6324 6643 6349 6640 6757 7222 5927 6585 6185 6177 5903 6034 6457 5824 5994 6705 6609
6429 6486 6441 5922 6275 6444 6416 6691 6010 6386 6188 6143 6072 6421 6369 6107 6212 6382 6393 6702 5845 6510 6735 5942 6359 6340 5549 6326 6391 5984 6268 6630 6574 6540 6147 6384 6085 6347 6862 6257 6403 6497 6410 5954 6287 6153 6584 6427 6625 6419 6274 6444 5890 5554 5987 5964 6441 6261 5674 6495 6502 6350 5760 6065 5817 6282 5889 6540 5857 5793 6344 6341 6556 6066 6006 6390 6378 6500 6267 6563 6167 6041 6183 5842 6336 6506 6370 6222 5931 5955 6364 6456 6075 6301 5887 5926 6739 6054 5905 6135 6690 6503 6310 6305 6832 6102 6098 5684 6170 6223 6336 6078 6881 6272 6074 6083 6398 6270 6461 5838 6155 6061 6170 5921 6077 6454 6696 6484 6242 6637 5965 6552 5980 6457 5968 6359 6365 6165 6274 6506 5503 6677 6705 6728 5968 5985 6202 6124 6110 6202 5950 6990 5974 6171 6470 6179 6308 6165 5942 6435 6575 6205 6108 6135 6456 6358 5977 6206 5998 6252 6546 6323 6521 6491 5940 6621 5664 6564 6569 6443 6073 6072 6121 5969 5969 6144 6563 6085 5955 5944 6300 6414 6501 6274 5821 5913 6465 6161 5960 6103 7014 6770 6196 6381 6282 5685 5880 6220 6547 6334 6237 6535 6568 6320 6080 5809 7024 6119 6557 6253 6304 6400 6324 5961 6663 6307 5786 6132 6165 6320 6485 6547 6648 6445 6384 6462 6015 5625 6012 6020 6372 6199 6661 6846 7076 5945 5985 5941 6244 6138 6211 6527 5937 5656 6403 6171
6237 6658 6668 6301 6338 6874 6792 6656 6412 6381 6428 6548 6325 6756 6794 6435 6571 6382 6895 6646 5804 6738 6891 6056 7030 6724 5885 6258 6883 6218 6889 6921 6712 6735 6497 6700 6818 7207 7060 6488 6746 6923 6451 6284 6616 6519 6670 6979 7026 6706 6640 6856 6193 5751 6154 6440 6668 6886 6210 7109 6368 6912 6206 6254 6322 6678 6263 6588 6066 5910 6994 6669 6788 6261 6453 6847 6739 6800 6460 6883 6444 6345 6566 7044 6478 7050 6526 6353 5806 6328 6512 6786 6433 6786 6686 6608 6952 6530 6494 6510 7099 6494 6464 6762 6989 6281 6492 6116 6501 6538 6576 6388 7260 6509 6447 6627 6450 6429 6780 6663 6866 6806 6895 6140 6106 7013 6591 6686 6290 6752 6512 6701 6334 6634 6120 6549 6733 6511 6379 6397 6190 6919 7400 6621 6036 6304 6599 6456 6207 6628 6600 6448 6480 6741 7009 6701 6528 6630 6446 6697 6895 6582 6423 6371 6590 6386 6414 6803 6466 6925 7027 6401 6761 6507 6231 6772 5998 6756 6731 6913 6834 6196 6294 6537 6254 6398 6935 6400 6653 6252 6754 6452 7203 6726 5960 6620 6619 6480 6075 6539 6679 6927 6452 6342 6716 6240 6156 6705 6779 6912 6469 6767 6916 6406 6685 6206 6936 6380 6940 6464 6475 6872 6580 6550 6691 6604 6287 5863 6527 6818 6827 6300 7160 6993 6762 6723 6427 5727 6510 6192 7125 6538 6434 6862 7254 6207 6565 6684 6523 6525 6287 6810 6442 5762 6840 6962
6861 7160 6835 6588 6542 6919 7239 7124 6551 6699 6644 6833 6244 7080 6997 6433 6915 6747 6621 6837 6471 6966 7529 6658 7359 6773 6036 6929 6834 6350 7081 7264 7143 7140 6758 6597 6723 7270 7399 6625 6943 6944 6629 6198 6659 6788 6942 6943 6784 6972 6537 6824 6039 6069 6566 6499 6751 7041 6434 7235 6519 6769 6550 6611 6650 6837 6391 7005 6079 6719 6709 6798 6802 6186 6522 7114 6674 7021 6596 7172 6613 6789 6972 6634 6776 7200 6457 6508 6055 6180 6585 6850 6437 7165 6482 6727 6630 6439 6201 6583 7483 6897 6827 6739 7360 6568 6670 6400 6783 6553 6583 6970 7346 7032 5765 6721 6936 6966 6809 6632 7042 6714 6840 6636 6318 7420 6614 7021 6629 6542 6318 6838 6598 6916 6413 7016 6839 6564 6731 6691 6165 7098 7426 7139 6283 6709 6811 6607 6462 7004 6263 6719 6613 6478 6921 6919 6775 6724 6329 6920 6906 6426 6906 6441 6907 6402 6582 6911 6332 6996 7224 6430 6442 6852 6197 6647 6129 7007 6731 6691 7094 6264 6370 6543 6138 6463 7475 6872 6657 6508 6584 6433 6943 6640 6537 6616 6918 6833 6434 6476 6757 6899 6415 6360 7073 6201 6417 7037 7069 6709 6426 6931 6553 6521 6868 6423 6981 6513 7221 6874 7027 6698 6729 6705 7186 6677 6791 6373 6667 6853 7071 6199 7415 6901 6943 6809 6493 6238 6291 6382 7195 6730 6956 7229 7549 6294 6612 6575 6739 6429 6284 6963 6137 6336 7298 6927
6352 6562 6392 6269 6491 6380 6895 6308 5883 6466 6461 6306 5936 6586 6349 6401 6703 6124 6618 6605 6077 6446 6877 6190 6518 6359 5701 6015 6482 5903 6658 6633 6231 6572 6275 6425 6442 7017 6713 6378 6634 6958 6428 6221 6499 6330 6184 6323 6315 6643 6352 6662 5814 5753 6195 6470 6622 6961 5999 6659 6145 6540 6040 5860 6130 6304 6087 6506 5746 6138 6338 6309 6491 6175 5593 6475 6110 6714 6040 6643 6183 6546 6283 6452 6439 6721 5787 6149 5977 5967 6097 6176 6070 6248 6222 6581 6518 6189 6231 6126 6726 6448 6327 6513 6504 6265 6248 5638 6153 6120 6168 6355 6774 6306 5937 6330 6317 5992 6565 6389 6478 6177 6618 6010 6068 6606 6507 6414 6280 6215 6321 6323 6267 6656 5996 6194 6498 6219 6340 6237 5562 6865 6619 6190 5795 6167 6318 6190 6028 6609 6183 6500 6101 6113 6636 6264 6618 6294 6129 6124 6437 6011 6310 6683 6341 6270 6148 6398 6225 6759 6965 6613 6503 6569 6094 6486 5722 6510 6421 6342 6304 6106 6140 5971 6073 5851 6595 6128 6223 6296 6123 6449 6657 6408 6349 6153 6528 6148 5980 6334 6616 6682 6241 5907 6666 6032 6112 6436 6661 6427 6100 6543 6527 6316 6329 6012 6654 5886 6614 6400 6375 6511 6686 6193 6576 6384 6320 6060 6270 6483 6439 5788 7052 6891 6261 6684 5876 5863 6123 6044 6746 6462 6301 6610 7217 5934 6206 6313 6479 6100 6044 6369 5815 5774 6627 6573
6959 7280 6830 6684 6449 6957 7433 7038 6117 6802 6677 6794 6650 7006 7212 6645 6808 6783 6949 7294 6316 7293 7478 6561 7416 7042 6102 6803 6955 6544 7286 7195 7002 7459 6978 6709 7075 7257 7504 6936 7326 6952 6935 6577 7073 6459 7149 7274 7084 6950 6980 6594 6643 6254 6678 6780 7028 6919 6402 7293 6842 6980 6298 6337 6606 7116 6471 6939 6211 6429 6792 7129 6960 6461 6650 7213 6908 7178 7003 7112 6382 6804 7029 6953 6900 7318 6601 6929 5971 6121 6748 7007 6549 6988 6549 6698 7270 6892 6435 6645 7330 7055 6845 7289 7326 6672 6609 6196 6875 6681 7199 7056 7479 7045 6389 6224 6937 6673 7200 6730 6942 6702 6961 6421 7007 7410 6949 7315 6653 6926 6502 6728 6626 6815 6533 6642 6971 6640 6842 6530 6041 7310 7432 7187 6306 6634 6918 6787 6952 7313 6238 7135 6822 6651 6995 7129 6731 7214 6650 6823 6979 6467 6639 6855 6994 6735 6796 6789 6696 6895 7229 6681 7093 7019 6592 6885 6212 7245 6904 6838 6900 6517 6535 6665 6538 6557 7232 6696 6896 6463 6855 6732 7354 7039 6521 6532 7186 6869 6569 6598 7331 7208 6490 6937 7249 6342 6292 6863 7284 6772 6902 7177 7218 6841 6455 6431 7318 6789 7455 7122 7028 7178 6977 6767 7205 6976 6733 6612 6960 7226 7020 6678 7497 6827 6829 7138 6447 6210 6634 7098 6639 6840 6711 6963 7916 6570 6614 6969 6905 6333 6556 7235 6229 5890 7081 6922
6170 6064 6349 5672 6019 6285 6396 6796 5701 6176 6024 6273 5933 6473 6001 6023 6409 5920 6237 6290 5778 6341 6639 5845 6364 5929 5576 5974 6328 6080 6442 6292 6236 6100 6153 6020 6272 6395 6616 5964 6577 6106 5970 6010 6227 5871 6497 6706 6317 6260 6055 6072 5793 5220 5975 5889 6220 6519 5612 6656 5809 6229 5754 5754 5854 6517 5966 6331 5486 5890 6072 6066 6224 5942 5614 6445 6268 6238 5963 6309 5567 6067 6338 6246 5974 6786 6119 6066 5584 6010 5747 6038 5807 6192 5977 6084 6272 5917 5723 5790 6619 5998 6028 6063 6987 5973 6210 5655 6167 6067 6406 5990 6436 6285 5853 5518 5841 6381 6180 6101 5805 5898 6206 5713 5971 6385 6284 6057 5926 6105 5939 5951 5799 5913 5769 6037 6485 6004 6068 6018 5319 6423 6693 6192 5771 5769 6296 6220 5738 6303 5873 6398 5871 5911 6455 6116 6548 6173 6247 6056 5994 6092 6237 6161 6330 5928 5906 6167 5844 6215 6368 6035 6346 6264 5755 6243 5561 5891 6180 6234 6161 5923 5871 5927 5765 5832 6333 5935 5859 5680 6229 6226 6439 6287 5819 5862 6560 6045 5832 6277 6370 6383 5872 5757 6203 5866 5574 5941 6738 6163 6014 6293 6415 5932 6040 5367 6367 5832 6327 6031 6166 5966 6096 6003 6678 6167 5542 5916 5943 5901 6512 5866 6755 6115 6387 6464 6036 5515 5823 5784 6129 6520 6123 6315 6802 5889 6242 6282 6016 5838 5856 6487 5594 5799 6735 5968
6001 6314 6493 5811 6146 6503 6376 6533 5997 6238 6090 6201 5648 6697 6375 6214 6275 6368 6255 6269 5696 6109 6701 5807 6433 6125 5490 6247 6133 6182 6318 6432 6224 6317 6065 6353 6286 6782 6703 6000 6342 6217 6246 5812 6138 5808 6033 6271 6453 6268 5982 6165 5892 5411 5734 6144 6277 6543 5771 6654 5927 6481 5495 5709 6011 6031 6068 6239 5605 6161 6325 5945 6122 5767 5541 6198 5964 6182 5959 6303 5859 6086 6180 6275 6160 6508 5887 5862 5863 5676 6059 6444 5705 6163 5868 6168 6268 5916 5983 5795 6404 6025 6240 6171 6316 5650 6199 5658 5870 6056 6035 6380 6523 6272 5847 6027 5879 6198 6259 5841 5975 6063 6268 5706 6057 6447 6432 6385 5984 5647 6133 6019 5747 6342 5684 6334 6146 5761 5829 5686 5747 6354 6658 6422 5444 5944 6199 5918 5640 6171 6151 6061 5972 6132 6269 6154 6345 6479 5777 6140 6368 6029 5904 6076 6259 6190 5844 5975 6115 6631 6256 6416 6391 6358 5763 6567 5788 6161 6287 5942 6341 5964 5881 6014 5833 5904 6388 6107 5814 6054 6109 6116 6452 6136 5930 6215 6434 6045 6122 6100 6237 6322 5989 5727 6318 5626 5690 6102 6301 6319 6021 6202 6240 6173 5614 5291 6285 6192 6285 6316 6413 6180 6271 6136 5981 6046 5769 5816 6090 6062 6615 5842 6923 6351 6312 6452 5979 5231 5718 5878 6545 6307 5852 6531 6807 5927 6245 6182 6162 6252 5769 6267 5681 5683 6378 6543
6420 6451 6517 6001 6378 6513 6557 6409 6025 6503 6153 6364 5906 6678 6613 6141 6559 6216 6618 6465 5919 6503 6647 6141 6483 6216 5686 5929 6389 5992 6459 6715 6335 6703 6309 6288 6100 6748 7149 6444 6522 6515 6058 5725 6273 6201 6537 6361 6439 6190 6519 6304 5765 5588 5981 6313 6401 6427 5803 6723 5934 6507 5789 5743 6029 6168 6227 6255 5829 5834 6489 6196 6522 6302 5775 6397 6495 6383 6156 6455 6085 6289 6473 6383 6526 6921 6167 6157 6074 6084 6516 6332 5734 6389 5900 5966 6343 6222 5510 5962 6675 6399 6163 6369 6559 6207 6447 6091 5992 6100 6388 6283 6893 6217 5934 5654 6218 6130 6316 6332 6317 6258 6435 5820 6315 6501 6543 6275 6269 6353 6023 6298 5840 6261 5983 6089 6235 6070 6194 6091 5697 6878 6691 6389 5694 5974 6123 6277 5932 6586 6114 6377 5944 6237 6461 6222 6201 6715 6306 6133 6629 5982 5947 6121 6526 6249 6201 6138 5797 6755 6356 6442 6189 6484 5794 6403 5941 6558 6114 6638 6434 5953 5828 6236 5813 5792 6547 6063 6366 6052 6441 5940 6510 6138 5946 6160 6618 6060 6215 6474 6620 6796 6201 6040 6575 5806 6118 6063 6638 6454 6076 6577 6313 6367 6079 5718 6715 5862 6420 6234 6267 6236 6500 6149 6489 6565 5919 6047 6201 6335 6395 5703 6583 6676 6642 6436 5761 5764 6090 5908 6592 6227 6297 6449 7213 6015 6112 6446 6165 5989 5560 6170 6239 5617 6618 6563
6713 6662 6302 5815 6299 6452 6846 6645 5835 6406 6355 6309 6261 6932 6539 6334 6404 6018 6832 6570 6219 6364 6512 6276 6653 6346 5641 6152 6550 6441 6631 6842 6566 6553 6405 6253 6259 6764 6830 6322 6630 6348 6080 6186 6470 6420 6444 6476 6559 6141 6257 6305 5962 5693 6134 6065 6696 6908 5947 6625 6389 6572 6132 6020 5987 6323 6175 6481 5597 5980 6345 6078 6269 6121 5907 6405 6626 6521 6260 6693 5845 6060 6462 6558 6530 6937 6217 6301 5485 5940 6279 6138 6372 6148 5797 6326 6520 6023 5767 5980 6869 6545 6487 6243 6797 6022 6382 5680 6074 5968 6261 6379 6922 6434 5925 6190 6359 5936 6399 6284 6446 6471 6388 5911 5859 6718 6626 6885 6320 6058 6056 6197 6154 6546 5895 6386 6423 6293 6315 6240 5562 6670 6605 6686 6010 5929 6298 6058 5841 6377 6194 6099 6142 6474 6483 6707 6350 6757 6193 6576 6520 6104 6058 6306 6822 6466 5869 6163 6172 6845 6685 6300 6779 6779 6075 6405 5921 6465 5994 6304 6499 6130 5979 5980 6158 5788 6560 6161 6116 6323 6568 6264 6552 6404 6118 6267 6694 6544 6135 5959 6558 6844 5904 5991 6679 6038 5964 6078 6652 6352 5957 6498 6507 6185 6149 5917 6739 6260 6705 6469 6554 6341 6460 6445 6435 6521 6192 5829 6379 6553 6653 6074 6753 6631 6198 6621 6410 5713 5993 6085 6735 6127 6092 6578 7001 5932 6358 6407 6787 5962 6274 6750 5845 5931 6815 6633
6790 6580 6806 6218 6196 6402 6949 6549 5799 6422 6657 6699 5855 7119 6434 6198 6890 6255 6427 6582 6067 6472 6967 6173 6749 6261 5764 6130 6472 5851 6856 6374 6227 6488 6259 6126 6838 6952 6800 6343 6771 6337 6143 6323 6872 6282 6648 6813 6579 6136 6051 6632 5867 5496 5987 5764 6828 6793 5714 6942 6354 6599 6000 6257 5903 6556 5967 6519 6111 5854 6509 6636 6388 5881 6228 6777 6625 6635 6531 6701 6122 6579 6226 5995 6403 6899 6230 6411 5862 6539 6216 6260 6196 6412 6381 6436 6465 6324 6305 6470 7183 6392 6167 6462 6876 6233 6294 5864 6006 6402 6151 6494 6633 6882 6277 6365 6438 6395 6404 6140 6589 6423 6993 6018 5985 6999 6497 6599 6368 6156 6383 6242 5976 6737 6156 6065 6585 6265 6093 6318 5579 6895 6633 6349 6011 6227 6641 6229 5727 6300 6168 6350 6033 6300 6448 6628 6358 6439 6031 6175 6658 6233 6188 6378 6852 6069 6278 6579 6233 6575 6854 6757 6314 6215 6040 6293 5919 6454 6336 6340 6729 6039 6447 5937 5957 5914 6482 6232 6230 6350 6489 6289 6569 6321 5958 6210 6446 6431 5745 6045 6549 6811 5792 6001 6680 6011 5994 6609 6968 6176 6589 6362 6827 6123 6160 5835 6629 5723 6567 6488 6164 5999 6577 6345 7028 6488 6135 5962 6157 6400 6326 6286 7128 6765 6570 6881 5941 5729 6245 6334 6627 6529 6524 6640 7272 6562 6448 6340 6217 6134 6231 6681 6132 6160 6833 6646
6949 7088 6802 6400 6826 6859 6949 6822 6088 6816 6894 6724 6376 7003 6873 6902 7107 6789 6828 6695 6457 7024 7723 6756 6798 6771 5948 6674 7003 6701 6992 7239 6977 6806 6806 6650 6854 7392 7215 7160 6753 7046 6930 6750 6655 6620 7195 7211 6678 6878 6950 7116 6303 6022 6466 6734 6839 7176 6216 7154 6500 6907 6393 6426 6463 6665 6590 6539 6149 6630 6877 6603 6734 6221 6139 6823 7024 7073 6593 6983 6662 6548 6688 6847 7219 7182 6677 6555 6490 6524 6616 7086 6591 6949 6699 6704 6938 6788 6598 6769 7462 6875 7011 6961 6948 6610 6936 6407 6613 6528 6865 6856 7366 6770 6609 6697 6651 6431 6840 6593 6768 6743 6831 6509 6394 7072 6929 7154 6690 6739 6744 6610 6547 6903 6580 6558 7074 6648 6145 6777 5921 7625 7280 7010 6555 6525 6758 6912 6458 6832 6929 6837 6593 6786 6907 6389 7066 7127 6595 6695 7110 6399 6520 6992 7029 6726 6669 6909 6630 7192 7020 6663 7211 6820 6635 6974 6304 7073 6594 6635 6820 6467 6820 6583 6492 6499 7054 6729 6756 7099 6892 6660 7035 6604 6351 6698 6941 6658 6545 6495 7057 7169 6797 6720 7026 6505 6389 6751 7312 6761 6830 6861 6748 6778 6874 6138 7191 6478 7102 6853 6759 6754 7118 6510 6917 6862 6525 6452 6588 6648 7153 6776 7239 7293 6720 6962 6487 5925 6207 6662 7229 6722 6481 7033 7316 6691 6660 6789 6603 6817 6432 6708 6404 6316 7219 7059
6459 6751 6504 6130 6597 6450 6923 6618 6172 6525 6274 6480 6159 6598 6478 6500 6520 6228 6484 6659 6143 6673 7054 6290 6566 6381 5873 6440 6690 6166 7106 6972 6528 6810 6463 6524 6727 6988 7053 6445 6386 6324 6347 5961 6666 6361 6589 6660 6288 6694 6585 6557 5895 5739 6293 6165 6555 6975 5918 7017 6353 6701 5931 6204 6399 6363 6112 6557 6174 6161 6730 6327 6522 6309 6162 6788 6598 6670 6308 6694 6127 6414 6450 6163 6637 7116 6370 6119 6021 6059 6113 6449 6344 6342 5831 6301 6765 6217 6164 6173 6860 6398 6563 6340 6782 6030 6417 6037 6068 6102 6310 6410 6997 6436 6217 6150 6452 6548 6388 6439 6381 6074 6658 6118 6057 6768 6695 6491 6574 6259 6159 6369 6042 6328 6339 6661 6701 5952 6304 6524 5892 7035 7038 6486 6077 6390 6052 6837 6238 6564 6032 6752 6322 6261 6604 6389 6810 6502 6436 6621 6594 6131 6467 6448 6776 6537 6075 6557 6292 6969 6923 6495 6465 6475 5972 6378 6029 6962 6360 6435 6334 6337 6307 6286 6037 6147 6582 6253 6321 6201 6202 6298 6475 6446 6140 6317 6488 6373 6354 6453 6632 7090 6053 6234 6641 6107 6167 6549 6914 6326 6273 6579 6216 6173 6395 6003 7026 6094 6731 6350 6539 6389 6493 6012 6748 6489 6124 6089 6182 6401 6732 6180 6770 6519 6392 6520 6299 5791 6146 6170 6907 6382 6662 6812 7182 5863 6303 6485 6087 6147 6120 6773 5788 5676 6773 6457
6693 6487 6658 6451 6454 6442 6789 6625 5569 6276 6611 6268 6082 6544 6315 6436 6437 6163 6561 6529 6282 6692 6935 6056 6656 6487 6113 6564 6490 6520 6781 6764 6434 6831 6176 6551 6477 7243 6841 6280 6666 6836 6406 6276 6735 6375 6688 6765 6747 6432 6429 6744 6006 5846 6168 6581 6730 6822 6122 6888 6383 6595 6014 6058 6187 6409 6128 6433 5948 6359 6590 6514 6839 6371 6094 6796 6596 6978 6339 6588 6084 6328 6348 6595 6504 7029 6213 6421 5942 6488 6383 6454 6185 6492 6227 6326 6870 6225 6178 6154 6713 6495 6412 6293 6907 6106 6591 6226 6074 6261 6519 6559 6925 6230 5980 6018 6476 6327 6381 6006 6277 6613 6792 5842 6426 6946 6587 6708 6278 6478 6441 6219 6216 6759 5934 6346 6611 6412 6239 6501 5852 7168 6791 6906 5967 6566 6658 6366 6085 6648 6114 6544 6010 6353 6380 6570 6312 6838 6210 6380 6765 6234 6321 6316 6566 6677 6187 6318 6103 6721 6939 6599 6865 6647 6349 6675 6166 6887 6319 6638 6659 6309 6337 6605 5802 6283 6773 6184 5986 6416 6492 6299 6734 6333 6279 6091 6577 6732 6492 6138 6754 6747 6439 6238 6566 6401 5643 6219 6846 6291 6302 6567 6742 6290 6177 5777 7040 5989 6907 6432 6417 6735 6581 6464 6894 6534 6070 5894 6403 6853 6935 6057 6790 6885 6483 6669 6062 5746 6158 6416 6657 6633 6353 6606 7458 6203 6252 6056 6689 6253 6290 6752 6070 5924 6790 6817
6698 6797 6928 6431 6802 7159 7071 6754 6446 6635 6584 6532 6609 6839 6654 7083 6671 6769 6889 6877 6002 6991 7183 6398 7037 7072 6153 6792 7050 6528 7060 7208 7016 7338 6628 6689 6839 7302 7378 6865 6826 7064 6732 6543 6523 6705 7035 7063 6880 7452 6861 6888 5939 5984 6476 6686 6716 7046 6242 6831 6537 6843 6485 6310 6749 6372 6270 6975 6342 6579 6898 6828 6889 6472 6179 6614 6820 7106 6661 7116 6368 6421 6908 6762 6687 7357 6339 6756 6233 6471 6463 7070 6599 6808 6381 6822 7091 6898 6649 6396 7114 6805 7033 7285 7176 6565 6656 6384 6866 6581 6959 6823 7268 6803 6609 6368 6746 6483 6948 6431 6845 6752 6902 6415 6436 7046 6999 7269 6685 6889 6510 6636 6386 6993 6475 6519 7072 6393 6440 6733 6037 7151 7209 7126 6290 6700 6800 6645 6631 7111 6314 6536 6417 6842 6839 7017 7057 6991 6690 6746 6858 6473 6449 6743 6900 6635 6875 6875 6584 7226 7073 6843 6851 7008 6432 7056 6194 6768 6882 6846 6714 6779 6182 6613 6333 6371 7191 6336 6628 6551 6824 6612 7298 6966 6721 6868 7155 6522 6680 6875 7027 7070 6173 6746 6922 6260 6269 6619 7412 6865 6986 6737 6598 6782 6521 6378 6883 6474 6622 6722 6585 7044 7115 6651 6938 6706 6640 6407 6592 6792 7189 6369 7219 6894 6957 7030 6204 6168 6519 6928 7082 6672 6735 7019 7323 6557 6636 6880 6785 6529 6516 6874 6027 6111 7387 6950
6504 6525 6628 6181 6445 6379 6394 6537 6069 6128 6280 6426 5991 6657 6464 5945 6451 6302 6231 6587 5932 6357 6887 6171 6393 6580 5061 6341 6815 6124 6596 6759 6496 6841 6342 6245 6358 6688 6867 6349 6444 6268 6166 5801 6521 6250 6542 6552 6480 6258 6501 6398 5686 5748 6145 6040 6572 6658 5825 6552 6121 6603 5666 5938 6106 6395 6015 6595 5887 6260 6460 6063 6191 5850 5940 6292 6575 6713 6199 6750 5766 6220 6464 6016 6079 7063 6165 6295 5572 6184 5939 6303 5918 6126 6042 6553 6775 5958 6381 5752 6994 5992 6286 6225 6882 5887 6413 5972 5998 6152 6405 6362 6535 6239 5946 5936 6611 6344 6241 6090 6267 6185 6147 5802 5785 6804 6284 6558 6266 6492 5981 6189 5973 6489 5999 6230 6433 6334 6205 6330 5525 6793 6532 6528 5876 5967 6529 6022 5980 6564 6023 6389 5848 6211 6183 6375 6257 6569 5994 6096 6354 6213 6155 6247 6663 6277 6228 6211 5850 6942 6463 6309 6377 6597 5878 6549 5542 6297 6225 6112 6115 6064 6028 6126 5782 6171 6239 6359 6001 6250 6368 6448 6493 6292 6134 6084 6361 6174 6193 6238 6476 6745 5761 5963 6684 5886 5750 6145 6572 6480 6244 6532 6353 6206 5936 5568 6524 5937 6538 6402 6252 6629 6239 6300 6485 6462 6121 6093 6383 6338 6340 6204 7126 6588 6396 6465 6261 5553 5783 6061 6677 6431 6254 6368 7132 6124 5828 6213 6241 5908 6088 6679 5846 5767 6834 6579
6107 6370 6184 6206 6138 6477 6604 6833 5958 6112 6195 6137 5647 6450 6202 6279 6075 6041 6430 6457 6005 6298 6519 6036 6318 6046 5521 5952 6364 5765 6351 6708 6252 6235 6184 5990 6325 6994 6575 6257 6600 6460 6301 5925 6293 6088 6513 6475 6618 6195 6467 6296 5731 5626 6290 6109 6412 6631 5597 6622 6130 6463 5909 5906 5981 6093 6013 6377 5511 6044 6469 6096 6355 6094 5816 6408 6505 6593 6203 6681 5897 6096 6327 6352 6107 6587 6121 6077 5698 5782 6119 6212 5903 6470 6121 6493 6675 6166 6035 6024 6688 6246 6110 6096 6635 5623 6187 5542 5804 6029 6611 6335 6749 6532 6004 6180 6142 6105 6238 6325 6033 6060 6211 5836 6104 7005 6558 6132 6041 6241 5989 5952 6399 6690 5830 6298 6571 6419 6124 6031 5494 6602 6710 6392 6035 6004 6357 5969 6076 6379 6030 6500 6176 5993 6465 5971 6211 6481 5829 6035 6385 6148 5865 6004 6061 6182 6050 6284 6255 6399 6386 6259 6746 6461 6076 6438 5697 6608 6060 6026 6325 6140 6209 5605 5899 6180 6241 6282 6115 6338 6173 6246 6491 6350 6039 5895 6417 6341 5650 5864 6758 6578 5787 5931 6496 5743 5814 6250 6631 6250 6160 6370 6322 6314 5883 5617 6634 5846 6485 6601 6276 6618 6072 6164 6687 6033 5673 5975 6086 6144 6227 5909 6603 6399 6181 6420 6017 5733 5689 6015 6230 6272 6003 6503 6840 5785 6173 6303 6223 5959 6017 6469 5876 5628 6582 6224
6552 6553 6682 6040 6010 6587 6860 6414 6093 6376 6124 6486 5830 6633 6380 6337 6881 5970 6493 6524 6027 6378 6635 6275 6422 6325 6003 6140 6761 6151 6749 6757 6425 6393 6148 6464 6271 7161 6809 6297 6691 6410 6252 5803 6606 6293 6584 6796 6276 6494 6239 6484 5710 5698 5879 6153 6742 6661 5793 6865 6205 6311 6135 5826 6023 6200 5816 6440 5905 5832 6709 6276 6529 6037 5841 6695 6322 6605 6301 6804 5958 6385 6276 6724 6226 6867 6018 6240 5811 6200 5966 6325 6318 6142 6061 6311 6825 6136 5898 6111 6924 6340 6406 6379 6909 6083 6317 5887 6002 6231 6120 6190 6827 6421 6215 6221 6139 6200 6469 6211 6197 6371 6535 5983 5867 6716 6559 6527 6082 6451 6156 6055 5730 6541 5852 6251 6798 6317 6117 6289 5776 6744 6754 6415 5688 6355 6241 6305 5886 6528 6053 6337 6190 6188 6335 6410 6444 6446 6069 6033 6573 6128 6165 6239 6348 6195 6105 6483 6293 6543 6576 6253 6609 6732 6066 6290 5550 6256 6377 6301 6253 6047 6186 6421 5781 6085 6834 6154 6227 6216 6290 6298 6640 6299 6437 6016 6389 6159 6214 6413 6876 6740 5966 6128 6536 5811 5800 6240 6542 6520 5912 6347 6758 6251 6123 6023 6690 6015 6726 6263 6371 6191 6553 6579 6537 6475 6241 5917 6141 6568 6533 6025 7004 6685 6361 6490 6010 5870 5878 5960 6573 6299 6623 6416 7180 6230 6413 6304 6365 6188 6094 6525 5856 5676 6686 6548
6407 6508 6486 6241 6332 6456 6897 6479 5855 6139 6889 6183 5996 7046 6264 6515 6487 6178 6440 6876 5939 6644 6856 6010 6612 6859 5746 6260 6475 6009 6680 6734 6456 6713 6288 6468 6540 6984 6579 6384 6848 6293 6358 6001 6520 6099 6728 6977 6451 6595 6491 6586 5713 5837 6135 6330 6410 6831 5907 6645 6204 6592 5971 5990 6133 6437 5912 6589 5824 5991 6159 6609 6228 5875 6114 6795 6981 6612 6255 6754 6020 6005 6332 6159 6317 7028 6110 6464 5722 6385 6318 6619 6513 6458 6135 6468 6798 6396 6384 6026 6988 6431 6597 6760 6919 5923 6364 5901 6153 6549 6572 6352 6922 6414 6011 5986 6181 6259 6358 6059 6419 6664 6226 5818 6115 6773 6431 6899 6226 6407 6294 6367 5941 6595 6225 6071 6805 6326 5978 6487 5584 7082 6734 6569 6043 6259 6626 6586 6065 6621 6254 6527 6162 6041 6254 6081 6378 6703 6355 6212 6603 6439 6452 6573 6475 6288 6497 6537 5928 6827 6830 6614 6754 6312 6273 6692 6030 6620 6237 6437 6801 6127 6235 6364 6175 6021 6361 6340 6220 6484 6763 6548 6872 6544 6217 5986 6654 6382 6078 6398 6480 6942 5968 5984 6608 6178 5888 6288 6922 6408 6312 6469 6785 6491 6513 6079 6598 5906 6639 6237 6191 6600 6250 6229 7039 6339 6132 6117 6420 6217 6625 6322 7018 6750 6617 6672 5947 5591 6078 6890 6679 6594 6476 6670 7195 6162 6608 6334 6486 6292 6069 6769 6195 5924 6861 6689
5969 6133 6096 5832 5716 6113 6194 6161 5930 6090 5821 6120 5800 6078 6202 5874 6148 5970 6194 6441 5567 5934 6275 5490 6330 6063 5298 6111 6024 5888 6372 6086 6098 6395 5958 5964 6087 6389 6647 6650 6415 5987 6172 5716 5865 6012 6378 6224 6092 6252 6103 5970 5548 5522 5693 5945 6092 6691 5539 6291 5742 6074 5431 5448 5802 6078 5728 5928 5313 6193 6229 5920 6200 5752 5846 6090 6118 6193 5512 6328 5549 5851 6098 6205 6026 6426 5676 6017 5286 5686 5570 6069 5649 6339 6180 6281 6090 5902 5743 5906 6355 5924 5784 6205 6361 5672 5966 5284 5804 5997 6571 5928 6349 5941 5609 5850 6145 5928 6186 5986 6030 5876 5952 5676 5802 6296 6115 6019 5742 6165 5743 5947 5987 6219 5699 5718 6172 6203 5891 5550 5120 6370 6346 6017 5535 5840 6250 5693 5620 6040 5824 6026 5981 5907 6413 5716 6175 6060 5908 5947 5993 5993 5833 5982 5748 5856 5893 5875 5614 6212 6354 5969 6297 6369 5809 6281 5356 6088 6340 5945 5859 5572 5744 5888 5538 5809 6261 6023 5855 5758 5961 6065 6330 5982 5839 5764 6355 6290 5804 5685 6340 6551 5662 5754 6128 5584 5658 5885 6309 5892 5826 6400 5989 5839 5821 5924 6251 5786 6158 6173 5756 6047 5991 5936 6051 5697 5520 5628 6145 5801 6537 5632 6343 6329 6034 6274 5909 5456 5444 5858 6126 6296 5882 6351 6755 5591 5748 5910 6284 5884 5765 5888 5594 5619 6168 6055
6328 6813 6591 6334 6295 6501 6619 6452 5846 6676 6362 6364 6097 6542 6502 6300 6147 6167 6446 6352 6027 6402 6878 6110 6610 6479 5591 6130 6437 6128 6468 6540 6348 6862 6647 6008 6596 6955 6793 6414 6613 6543 6176 6137 6621 6200 6418 6549 6011 6222 6122 6564 5873 5527 6038 6188 6402 6696 5887 6832 6114 6474 5764 5995 5898 6575 5694 6504 5656 6143 6356 6515 6692 6141 6027 6438 6380 6840 6146 6530 5829 6354 6327 6602 6382 6685 6422 6065 5620 5887 6137 6485 5974 6359 6440 6427 6508 6027 6020 5833 6426 6022 6387 6277 6580 5912 6135 6003 6329 5944 6175 6473 6841 6557 5758 6133 6056 6044 6222 6268 6272 6484 6606 5898 6070 6773 6514 6462 6367 6310 6436 6101 6320 6528 6198 6100 6387 6506 6455 6219 5465 6990 6605 6283 5852 6010 6457 6365 6254 6501 6162 6717 5934 6138 6487 6443 6406 6439 6094 6161 6408 6219 6064 6133 6353 6148 6197 6177 6108 6439 6817 6432 6407 6638 6047 6292 5774 6662 6092 6154 6429 6346 5991 6212 5865 6038 6703 6255 6049 6248 6197 6159 6627 6317 6090 6090 6334 6280 6135 6173 6488 6381 6113 5833 6687 5922 5648 6319 6887 6530 6060 6400 6433 5994 6046 5669 6827 5730 6386 6508 6150 6602 6532 6541 6379 6466 6318 6336 6154 6238 6663 5980 6784 6745 6599 6712 5884 5658 6249 6286 6674 6375 6282 6772 7096 6043 6173 6281 6301 5823 5827 6247 6123 5897 6713 6382
6826 6681 7074 6575 6540 6914 7190 6619 6285 6790 6725 6857 6407 6765 6824 6682 7046 6732 6628 6892 6554 6870 7152 6304 6808 6887 6000 6652 7065 6578 6872 6932 7121 6775 6656 6790 6672 7325 7269 6859 6995 7071 6713 6573 6770 6397 7193 6988 6856 6637 6627 6731 6300 5948 6183 6208 6921 7008 6227 7267 6665 7136 5806 5840 6548 6898 6226 6621 6247 6122 6460 6618 6793 6300 6566 7091 6786 7119 6652 7446 6214 6806 6810 6629 6852 6929 6199 6487 6144 6410 6474 6808 6547 6593 6621 6564 7179 6661 6498 6369 7509 6525 6587 6698 7346 6142 6526 6238 6616 6600 6603 6898 7271 6824 6635 6373 6694 6503 6797 6688 6836 6615 6797 6340 6202 7179 6651 6733 6543 6686 6433 6161 6457 6552 6251 6481 6853 6648 6116 6758 5971 7244 7341 6663 6069 6219 6622 7005 6371 7052 6475 6754 6376 6659 7255 6931 6929 6802 6536 6437 6698 6208 6448 6694 6621 6627 6584 6564 6481 7022 7044 6883 7082 6930 6564 6725 6185 7100 6786 6859 6902 6160 6457 6630 6030 6329 6872 6697 6577 6571 6872 6757 7197 7013 6379 6803 6838 6532 6380 6905 6878 7186 6443 6426 6892 6562 6367 6456 7071 6703 6933 6826 7029 6562 6328 6172 7007 6334 7039 6487 6422 6977 6487 6616 6941 6602 6320 6469 6685 6624 7038 6521 7266 6574 6676 7043 6330 6237 6477 6439 6739 6720 6825 6765 7742 7007 6339 6775 6559 6404 6437 6737 6418 5787 7100 7091
6252 6368 6301 6200 6113 6437 6305 6289 5708 6340 6161 6449 5961 6403 6149 6238 6159 5873 6322 6515 5730 6276 6658 6087 6401 6193 5486 6141 6365 6024 6387 6239 6227 6457 6084 5927 6519 6632 6643 6201 6394 6271 6338 5875 5864 6116 6465 6401 6268 6462 6182 6359 5731 5642 6053 6020 6222 6508 5508 6280 5873 6094 5540 6020 5764 6078 5748 6602 5521 5942 6203 6289 6207 6075 5879 6301 6481 6469 6113 6538 5930 6116 6285 6040 6341 6428 5970 6145 5607 5634 6095 6158 5869 6299 5949 6240 6300 5887 6007 5833 6434 6272 6057 6235 6603 5743 6070 5813 6124 6191 6394 6072 6579 6367 5956 6081 6298 6104 6300 6001 5911 6191 6318 5915 5913 6455 6431 6468 6430 6193 6233 6232 6110 6160 6023 6152 6521 6174 5996 6084 5163 6938 6472 6512 5641 6102 6259 6063 6151 6383 6110 6535 5841 6243 6700 6225 6439 6262 6168 5854 6109 5904 5741 6135 6418 6168 6003 6067 5858 6115 6194 6267 6463 6517 5844 6716 5834 6744 6189 6086 6226 5955 5985 6126 5939 5976 6357 6103 6067 6059 6287 6095 6664 6020 5970 6039 6285 5902 5877 6352 6345 6728 5916 6014 6268 6029 5571 6005 6607 6265 6037 6220 6385 6053 5945 5836 6793 5717 6330 6169 5937 6205 6039 6317 6470 6105 5655 5747 6026 6233 6511 6022 6780 6291 6706 6313 5833 5474 6235 6139 6250 6389 6123 6501 7167 6285 6001 6081 6312 5864 5685 6197 5905 5574 6535 6321
6496 6471 6965 6168 6011 6398 6511 6333 5908 6559 6299 6545 5951 6557 6532 6111 6537 6084 6453 6437 5978 6463 6843 6124 6637 6653 5721 6188 6380 6287 6598 6917 6471 6397 6384 6383 6783 7049 6918 6208 6554 6428 6238 6059 6400 6266 6612 6923 6335 6491 6284 6493 6032 5785 6106 5846 6707 6721 6025 6808 5951 6521 5915 6042 6358 6352 6241 6354 5832 5958 6645 6251 6429 6085 6230 6593 6579 6604 6230 6838 5984 6087 6719 6543 6281 6945 6017 6295 5793 5950 6290 6301 6219 6348 6157 6390 6374 6519 6172 6309 7008 6338 6634 6757 7030 6125 6472 5874 6291 6402 6563 6317 6977 6412 6090 6071 6221 6084 6492 6171 6613 6272 6652 5905 6207 6648 6538 6430 6225 6604 6229 6098 6092 6294 5902 6457 6417 6136 6154 6440 5928 6698 6816 6585 6263 6195 6347 6618 5876 6623 6255 6445 6247 6406 6557 6384 6685 6381 6314 6642 6282 6113 6290 6398 6474 6383 6311 6537 5990 6435 6788 6413 6621 6242 5960 6505 5970 6621 6198 6443 6521 6169 6321 6309 6043 6096 6723 6510 6257 6055 6266 6344 6346 6348 6044 6093 6505 6396 6458 6295 6818 6728 6349 6056 6622 6255 6030 6385 6918 6613 6064 6470 6505 6090 6224 5699 6650 6225 6897 6144 6290 6320 6600 6378 6511 6454 6271 6275 6267 6340 6459 6110 6760 6714 6727 6454 6112 5516 6165 6337 6281 6405 6429 6545 7225 6007 6354 6427 6216 6008 6187 6623 6288 5789 6751 6480
6373 6227 6700 6408 6018 6508 6612 6500 5743 6386 6519 6273 6266 6534 6318 5869 6749 6331 6313 6879 6000 6434 6926 5877 6404 6387 5684 6206 6376 6144 6472 6368 6152 6506 5974 6345 6368 7051 6973 6710 6498 6227 6406 5873 6419 6076 6516 6570 6374 6519 6562 6452 5555 5912 6042 5831 6499 6887 5833 6844 6063 6404 5767 5893 5999 6186 6150 6273 5733 6270 6258 6286 6465 5891 5905 6747 6501 6488 6362 6439 6038 6251 6150 6275 6240 6567 5661 6397 5624 6236 6244 6519 5752 6183 6435 6225 6666 5923 6486 6034 6850 6127 6277 6368 6935 6014 6468 5657 5857 6169 6664 6369 6556 6369 6097 6162 6392 6290 6365 6532 6036 6284 6288 5944 5767 6871 6474 6388 6083 6282 5831 5915 5453 6243 5974 6464 6614 6429 5633 6108 5754 6706 6698 6301 5834 5814 6123 6305 5720 6507 5825 6292 5917 6229 6347 6296 6274 6401 6056 5838 6514 6421 6274 6354 6268 6273 6181 6371 5913 6446 6584 6117 6404 6216 6074 6118 5841 6649 6233 6411 6374 5991 6298 6397 5640 6058 6659 5891 6022 6101 6051 6265 6645 6508 6091 6005 6317 6056 6098 6184 6397 7020 6101 6127 6081 6006 5757 6169 6726 6396 6314 6404 6112 6325 6054 5676 6574 5924 6493 6045 6132 6301 6308 6398 6769 6312 6071 6295 6058 6286 6384 5967 6576 6523 6278 6386 5822 5716 5636 6261 6388 6402 6564 6340 6809 6124 6401 6178 6167 5849 6093 6388 6176 5651 6277 6565
7419 7150 7221 7039 6851 7299 7751 7334 6191 7183 7068 7185 6612 7433 7271 7040 7194 6923 7114 7386 6741 7406 7941 7349 7164 7023 6111 7019 7529 7024 7331 7179 7457 7435 6882 7056 7148 7698 7511 7249 7413 7548 7092 6730 7021 6745 7416 7239 7372 7080 7495 7212 6375 6211 6846 6821 7101 7509 6584 7653 6919 7728 6525 6580 6817 6996 6759 7543 6463 6990 7155 6809 7304 6760 6874 7322 7352 7468 6681 7613 6575 7260 7452 7047 7252 7489 6838 6993 6623 6657 7061 6952 6710 7487 7084 7285 7356 6832 6909 6714 7965 7255 7125 7377 7523 6702 6938 6456 6609 7261 7312 7198 7623 7067 6956 6995 7128 6809 7388 7122 6925 7036 7272 6685 6892 7279 7210 7304 7133 7147 6494 6829 7019 6997 6615 7379 7332 6910 6948 6785 6370 7711 7266 7176 6593 6733 7276 7192 6614 7337 6964 7208 6935 7231 7248 7237 7180 7274 7002 7104 7022 7003 6935 7142 7007 6991 7052 7166 6943 7414 7256 7182 7226 7432 6719 7134 6585 7554 7133 7378 7185 6823 6794 7095 6592 6882 7354 6899 7232 7223 7157 6916 7341 7300 6800 6920 7133 7185 6873 6969 7782 7721 7034 7202 7267 6828 6619 6655 7469 6972 7341 7284 7400 6703 6545 6675 7552 6685 7391 6922 6948 7231 7489 6654 7454 7366 6937 6718 7096 7063 7330 6709 7681 7618 7531 7470 6580 6811 6669 6988 7680 7374 7042 7451 7787 6999 6755 7243 7124 6781 6504 6982 6716 6399 7439 7380
7139 7125 7187 6777 6844 7129 7460 7566 6673 7060 6796 7012 6502 7457 6991 7048 7099 6902 6889 7300 6620 7348 7744 7044 7171 6868 6534 6653 7316 6381 7368 7325 7167 7501 7017 6733 7061 7489 7521 6939 6960 7167 6855 6679 7090 6633 7147 7515 7408 6852 7297 7328 6656 6299 7014 6879 7038 7332 6421 7388 6572 7115 6538 6482 6820 6796 6839 7200 6541 6862 7171 7266 7181 6709 6619 7322 7142 7359 6786 7485 6659 7067 7029 7235 7088 7491 6780 6922 6417 6456 6841 6588 6658 6737 6610 6904 7215 6641 6660 6623 7451 7009 7078 7167 7698 6325 7102 6426 6736 6852 7177 6832 7764 7284 6602 6799 6924 6961 7037 6938 7054 6849 7178 6573 6509 7533 7146 7440 6615 6950 6729 6543 6877 7125 6621 6805 7288 6999 6713 7153 6364 7351 7673 7173 6378 6864 6929 6873 6373 6763 6853 7263 6786 6759 7193 7147 7121 7150 6843 6828 7100 6685 6924 7092 7076 6756 6663 7526 6813 7230 7512 7153 7323 7176 6388 7065 6584 7188 6948 7222 7104 6584 6862 6707 6626 6588 7270 6767 6670 6877 6885 6578 7440 6984 6602 6683 7282 7283 6777 7206 7441 7369 6648 6589 7282 6406 6696 6851 7293 7253 7035 7017 6919 6781 6965 6554 7387 6438 7270 7050 7179 7269 7032 6803 7416 7160 6742 6483 6863 7040 7251 6454 7719 7143 7356 7278 6787 6186 6791 6574 7323 7093 7098 7325 7871 6653 6877 6928 6885 6792 6640 7246 6480 6616 7427 7052
6657 6796 6509 6053 6449 6935 6905 6827 5867 6487 6196 6267 6530 6725 6402 6552 6681 6408 6439 6824 6169 6623 6999 6096 6660 6465 5706 6369 6456 6217 6696 6780 6884 6656 6458 6397 6553 6985 7060 6387 6617 6291 6293 6227 6703 5863 6761 6643 6364 6867 6595 6694 5880 5523 6289 6390 6650 6838 5935 6982 6503 6362 6038 6398 6072 6247 6064 6781 6032 6297 6478 6437 6767 6282 6087 6802 6525 6999 6340 6362 6244 6336 6305 6392 6805 7153 6243 6166 5585 6145 6334 6388 6222 6248 6003 6238 6733 6351 6461 6396 6932 6428 6413 6495 6922 5986 6307 5907 6274 6215 6189 6358 6897 6326 6053 6116 6218 6536 6388 6205 6320 6477 6545 6286 6099 6968 6587 6502 6304 6318 6130 5968 5760 6785 6380 6177 6661 6145 6253 6373 5736 7014 7009 6616 6353 6324 6242 6390 6088 6765 5949 6424 6108 6358 6453 6485 6502 6477 6183 6106 6714 6200 6244 6796 6576 6499 6437 6517 6291 6602 6597 6126 6800 6561 6072 6582 5876 6396 6571 6337 6553 5968 5928 6701 5794 6203 6882 6218 6138 6352 6142 6422 6884 6511 6142 6233 6820 6469 6216 6344 6561 7004 6082 6280 6587 6123 6171 6408 6903 6357 6486 6525 6621 6291 6298 6125 7040 5943 6678 6460 6504 6498 6521 6421 6920 6469 6304 5940 6211 6589 6573 6256 7151 6759 6532 6513 6185 5685 5887 6153 6621 6542 6608 6577 6789 6106 6494 6375 6553 6338 6308 6732 6002 6016 6442 6452
7178 7271 7247 6650 6701 7148 7542 7522 6477 6881 7111 6848 6709 7173 7048 6696 7065 6882 7031 6926 6601 7164 7502 6858 7250 7016 6282 7197 7142 6849 7119 7082 7144 7058 6775 6788 7239 7363 7445 7377 7582 7141 6869 6668 7029 6737 7507 7169 6913 7153 7189 6968 6530 6037 6677 6766 7019 7501 6057 7361 6776 6865 6412 6551 6339 6848 6535 7111 6487 6637 6960 6945 7290 6700 6392 7146 6939 7151 6855 7422 6563 6618 6775 6807 7255 7438 6750 6773 6346 6627 6824 7147 6670 7096 6947 6882 7304 6791 6758 6697 7673 7119 6937 6671 7459 6888 6677 6366 6460 6828 6940 7208 7424 6861 6780 6768 6948 6846 7018 6985 6670 7029 6800 6617 6707 7366 7278 6935 6959 6963 6571 6865 6403 6860 6623 6972 7166 6937 6471 6948 6207 7530 7527 7488 6275 6595 6946 6887 6546 7162 6642 6932 6741 6942 7047 7016 6931 6990 6872 7050 7499 6724 6633 6804 7129 6847 6844 7256 6631 7303 7087 6717 7227 7395 6789 7089 6455 7068 6937 7119 6930 6393 6727 6933 6455 6663 7047 6848 6638 6822 7008 6851 7657 7192 6559 6882 6683 6899 6615 7036 7095 7402 6512 6639 6877 6343 6603 6944 7555 6874 6972 7085 7112 6836 6875 6683 7406 6525 7071 6727 6670 6847 7131 6753 7418 7077 6731 6507 6741 7096 6977 6901 7866 7208 7401 7104 6714 6173 6376 6793 7432 6919 6984 7122 7823 6936 6765 6761 6947 6780 6637 7094 6385 6373 7181 7025
6426 6512 6537 6386 6319 6648 6839 6823 6105 6483 6539 6555 6302 6637 6432 6588 6706 6346 6518 6862 6290 6380 6928 6335 6876 6655 6156 6264 6359 5961 7155 6962 6430 6559 6495 6181 6695 7320 7129 6902 6715 6836 6475 6203 6706 6593 6879 6910 6698 6633 6831 6921 5896 5855 6143 6302 6557 7174 5985 6986 6818 6761 5932 6304 6271 6376 6542 6590 6137 6299 6689 6603 6778 6571 6209 6761 6494 6669 6489 6607 6414 6532 6626 6561 6687 7168 6055 6499 5802 6389 6607 6532 6456 6656 6169 6588 6697 6366 6455 6537 7213 6616 6501 6611 6843 6161 6509 6126 6213 6347 6970 6721 7374 6497 6423 6345 6355 6403 6456 6450 6612 6464 6632 6196 6354 6893 6602 6511 6365 6639 6363 6271 6414 6559 6236 6689 6761 6340 6152 6493 5909 7116 7183 6630 6176 6468 6654 6322 6380 6585 5869 6291 6194 6189 6754 6631 6750 6594 6378 6626 6708 6364 6419 6673 6570 6307 6490 6545 6794 6623 6899 6429 7145 6437 6434 6449 5608 6925 6443 6805 6278 6355 6274 6564 6019 6210 6965 6370 6408 6322 6486 6484 6688 6730 6411 6225 6760 6640 6081 6278 6723 7188 6091 6201 6727 6395 6017 6583 7139 6464 6583 6814 6660 6407 6567 5678 6857 6201 7092 6678 6672 6455 6506 6452 6723 6579 6402 6276 6773 6585 6753 6278 7179 6700 6442 6655 6384 5898 6059 6748 6984 6704 6554 7015 7166 6363 6292 6717 6695 6130 6463 6452 6059 5736 6951 6796
7005 7029 6679 6523 6347 6730 7009 6977 6264 6951 6724 6886 6627 6998 6775 6296 6937 6409 6578 6965 6191 6700 7175 6334 7073 7009 5941 6745 6913 6427 7023 6861 6853 6920 6606 6647 6809 7314 7303 6998 7268 6847 6742 6382 6845 6570 7066 7143 7086 6920 6613 6735 6129 5929 6580 6771 6886 7091 6017 7063 6642 6979 6129 6373 6328 6745 6375 6943 6012 6526 6789 6806 6744 6216 6371 7041 6914 6911 6638 7091 6300 6471 6530 6712 6841 7128 6564 6754 6195 6377 6538 6710 6623 6734 6575 6657 6958 6309 6513 6448 7320 6908 6748 6762 7113 6642 6560 6105 6337 6666 6561 6906 6957 6803 6204 6655 6671 6751 7002 6412 6552 6759 6970 6213 6238 6855 6884 6686 6602 6707 6565 6611 6275 6957 6125 6612 6861 6474 6246 6678 5910 7232 7095 6767 6396 6525 6797 6815 6150 6780 6627 6659 6246 6817 6761 6803 6536 6745 6567 6446 6749 6505 6344 6633 6852 6812 6556 6553 6431 7129 7017 6554 7139 6581 6404 6713 5968 7274 6777 6633 6499 6163 6519 6376 6126 6409 7047 6462 6562 6485 6450 6915 6984 6756 6478 6214 6733 6715 6229 6488 6848 7243 6301 6431 6651 6400 6176 6280 7138 6729 6604 7014 6853 6570 6183 6100 7238 6385 7124 6684 6466 6547 6567 6779 6688 6885 6606 6661 6517 6467 6985 6598 7294 7037 6703 7063 6309 5993 6528 6874 6850 6615 6547 6860 7437 6372 6593 6530 6764 6278 6636 6803 6283 5885 7060 6979
5979 6109 6304 5880 5860 6358 6305 6278 5240 6073 6160 6006 5744 6664 5907 6228 6297 5959 6003 6244 5854 6413 6627 5633 6131 6037 5172 5951 6116 5814 6287 6512 6129 6507 6101 6072 6218 6494 6466 5988 6102 6073 6039 5812 5732 5985 6543 6440 6045 6270 5831 6266 5702 5172 5826 6280 6123 6542 5595 6673 5745 6025 5665 5809 5709 6192 5569 6165 5226 5633 5849 6149 6148 5669 5757 6616 6279 6353 6020 6331 5803 6000 6148 5826 6466 6561 5770 5741 5528 6072 5739 6279 5920 6219 5794 6156 5979 5902 6004 5798 6532 5970 6140 5878 6644 5722 5823 5654 5908 5738 6116 5914 6625 6316 5661 5815 5796 6190 6208 5998 5844 6210 6682 5974 5817 6760 6002 6278 5814 6013 5972 5930 5939 6359 5648 6327 6048 5520 5853 6321 5192 6571 6564 5882 5877 6004 5812 6366 5944 5878 5914 6319 5971 5739 6408 6059 6219 6295 5881 5753 6313 6143 6031 6014 6058 5853 5679 6265 5952 6637 6479 5841 6447 6152 5265 5996 5466 6542 5889 6009 6295 5818 6245 5999 5729 5901 6205 5902 6055 5867 5936 6063 6013 5846 5466 6063 6078 6098 5642 5958 6177 6584 5856 5797 5954 5600 5877 5761 6387 6179 5890 6124 6507 5705 5832 5423 6415 5598 6116 5786 5835 6102 6092 5965 6535 6307 5634 5430 5798 6049 6239 5688 6296 6252 6112 6077 5731 5458 5856 5841 6366 5990 6085 6077 6632 5941 6172 5835 6011 5644 6124 6346 5580 5718 6452 6369
6605 6495 6626 6352 6081 6286 6941 6469 5738 6515 6232 6801 6187 6590 6592 6448 6582 6300 6466 6580 6152 6930 7135 6448 6474 6270 5643 6470 6322 6279 6597 6806 6752 6912 6327 6411 6526 7132 6697 6324 6804 6855 6436 6367 6354 6124 6932 6270 6523 6384 6411 6358 5933 5984 6424 6475 6423 6822 5919 6541 6165 6892 5994 6090 6001 6247 5997 6374 6071 6421 6354 6681 6449 6231 6120 7025 6485 7099 6448 6419 5890 6270 6134 6255 6480 6842 5910 6429 5770 5966 5969 6283 6191 6436 6102 6398 6782 6199 6455 5944 6799 6347 6484 6370 7065 5784 6314 5869 5981 6333 6444 6257 6959 6543 5851 6291 6378 6173 6682 6276 6552 6204 6642 6043 6208 7086 6402 6738 6310 6231 6295 6511 6251 6428 5710 6208 6394 6389 6349 6164 5811 6897 6850 6604 5826 6423 6457 6479 5800 6604 5997 6750 5991 6113 6516 6284 6535 6538 5884 6214 6372 6438 6291 6499 6620 6244 6131 6916 6250 6687 6803 6385 6860 6703 6307 6258 5732 6826 6616 6542 6427 5919 6415 6516 5956 6375 6590 6510 6400 6258 6131 6267 7064 6518 6087 6302 6154 6554 6097 6381 6735 6688 6220 6413 6567 6379 5866 6255 6790 6252 6173 6259 6584 5967 6131 6130 6761 5707 6487 6143 6310 6563 6636 6210 6779 6192 6105 6054 6106 6469 6644 5852 7121 6622 6869 6750 5703 5943 6111 6287 6630 6537 6496 6852 7246 6115 6109 6175 6207 6134 6187 6599 5823 5709 6685 6518
6608 6664 6684 6373 6371 6848 7146 6672 6237 6550 6427 6755 6128 6776 6268 6379 6654 6580 6538 6607 5987 6666 7110 6192 6816 6353 6050 6301 6314 6080 6609 7035 6543 6635 6452 6439 6908 7143 7153 6470 6972 6416 6505 6198 6341 6501 6920 6817 6724 6616 6644 6651 6039 6053 6032 6622 6380 6814 5770 6982 6392 6707 6134 6121 6344 6528 6209 6844 6127 6378 6325 6418 6752 6099 6094 6608 7034 6671 6365 7115 6068 6414 6623 6328 6877 7080 6399 6129 6320 5961 6479 6702 6228 6473 6384 6300 6925 6238 6361 6336 7118 6753 6742 6675 7055 6414 6442 6482 6367 6464 6464 6544 6945 6739 6335 6305 6283 6316 6725 6201 6331 6622 6610 6033 6155 6954 6517 6625 6448 6345 6338 6421 6214 6702 6114 6618 6822 6294 6126 6214 5952 7313 6867 6775 6050 6188 6460 6544 6079 6627 6470 6713 6255 6419 6474 6498 6756 6661 6452 6676 6687 6184 6282 6632 6531 6561 6056 6550 6241 6793 6500 6440 6295 6722 6149 6902 5933 7025 6223 6659 6651 6164 6157 6359 6357 6337 6839 6313 6250 6438 6794 6449 6812 6543 6467 6139 6814 6106 6557 6600 6914 6924 6175 6394 6663 6290 6105 6535 6713 6679 6716 6798 6623 6545 6383 6008 6907 6060 6859 6467 6585 6602 6565 6510 6575 6847 6076 6357 6531 6813 6808 6480 6950 6839 6617 6585 6420 5699 6019 6243 6652 6674 6729 6905 7489 6388 6610 6645 6373 6190 6159 6638 6081 6013 6933 6755
6642 6855 6445 6275 6246 6698 6789 6727 5997 6556 6739 6283 6132 6965 6276 6323 6393 6545 6578 6648 6138 6606 6906 6164 6875 6477 5769 6751 6511 6254 6758 7027 6584 6795 6638 6376 6595 6843 6832 6697 6685 6521 6701 6306 6482 6062 6681 6861 6777 6489 6703 6558 5886 5778 6310 6526 6519 7008 5739 6826 6354 6598 5959 6130 6120 6765 5776 6960 5734 6127 6684 6185 6665 5930 6610 6941 6471 6817 6312 6623 5836 6689 6249 6537 6368 6920 6416 6432 5751 6022 6349 6557 6144 6700 6507 6445 6611 6338 6165 6269 7015 6446 6609 6216 6602 5922 6121 5743 6456 6536 6538 6443 7074 6475 6227 6136 6582 6403 6364 6169 6277 6629 6879 5959 6490 6802 6425 6677 6620 6367 6102 6520 6456 6188 6194 6479 6659 6281 6133 6577 5641 7132 6938 6637 6171 6236 6492 6285 6138 6525 5927 6488 6538 6383 6610 6454 6631 6591 6082 6439 6755 6121 6477 6543 6644 6531 6401 6525 6415 6981 6764 6413 6572 6840 6288 6675 6111 6892 6470 6508 6310 5914 6280 6549 5991 6175 6728 6790 6346 6525 6343 6345 6801 6429 6028 6379 6533 6607 6094 6627 6661 6750 6086 6182 6612 6071 6097 6408 6767 6658 6404 6395 6546 6394 6337 5932 6518 6009 6372 6548 5999 6545 6478 6661 6932 6678 6444 6122 6221 6540 6534 6007 6911 6569 6538 6672 6087 5772 5970 6517 6688 6611 6258 6641 7149 6317 6146 6295 6319 6213 6428 6694 6228 6151 6835 6709
6377 6193 6398 5924 6174 6054 6557 6110 5857 6157 6197 6044 5795 6447 6057 6251 6404 5958 6543 6356 5778 6575 6275 5813 6260 6164 5629 6080 6143 6035 6295 6615 6134 6337 5847 6193 6292 6616 6806 6125 6412 6165 6021 5986 6073 6151 6568 6614 6303 6387 6140 6312 5747 5311 6132 5802 6253 6854 5636 6415 5893 6186 5823 6091 5880 6101 5735 6150 5465 5953 6133 6431 6278 6001 5963 6494 6423 6251 6252 6422 5747 5922 6025 5812 6312 6625 6100 6081 5637 5880 5974 6435 6001 6280 6171 6192 6134 5810 6074 5861 6584 6000 6184 6182 6434 5878 6272 5729 5804 5976 6583 6607 6685 5981 6040 5959 6111 5893 6141 6122 6041 6232 6438 5825 5870 6554 6452 6610 6281 6225 5948 6272 5982 6486 5863 6075 6375 5979 5984 6249 5723 6770 6689 6381 5698 5952 6123 6089 5934 6202 6249 6187 5782 5964 6471 6282 5991 6011 6284 6109 6628 5930 6170 6283 6560 6181 5730 6197 6169 6515 6706 6227 6549 6139 5789 6285 5844 6302 5866 6322 6022 5828 5934 5976 5971 5616 6152 6151 5872 5955 6176 6089 6516 6042 5828 5857 6109 6124 5857 5897 6194 6609 5664 5674 6405 6052 6032 6276 6635 5873 6101 6439 6447 5853 6147 5893 6531 5723 6377 6068 6031 6245 6389 6224 6492 6165 5783 5800 5764 6294 6279 6013 6708 6389 6266 6525 5722 5632 6029 6226 6741 6160 5811 6337 7013 5721 6059 5746 6317 6024 5856 6375 5487 5890 6349 6379
6436 6892 6728 6197 6547 6321 6993 6690 6034 6584 6621 6530 6117 6829 6694 6479 6682 6455 6773 6915 6358 6732 7158 6040 6814 6740 5916 6572 6658 6109 7161 7065 6961 6577 6410 6294 6727 7023 6880 6561 6929 6924 6358 6382 6615 6608 6644 7106 6911 6628 6294 6547 6034 5959 6122 6478 6644 7141 5944 6686 5986 7040 6072 6263 6100 6752 6073 6608 6040 6291 6588 6750 6429 5821 6059 6679 6999 6736 6463 6959 6503 6477 6744 6610 6395 7245 6200 6547 5731 6501 6666 6679 6117 6493 6521 6529 6756 6455 6169 6430 7019 6740 6743 6502 6844 6238 6528 5836 6333 6439 6544 6653 7168 6787 6101 6501 6705 6622 6586 6435 6719 6802 6685 6314 6147 7045 6448 6661 6650 6589 6719 6603 6392 6708 6154 6215 6672 6759 6539 6463 5758 6892 7123 6661 6044 6326 6472 6496 6055 6793 6338 6408 6127 6333 6548 6791 6619 6680 6444 6680 6683 6558 6530 6447 6526 6424 6527 6928 6285 6983 7185 6574 6804 6472 6371 6567 6194 6742 6591 6275 6560 6102 6447 6315 6072 6363 6685 6315 6271 6429 6516 6471 6871 6659 6298 6444 6664 6420 6161 6582 6542 6818 6316 6280 6869 6111 5949 6583 6918 6545 6422 6396 6728 6359 6438 5921 6714 6417 6828 6437 6423 6590 6409 6543 6887 6676 6609 6497 6315 6690 6807 6328 7213 6683 6511 6652 6323 5761 6194 6540 6736 6726 6508 6730 7416 6327 6558 6568 6494 6241 6362 6509 6043 5869 7188 6968
6446 6784 6879 6423 6068 6359 7194 6507 5915 6366 6281 6315 6057 6866 6616 6016 6661 6247 6630 6623 5992 6440 6953 6384 6602 6596 5515 6135 6773 6060 6471 6967 6679 6693 6427 6583 6680 6875 6947 6378 6988 6433 5973 6169 6540 6323 6760 6815 6514 6303 6528 6497 5939 5862 6117 6273 6440 6710 5960 6952 6394 6305 6157 6226 5957 6382 5951 6466 5758 6267 6573 6500 6402 6272 6124 6282 6591 6641 5974 6992 6092 6173 6557 6608 6522 6925 6039 6578 5648 6326 6201 6211 6265 6138 6421 6367 6709 6580 6086 6053 7080 6363 6322 6561 7066 6112 6286 6044 6341 6394 6712 6262 6940 6345 6017 5894 6630 6292 6235 6261 6385 6379 6360 6046 6125 6773 6601 7053 6339 6275 6317 6287 6121 6449 5951 6367 6471 6226 6549 6333 5834 6847 6657 6780 5935 6033 6619 6361 6174 6798 6341 6477 6297 6243 6283 6723 6744 6402 6324 6335 6680 6179 6017 6473 6742 6156 6283 6503 6153 6757 6589 6377 6567 6761 5999 6632 5898 6534 6259 6446 6277 5999 6213 6205 6002 6087 6469 6575 6313 6179 6452 6441 6807 6402 6622 6085 6669 6387 6241 6425 6349 6910 5992 5926 6787 6075 5919 6481 7200 6500 6259 6325 6683 6022 6162 5879 6791 6134 6646 6360 6482 6588 6423 6572 6460 6661 6285 6145 6351 6619 6594 6133 7144 6868 6713 6556 6224 5515 6043 6254 6848 6449 6484 6780 7200 6420 6307 6438 6680 6287 6101 6553 5768 5957 6868 6567
6632 6838 6506 6352 6571 6835 6989 6953 6458 6671 6622 6715 6614 6944 6419 6711 6967 6617 6594 6846 6354 6778 7455 6421 6853 6675 5872 6640 6740 6331 6710 6562 6762 6918 6584 7094 6559 6922 6897 6828 6937 6701 6763 6476 6818 6320 6912 6641 6881 6752 6560 6652 6051 5911 6283 6470 6699 7012 6200 7117 6156 6857 6170 6039 6460 6583 6023 6584 6000 6551 6575 6658 6559 6443 5951 6874 6850 7037 6843 6598 6511 6531 6231 6568 6851 7281 6297 6416 6029 6539 6757 6669 6346 6594 6318 6423 6910 6534 6874 6281 7105 6746 6404 6696 7002 6201 6453 6093 6112 6473 6742 6792 6892 6441 6529 6598 6560 6577 6656 6603 6429 6217 6671 6295 6620 7062 6835 6652 6754 6397 6201 6359 6196 6807 6329 6336 6938 6410 6122 6678 5549 7031 7090 6356 6026 6097 6593 6336 6198 7022 6358 6603 6312 6386 6904 6656 6733 6645 6515 6263 6752 6431 6675 6841 6595 6364 6554 6661 6034 7080 6831 6818 7193 6670 6362 6862 5929 6897 6601 6798 6675 6076 6573 6541 6051 6428 6778 6396 6489 6417 6343 6795 7111 6749 6313 6656 6931 6553 6095 6874 6722 7280 6073 6230 6878 6426 6279 6291 7104 6551 6659 6723 6667 6409 6634 6267 6791 5984 7125 6808 6451 6845 6532 6664 6661 6263 6156 6285 6471 6658 6864 6121 7365 6905 6860 6836 6272 6023 6248 6321 6830 6561 6736 6836 7461 6522 6495 6350 6616 6430 6338 6605 6236 5784 6863 6477
6765 6891 6978 6713 6606 6779 7091 6870 6027 6831 6367 6875 6641 6794 6697 6765 6770 6549 6644 6782 6370 7038 7522 6647 6942 6672 5755 6827 6988 6598 7309 7209 6782 7118 6583 6591 6989 7361 7179 6742 6959 6791 6731 6608 6506 6302 7076 7060 7035 6940 6846 7071 6091 6065 6189 6540 6604 7237 6309 6859 6518 6896 6299 6498 6608 6538 6025 6812 6206 6658 6996 6659 6951 6641 6354 7020 6826 6972 6512 7070 6876 6648 6812 6716 6912 7216 6540 6182 6164 6476 6651 6607 6374 6872 6413 6747 7143 6754 6502 6512 7239 6667 6954 6978 7097 6381 6762 6176 6410 6752 7009 6634 7268 6874 6456 6657 6713 6676 6581 6498 6779 6761 6875 6405 6563 7056 6888 6717 6812 6834 6625 6532 6397 6781 6013 6875 6802 6596 6714 6614 6044 7324 7153 7036 6191 6356 6592 6916 6452 6894 6643 6690 6441 6727 6912 6835 6979 7049 6525 7084 6955 6784 6722 6790 6835 6494 6656 6789 6458 7194 7087 6697 7046 6914 6307 6774 6205 7139 6815 6339 6882 6222 6473 6841 6378 6619 6711 6743 6770 6728 6654 6681 6791 7056 6238 6650 6965 6647 6620 6788 6953 7100 6461 6466 6994 6612 6461 6552 7091 6585 6687 6720 6730 6443 6278 6243 7005 6240 6996 6696 6606 6807 6919 6618 6880 6788 6185 6275 6493 6943 7177 6307 7278 6826 6905 6987 6186 5881 6389 6671 7028 6752 6946 7086 7237 6603 6834 6820 6618 6542 6249 7073 6284 6210 7007 6960
6298 6289 6555 6075 6086 6116 6632 6532 5475 5952 6098 6142 5853 6161 6052 6054 6551 5929 6234 6083 5646 6486 6457 6263 6235 5859 5760 5801 6025 5588 6436 6475 6288 6321 6131 5863 6523 6835 6522 6141 6291 6367 6185 6086 6299 5838 6243 6159 5906 6158 6235 6808 5820 5457 5664 6221 6288 6408 5475 6611 6061 6119 5484 5937 5794 6166 5634 6369 5712 6031 6117 6227 6411 5883 5727 6229 6039 6547 6071 6323 6199 6200 6083 6315 6419 6752 5802 5796 5726 5833 6122 6111 5785 6018 5587 6053 6466 5997 5818 5979 6815 6175 6011 6043 6421 5978 6165 5899 5608 6147 5898 6030 6449 6127 5514 6048 6031 5741 6084 5976 6444 6326 6407 5944 6155 6461 6394 6443 5793 6240 6011 5724 5866 6195 5873 5989 6050 6199 5761 6142 5394 6473 6620 6171 5667 5980 6392 5850 5771 6252 6054 6199 6147 6178 6574 6202 6218 6189 5864 6266 6401 5895 6024 6126 6033 6052 6287 6422 5743 6401 6512 6459 6228 6250 5523 6653 5636 6353 6044 6070 6362 5799 5852 6142 5807 5642 6237 6111 5907 6087 6228 6103 6456 6014 5754 6041 6278 5823 5960 6162 6544 6395 5836 5802 6453 6010 5804 6126 6368 6186 6215 6291 6455 5930 5864 5743 6519 5614 6501 5974 6017 6099 6487 5973 6494 6276 5813 5800 5880 6363 6384 5917 6745 6734 5898 6196 6004 5578 5886 6086 6157 6027 6325 6208 6941 5847 5797 6024 6322 5817 5752 6092 5746 5541 5956 6388
6609 6770 6818 6556 6408 6754 7257 6805 6218 6657 6219 6914 6283 6924 6570 6236 7096 6139 6506 6344 6238 6778 7329 6472 6728 6323 5704 6358 6890 6359 6735 7033 6971 6774 6300 6774 6600 7135 7095 6355 7194 6682 6634 6089 6785 6333 6567 7043 6638 6442 6769 6993 6132 5622 6125 7138 7106 7043 6269 7208 6451 6708 6008 6242 6214 6785 6495 6600 5939 6479 6806 6465 6482 6159 6272 6751 6628 7129 6306 6973 6425 6103 6813 6850 6503 6969 6451 6552 5869 6168 6593 6714 6273 6456 6216 6526 6811 6318 6486 6443 7344 6665 6383 6610 7098 6328 6743 6382 6151 6460 6472 6648 6853 6745 5885 6065 6416 6439 6352 6730 6517 6580 6549 6038 6412 7301 7039 6869 6442 6303 6567 6427 6094 6394 6218 6566 6798 6359 6363 6569 6019 7119 6908 6539 6122 6250 6362 6743 6305 6645 6538 6781 6403 6381 6820 6734 6711 6370 6597 6592 6808 6650 6420 6601 6970 6528 6449 6625 6212 7146 7119 6222 6641 6702 6354 6639 6266 6841 6329 6593 6781 6195 6217 6597 5951 6209 6737 6534 6576 6386 6636 6526 7031 6457 6149 6076 6751 6938 6260 6619 6763 7086 6182 6183 6764 6330 6067 6310 6861 6569 6467 6755 6508 6382 6543 5942 6619 6064 7044 6624 6416 6880 6573 6350 7107 6932 6010 6196 6166 6783 6758 6150 7049 6923 6728 6943 6111 5767 6348 6415 7112 6573 6791 6823 7257 6338 6647 6705 6280 6400 6179 6688 5949 6456 7180 6916
6331 6550 6396 6270 5850 6272 6749 6680 5957 6041 6558 6132 6015 6502 6062 6151 6608 6133 6183 6259 6334 6514 6704 5994 6558 6127 5696 6004 6140 5624 6572 6681 6393 6474 5970 6138 6419 6550 6460 6525 6801 6596 6078 6124 6534 5954 6726 6575 6581 6269 6307 6406 5588 5915 5947 6290 6455 6943 5889 6490 6149 6214 5811 5986 5768 6445 6016 6333 5764 6101 6218 6325 6335 6290 5906 6419 6672 6757 6125 6395 6165 6032 6451 6382 6356 7035 5942 6282 5541 6132 6024 6114 5864 6163 6113 6263 6642 6155 6063 6004 6910 6467 6483 6283 6900 5981 6286 5695 6162 6021 6657 6491 6898 6482 6147 5886 6185 6117 6302 6320 6090 6377 6421 6033 6302 6647 6405 6565 6473 6188 6235 6142 6074 6522 5843 6076 6223 6345 6286 6496 5783 6970 6489 6347 6211 6308 6461 6207 6006 6720 5841 6302 6222 5998 6617 6352 6645 6607 6324 6360 6456 6445 6091 6334 6538 6533 6110 6477 6127 6703 6648 6295 6488 6344 5870 6235 5697 6551 6272 6288 6174 5778 6427 6271 5908 6037 6520 6344 6117 6039 6365 6548 6655 6411 6018 5962 6631 6418 6112 6203 6465 6786 6120 5754 6658 6143 5783 6392 6864 6333 6361 6237 6382 6061 6237 5461 6538 5942 6387 6145 6042 6481 6585 6123 6705 6604 6059 5814 6111 6367 6483 5740 6944 6270 6726 6696 5793 5501 6324 6311 6712 6284 6570 6792 6958 6018 6138 6225 6386 5940 6190 6443 5944 6137 6795 6418
6539 6472 6229 5827 6278 6486 6965 6477 6023 6459 6370 6110 5969 6436 6287 6204 6627 6116 6502 6608 6209 6414 6978 6034 6373 6095 5583 6073 6448 5945 6450 6356 6428 6225 6186 6347 6215 6578 6790 6266 6653 6151 5998 6323 6360 6186 6486 6441 6323 6100 6086 6237 5827 5597 5988 6006 6457 6771 5760 6632 6328 6512 5866 6195 6040 6498 6127 6355 5912 5805 6436 6010 6266 6029 5853 6381 6719 6526 6406 6790 5941 6143 6355 6285 6315 6837 5910 6470 5354 6299 6203 6109 6077 6509 6135 6270 6235 6300 6273 6313 6920 6418 6305 6044 6679 6509 6430 6058 6145 6067 6221 6208 6811 5986 6204 6150 5889 6382 6506 6424 6266 6214 6511 5922 5832 6699 6322 6685 6263 6057 5809 6088 6357 6330 6163 6039 6430 6059 6129 6244 5404 6846 6730 6372 5702 5780 6352 6291 5824 6692 6244 6078 6175 6071 6684 6588 6411 6412 6150 6228 6482 6164 5929 6045 6513 6282 5935 6299 6172 6652 6380 6489 6310 6266 6138 6233 5716 6517 6229 6449 6359 6106 6128 6341 6080 5974 6730 5905 6136 6081 6345 6277 6738 6461 6128 6024 6755 6227 6246 6340 6410 7147 6314 6070 6503 5930 5778 6303 7142 6241 6529 6148 6816 6193 6137 5735 6565 5914 6661 6093 6372 6221 6381 6236 6674 6392 6015 5794 6246 6409 6484 6158 6689 6490 6525 6208 5972 5362 6030 6229 6693 6225 6397 6534 7149 6445 6356 6232 6164 6040 5978 6208 5888 5347 6884 6368
6888 6756 6407 6570 6049 6529 6903 6773 6010 6668 6353 6632 6101 6901 6513 6439 6698 6416 6393 6825 6083 6598 7148 6391 6558 6438 5679 6671 6505 6462 6664 6524 6331 6805 6354 6359 6567 6940 7228 6684 6841 6590 6556 6140 6612 6239 6672 6979 6838 6669 6702 6693 6088 5385 5995 6394 6347 6740 6175 7178 6594 6385 5921 6104 6181 6946 6228 6892 5664 6283 6596 6620 6512 6262 6129 7160 6294 7282 6555 6784 6169 6653 6636 6701 6311 6894 6290 6441 5882 6041 6224 6697 6122 6666 6389 6490 6927 6634 6471 6199 7081 6758 6533 6409 6852 6290 6352 5914 6270 6587 6567 6705 6989 6643 6052 6218 6542 6246 6407 6512 6446 6555 6590 6014 6579 6750 6690 6648 6523 6571 5969 6337 6226 6486 6090 6412 6838 6195 6317 6374 5741 7148 6824 6511 5917 6293 6449 6736 6344 6867 6527 6622 6088 6540 6966 6763 6648 6715 6328 6308 6531 6450 6501 6719 6484 6489 6288 6486 6164 6595 6626 6342 6724 6807 6328 6639 5858 6798 6448 6264 6560 6216 6260 6308 6174 6342 6613 6328 6373 6502 6355 6471 6582 6605 6208 6054 6951 6690 6033 6583 6643 7104 6001 6105 6913 6285 5963 6043 7124 6401 6481 6639 6548 6454 6228 5981 6876 5878 7064 6566 6591 6600 6598 6521 6981 6645 6154 6206 6559 6301 6372 6241 7179 6779 6512 6675 6014 5839 6328 6757 6617 6726 6486 6697 7455 6335 6599 6368 6293 6112 6103 6683 6187 5881 6780 6658
6164 6504 6251 5883 6047 6104 6326 6594 5845 6085 6222 6116 5992 6613 6158 6441 6013 6115 6302 6112 5664 6505 6914 5888 6182 6508 5695 6357 6440 5801 6568 6783 6623 6510 5982 5976 6305 6982 6814 6206 6574 6517 6226 5738 6264 6283 6319 6480 6447 6363 6172 6576 5672 5623 5948 6140 6006 6760 5601 6706 6188 6106 5753 5358 5547 5984 5679 6332 5556 6091 6195 5995 6175 5957 6139 6286 6302 6523 6260 6499 5958 6115 6246 6140 6455 6643 5926 5919 5770 5814 6061 6193 5745 5965 6047 6102 6403 5857 6197 5955 6777 6230 5810 6025 6619 5722 6123 5760 5681 6314 6148 6456 6939 6116 5816 6105 6114 5792 6209 5990 6079 6370 6357 5597 5923 6485 6110 6436 6197 6211 6018 6203 5956 6066 5848 5989 6358 6329 5853 6079 5637 6496 6483 6154 5821 6165 6415 5918 5915 6045 5686 6464 6039 6172 6444 6068 5972 6195 5852 6208 6169 5711 6073 6229 5943 6192 6073 6136 5954 6744 6512 5904 6290 6231 5874 6513 5539 6239 6470 6163 6151 5818 5831 5844 5791 5734 6102 6379 6028 5998 6247 6110 6552 6370 5682 5962 6289 6065 5691 6146 6450 6489 5742 5790 6612 5988 5892 5935 6334 6185 6171 6663 6141 5932 5913 5699 6394 5861 6187 6385 6041 6351 6080 5977 6427 6093 6008 5635 6302 6167 6380 5814 6492 6236 6040 6186 5916 5734 5829 6024 6586 5721 6167 6536 6871 5905 6064 6084 6462 5803 6116 6058 5784 5766 6645 6147
6162 6120 5994 5798 5723 5771 6422 5795 5334 5832 6122 5862 5627 6379 6056 5628 6097 5790 5901 6140 5415 6206 6388 5955 5876 5850 5307 5751 6025 5648 6027 6367 6097 5901 5897 6146 6096 6263 6381 6089 6551 5978 5805 5617 5911 5826 6113 6118 6028 5856 6221 6073 5735 4836 5566 6019 6158 6294 5151 6285 5862 5997 5625 5505 5497 6040 5727 6067 5664 5506 5848 6254 6083 5364 5785 5951 6023 6285 5522 6282 5974 5742 6051 6145 6017 6227 5768 5796 5262 5395 5801 6058 5987 5987 5829 6013 6095 6280 5901 5807 6383 6077 5791 5925 6289 5570 5646 5512 5759 5740 6025 6274 6446 5971 5489 5653 6120 5643 5731 6026 5707 6064 5928 5452 5649 6182 6055 6154 5877 5844 5693 5766 5436 6106 5869 5879 6045 5672 5454 5646 5386 6513 6449 5921 5589 5587 5741 5880 5482 6128 6178 5931 5775 5578 6013 5957 5858 6114 5964 6011 6107 5843 5692 6113 6147 5954 5893 5942 5905 5991 6149 6014 6129 5996 5842 5887 5606 6130 5608 6163 5838 5536 5728 5489 5484 5402 5833 5748 5832 5991 6036 5749 6336 6118 5715 5598 5911 5642 5512 5979 5915 6273 5541 5773 6127 5705 5360 5757 6250 5829 5769 6028 6252 5683 6009 5322 6195 5582 6013 5884 5679 5939 5799 5945 6265 6068 5819 5595 5794 5960 6180 5595 6411 6254 5865 6324 5645 5428 5602 5875 6297 5874 5583 6103 6775 5695 6233 5998 5758 5531 5817 6221 5415 5317 6288 6379
6346 6148 6164 5831 6060 6048 6217 6479 5570 6031 6246 6007 5557 6183 6243 6098 6307 6186 6208 6377 5914 6511 6441 6114 6469 5971 5356 5873 6430 5646 6344 6561 6248 6161 6059 6201 6057 6509 6845 6194 6514 6573 6102 5938 6056 6095 6223 6299 6237 5831 6167 6187 5560 5417 6134 6005 6415 6450 5624 6421 5719 6051 5749 5765 5867 6031 5722 6417 5904 5755 6079 6128 6409 5820 5538 6460 6185 6053 5964 6397 6131 6046 6413 5930 6465 6724 5740 5823 5618 5793 6095 6235 6190 6337 5789 6008 6274 5880 5828 5932 6632 6417 6007 6187 6454 6150 6080 5540 5949 6131 6373 6076 6788 6194 5820 6158 5957 6029 6084 6037 5998 5889 6309 5812 6135 6214 6394 6395 6161 6134 6105 6145 6022 6082 5903 6029 6230 5946 6114 5909 5416 6578 6482 6250 5742 5836 5957 5909 5933 6035 5800 6065 5984 5982 6410 6079 6200 6354 6132 6315 6151 5946 5983 5896 6269 6141 5894 6343 6018 6532 6755 6096 6385 6346 5701 6389 5451 6483 6105 6328 6236 5819 6057 6062 5989 5766 6477 6307 6208 5709 6061 5984 6463 5980 5598 6090 6433 5958 5723 6051 6409 6527 6108 5519 6579 5983 5865 6246 6621 6213 5933 6362 6239 5823 5940 5621 6443 5705 6774 6275 5867 6119 6060 6127 6352 5912 5724 6106 6230 6222 6193 5756 6666 6006 6425 6081 6048 5377 5934 6161 6155 6224 5994 6534 7084 6017 6004 6093 5957 5990 5985 6064 5542 5531 6561 6259
6028 6070 6481 5867 6021 6153 6361 6094 5600 6281 5884 5883 5865 6394 6210 5831 6424 6106 5929 6118 5758 6079 6807 6066 6167 6194 5286 6081 6020 5750 6193 6556 6305 6546 5935 6052 6268 6739 6292 6442 6221 6372 6258 5883 6107 6200 6353 6257 5903 6260 6435 6176 5559 5501 5662 5982 6048 6406 5265 6446 5924 6346 5700 5422 5702 6148 5722 5827 5436 5968 5888 5993 5879 5698 5407 6229 6227 6531 6147 6206 5593 5689 5837 5793 5862 6661 5874 5858 5552 5819 6187 6577 5765 6216 5792 6061 6435 5997 5878 6172 6753 6004 6058 6096 6176 5834 6164 5680 5801 5691 6201 6391 6682 5981 5916 5904 6202 5697 5995 6143 6207 5804 6245 5862 5901 6699 6355 6082 6040 6025 5700 5929 5699 6279 5566 5722 6090 6029 5762 5788 5069 6872 6332 6285 5751 5564 6127 6195 6160 6345 5611 5938 5867 6007 6079 6004 6463 6175 5904 6003 6324 5854 6031 6152 6173 5852 5837 6305 5723 6414 6195 5755 6579 6415 5939 6181 5592 6469 5776 6109 5688 5610 5926 5866 5915 6155 6513 5896 6054 6036 5980 6110 6363 6325 5729 5885 6394 5767 5731 6003 6405 6422 5708 5874 6444 5883 5813 5992 6751 5968 5933 5869 5839 5965 5954 5300 6288 5713 6464 6204 6182 6029 6185 6045 5901 6145 5944 5749 5773 6326 6320 5952 6548 6354 6333 6227 5563 5190 5748 6084 6299 6070 6225 6237 6649 6067 5947 5982 5987 5839 5899 6226 5546 5447 6305 6305
6429 6565 6430 6250 6229 6212 6520 6550 5912 6297 6163 6045 5980 6600 6235 6122 6473 6141 6390 6386 5709 6233 6920 5945 6461 6430 5562 6046 6483 5860 6644 6591 6234 6755 6329 6072 6448 7182 6600 6148 6212 6442 6342 5919 6361 6161 6250 6407 6740 6528 6352 6385 5933 5578 5869 6219 6093 6549 5993 6957 6360 6388 5896 5995 6138 6167 5691 6173 5724 6299 6352 6378 6255 5979 6009 6461 6474 6436 6546 6869 6147 6220 6328 6455 6609 6447 6242 5810 5828 5980 6105 6485 6121 6469 6109 6148 6530 6024 6194 6027 6665 6420 6637 6602 6434 5834 6425 5831 6375 6227 6475 6207 6721 6422 5855 6128 6102 6126 6318 6214 6118 6271 6214 5988 5841 6613 6344 6317 6117 6168 6050 6317 6228 6073 6191 6313 6608 5874 6156 6196 5699 6677 6604 6441 5981 6133 6207 6197 5718 6631 6280 6258 6110 6323 6573 6451 6334 6401 5968 6463 6385 6211 6269 6541 6183 6051 6407 6121 6121 6588 6832 6500 6422 6328 5769 6552 5827 6494 6355 6294 6115 5678 5873 5993 5849 6063 6498 6176 6156 6117 6372 6046 6355 6369 5732 6235 6550 6685 6028 5826 6345 6706 6079 5977 6511 5799 5815 6268 6243 6281 5931 6526 6567 5972 6255 5823 6402 5916 6741 6334 6137 6287 6092 6265 6285 6377 6016 5965 6337 6351 6532 5933 6593 6414 6248 6165 6154 5753 6067 6274 6405 6275 6328 6450 6842 5707 6484 6363 6433 6113 6008 6470 6279 5977 6486 6490
6799 7077 6940 6809 6631 6903 7307 7040 6190 6850 6654 6973 6483 7161 6807 6973 7024 6919 6877 6857 6377 7209 7420 6921 7365 6671 6240 6686 6984 6730 6778 7051 6968 6878 6687 6681 7351 7361 6989 6822 7057 6948 6792 6734 7086 6473 6993 7071 7131 6755 6807 6983 6368 6022 6343 6713 6785 7113 6280 7511 6842 6907 6229 6569 6287 6683 6604 6917 6148 6511 6769 7203 6606 6702 6296 7034 7380 7117 6962 7048 6649 6477 6825 6720 6796 7203 6577 6754 6220 6310 6567 6967 6661 6610 6492 6723 7109 6843 6539 6577 7329 6871 6795 6779 7309 6294 6395 6503 6475 6926 6846 7092 7384 7046 6414 6551 7126 6373 6603 6646 7030 6455 6926 6312 6846 7208 7125 6930 6574 6715 7011 6654 6756 6896 6210 6498 6769 6533 6404 7083 6136 7455 7232 6976 6449 6245 6514 6946 6419 6778 6792 6877 6210 6521 7022 6723 6890 7100 6538 6777 7319 6461 6549 7105 6783 6188 6431 6832 6329 6813 7128 6683 7314 7006 6318 6833 6173 7109 6618 6967 6899 6571 6620 6276 6391 6272 7019 6544 6490 6825 6830 6596 7268 7024 6619 6596 6967 6917 6456 6816 7213 7106 6266 6702 6921 6115 6612 6711 7346 6677 6718 6827 6950 6463 6672 6197 7244 6392 7047 6674 6676 6892 6900 6682 7210 6872 6506 6450 6630 6851 7133 6589 7337 7509 6692 7333 6655 5984 6417 6987 6939 6824 6956 7121 7570 6612 6910 6544 6930 6593 6809 7033 6343 6327 6845 6862
6587 6542 6671 6375 6348 6420 6812 6457 6087 6318 6189 6532 5946 6605 6160 6297 6506 6421 6425 6618 5905 6639 6890 5988 6386 6237 5532 6016 6463 6165 6253 6432 6393 6664 5998 6265 6452 6962 6951 6215 6616 6490 6252 6012 6662 6158 6373 6855 6263 6318 6450 6409 5771 5510 5975 6297 6651 6914 5834 6706 5958 6507 6059 5818 5883 6154 5824 6330 5568 6256 6316 6482 6236 5858 5925 6374 6397 6838 6086 6600 6139 6169 6248 6525 6264 6869 6181 6413 5566 5869 6332 6534 5761 6339 6297 6335 6893 5969 6119 6087 6686 6263 6642 6311 6653 6072 6380 5803 6030 6135 6394 6453 6864 6290 5696 6097 6031 6032 6501 6501 6269 6543 6561 6051 6254 6946 6685 6339 6222 6341 6168 6368 6110 6306 6090 6079 6469 6152 6253 5928 5504 6804 6556 6131 5945 5905 6179 6283 6058 6507 6221 6382 6218 6245 6441 6289 6155 6429 6053 6308 6637 6210 6079 6281 6470 6218 6014 6457 6199 6559 6645 6092 6394 6596 6036 6303 5750 6847 6171 6435 6443 5927 6271 5964 5752 5909 6659 6216 5901 6480 6354 6056 6338 6274 6026 5977 6519 6375 6027 6621 6753 6685 5971 5941 6647 6053 6110 6374 6778 6422 6269 6697 6234 6247 6199 5665 6648 5899 6744 6375 6174 6641 6409 6177 6599 6470 5978 6030 6333 6128 6630 6006 6677 6899 6531 6537 6171 5921 6009 6153 6559 6601 6440 6975 7088 6290 6163 6225 6225 5907 5904 6295 5849 5629 6789 6272
6989 6739 6846 6703 6812 6688 7420 7117 6292 6780 6773 6633 6364 7375 6880 6654 6873 6670 6898 7244 6255 6824 7107 6816 6982 6789 6130 6497 6870 6627 6751 7170 6976 7034 6603 7109 6997 7252 7020 6609 7331 7066 6807 6535 6801 6264 6774 6762 6973 6894 6878 6616 6234 6311 6485 6928 6983 6980 6161 7115 6483 7099 6164 6533 6456 6728 6343 7042 5850 6434 6682 6844 6585 6399 6260 7019 7054 7238 6632 6724 6578 6571 6817 6797 6706 7107 6498 6352 6095 6319 6738 6647 6657 6908 6517 6910 7014 6566 6630 6607 7164 6868 6743 7085 7505 6289 6720 6007 6595 6712 6719 6779 7185 6966 5847 6625 6489 6624 6931 6378 6743 6428 6967 6293 6608 7469 6663 7116 6587 6410 6651 6640 6617 6912 6481 6619 6742 6472 6763 6405 5685 7020 7211 6945 6094 6424 6668 6410 6174 6970 6483 6835 6747 6690 6625 6893 6971 6740 6523 6609 6850 6670 6747 6713 7049 6723 6519 6733 6598 7133 6944 6926 6809 6846 6384 7154 6276 7180 6480 6782 6800 6375 6614 6600 6623 6313 7044 6782 6902 6644 6637 6689 7456 6809 6601 6452 6864 6711 6380 6981 6945 6846 6524 6316 7254 6349 6148 6664 7093 6919 6604 6555 6945 6562 6323 6122 6918 6411 6932 6717 6461 6703 6638 6863 7314 6782 6610 6038 6524 6969 6819 6405 7468 7004 7101 7429 6537 6101 6645 6222 6862 6910 6825 7173 7670 6400 6849 6434 6742 6613 6399 6965 6557 6078 6994 6839
6262 6570 6680 6122 6202 6583 6450 6511 6031 6531 6289 6429 6236 6670 6499 6250 6359 6288 6511 6563 5960 6766 7210 5970 6551 6438 5434 6357 6581 6212 6492 6954 6668 6516 6309 6501 6506 7089 6662 6423 6693 6586 6324 6152 6376 6056 6679 6762 6649 6551 6546 6291 6139 5666 5862 6307 6554 6744 5933 7005 6322 6374 6088 6048 6105 6440 6212 6614 6003 6177 6470 6407 6290 5876 5942 6567 6643 6699 6261 6758 6144 6225 6520 6624 6375 7113 6341 6115 5924 6276 5989 6217 6320 6326 6145 6335 6763 6492 6158 6306 6959 6534 6320 6247 7234 6027 6587 5905 6238 6258 6585 6407 6859 6679 6058 6349 6425 6147 6374 6516 6247 6642 6540 5889 6003 6623 6439 6677 6313 6411 6269 6461 5924 6260 6483 6468 6884 6192 6224 6601 5809 6936 6916 6617 6332 6319 6292 6348 5989 6419 6347 6846 6001 6385 6365 6151 6309 6570 6279 6548 6624 6104 6023 6508 6690 6187 6204 6481 6455 6795 6674 6173 6515 6372 6029 6482 5914 6548 6455 6404 6399 5810 6352 6293 5676 6114 6346 6283 6339 5964 6212 6425 6645 6148 6004 6074 6382 6212 6155 6670 6733 6972 6254 6111 6629 5991 6001 6349 7088 6351 6355 6594 6626 6058 6292 6136 6758 6263 6337 6361 6409 6530 6536 6358 6642 6593 6217 6178 6298 6085 6628 6303 6780 6808 6620 6305 6063 5970 6022 6130 6634 6722 6435 6594 6993 6042 6467 6283 6258 6257 6084 6271 6251 5629 6973 6569
6369 6702 6665 6537 6503 6767 7115 6796 6066 6827 6656 6806 6334 6979 6649 6575 6605 6034 6604 6945 6246 6753 7274 6308 7080 6761 5835 6511 6870 6404 6728 6754 6897 7132 6559 6377 6657 7329 6852 6855 6866 6907 6728 6255 6618 6322 6765 6985 6738 6727 6843 6722 6333 6039 6565 7024 6600 7195 6270 7080 6534 6627 6112 6191 6402 6623 6199 6892 5926 6514 6862 6372 6911 6138 6193 6662 6866 6946 6483 6524 6332 6374 6677 7020 6819 7117 6495 6493 5986 6502 6175 6691 6263 6604 6525 6712 6926 6419 6682 6266 7250 6734 6777 6690 7103 6383 6656 6269 6487 6608 6782 6720 7221 6927 6229 6661 6464 6640 6406 6301 6503 6837 6722 6232 6374 7445 6871 6885 6414 6430 6419 6372 6719 7034 6353 6482 7014 6684 6181 6592 5946 7170 7331 6486 6299 6587 6348 6390 6205 6695 6398 6661 6561 6453 6651 6670 6621 6927 6503 6713 6930 6598 6724 6590 6531 6607 6555 6923 6211 6727 6825 6468 6850 6687 6170 6772 6267 7017 6759 6366 6450 6299 6239 6664 6306 6378 6409 6485 6565 6313 6510 6555 7207 6626 6329 6423 6596 6804 6532 6714 6773 7204 6507 6427 6735 6111 5969 6516 6984 6497 6314 6777 6548 6405 6318 6253 7115 6170 6858 6636 6432 6653 6500 6482 6890 6720 6279 6261 6276 6428 6542 6264 7320 6917 6981 6761 6329 5835 6422 6692 6614 6616 6403 6819 7245 6248 6692 6690 6473 6189 6427 6578 6304 6052 6707 6868
6665 6381 6520 6136 6304 6466 6490 6520 5789 6460 6067 6514 5973 6374 6332 6269 6544 6138 6616 6617 5978 6568 6897 6168 6505 6275 5581 6214 6363 6337 6832 7019 6342 6426 6312 6180 6544 7032 6981 6346 6817 6966 6329 5946 6405 6178 6743 6652 6398 6362 6090 6534 5869 5783 6135 6237 6548 6655 5988 6681 6039 6783 5874 5727 5978 6365 5920 6604 5853 5914 6338 6267 6146 6145 5897 6534 6386 6348 6304 6679 5887 6406 6489 6266 6453 6808 6284 6206 5957 6397 6127 6564 6277 6417 6130 6469 6604 6141 6368 6027 6610 6510 6778 6411 6899 6041 6259 5805 6001 6440 6193 6110 6817 6521 6255 6102 6114 6426 6386 6472 6547 6223 6758 5920 6412 6601 6355 6437 6224 6181 6049 6473 6104 6418 5825 6364 6517 6118 6178 6216 5446 6800 6722 6448 5913 6119 6308 6249 6004 6499 6413 6372 6352 6436 6512 6490 6700 6623 6221 6326 6609 6055 6175 6223 6399 6179 6281 6665 6027 6805 6854 6667 6610 6696 6078 6595 5907 6405 6189 6517 6211 6253 6316 6363 6151 6238 6444 6482 6144 6033 6570 6291 7024 6497 6164 6205 6382 6548 6528 6570 6527 6895 6178 6253 6478 6011 5627 6341 6841 6365 6251 6486 6713 6369 6235 5982 6425 6026 6606 6232 6150 6503 6564 6217 6645 6217 6147 6211 6248 6582 6606 5979 6650 6501 6625 6454 6129 5877 6165 5883 6664 6366 6466 6552 7381 6247 5927 6527 6252 6031 6365 6693 5970 5734 6853 6504
6719 6669 6992 6492 6633 7044 7146 7033 6014 6615 6636 6956 6477 6905 6853 6685 6681 6605 6979 6795 6245 6846 6908 6187 6578 6826 5779 6754 6850 6569 6795 6801 6846 6820 6490 6702 6704 7207 7160 6548 6739 6692 6225 6129 6758 6430 6666 6829 6740 6638 6687 6723 6074 6205 6310 6416 6741 7188 6150 6883 6550 7074 6153 6222 6101 6548 6121 6737 6053 6263 6640 6524 6866 6455 6418 6980 6725 7195 6541 6723 6139 6424 6701 6634 6317 7003 6063 6753 5981 6119 6514 6605 6556 6399 6351 6611 7029 6576 6254 6339 7258 6184 6503 6615 6942 6112 6488 6036 6397 6227 6373 6573 7075 6769 6145 6169 6423 6582 6845 6340 6819 6623 6499 6267 6325 7163 6799 6729 6532 6535 6399 6435 6183 6902 6200 6502 6745 6353 6301 6539 6007 7112 7008 6763 6265 6462 6627 6781 6221 7054 6338 6617 6374 6696 6681 6745 6706 6420 6328 6540 6714 6848 6223 6452 6559 6708 6348 6453 6259 7100 6759 6541 6989 6926 6507 6784 6165 7096 6570 6670 6906 6378 6451 6335 6096 6226 6857 6525 6742 6482 6760 6668 7167 6586 6284 6423 6661 6778 6375 6594 6833 6868 6208 6122 6794 6267 6101 6707 7046 6796 6303 6990 6802 6498 6172 6189 6904 6288 6657 6566 6749 6464 6643 6632 6717 6600 6199 5997 6477 6687 6860 6335 7401 6993 6694 6636 6322 6036 6499 6286 6939 6643 6656 6843 7362 6501 6514 6389 6770 6405 6025 6954 6276 5999 6780 6812
6974 6975 6851 6626 6630 6879 6742 6737 5963 6752 6707 6676 6286 6673 6750 6765 6561 6646 6359 6796 6185 6939 7197 6542 6965 6744 5915 6484 6781 6729 6917 6995 6604 6820 6872 6381 7117 6932 7382 6887 6974 6904 6801 6464 6369 6352 6594 7028 6343 6985 6706 6603 6084 5656 6543 6334 6637 6850 6163 7295 6329 6568 5983 6368 6435 6817 6408 6657 6031 6499 6972 6564 6987 6243 6553 6686 6813 6760 6485 6986 6389 6602 6553 6645 6856 7238 6443 6292 5881 6503 6426 6594 6182 6756 6495 6756 6942 6582 6735 6270 7367 6616 6631 6864 7401 6365 6333 6150 6735 6516 6661 6421 6958 6573 6361 6398 6923 6218 6753 6309 6735 6260 6969 6493 6600 6896 6509 6723 6439 6637 6408 6068 6438 6838 6324 6525 6811 6521 6317 6765 5723 7209 6929 6850 6097 6205 6867 6358 6472 6748 6165 6561 6428 6375 6912 6531 6934 7055 6117 6567 6833 6829 6386 6157 6537 6522 6475 6529 6242 6792 6904 6417 6748 7076 6073 6932 6025 6763 6661 6703 6630 6280 6553 6292 6328 6318 7051 6862 6662 6226 6791 6405 6833 6857 6304 6273 6808 6434 6482 6687 6840 7084 6475 6535 6584 6347 6100 6601 6650 6617 6813 6268 6663 6069 6455 6249 6850 6257 6763 6597 6763 6819 6665 6609 6808 6561 6445 6195 6575 6658 6846 6412 7071 6759 6889 6545 6394 6088 6276 6227 6880 6585 6866 6827 7619 6378 6449 6480 6498 6221 6378 6841 6278 6289 7153 7043
6068 6150 6081 5508 5897 5831 6097 6044 5586 5890 5658 5892 5363 6070 5784 5714 5909 6033 6058 5895 5214 6023 6449 5505 6171 5533 5073 6030 6058 5537 5815 6030 6114 6078 5592 5765 6183 6234 6382 5813 5970 5932 5850 5691 5932 5672 6273 6122 6134 5938 6052 6128 5605 5333 5764 6045 6142 6168 5309 5994 5719 6006 5475 5505 5584 5838 5508 5980 5618 5815 5782 5952 5765 5868 5461 6041 5869 6120 5632 6302 5616 5806 6096 5935 6023 6250 5796 5646 5536 5303 5598 6094 5708 5849 5803 5859 6146 5945 5557 5743 6138 5939 5892 6086 6242 5656 5425 5314 5721 5783 6198 6109 6253 6011 5617 5655 5989 5669 5948 5797 5698 5809 6033 5719 5754 6067 6306 5918 5994 5998 5878 6145 5553 6014 5760 5660 6390 5548 5778 5821 5313 6473 6414 5800 5482 5627 5653 5673 5683 6211 5776 6363 5621 5863 6047 6009 6185 6002 5554 6282 6273 5635 5841 6117 5996 5892 5658 6028 5810 6013 6192 6144 5956 6056 5548 5951 5406 6021 5886 6033 5708 5681 5687 5531 5580 5879 5932 5658 5889 5459 5827 6087 6043 6026 5682 5841 6013 5450 5714 5730 6254 6324 5575 5456 6093 5373 5445 5868 6250 5945 5895 6095 6187 5580 5705 5511 5974 5615 6232 5922 6233 6040 6078 6022 5774 6063 5725 5900 5789 6038 6091 5571 6645 6248 6099 5935 5717 5110 5749 5978 6072 5994 5855 6330 6814 5531 5717 5881 5861 5642 5726 5953 5327 5393 6181 5689
6627 6523 6530 6512 6460 6344 6738 6787 5688 6414 6366 6442 6251 6797 6363 6384 6680 6473 6388 6451 6059 6416 6847 6045 6715 6393 5728 6370 6377 6379 6716 6573 6710 6994 6222 6458 6692 6958 7090 6825 6779 6778 6108 6183 6695 6159 6755 6611 6774 6562 6482 6834 6187 5842 5896 6294 6736 6846 5985 6807 6375 6709 5941 5917 6053 6421 6058 6606 5818 6066 6726 6544 6549 6172 6206 6465 6726 6667 6360 6320 6341 6222 6458 6602 6632 6936 6254 6389 5922 6289 6278 6563 6174 6428 6212 6538 6422 6228 6121 6281 7144 6389 6385 6707 6911 6150 6505 5699 6318 6139 6581 6721 7035 6565 6058 6005 6261 6498 6538 6435 6508 6460 6794 6419 6089 6610 6545 6377 6412 6380 6268 6001 6266 6392 6183 6347 6576 6504 6176 6420 5859 6965 6750 6335 6224 6282 6415 6587 5898 6550 6318 6485 5955 6355 6897 6525 6603 6784 6466 6418 6661 6314 6667 6376 6717 6473 6195 6549 6251 6732 6816 6467 6482 6333 5877 6581 6130 6642 6394 6593 6562 6166 6103 6126 6123 5635 6744 6306 6437 6147 6548 6313 6869 6379 6034 6301 6691 6385 5930 6443 6589 6868 6089 6085 6842 6281 6134 6343 6725 6214 6704 6769 6533 5891 6476 5957 6686 5768 6588 6475 6469 6300 6514 6215 6795 6476 6028 5922 6441 6670 6718 6264 6819 7049 6457 7101 5955 5928 6617 6339 6610 6464 6464 6854 7096 6018 6546 6697 6560 6077 5974 6480 5649 6159 6553 6586
6157 6140 6148 5871 5652 6164 6714 6042 6080 6296 6330 5870 5656 6268 6382 5906 6123 6005 6090 6223 5943 6173 6695 5879 6484 6063 5563 5765 6232 5627 6528 6435 5918 6026 5803 5989 5998 6601 6503 6319 6270 6196 6160 5922 5995 5767 6175 6172 6056 5993 5832 6008 5675 5303 5514 5998 5995 6451 5848 6596 6224 6216 5661 5683 5893 6055 5794 6082 5618 5894 6063 6058 5825 5605 5396 6208 6377 6659 6120 6506 5481 5869 5890 5824 6116 6298 6053 6101 5449 5512 6018 6206 5907 6240 5954 6119 6209 5723 5764 5746 6728 6098 6096 6090 6560 5990 6016 5731 5792 6105 6249 6326 6062 5913 5933 5931 6147 5863 6084 5927 5929 5909 6041 5851 5818 6255 6370 6545 5795 5838 5655 5782 5794 6393 5500 6216 6048 5929 5549 6013 5545 6526 6567 6245 5580 5820 6053 6052 5638 6086 5927 5892 5818 6298 6269 5941 6018 6137 5876 5585 6103 5871 5805 5651 6222 5904 5791 6049 6041 6253 6247 5970 6316 6365 5689 5920 5576 6630 6084 5941 5977 5763 6008 6102 5589 5950 5874 6032 5966 6109 5915 5933 6205 6154 5713 6228 6294 5930 5751 5807 6314 6604 5960 5636 6353 5704 5639 5961 6536 6126 6050 5880 6387 5975 5882 5836 6632 5641 6050 6022 6199 6210 6233 6231 6324 6300 5978 5515 5805 6053 6429 6049 6434 6356 6024 5786 5482 5348 5963 5922 6254 6024 5778 6471 6538 5951 5946 6176 5961 5917 5454 6133 5459 5406 6352 6133
6467 6459 6593 6291 6310 6431 6603 6757 5836 6291 6210 6270 5993 6450 6238 6364 6489 6246 6433 6455 5897 6168 6626 6114 6383 6621 5670 6319 6726 6248 6644 6591 6352 6444 6039 6144 6006 6714 6737 6238 6386 6612 6320 6043 6476 6201 6544 6440 6432 6700 6324 6138 5801 5788 6124 5947 6227 6485 5960 6786 6162 6489 5895 5833 6182 6403 5780 6388 5758 6025 6306 6261 6335 5804 5905 6771 6299 6612 6202 6694 5753 6119 6522 6124 6312 6550 6159 6017 5791 6150 6226 6141 6131 6272 6432 6171 6803 6294 5932 6365 6902 6395 6409 6474 6982 6100 6309 5622 6129 6075 6609 6115 6778 6263 5987 5973 6183 6170 6528 5992 5945 6341 6061 5942 6223 6766 6528 6473 6163 6261 5951 5942 5733 6633 5897 6241 6628 6502 5953 6046 5449 6778 6668 6475 5622 6100 6618 6331 5784 6593 5923 6547 6034 6135 6184 6520 6457 6438 6116 6226 6673 6039 6151 6213 6451 6253 5893 6456 5905 6581 6203 6449 6565 6559 6259 6545 5982 6663 6353 6396 6652 6045 6305 6060 6000 6154 6672 6335 5907 6406 6314 6506 6670 6524 6198 6203 6320 6501 6111 6260 6679 6409 5848 6026 6445 6174 5646 5898 6481 6504 6436 6400 6217 6211 6147 5733 6606 5790 6862 6375 6219 6308 6424 6109 6591 6463 5996 5962 6104 6418 6415 6276 6872 6492 6323 6488 5932 5755 5879 6255 6416 6230 6699 6553 6958 6008 6089 5923 6365 6190 6139 6586 6090 5492 6475 6524
6541 6703 6511 6209 5925 6419 6493 6665 5997 6591 6367 6165 6048 6732 6254 6292 6354 6261 6501 6581 6122 6447 7031 6084 6785 6495 5431 6084 6527 6131 6688 6742 6630 6420 6055 6400 6445 6712 6851 6523 6686 6371 6203 6058 6079 6148 6588 6863 6529 6351 6537 6304 6060 5612 6207 6402 6292 6726 5466 6590 6173 6228 5930 5903 6089 6128 5985 6855 5724 6148 6291 6279 6710 5741 5892 6628 6666 6562 6340 6569 6240 6331 6030 6529 6638 7069 6255 6560 5728 6079 5969 6526 5683 6469 6113 6382 6567 5954 6538 6063 6880 6240 6488 5968 6856 5884 6224 5903 6234 6201 6479 6357 6750 6559 6031 6135 6621 6354 6542 6144 6465 6645 6420 6074 6194 6578 6300 6748 6039 6275 5883 5888 5851 6507 6004 6177 6493 6614 6118 6256 5488 6865 6716 6316 5987 6343 6353 6071 6113 6332 5993 6176 6035 6139 6692 6241 6590 6600 6398 6431 6689 6519 6202 6068 6204 6428 6218 6748 5922 6772 6551 6449 6683 6595 5625 6458 5837 6494 6313 6297 6154 5797 6136 6216 5929 6280 6268 6173 6200 6230 6335 6363 6755 6799 6181 6382 6608 6283 6148 6445 6692 7107 5728 6061 6440 5949 6161 6327 6575 6174 6422 6529 6395 6364 6291 6015 6906 5705 6553 6178 6241 6428 6075 6369 6696 6390 5892 6087 6049 6518 6743 6004 6913 6510 6438 6083 6162 5907 5964 6494 6586 6186 6541 6446 7263 5971 6198 6281 6099 5800 6291 6397 5853 5926 6729 6765
6621 6658 6748 6306 6562 6800 6708 6539 5995 6697 6390 6308 5935 6917 6578 6283 6427 6147 6655 6633 5842 6784 6874 6413 6823 6375 5955 6491 6849 6356 6454 6800 6789 6345 6142 6456 6566 6885 7219 6353 6729 6428 6369 6059 6258 6119 6482 6840 6555 6559 6666 6635 5878 5871 6131 6198 6634 6905 5803 6600 6321 6580 5978 6189 6109 6682 5981 6660 6032 6309 6747 6229 6390 6106 6184 6717 6693 6613 6231 6614 6331 6363 6732 6576 6493 6920 6167 6069 5985 5975 6649 6513 6381 6413 6288 6183 6992 6225 6023 6196 6992 6563 6453 6534 6762 5926 6229 6043 6274 6217 6568 6728 6994 6724 5950 6416 6497 6407 6043 6212 6232 6614 6348 6155 6069 7027 6643 6759 6589 6618 6144 6156 5950 6438 6207 6424 6579 6170 6389 6697 5701 7127 6863 6868 5844 6443 6021 6263 6145 6850 6306 6683 5926 6308 6468 6764 6635 6576 6119 6346 6792 6035 6384 6576 6623 6413 6400 6733 6381 6742 6523 6342 6427 6825 6103 6604 6049 6901 6483 6750 6529 6256 6169 6279 6351 6026 6642 6300 6550 6295 6381 6719 6588 6468 6173 6289 6498 6172 6400 6578 6453 6690 6015 6334 6776 6076 5942 6082 6852 6362 6417 6604 6345 6053 5924 6168 6987 6474 6704 6255 6144 6277 6566 6537 6558 6780 6428 6058 6145 6635 6535 6086 7019 6502 6765 6747 6353 5872 6278 6277 6753 6293 6451 6487 7222 6206 6575 6426 6537 5995 6003 6453 5952 6203 6651 6627
6530 6386 6446 6101 6309 6384 6744 6828 6134 6644 6306 6694 5932 6630 6507 6422 6487 6047 6483 6407 5822 6629 6655 6245 6696 6080 5721 6172 6373 6230 6701 6681 6735 6437 6209 6497 6457 6984 6783 6204 6634 6530 6259 6243 6285 6301 6738 6559 6545 6464 6406 6658 6047 5814 6249 6332 6651 6846 5815 6923 6240 6529 5956 5920 5800 6308 6221 6639 5639 6189 6267 6635 6543 5817 5920 6809 6678 6340 6260 6536 5994 6483 6316 6008 6887 7046 6296 6168 5837 5978 6183 6523 6197 6321 6168 6198 6243 6254 6166 6310 6831 6556 6018 6216 6734 6127 6294 6174 6075 6399 6076 6682 6855 6591 6032 6317 6587 5970 6460 6194 6580 6269 6580 5966 6065 6722 6626 6755 6320 6088 6387 6130 6056 6354 6153 6203 6531 6333 6032 6219 5601 6691 6858 6668 6149 6256 6176 6246 6019 6355 6146 6661 5631 6346 6630 6216 6589 6737 6267 6348 6628 5991 6112 6271 6568 6389 5997 6774 6178 6698 6416 6392 6463 6325 6061 6581 6050 6486 6244 6609 6339 6283 6106 6309 6090 6163 6623 6628 6351 6448 6102 6137 6511 6175 5785 6180 6273 6115 5845 6011 6568 6712 5665 6397 6789 6139 5876 6473 6823 6191 6603 6620 6367 6305 6057 5828 6725 5776 6442 5886 6349 6181 6312 6349 6539 6668 6336 6020 5992 6344 6742 6250 6861 6803 6353 6514 6024 5798 6246 6483 6372 6072 6390 6484 7154 6507 6229 6313 6096 6135 6298 6310 6020 5753 6828 6609
6577 6726 6380 6035 6359 6596 7085 6610 6245 6437 6232 6482 6206 6427 6733 6516 6360 6115 6549 6744 6184 6793 6931 6241 6852 6269 5625 6459 6615 6302 6878 6911 6305 6650 6348 6376 6565 6718 6900 6692 7192 6514 6506 6350 6582 6196 6483 6578 6687 6551 6467 6189 5804 5819 5834 6202 6785 6828 5939 6643 6133 6344 6022 6119 6034 6268 6197 6473 5960 6089 6535 6438 6600 6325 5810 6683 6897 6632 6211 6591 5985 6195 6431 6322 6825 6930 5994 6319 5612 6013 6188 6257 5904 6574 6072 6401 6792 6296 6233 6280 6942 6618 6625 6525 6754 6115 6317 6140 6360 6401 6452 6746 6771 6389 6017 6358 6339 6123 6437 6391 6630 6278 6352 6019 6212 6860 6407 6680 6509 6271 6274 6433 6174 6502 6290 6502 6474 6467 6731 6480 5589 7065 6647 6668 5977 6506 6467 6287 6284 6706 5883 6371 5915 6043 6476 6561 6403 6639 6456 6617 6679 6108 6091 6390 6627 6407 6343 6582 6243 6820 6678 6123 6874 6644 5949 6732 6057 6675 6414 6676 6407 5977 6132 6259 6129 6121 6811 6461 6446 6110 6453 6466 6966 6560 6172 6149 6697 6522 5956 6512 6638 6968 6035 6179 6609 6197 6197 6519 6995 6278 6625 6606 6476 6395 6153 5870 6818 6188 6851 6165 6594 6603 6404 6237 6721 6427 6043 6090 6264 6401 6803 6202 7095 6596 6644 6763 6033 6007 6392 6316 6629 6481 6486 6743 7265 6242 6029 6399 6443 6118 6172 6315 5889 5616 6786 7029
7048 6670 7079 6685 6556 6908 7234 7031 6097 6837 6708 6720 6582 6793 6770 6967 6561 6560 6998 6613 6281 6756 7041 6445 6546 6752 6117 6299 7146 6312 6938 7026 7127 6903 6622 6895 6747 7150 6938 6807 7041 6924 6382 6507 6584 6373 6980 6771 7198 6828 6888 6925 6237 6024 6033 6670 6805 7180 5996 7033 6389 6884 6524 6488 6283 6631 5970 6716 6491 6182 6895 6782 6751 6134 6147 7021 6667 6943 6622 7109 6526 6394 6709 6900 6620 7296 6536 6647 6111 6412 6559 6480 6475 6839 6454 6646 6940 6676 6247 6291 7113 6521 6562 6937 7305 6584 6743 6095 6607 6501 6750 6531 7138 7047 6578 6449 6393 6758 6805 6300 6647 6912 6844 6259 6115 6997 6866 7234 6838 6879 6654 6804 6306 6776 6404 6561 6932 6610 6290 6571 6210 7183 7557 6704 5916 6641 6832 6652 6257 6743 6704 6735 6561 6816 7014 6909 7011 6934 6658 6652 6928 6494 6521 6870 6963 6516 6564 7097 6597 7140 7208 6917 6758 6912 6428 6848 6278 6840 6867 6629 6651 6325 6534 6834 6406 6513 7008 6451 6583 6978 6859 6813 7515 6897 6390 6657 6739 6709 6529 6929 6806 7164 6291 6386 6976 6351 6169 6557 7099 6716 6625 6666 7103 6770 6486 6273 7320 6098 6769 6707 6378 6769 6874 6877 7221 6601 6235 6129 6789 6508 7138 6415 7317 6868 6816 6736 6380 6096 6526 6634 6785 6858 6847 7067 7505 6305 6701 6657 6840 6308 6507 7007 6310 6251 6874 6879
6592 6642 6628 6262 6611 6945 7011 6693 6044 6479 6607 6517 6193 6651 6447 6656 6721 6609 6729 6637 6169 6738 6950 6258 6624 6468 6106 6437 6595 6336 6809 6803 6543 6866 6770 6696 6770 7016 7033 6832 6805 6748 6670 6306 6424 6463 6694 6924 6690 6772 6765 6683 6033 5831 6056 6710 6899 6908 6130 6733 6252 6684 6110 5825 6231 6368 6197 6547 6139 6312 6753 6392 6866 6209 6133 6872 6701 6937 6395 6929 6345 6570 6460 6663 6839 7174 6132 6505 6048 6398 6527 6214 6304 6747 6332 6496 6605 6608 6117 6439 7071 6653 6679 6634 6676 6502 6650 5940 6189 6366 6509 6431 7001 6429 6178 6200 6423 6483 6766 6188 6709 6586 6654 6232 6399 7128 6622 6699 6867 6561 6339 6148 6148 6284 6034 6392 6667 6482 6393 6276 5792 6902 7067 6734 6092 6369 6548 6658 6157 6611 6323 6626 6124 6273 6862 6403 6700 6738 6086 6357 6685 6419 5981 6545 6559 6842 6380 6745 6364 7059 7033 6582 6954 6815 6256 6592 6049 6955 6583 6474 6709 6065 6469 6778 5963 6211 7121 6626 6365 6485 6389 6035 6900 6407 6273 6390 6984 6609 6497 6428 7036 7001 6297 6456 6834 6345 6016 6513 6893 6753 6605 6831 6820 6611 6090 5972 6719 5944 6693 6454 6288 6531 6557 6284 6787 6676 6383 5815 6332 6910 6888 6398 6876 6978 6723 6829 6420 5710 6490 6145 6531 6665 6500 6883 7580 6739 6338 6558 6361 6161 6141 6853 5883 5756 7216 6846
6342 6525 6365 6437 6234 6416 6681 6648 5549 6295 6368 6025 5856 6586 6595 6328 6503 6120 6761 6781 6015 6448 6738 6179 6553 6389 5472 6233 6485 6143 6780 6582 6659 6427 6137 6655 6311 6818 7047 6383 6613 6425 6068 6115 6606 6390 6648 6545 6576 6383 6486 6623 5915 5664 5952 6194 6613 6872 5867 6724 6247 6527 6050 6057 6027 6611 5769 6337 5840 5918 6567 6335 6693 5971 5914 6788 6476 6517 6182 6503 6215 6182 6403 6398 6491 6959 5893 5912 5721 5990 6264 6099 6350 6488 5846 6314 7020 6426 5869 6280 6716 6302 6426 6361 6871 5937 6604 5720 5994 6118 6371 6191 6757 6606 5834 6122 5939 6181 6358 6204 6179 6333 6533 5960 6320 6792 6335 6647 5985 6056 6220 6182 5844 6508 6053 6277 6598 6217 6075 6292 5327 6560 6668 6426 5559 6107 6470 6295 5985 6343 6281 6568 6291 6224 6434 6517 6802 6429 6293 6379 6687 6149 6198 6289 6536 6055 6463 6776 6303 7106 6596 6089 6892 6490 5940 6686 6022 6670 6314 6746 6606 5888 6202 6302 5936 6015 6655 6347 6334 6227 6144 6762 6750 6247 5755 6239 6119 6320 5967 6351 6449 6458 5815 6068 6448 6051 5926 6227 6661 6198 6249 6643 6616 6243 6372 5969 6657 6145 6808 6257 6285 6370 6346 6285 6560 6466 5933 5999 6417 6399 6380 6104 6985 6777 6285 6298 6190 5565 6285 6377 6615 6364 6493 6604 7168 6004 6030 6227 6670 6242 6085 6376 5976 5615 6249 6437
6759 6595 6546 5879 6329 6626 6586 6839 5890 6425 6465 6704 6106 6555 6387 6384 6307 6284 6554 6552 6146 6623 6794 5919 6408 6476 5508 6526 6690 6352 6814 6829 6502 6511 6454 6032 6419 6670 7272 6501 6983 6418 6446 6067 6540 6471 6610 6746 6551 6488 6483 6584 5566 5634 6285 6317 6859 6923 6004 6483 6289 6294 6111 6125 5943 6553 6103 6691 5654 6193 6329 6380 6561 6456 6362 6805 6413 6467 6098 6554 6031 6288 6678 6513 6499 7051 6040 6222 5851 6115 6138 6311 6034 6363 6242 6436 6765 6124 6214 6087 6793 6536 6299 6452 6844 6076 6373 5959 6183 6295 6308 6281 6655 6490 6058 6085 6554 6339 6413 6337 6445 6324 6716 5663 5972 6668 6801 6543 6571 6262 6315 6309 6241 6669 6161 5914 6625 6192 6374 6303 5735 7047 6894 6548 6116 6238 6254 6087 6025 6403 6185 6652 6204 6197 6598 6486 6446 6629 6145 6481 6781 6129 6320 6800 6420 6242 5982 6424 6141 6668 6955 6566 6662 6433 6416 6603 5666 6244 6342 6556 6593 6130 6223 6288 6103 6175 6624 6432 6353 5850 6298 6409 6944 6244 6102 6199 6696 6565 5993 6331 6569 6917 6112 5877 6878 5927 6092 6297 6742 6499 6316 7032 6422 6218 6004 6074 6725 6240 6633 6462 6149 6612 6733 6369 7013 6564 6126 6108 6364 6527 6683 6272 7204 6366 6488 6888 6342 6021 6206 6411 6668 6812 6603 6714 7204 6332 6213 6352 6416 6109 6184 6691 6245 6276 6750 6484
6095 6405 6354 5890 5922 6153 6656 6164 5919 6137 6202 6146 5636 6506 5987 6059 5992 5922 6238 6126 5823 6487 6555 6220 6600 5999 5530 5879 6323 5841 6426 6272 6274 6334 5918 6149 6116 6648 6113 6228 6554 6016 5888 6088 6184 6007 6293 6439 6347 6328 5974 6137 5469 5565 5844 6100 6223 6605 5783 6676 5754 6223 5858 5728 5935 5949 5883 6045 5252 6056 6198 6173 6102 6014 5442 6281 6400 6598 6109 6073 5597 5836 5998 6185 6011 6871 5711 6334 5256 5846 6149 6113 5685 6069 6027 6395 6048 6052 6093 5827 6520 6117 6074 6089 6556 6085 6181 6032 5915 6007 6279 6253 6304 5917 6223 5806 5900 5746 6074 6150 5872 6011 6409 5888 5895 6577 6383 6310 5914 5989 5983 6093 5982 6488 5702 5932 6084 5879 5698 5958 5529 6858 6330 6334 5613 5740 5848 6040 5664 6317 5744 6083 5826 5921 6401 6335 6126 6511 6043 5904 6415 6180 6197 6211 6206 6017 5867 6097 5582 6604 6500 5918 6011 6416 5683 6206 5520 6188 6101 5959 5909 5894 6019 6280 5737 5958 6254 5984 6001 5948 6213 5771 6225 6253 5987 5926 6434 6027 5637 6096 6164 6629 5897 5774 6221 5627 5661 5970 6429 6105 5882 6098 6120 6011 5941 5765 6525 5643 6268 6127 6010 6298 6115 6539 6328 6088 5765 5585 5850 6044 6555 5753 6732 6717 6248 6136 5673 5325 5674 6180 6303 6271 6052 6540 6745 6144 6183 6005 6065 5850 5768 6156 5460 5707 6751 5814
6270 6389 6210 6230 6249 6456 6461 6311 5627 6436 6155 6547 6052 6390 6323 6214 6549 6194 6572 6501 6184 6449 6649 5888 6250 6289 5344 5943 6588 6106 6401 6559 6490 6673 6208 6314 6540 7006 6691 6387 6529 6398 5959 6172 5820 5862 6607 6589 6443 6568 6504 6334 5635 5597 6161 5775 6405 6375 5786 6670 6242 6089 5955 5829 5927 6180 5698 6411 5903 6163 6407 6013 6416 5924 5849 6380 6834 6484 5980 7010 5825 6271 6462 5989 6101 6795 6010 6233 5818 5781 6212 6232 5864 5998 6034 6133 6717 6523 6014 6086 6606 6155 6532 6499 6444 5777 6463 5937 6205 6097 6355 6141 6640 6257 5923 6213 6438 6238 6286 6006 6190 6216 6354 5821 5941 6423 6506 6494 6052 6479 5883 6048 6076 6452 5705 6387 6632 6227 5948 6261 5651 6733 6659 6404 5515 6121 6266 6345 5967 6945 6091 6283 6054 6503 6544 6368 6457 6376 6457 6131 6379 6214 5978 6296 6658 6100 5838 6205 5928 6614 6499 6364 6523 6353 6079 6637 5672 6433 6657 6315 6240 5795 5787 5974 5921 6142 6563 6120 6283 6322 6411 5895 6582 6184 5989 6141 6725 5990 6021 6078 6471 6949 5945 6271 6389 6107 5927 6199 6820 6223 6392 6464 6447 5964 5939 6083 6612 5793 6713 6204 6163 6387 6315 6521 6182 6269 6019 5813 6271 6758 6519 6182 6628 6746 6321 6506 6032 5282 5936 6469 6575 6362 6264 6568 6793 5890 6086 6478 6178 5846 5667 6422 5758 5717 6681 6404
6629 6760 6773 6527 6623 6952 7025 7039 6028 6819 6684 6578 6431 7111 6851 6831 6936 6485 6819 6815 6208 6637 7323 6357 7098 6710 5663 6524 6676 6298 6850 6856 6918 7028 6656 6790 6780 6988 7024 6863 7173 6851 6671 6428 6569 6108 6994 6895 6908 7001 6686 6695 5988 5981 6539 6836 6954 7281 5984 7058 6433 6992 6299 6321 6429 6741 6359 6751 6178 6595 7000 6379 6938 6263 6286 6902 6464 6828 6664 6856 6378 6814 6702 6771 7179 6994 6320 6511 6043 6269 6068 6375 6143 6840 6495 6817 7012 6563 6537 6314 7270 6510 6932 6610 7248 6399 6779 5812 6790 6792 6643 6634 7202 6844 6495 6155 6253 6421 6879 6708 6230 6501 6929 6124 6475 7154 6802 6892 6654 6658 6591 6778 6302 6666 6401 6824 6862 6569 6711 6528 6036 7105 7201 6885 6188 6360 6614 6736 6254 6894 6410 6858 6656 6405 7035 6650 6690 6773 6592 6574 6777 6716 6509 6561 7009 6704 6564 6805 6432 7137 6988 6424 6910 6744 6100 6648 6024 6748 6588 6681 6614 6209 6669 6514 6368 6164 7005 6467 6482 6495 6512 6653 7107 6594 6453 6396 6680 6843 6448 6630 7163 7288 6285 6421 6786 6276 6253 6515 7128 6615 6797 6626 6741 6351 6616 6285 7165 6234 6672 6665 6502 6978 6478 6418 6971 6674 6279 6172 6600 6458 6826 6265 7303 6909 6796 6759 6506 5870 6225 6452 6924 6737 6548 7074 7139 6375 6695 6786 6492 6603 6497 7026 6199 6467 7037 6915
6578 6482 6243 6028 6531 6337 6816 6845 5958 6187 6192 6433 6023 6805 6252 6242 6459 6460 6431 6566 5959 6412 6690 5860 6627 6082 5509 5911 6571 6184 6771 6446 6446 6646 6545 6330 6167 6601 6865 6215 6710 6531 6057 5840 6477 5959 6662 6393 6649 6203 6355 6462 5809 5682 6284 6162 6535 6582 6051 6967 6327 6417 5905 5908 6298 6434 6156 6713 5893 6002 6458 6275 6244 5971 5880 6565 6609 6496 6184 6714 6087 6051 6446 6354 6546 6894 6096 6044 5663 6224 6480 6279 6066 6562 6010 6244 6494 6270 6208 6114 6766 6797 6466 6129 6967 6243 6633 6084 6308 6348 6394 6564 7129 6649 5984 6302 6312 6155 6252 6215 6315 6121 6386 5874 6297 6507 6311 6604 6201 6014 6235 6118 6452 6622 6005 6393 6888 6155 6334 6099 5869 7101 6869 6551 5741 6100 6481 6236 6059 6612 5901 6419 6283 6282 6386 6727 6452 6689 6323 6463 6630 6050 6609 6393 6763 5978 6091 6214 6151 6625 6672 6515 6483 6314 6105 6447 5860 6568 6525 6736 6364 5932 6264 6174 6142 5978 6512 6435 6381 5989 6540 6157 6882 6263 6259 5994 6833 6270 6278 5956 6485 6892 5972 5968 6860 6193 6020 6395 6862 6458 6216 6375 6624 5972 6409 5936 6797 6017 6895 6275 6502 6281 6510 6393 6708 6527 5740 5830 6349 6559 6281 5835 7097 6685 6412 6641 6233 5615 6225 6359 6678 6308 6417 6600 7111 5940 6051 6304 6258 6241 5790 6411 5793 6007 6714 6595
5890 6311 5837 5792 5813 5918 6546 6036 5807 6199 6331 5916 5607 6416 5939 5911 6232 5975 6131 6383 5745 6130 6517 6075 6275 6365 5365 6013 6261 5781 6581 6373 6070 6354 6161 6034 6071 6494 6718 6153 6434 6105 6155 5879 5890 6084 6374 6370 6499 6006 5879 6230 5219 5256 5864 5688 6151 6764 5447 6035 5830 6239 5522 5876 5675 6105 5508 5950 5781 5693 6048 5891 6029 5785 5847 6400 6192 6498 5687 6458 5740 5973 6137 5822 5980 6674 5971 5715 5515 5832 5939 5876 5894 5785 5769 6177 6473 6142 5963 5728 6486 6036 5886 6162 6391 5698 5750 5470 5833 6051 6381 6160 6577 5832 5634 5876 6351 5964 5953 5858 5768 6179 6153 5499 5627 6551 6543 6242 6497 6081 5918 5843 5469 6235 5519 6025 6140 6290 5889 6116 5628 6485 6519 6122 5564 5940 6218 5824 5532 6200 5981 6163 5848 5948 6377 6151 6113 5869 6161 6044 5886 5979 5643 5801 6307 6169 5511 6188 5807 6517 6250 5919 6398 5812 5704 6250 5523 6290 5922 6313 6146 5718 5709 5653 5625 5628 6010 6001 5658 5955 5775 6043 6073 6128 5793 6243 5851 6013 5458 5686 6344 6455 5371 5631 6265 5820 5562 5641 6223 6167 6020 5930 5931 5862 5817 5474 6335 5743 6331 6136 5798 6234 6091 5870 6275 6209 6093 5939 5970 5923 6049 5898 6379 6266 5983 6290 5635 5167 5571 6088 6366 6086 5787 6375 6587 5528 6068 6000 5964 5605 5723 6167 5629 5548 6404 6286
6667 6655 6536 6216 6361 6515 6769 6669 5738 6683 6601 6454 6275 6612 6518 6330 6421 6270 6310 6394 6062 6532 6831 6121 6441 6316 5885 6213 6389 6156 6882 6749 6769 6714 6621 6319 6646 6876 6830 6371 6897 6700 6323 6104 6256 6289 6721 6822 6587 6533 6495 6774 5863 5624 6211 6443 6556 6786 6071 6742 6561 6472 5713 6023 6118 6322 6141 6634 5961 6362 5997 6510 6351 5925 6236 6739 6563 6760 6197 6906 6221 6282 6254 6373 6404 6995 6314 6565 5826 6308 6366 6016 6205 6019 6247 6599 6691 6299 6252 6254 6958 6332 6570 6761 6832 6214 6269 6014 6265 6355 6395 6388 6893 6381 6093 6360 6603 6249 6490 6306 6446 6377 6400 6063 6072 6890 6552 6804 6016 6594 6181 5954 5894 6627 6071 6274 6789 6538 6079 6220 5728 6841 6913 6620 5889 6117 6488 6343 6070 6570 6036 6658 6304 6170 6562 6384 6364 6542 6172 6357 6733 6278 6248 6431 6670 6472 6196 6431 5892 6774 6742 6355 6708 6516 6215 6701 5795 6519 6674 6627 6291 6075 6234 6183 6045 6065 6783 6286 5949 6336 6533 6260 6876 6488 6095 6190 6711 6443 6229 6393 6549 7226 6175 5941 6703 6289 5588 5831 6662 6593 6318 6725 6478 6210 6276 6013 6671 6072 6432 6567 6535 6715 6304 6501 6755 6653 6192 6149 6278 6318 6463 6393 6830 6570 6401 6449 6208 5684 6042 6572 6448 6434 6553 6887 7434 6161 6310 6275 6425 5997 6136 6641 5713 6175 6844 6700
6721 6767 6849 6225 6296 6448 6624 6889 5998 6324 6422 6443 6214 6605 6084 6274 6708 6612 6609 6718 6274 6816 6902 6225 6539 6524 5862 6239 6646 6054 6651 6609 6890 6777 6541 6213 6678 7195 7083 6483 6512 6668 6421 6288 6391 6447 6542 6991 6852 6641 6640 6779 5992 5877 5936 6485 6508 6760 5931 6852 6401 6436 5747 6174 5976 6193 6333 6920 5860 6204 6305 6667 6645 6258 5971 6671 6673 6575 6319 6842 6278 6230 6364 6188 6564 7290 6168 6475 5830 5955 6529 6991 6447 6682 6155 6179 6927 6265 6065 6203 7165 6894 6258 6873 6896 6126 6593 6030 6413 6536 6286 6463 6949 6621 6236 6199 6759 6076 6587 6166 6397 6154 6289 6296 6384 6644 7071 6906 6532 6443 6432 6418 5988 6414 6092 6154 6626 6411 6252 6562 5663 6778 6894 6744 6388 5899 6546 6205 6208 6671 6317 6761 6342 6542 6499 6520 6756 6512 6558 6551 6651 6161 6313 6586 6481 6342 6382 6595 6345 6594 6653 6598 6893 6642 6005 6642 6175 6727 6451 6663 6219 6291 6309 6347 6017 6347 6517 6457 6105 6174 6352 6436 7074 6355 6303 6283 6663 6410 6350 6642 6983 6747 6234 6158 6762 6135 5926 6333 6814 6388 6599 6740 6514 6309 6537 6059 6956 6342 6961 6455 6385 6633 6718 6439 6728 6414 6104 6631 6165 6744 6622 6485 6924 6960 6688 6619 6425 5537 6359 6424 6570 6542 6992 6879 7497 6217 6011 6571 6682 6400 6418 6565 6047 5928 6867 6535
6759 6467 7023 6426 6686 6798 7073 6999 6004 6955 6522 6617 6452 7151 6478 6655 6767 6697 6884 6733 6180 6849 7067 6243 6711 6439 5814 6635 6672 6233 6706 6853 6706 6954 6591 6466 7016 7145 7152 6582 6626 6828 6391 6458 6569 6369 6672 6685 6881 6667 6949 7117 6079 5927 6247 6627 6695 7082 5816 6846 6359 6381 6090 6259 5976 6586 6425 6796 6063 6313 6768 6892 6473 6552 5935 6978 6901 7024 6653 6978 6283 6364 6617 6466 6593 6963 6347 6414 6008 6170 6593 6779 6241 6625 6526 6553 7071 6343 6198 6716 7334 6540 6549 6669 7148 6341 6565 6167 6377 6384 6773 6718 7343 6695 6087 6656 6550 6127 6769 6619 6459 6552 6655 6065 6009 7180 6902 6910 6788 6478 6544 6480 6518 6833 6206 6526 6658 6661 6531 6678 5988 7189 6991 6487 5842 6521 6546 6725 6360 6644 6511 6737 6166 6395 6610 6542 6879 6892 6610 6564 6886 6299 6632 6927 6673 6376 6210 6681 6242 6755 7159 6808 6777 6663 6235 6339 6002 6831 6509 6774 6632 6556 6405 6461 6120 6400 6871 6269 6608 6595 6598 6605 7160 6578 6309 6002 6878 6511 6516 6643 6967 7150 6361 5905 6554 6008 6041 6523 7361 6708 6611 6718 6673 6111 6589 6008 7224 6166 6817 6684 6586 6883 6748 6769 7104 6678 6417 6438 6572 6907 6862 6103 7007 6731 6674 6901 6134 6045 6372 6769 6716 6691 6868 7231 7512 6105 6810 6558 6739 6503 6449 6664 6144 6053 6963 6943
6889 6782 6725 6309 6573 6743 6878 6900 6158 6553 6561 6621 6383 7035 6647 6756 6876 6634 6749 6633 6290 7094 7024 6291 6851 6444 6429 6502 6604 6163 7095 6727 6603 6995 6831 6604 6794 6961 6852 6360 6944 6791 6506 6468 6566 6333 6781 6664 6484 6334 6485 6616 6292 5851 6114 6332 6406 6861 6087 7202 6534 6525 6338 6110 6036 6519 6318 6480 5958 6126 6412 6360 6463 6156 5994 6865 6790 6537 6496 6955 6348 6210 6601 6346 6540 7103 6454 6770 5934 6290 6546 6467 6369 6744 6571 6382 6739 6598 6389 6501 6851 6924 6401 6389 6976 6489 6809 6201 6334 6324 6455 6655 7207 6765 6326 6451 6724 6564 6533 6275 6757 6483 6754 6291 6638 6844 6552 6875 6282 6560 6419 6490 6379 6370 6180 6510 7211 6363 6385 6341 5812 7219 7081 6588 6126 6410 6757 6451 6175 6752 6594 6588 6288 6664 6756 6600 6752 7028 6317 6545 7010 6453 6327 6504 6720 6405 6741 6713 6344 7168 7129 6882 6880 6553 6082 6534 6178 6919 6728 6667 6633 6299 6666 6492 6268 6143 6726 6465 6655 6243 6766 6162 7098 6477 6175 6432 7068 6487 6424 6393 6802 6839 6452 6178 6892 6125 6173 6541 7282 6556 6664 6787 6982 6413 6466 6002 6901 6130 6900 6218 6228 6497 6728 6615 6993 6656 6264 6171 6366 6635 6877 6387 7166 6771 6568 6874 6291 5737 6415 6300 6789 6641 6517 6956 7491 6696 6484 6241 6463 6338 6296 6636 5952 6020 6908 6814
6156 6327 6476 6111 6160 6079 6514 5918 5596 6613 6192 6116 5828 6676 6473 6133 6215 6148 5907 6183 5829 6451 6829 6165 6464 5995 5363 6199 6312 5729 6443 6486 6300 6538 6192 6140 6399 6916 6670 6220 6254 6169 5991 5712 6277 6311 6229 6202 6021 6363 6295 6386 5992 5457 6150 6263 6177 6529 5625 6571 6068 6521 5711 6074 6023 6210 5641 6194 5770 6188 6247 6318 6172 6082 5931 6287 6274 6563 6067 6610 6036 6266 6017 6267 6414 6587 5813 5551 5566 6178 6114 6227 5984 6221 5977 6071 6538 6083 6101 5757 6666 6215 6069 6143 6525 5941 6168 5872 5996 6311 6156 6167 6829 6271 5797 5969 6251 5859 6161 6162 5955 6034 6128 5609 5995 6673 6206 6517 6239 6180 6032 5732 6110 6732 5976 5956 5894 5757 5984 5871 5291 6882 6553 6123 5615 5974 6076 6167 5983 6310 6109 6175 5902 6130 6422 6291 6212 6355 6001 6198 6230 6136 5876 6096 5857 5956 5887 6389 5917 6531 6465 6414 6252 6473 5598 6510 5675 6438 6271 6191 6096 6110 6100 6059 5786 6041 6397 6311 6097 5821 6076 6179 6414 6075 5985 6134 6216 6158 5863 6328 6445 6424 6067 5758 6521 5717 5868 6198 6457 6396 6169 5924 6532 5876 6128 5730 6647 5860 6359 6244 6119 6433 6312 6085 6468 6431 6192 5517 5878 6172 6481 5808 6765 6577 6216 6132 5828 5434 5598 6210 6496 6094 6458 6504 7020 6057 6113 6057 6248 6322 6051 6374 5779 5554 6077 6463
6554 6455 6606 6520 6225 6409 6973 6627 6024 6213 6237 6289 6259 6569 6396 6416 6665 6160 6705 6522 6225 6634 6811 6135 6672 6419 5750 6362 6585 6359 6397 6453 6502 6457 6166 6156 6723 7086 6810 6677 7121 6353 6289 6248 6337 6313 6782 6739 6824 6575 6447 6589 5882 5633 6093 6397 6544 6875 5849 6832 6114 6853 5858 6193 5975 6177 6298 6519 6161 6525 6402 6421 6486 6242 5981 6608 6691 6746 6277 6708 6165 6352 6616 6246 6275 7003 5822 6120 6151 5858 6093 6422 6116 6268 5950 6385 6515 6239 6148 6124 6973 6420 6286 6672 7085 6049 6158 5821 6336 6213 6663 6784 6846 6451 5993 5996 6347 6279 6591 6434 6350 6335 6547 6025 6054 7086 6528 6313 6381 6302 6102 6308 6158 6520 5567 6162 6641 6174 6359 6447 5911 7160 6741 6777 6083 5954 6272 6274 5813 6749 6065 6670 5995 6290 6575 6739 6316 6432 6506 6438 6503 6177 6412 6428 6791 6309 6269 6481 6044 6660 6632 6377 6450 6281 6014 6254 5875 6822 6383 6229 6653 5914 6237 6223 5795 6060 6584 6074 6125 6188 6151 6271 6819 6388 6124 6322 6229 6310 6231 6430 6887 6710 6131 6198 6365 6227 6013 6208 6997 6192 6659 6598 6385 6193 5880 6230 6847 6029 6327 6271 6102 6650 6556 6176 6819 6433 6257 6171 6429 6212 6609 5844 6986 6658 6444 6845 6141 5955 6096 6545 6651 6510 6536 6509 7190 6289 6660 6584 6361 6237 6159 6448 6020 5781 6768 6535
6268 6501 6638 6139 5974 6257 6802 6375 6030 5988 6174 6205 6103 6723 6442 6462 6528 6416 6269 6319 6029 6681 6718 5999 6874 6457 5549 6445 6665 6203 6514 6632 6465 6382 6142 6344 6506 6498 6728 6489 6569 6233 5933 5924 6561 6198 6631 6690 6253 6545 6249 6525 6051 5701 5751 5962 6732 6665 5854 6974 5907 6265 5928 5775 5768 6497 5940 6266 5675 5854 6507 6374 6606 6139 5837 6769 6607 6557 6326 6777 5930 6086 6371 6392 6205 6883 6045 6138 5370 6066 6003 6205 5868 6083 6274 6035 6561 6321 5892 6296 7000 6356 6325 6252 6810 6020 6147 5860 6115 5849 6604 6434 6841 6423 6106 5892 6103 6166 6528 6234 6245 6360 6482 5659 6180 6645 6463 6141 6209 6442 6123 6188 6007 6309 5665 6201 6556 6146 6095 6165 5756 6688 6670 6355 5901 6019 6432 6401 5916 6655 5853 6213 5886 5964 6589 6508 6480 6321 5955 6128 6654 6260 6305 6200 6518 6191 6402 6457 5873 6430 6470 6048 6568 6470 6034 6139 5530 6463 6273 6384 6396 5702 6292 6161 5890 6147 6830 6003 6232 6090 6587 6199 6501 6415 5970 6247 6591 6190 5948 6268 6631 6573 6011 5915 6303 6103 5949 6068 6852 6542 6213 6404 6610 5864 6067 5874 6683 6067 6502 6147 6328 6460 6230 6195 6379 6522 5993 5941 6448 6382 6689 6051 7002 6614 6239 6546 5896 5583 6021 6147 6281 6304 6465 6541 6990 6479 6380 6522 6221 5935 6159 6885 5602 5514 6643 6206
6331 6415 6457 6090 6189 6304 6716 6335 6014 6244 6104 6305 6055 6530 6437 6370 6032 6305 6446 6604 5698 6414 6873 5898 6406 6159 5422 6271 6543 6073 6543 6623 6355 6746 6044 6142 6500 6937 6484 6515 6778 6206 6094 6029 6657 6134 6256 6594 6460 6386 6475 6370 5778 5518 6137 6339 6380 6655 5854 6993 5993 6278 6178 5855 5866 6308 5750 6407 5512 6192 6622 6052 6323 5998 5995 6070 6528 6686 6363 6260 6046 6260 6307 6554 6287 6628 6117 6182 5578 5766 6074 6337 5854 6493 6496 6294 6575 6317 5970 6150 6408 6353 6234 6587 6801 5807 6172 5845 6181 5840 6464 6470 6601 6464 5711 6088 6389 6083 6374 6260 6485 6495 6628 6117 6081 6832 6110 6715 6120 6321 5870 6502 6299 6660 6273 6129 6589 6175 5966 6073 5481 6906 6625 6522 5915 6245 6091 6001 6077 6425 6035 6199 6088 6206 6370 6351 6348 6319 6052 6349 6501 5991 6253 6210 6406 6080 5859 6194 6276 6576 6929 6239 6324 6616 6088 6513 5962 6514 6469 6222 6505 5995 6428 5891 5926 6096 6346 6043 6136 6322 6087 5993 6586 6344 5649 5946 6642 6758 6011 6266 6645 6848 5760 6154 6530 5829 5955 6247 6954 6076 6456 6491 6370 6047 6079 5814 6541 6093 6241 6362 6241 6459 6682 6181 6586 6360 6161 5434 6104 6157 6825 5939 6789 6736 6353 6799 6079 5753 6172 6156 6529 6516 6302 6504 7201 6274 6290 6068 6437 6191 6048 6428 5531 6128 6707 6428
6430 6658 6498 6260 6133 6255 6767 6746 5589 6518 6624 6215 6398 6907 6392 6211 6407 6050 6468 6737 6082 6693 6747 6071 6603 6493 5913 6228 6521 6240 6483 6607 6385 6632 6432 6245 6081 6719 6858 6337 6548 6243 6256 5952 6204 6007 6441 6511 6632 6427 6407 6413 5820 5510 6221 6097 6315 6787 5435 6952 6093 6316 5931 5657 6173 6439 6109 6522 5797 6066 6492 6176 6442 5969 5662 6500 6203 6804 6077 6443 6175 6373 6094 6275 6698 6875 6088 6210 5679 5962 6212 6092 5834 6234 6106 6123 7004 6444 6043 6033 7046 6422 6197 6237 7062 6052 6318 5768 6209 6401 6434 6059 6917 6722 5977 5874 6155 6224 6445 6293 6181 6084 6341 6082 6156 6663 6443 6951 6302 6214 5937 6052 5960 5910 6123 6336 6704 6315 6057 6444 5435 6441 6750 6110 5912 6332 5943 6094 6057 6124 6244 6479 6530 6101 6763 6273 6244 6539 6082 6241 6231 6070 5821 6096 6326 6498 6166 6398 5937 6483 6586 6511 6662 6568 5836 6151 5943 6491 6186 6265 6441 5773 6550 5921 5947 5858 6574 6258 6445 6115 6043 6213 6705 6250 6003 6125 6660 6261 6021 6502 6705 6649 5970 5977 6457 5772 6163 6063 6826 6500 6440 6225 6468 6181 6359 6098 6863 6066 6377 6326 6175 6492 6513 5933 6635 6046 5718 6103 6008 6269 6348 5861 6718 6457 6322 6560 6276 5645 5860 5804 6419 6178 6046 6481 6957 5854 6108 6295 6401 6134 5981 6537 6295 5882 6674 6657
6171 6253 6508 6193 6178 6729 6446 6879 5727 6376 6553 6301 6031 6468 6204 6297 6457 6030 6419 6336 6055 6163 6625 5852 6380 6088 5797 6200 6438 5961 6512 6620 6460 6490 6071 6322 6650 6905 6712 6255 6573 6534 6307 5849 6192 6576 6544 6962 6003 6551 6634 6574 6103 5541 6112 6450 6746 6931 5932 6637 6183 6779 5473 5643 6186 6026 6037 6219 5272 6043 6201 5993 6313 5712 5853 6530 6523 6223 6039 6359 6087 6091 6105 6276 6310 6849 6155 6221 5653 5994 6153 6579 5840 6217 6316 6156 6510 6112 6105 6226 7207 6292 6316 6402 6395 5907 6323 5730 5943 6037 6113 6525 6805 6251 5935 5964 6106 6255 6342 5918 6283 6035 6348 5659 5792 6807 6297 6607 5998 5981 6250 6190 5883 6275 5607 6291 6459 6045 5725 5992 5677 6986 6557 6335 6134 6118 6269 6291 5846 6442 6116 6157 6072 6071 6492 5997 6626 6498 6140 6098 6483 6121 6330 6301 6278 6583 5922 6402 6268 6416 6288 6112 6693 6436 6206 6567 5541 6698 6300 6478 6142 5958 6083 6386 5790 6070 6348 6273 6074 6405 6416 6270 6525 6366 6156 6282 6363 6258 6231 6014 6435 6656 6079 6006 6587 6420 5907 6256 6532 6132 6158 6342 6395 5964 5829 5557 6582 6040 6535 6402 6066 6236 6266 6208 6686 6661 6328 5844 6048 6013 6306 6001 6810 6506 6266 6276 6192 5329 5918 6020 6333 6338 5912 6658 6998 6317 6135 6329 6052 5904 6241 6251 5545 5854 6689 6514
6804 7003 7021 6822 6555 6883 7133 7022 6310 6756 6955 6849 6329 7093 6692 6837 7103 6690 7344 6900 6382 7031 7319 6518 6990 6562 6115 6468 6997 6458 7160 7034 6654 7018 6630 6374 6953 7290 7279 6988 7063 6910 6561 6316 6762 6505 6983 7079 6785 6773 6762 6900 6315 6157 6252 6792 6680 7191 6249 7208 6664 6813 6323 6294 6453 7101 6324 6727 6110 6868 6519 6803 6798 6460 6010 6786 6878 6933 6521 7258 6340 6866 6696 6638 6886 7458 6327 6555 6320 6603 6480 6932 6625 6862 6386 6596 7046 6607 6328 6552 7197 6749 6877 6594 7339 6529 6828 6151 6612 6494 7092 6867 7189 6921 6411 6475 6663 6714 6553 6917 6612 6555 6726 6243 6632 7186 6892 7023 6543 6787 6499 6795 6660 6686 6412 6793 6848 6637 6615 6723 6146 7564 7248 6922 6336 6488 6714 6617 6373 6962 6686 6979 6500 6566 7040 6692 6979 7058 6659 7235 6968 6701 6498 6706 6718 6492 6327 6977 6726 6933 7096 6608 7223 6800 6544 6866 6201 7034 6822 6468 6637 6324 6840 6700 6100 6279 6935 6760 6381 6810 6643 6681 7082 6784 6357 6580 6767 6855 6502 6676 6946 7007 6216 6682 7108 6374 6518 6929 7298 6519 6884 6958 6576 6411 6568 5979 7310 6066 7135 6951 6529 6837 6758 6666 6877 6909 6657 6547 6822 7067 7096 6393 7081 6953 6851 6732 6545 5943 6386 6699 6930 7067 6678 7071 7501 6376 6618 6683 6699 6687 6631 6896 6374 6086 6808 6774
6592 6938 6824 6271 6297 6567 7165 7054 5845 6695 6710 6488 6320 6847 6656 6295 6967 6532 6390 6864 6116 7074 7079 6663 6667 6629 5705 6575 6930 6588 6441 6811 6733 6834 6443 6463 6691 6947 7073 6447 6965 6442 6292 6350 6360 6569 7098 6687 6816 6718 6730 6673 6096 5682 6364 6475 6708 7434 6082 6924 6590 6579 6101 6321 6060 6554 6227 6807 6009 6089 6438 6402 6624 6329 6263 7026 6761 7009 6317 6829 6343 6224 6742 6365 6602 6987 6280 6474 5863 6181 6435 6233 6503 6629 6221 6745 6909 6469 6519 6389 7145 6602 6320 6588 7175 6413 6370 6164 6451 6312 6604 6728 7172 6463 6294 6658 6495 6403 6599 6479 6175 6510 6775 6444 6533 7011 6848 6837 6412 6650 6513 6509 6281 6541 6228 6601 6551 6174 6235 6657 5870 6970 6975 6755 6068 6403 6520 6675 6194 6724 6474 6959 6290 6172 6473 6751 6680 6768 6483 6821 6615 6501 6370 6530 6531 6624 6577 6673 6333 7051 6655 6446 6564 7028 6228 6620 6023 6895 6667 6823 6569 6268 6416 6455 6232 6233 6740 6706 6537 6458 6437 6437 6963 6860 6311 6630 6655 6217 6054 6583 6752 6880 6335 6317 6781 6106 6241 6195 6811 6673 6402 6711 6676 6305 6303 5973 7039 6194 6993 6493 6391 6563 6618 6401 7159 6942 6285 6340 6913 6417 6849 6173 7200 6860 6832 6638 6103 5830 6242 6762 6835 6685 6619 6976 7340 6073 6773 6410 6650 6286 6350 6678 6027 5945 6797 6405
6520 6854 6600 6530 6375 6824 7117 6672 5922 6442 6374 6490 6449 6746 6272 6263 6627 6340 6663 6755 6503 6968 7141 6589 6766 6542 5723 6293 6726 6205 6869 6765 6725 6993 6205 6556 6915 7110 6956 6600 7017 6782 6599 6390 6781 6297 6983 6865 6404 6679 6562 7100 6208 6047 6175 6495 6798 7322 6220 6611 6277 6923 6021 6279 6182 6548 6095 6708 5834 6203 6502 6538 6685 6359 5999 7074 6888 7107 6643 6927 6342 6520 6572 6493 6592 7158 6237 6500 5793 6135 6394 6446 6701 6321 6274 6353 7158 6431 6295 6297 7338 6536 6541 6712 7104 6278 6561 6183 6378 6239 6917 6832 7416 6519 6187 6613 6561 5881 6577 6552 6408 6512 6674 6266 6319 6998 6979 6766 6553 6515 6258 6320 6172 6841 6128 6538 6755 6565 6142 6481 5999 7339 7116 6849 6093 6360 6514 6435 6186 6764 6238 6882 6207 6334 6579 6684 6630 6497 6504 6777 6746 6348 6462 6598 6567 6277 6601 6765 6273 6642 6919 6452 6911 6800 6087 6651 5995 6888 6715 6815 6632 6449 6614 6186 6370 6338 6921 6411 6292 6443 6463 6595 6740 6751 6335 6118 6770 6552 6687 6622 6936 7002 6465 6335 6800 6408 6172 6368 6956 6538 6584 6610 6564 5938 6312 6079 7244 6146 7056 6500 6722 6881 6998 6520 6831 6987 6321 6074 6352 6580 6500 6322 7185 7042 6536 6797 6224 5833 5966 6432 6549 6662 6812 6604 7463 6436 6264 6364 6617 6434 6338 6852 5787 5790 6589 6762
6684 6545 6608 5998 6217 6477 6851 6807 5840 6351 6106 6352 6219 6724 6352 6497 6591 6351 6548 6642 6022 6395 6798 6336 6534 6291 5517 6192 6570 6335 6439 6612 6492 6485 6256 6407 6433 6749 6800 5907 6360 6191 6208 6201 6398 6192 6555 6626 6377 6452 6346 6550 6139 5527 6053 6141 6633 6679 5809 6653 6282 6543 5836 6306 5858 6181 6140 6770 5547 6272 6353 6635 6755 6058 5767 6530 6557 6362 6298 6546 6005 6060 6510 6375 6838 6926 6364 6232 5605 6052 6211 6324 5960 6329 5984 6594 6572 6202 6203 6045 6946 6236 6220 6277 6896 6003 6530 6176 6183 6321 6432 6256 6720 6225 6098 5866 6333 6078 6449 6090 6417 6267 6476 5945 6251 6956 6963 6799 6299 5966 6151 5922 5897 6323 6127 5930 6565 6288 6289 6008 5379 6679 6929 6366 5824 5905 6593 6107 6150 6582 5887 6210 6052 6239 6527 6470 6620 6484 6319 6257 6427 6164 6301 6562 6475 6382 6182 6392 6033 6793 6339 6490 6683 6445 5701 6426 5925 6383 6290 6539 6375 6099 5782 6368 6105 6133 6388 6038 6169 6418 6285 6351 6635 6225 6023 6269 6819 6264 5992 6198 6752 6722 5993 6151 6484 6027 6221 6499 6928 6189 6436 6396 6376 6331 6097 5810 6505 5821 6600 6283 6479 6289 6492 6348 6674 6468 6091 6013 6242 6539 6986 5963 6954 6467 6406 6529 6206 5957 6217 6217 6772 6261 6363 6578 6690 6208 6168 6462 6658 6140 5988 6429 6287 5668 6477 6489
6745 6800 6689 6481 6684 6483 7084 6787 6097 6567 6329 6458 6067 7150 6716 6593 6738 6361 6681 6814 6481 6974 7204 6345 6940 6145 6021 6437 6660 6142 6677 7062 6759 6909 6530 6371 6979 7182 6970 6566 6795 6556 6406 6196 6606 6411 6722 6704 6596 6764 6568 6989 6318 5953 6249 6700 6741 7047 6264 7023 6396 6364 6021 6384 6333 6753 6123 6826 6002 6722 6822 6679 6920 6275 6217 6741 6881 6976 6711 6949 6287 6411 6708 6392 6790 7165 6582 6532 5951 6370 6504 6500 6239 6393 6312 6503 6974 6543 6017 6329 7031 6690 6924 6633 6944 6170 6307 5878 6531 6545 6774 6564 7129 6853 6192 6752 6702 6524 6555 6505 6483 6735 6425 6385 6198 7153 6777 6625 6351 7030 6639 6519 6288 6812 6216 6484 6936 6532 6206 6967 5818 7159 7128 6681 5904 6290 6749 6235 6400 6735 6240 6784 6521 6327 7037 6607 6702 6864 6230 6433 7025 6338 6604 6617 6829 6365 6648 6643 6529 6550 6829 6577 6792 6837 6265 6722 5882 6860 6577 6399 6643 6375 6430 6291 6238 6288 6781 6672 6417 6489 6463 6313 6855 6395 6250 6359 6751 6514 6397 6389 6848 6798 6379 6306 6887 6021 6440 6565 6819 6526 6430 6505 6702 5916 6357 6134 6973 6417 6872 6470 6481 6737 6809 6617 6568 6687 6181 6299 6290 6681 6874 6403 7398 6775 6600 6646 6385 5836 6265 6496 6673 6573 6884 6824 7195 6286 6482 6756 6594 6096 6257 6988 6011 6154 6938 6661
5810 5889 6274 6027 6009 6046 6242 6226 5338 5799 6134 5805 5767 6178 6098 6112 6046 5681 5955 5920 5418 6106 6364 5818 6051 6093 5153 5819 6246 5634 5932 6116 5770 5886 5839 5876 6130 6562 6316 6082 6139 6024 5723 5544 5836 5884 6279 6277 5980 6035 6068 5919 5739 5468 5432 5510 6038 6302 5444 6414 5995 6036 5635 5641 5487 6242 5509 5810 5537 5977 5952 6191 6085 5511 5703 6254 5972 6317 5623 6223 5674 5632 6087 5952 6104 6360 5918 5657 5586 5691 5682 5721 5676 5966 5698 6126 6285 5823 5641 6038 6653 5844 5671 5865 6387 5694 6069 5478 5648 5715 6145 5973 6242 6272 5706 5672 5552 5864 5993 5856 5699 5957 6011 5263 5632 6350 6057 6105 5655 6156 5736 5927 5625 6140 5971 5803 6288 6102 5621 5663 5356 6577 6560 6228 5739 5808 5993 5833 5734 5974 5604 6139 5970 5885 5969 6041 6049 5955 5788 5950 6080 5840 5913 5913 5941 5556 5568 6317 5727 6197 6088 5423 6367 5772 5755 6108 5818 6109 5911 5914 6173 5109 5879 5641 5526 5639 6018 5798 5807 5931 5953 5915 6170 5737 5592 5764 5657 6331 5494 5732 6019 6425 5465 5804 6312 5862 5201 5872 6410 5887 5686 6099 6007 5668 5757 5652 6122 5652 6082 5835 5774 5951 5898 5796 6505 5958 5626 5364 5727 5746 6205 5539 6454 6139 5984 6125 5809 5607 5700 5669 6204 6376 5744 6017 6213 5758 6100 5607 5911 5853 5566 6153 5662 5346 6046 6159
6972 7026 6883 6750 6786 6950 7148 6973 6109 6783 6618 7095 6223 6912 6956 6563 6883 6322 6982 6822 6367 6652 7329 6559 6622 6847 5686 6538 6852 6566 7173 7091 6814 7138 6744 6577 7020 7395 7264 6848 6957 6685 6719 6538 7123 6539 6923 7239 6747 6788 6744 7181 6361 5983 6608 6571 7083 7008 6115 6981 6589 6968 6560 6513 6806 6987 6255 6794 6070 6648 7108 6946 7061 6477 6414 7009 6798 6974 6740 7016 6593 6515 6531 6756 6714 7367 6276 6827 6126 6657 6575 6669 6068 7173 6517 6670 6963 6491 6584 6878 7307 6479 6743 6705 7031 6052 6840 6644 6267 6508 6453 6651 6934 7025 6186 6510 6876 6698 6695 6742 6628 6442 6967 5971 6613 7323 6955 7030 6801 6707 6713 6763 6717 6816 6568 6705 6758 6404 6799 6549 6026 7068 7281 6791 6309 6667 6915 6433 6332 7249 6472 6894 6605 6526 6964 6782 7053 6971 6523 6630 6793 6369 6537 6775 7119 6519 6359 6922 6517 6766 6780 6756 7156 6780 6319 6825 6387 7073 6636 6646 6701 6669 6741 6794 6282 6945 7075 6926 6685 6562 6628 6518 7002 6624 6499 6384 6919 6737 6224 6702 6598 6791 6350 6560 6837 6220 6268 6742 7295 6682 6711 6891 6801 6627 6465 6176 7281 6536 7266 6746 6692 6714 6743 6744 6904 6713 6374 6614 6221 6878 6861 6545 7316 7040 7036 7077 6625 5958 6526 6728 7112 7011 6855 6982 7676 6559 6396 6591 6522 6420 6209 6999 6030 5967 7116 7092
6369 6660 6244 6106 6141 6421 6823 6446 6158 6389 6028 6431 6198 6420 6365 6407 6419 6113 6414 6296 5973 6662 6785 6155 6669 6128 5552 6266 6318 5890 6503 6613 6121 6446 6091 5882 6251 6307 6616 6434 6774 6358 6073 6103 6074 6020 6246 6340 6306 6166 6382 6680 5821 5614 6065 6140 6352 6656 5495 6681 6010 6375 5654 5997 6189 6357 6287 6467 5905 6145 6410 6183 6187 5928 6032 6543 6062 6401 6119 6674 5833 6034 6476 6157 6236 6812 6260 5996 5595 5525 6086 6066 6251 6478 5760 6148 6362 6463 5996 6199 6775 6706 6442 6294 6776 6052 6283 5724 6150 6261 6542 6303 6543 6323 5725 5781 6379 6143 6442 6265 6522 6186 6473 5920 6231 6460 6419 6178 6022 6226 6112 6100 6240 6070 5620 6352 6355 5987 6109 6330 5694 6755 6703 6206 5957 5975 6393 6283 6104 6527 6097 6186 6258 6211 6441 6446 6415 6293 5916 6437 6357 6173 6181 5988 6456 6255 6417 6405 6018 6638 6580 6081 6480 6383 5858 6322 5565 6392 6452 6353 6335 6067 5867 5932 5992 5928 6577 6105 6156 6121 6051 6045 6586 6478 5877 6161 6821 6352 5660 6196 6556 6633 5871 6255 6410 6185 6003 6235 6684 6545 6260 6684 6473 6302 5896 5738 6523 6010 6553 6220 6289 6409 6394 6238 6387 6424 6341 6211 6230 6452 6249 5964 6963 6438 6245 6142 5755 5767 5702 5960 6337 6371 6444 6610 6834 6037 6106 6153 6005 5872 5965 6653 5918 5650 6534 6402
7042 6922 7062 6857 6963 7034 7120 7102 6729 6993 6830 6930 6404 7296 6697 6922 6804 6730 7280 7002 6374 6813 7082 6569 7160 6784 6174 6661 7311 6681 7202 7245 7069 6935 6629 6684 7160 7652 7533 6807 7174 6943 6982 6368 7040 6704 7147 7052 6887 7325 6911 7321 6177 6182 6704 6598 7183 7336 6230 7656 6810 6938 6114 6624 6500 6888 6701 7166 6222 6605 7137 7018 6822 6757 6672 7011 7020 7082 7054 7067 6612 6665 6941 6713 7010 7492 6500 6555 6514 6793 6990 7076 6322 6766 6860 6929 7248 6391 6440 6598 7388 6732 6655 6848 7288 6239 6843 6237 6383 6697 6720 6907 7279 7045 6778 6399 6730 7016 6789 7007 6629 6922 7026 6153 6539 7154 7178 7034 6826 6648 6739 6688 6664 7077 6465 6749 7021 6554 6355 6823 6168 7542 7123 6805 6363 6921 6818 6846 6628 6805 6569 6932 6602 6547 7173 6548 6997 6942 6511 6700 7213 6561 6637 7045 7206 6767 6447 6591 6967 6908 6712 7297 7124 7064 6732 6920 6222 7075 6386 6790 7006 6547 6698 6564 6455 6699 7005 6796 6757 6663 6864 6606 7184 6807 6631 6727 6999 6814 6577 6394 6977 7362 6391 6262 7212 6500 6629 6543 7113 6691 6553 7226 7021 6700 6762 6159 7505 6750 7096 7187 6810 7016 6735 6805 6791 6835 6400 6578 6584 6873 6924 6685 7470 7105 6739 7129 6711 6262 6578 6853 7039 6880 7067 7368 7494 6595 6745 6798 6908 6388 6560 7202 6460 6446 7340 6697
6893 6840 6779 6596 6754 6949 7098 7071 6377 6751 6875 6587 6503 7175 6708 6407 6784 6600 7341 7045 6339 6784 7248 6498 7025 6721 5988 6696 6736 6456 7037 6997 6966 6803 6773 6757 6734 7315 7477 6885 6923 6861 6699 6393 6657 6303 7090 6941 7074 6891 6973 6860 6210 6089 6424 6364 6704 7104 6523 7017 6623 6950 6644 6489 6549 6731 6519 7080 6231 6624 7014 6581 6660 6363 6172 6996 6726 6971 6658 6931 6423 6619 6635 6744 6810 7279 6446 6569 6239 6239 6902 7012 6405 6595 6386 6906 6961 6456 6473 6337 7170 6847 6857 6862 7167 6243 6806 6228 6657 6523 6585 6625 7202 6751 6577 6517 6438 6809 6780 6371 6528 6585 6809 6441 6627 7211 7099 6834 6845 6640 6203 6456 6357 6620 6491 6678 7033 6773 6645 6507 6072 7100 7287 7017 5894 6394 6538 6527 6020 6981 6203 6992 6401 6785 7037 6879 6824 6836 6572 6743 6905 6603 6960 6924 6892 6886 6683 6600 6539 7185 6897 6791 6825 6783 6235 6961 6249 6929 6822 6678 6741 6194 6503 6866 6361 6409 7012 6535 6711 6692 6728 6568 7000 6836 6297 6530 7031 6609 6664 6618 6822 7109 6530 6673 6948 6744 6397 6515 7237 6612 6578 6753 6570 6310 6563 6229 6894 6354 7305 6684 6762 6751 6970 6690 6985 6514 6361 6361 6640 7123 6724 6343 7184 6859 6911 6940 6139 6273 6379 6790 6936 6727 6707 7207 7264 6278 6593 6860 6598 6254 6210 6931 6409 6235 7000 6651
6809 6900 6695 6464 6441 6654 6999 6779 6061 6639 6524 6690 6080 6913 6734 6503 6650 6545 6484 7000 6221 7025 7228 6459 6730 6582 5627 6574 6789 6438 6828 7096 6539 7019 6729 6704 6612 7215 6959 6650 6892 6644 6592 6305 6549 6252 6836 6539 6653 6669 6719 6633 6003 5719 6504 6578 6834 7162 5970 7178 6407 6687 6278 6430 6377 6410 6063 6718 6142 6298 6669 6656 6717 6372 6017 6534 6668 6824 6588 7004 6194 6644 6523 6530 6811 6825 6462 6461 5994 6289 6573 6840 6286 6614 6542 6522 6759 6406 6417 6299 6937 6578 6835 6667 6815 6278 6330 6298 6555 6732 6782 6739 7046 6390 6319 6601 6422 6468 6537 6564 6394 6598 6685 6139 6343 7119 6789 6979 6547 6681 5991 6444 6561 6745 6169 6798 6837 6449 6199 6406 6011 7251 7181 6551 6110 6379 6444 6561 6245 6772 6403 6456 6439 6398 6721 6498 6696 7001 6403 6655 6717 6572 6444 6547 6667 6708 6311 6684 6381 6966 6856 6791 6711 6992 6213 6856 6113 6845 6194 6844 6682 6277 6438 6541 6522 6364 6954 6507 6680 6684 6390 6339 6942 6524 6125 6471 6697 6453 6386 6507 6855 7248 6144 6239 6838 6271 6318 6567 6952 6712 6497 6399 6730 6442 6484 6086 7060 6218 6671 6650 6325 6722 6735 6670 6855 6455 6408 6481 6595 6675 6938 6466 7063 6866 6679 6527 5991 6096 6408 6641 7028 6512 6617 6961 7252 6343 6458 6785 6635 6496 6253 6918 6475 5918 7045 6837
7180 7278 7078 6910 6882 7200 7507 7612 6719 7166 7455 7061 6703 7184 7223 6917 7258 7030 7221 7096 6798 7277 7682 6547 7451 7182 6423 7185 7193 6888 7219 7109 7111 7461 7196 6905 7148 7721 7778 7294 7477 7440 7131 6678 7291 7005 7431 7185 7412 7308 7063 7175 6400 6267 7085 7048 7164 7924 6584 7635 6912 7096 6549 6853 6667 7122 6614 7101 6476 6837 7260 7211 7202 6947 6902 7383 7167 7779 6924 7376 6681 6904 7029 7215 7204 7437 6762 7017 6581 6696 7010 7188 6701 7168 6832 7080 7575 7056 6988 6636 7793 7056 7178 7199 7640 6777 7180 6448 7113 7035 7275 7016 7610 7275 6958 6872 6878 6895 6902 7097 6928 6928 7239 6852 7205 7299 7530 7351 6873 6944 6853 7064 6702 7000 6950 6839 7512 7217 6928 7061 6443 7949 7742 7030 6794 6681 6981 6845 6847 7342 6725 7308 7208 6897 7496 7150 7009 7285 6963 7122 7191 6978 7025 7163 7297 6919 6854 7195 6697 7314 7569 7167 7496 7302 6883 7287 6752 7447 6934 7339 7281 6939 7094 6894 6725 6669 7301 7006 6918 6952 7011 6939 7737 7259 6914 6895 7453 7056 6667 7166 7251 7673 6942 6616 7444 6928 6665 6880 7626 7291 6885 7118 7057 7073 7279 6694 7449 6484 7713 7013 7059 7579 7280 7068 7701 7079 6867 7099 7033 6697 7215 6643 7738 7534 7489 7248 6498 6323 6900 7033 7502 7464 7009 7784 7929 6826 7016 7159 7211 6938 6707 7323 6750 6616 7524 7075
6256 6514 6295 5889 6223 6204 6533 6519 6006 6551 6079 6255 6165 6606 6176 6245 6253 6177 6200 6320 5968 6380 6801 5793 6697 6446 5432 6678 6285 6071 6482 6350 6671 6361 6067 6281 6153 6912 6894 6389 6583 6350 6308 6052 6170 6104 6574 6446 6611 6362 6220 6340 5760 5424 6088 6155 6323 6960 5388 6798 6085 6546 5614 5929 6035 6420 5922 6478 6029 5983 6236 6387 6115 6008 5676 6774 6556 6568 6214 6528 5794 6302 6320 6340 6438 6982 5866 6168 5711 5826 5955 6384 5807 6203 6161 6011 6538 6002 6240 6163 6693 6354 6164 6075 6616 5967 6073 5768 6085 6506 6177 6440 6750 6301 6072 6204 6210 6526 6190 6223 6027 6025 6239 5805 6136 6648 6453 6393 6320 6128 5976 6084 5972 6162 5871 6130 6424 6180 5826 6395 5700 6667 6654 6166 5819 6116 5932 6638 6076 6199 6082 6484 5947 5916 6566 6521 6561 6362 6223 6430 6083 6154 5996 6177 6161 6075 5766 6455 5871 6724 6571 6294 6370 6164 5926 6345 5633 6464 6389 6218 6112 6151 5790 6165 5748 6227 6362 6026 6377 5851 6121 6212 6558 6212 6012 6114 6491 6101 5879 6168 6320 6957 5860 5843 6514 5993 5655 5985 6969 6256 6146 6524 6418 6140 6292 5976 6748 5872 6650 6361 6276 6341 6006 6202 6762 6444 6109 6196 6088 6310 6463 6162 6969 6580 6089 6361 6152 5578 5973 6365 6518 6309 6194 6458 6723 6152 6364 6354 6372 6142 6323 5967 5570 5770 6768 6299
6511 6670 6246 6109 6154 6286 6688 6246 5461 6201 6217 6426 5987 6398 6344 5916 6425 6179 5997 6379 6031 6497 7012 6096 6514 6255 5507 5869 6147 5780 6511 6349 6346 6753 6049 5820 6634 6526 6299 6016 6634 6102 6065 5521 6164 6159 6329 6429 6229 6144 6098 6196 5675 5502 6159 6144 6504 6484 5451 6451 5836 5979 5687 5823 5620 6494 5771 6329 5376 6130 5966 6372 6052 5855 5750 6107 6287 6559 5960 6457 5626 5988 6080 6057 6312 6640 6022 6180 5654 5935 6174 6110 5763 6034 6057 5963 6136 6145 5741 5674 6570 6254 6408 6483 6729 5989 6084 5764 6098 5998 6275 6156 6497 6197 5983 5937 6273 5933 6232 6396 6039 6359 6293 5857 6006 6561 6261 6279 5923 6213 5857 6160 5918 6170 5689 6303 6464 6322 5706 6133 5284 6834 6493 6174 5724 5763 6242 6146 5613 6604 5709 6248 6035 5865 6369 6339 6069 6218 6262 6126 6089 5867 6115 6283 6517 5883 6339 6238 5859 6118 6475 5913 6362 6331 5878 6292 5743 6322 5953 6578 6244 5949 6290 6100 5814 5659 6458 5843 6073 6192 6168 6075 6507 6019 5761 5991 6476 6082 6018 6401 6232 6649 5828 5753 6347 5745 5941 5844 6782 6026 6057 6081 6159 5527 6157 5670 6726 5577 6459 5999 5974 6376 6578 6164 6411 6200 5943 6066 6167 6101 6424 5795 6679 6379 6438 6445 5920 5408 6237 6076 6350 6418 6236 6296 6889 5729 6226 6629 6327 5758 5865 6625 5850 5828 6707 6279
6337 6443 6372 6012 6023 5952 6567 6374 5715 6441 5994 6311 5735 6413 6462 6171 6443 6000 6396 6295 6070 6551 6898 5876 6496 6177 5443 5837 6361 5757 6235 6771 6203 6660 6033 6154 6366 6632 6752 6141 6732 6052 6241 6254 6344 5983 6157 6380 6421 6108 6418 6589 5744 5377 5702 6263 6547 6683 5719 6454 6007 6326 5772 5907 5674 6197 5762 6347 5611 5767 6332 6384 6317 5845 5864 6389 6180 6284 6286 6325 5965 5784 6062 6421 6144 6895 6026 6275 5537 5832 6103 6278 5524 6356 6052 5984 6393 6165 6180 5935 6743 6077 6110 6259 6763 6035 6229 5519 5785 5919 6335 6139 6951 6263 5937 5772 6275 5734 6157 5960 6083 6448 6437 5944 6074 6657 6407 6467 6347 6044 6155 5981 5986 6103 5886 6137 6023 6228 6157 6079 5371 6537 6307 6040 5926 5899 6111 6044 5953 6406 6145 6113 5816 6007 6360 6165 6183 6564 6292 5964 6377 6224 6181 6204 6489 6118 6197 6393 6112 6340 6668 6079 6644 6504 5775 5885 5523 6346 5983 6313 6065 5848 6150 6360 6039 5947 6188 6218 5876 6006 5903 6182 6697 6544 5693 5795 6193 6146 5993 6494 6418 6546 6135 5532 6572 5954 5923 6169 6642 6090 6064 6251 6551 5966 5937 5499 6807 5352 6307 6143 5952 6144 6358 6127 6630 6209 5778 5878 5996 5993 6182 5913 6583 6562 6611 6591 6038 5590 5873 6185 6341 6608 5986 6508 6972 5801 6102 6218 5959 5748 6092 6070 5969 5896 6417 6375
6413 6693 6825 6255 6444 6439 6970 6617 5977 6385 6380 6591 6117 6613 6514 6044 6676 6175 6265 6767 6260 6583 7032 5910 6332 6331 5483 6498 6615 6369 6615 6863 6501 6897 6253 6726 6317 6803 6905 6657 6660 6592 6567 5949 6548 6233 6638 6716 6371 6548 6316 6246 5999 5729 6225 6293 6744 7044 5918 6770 6050 6676 5833 6236 6158 6602 6114 6589 6100 6217 6562 6438 6658 6480 6126 6571 6760 6907 6328 6921 5957 6237 6392 6215 6220 6766 5881 6312 5642 6225 6483 6752 6126 6484 6396 6321 6678 6289 6371 6166 7006 6360 6332 6547 6561 6176 6361 6156 6265 6509 6644 6588 6715 6400 5829 6265 6614 6635 6402 6312 6321 5952 6209 5996 6384 6783 6537 6068 6560 6163 6130 6277 6162 6618 5794 6201 6784 6239 6301 6402 5624 7006 6806 6703 6029 5993 6273 6366 6433 7010 6059 6555 6156 6353 6393 6457 6694 6515 6454 6044 6540 6469 6351 6220 6667 6060 6121 6426 6226 6694 6851 6194 6761 6551 5899 6775 5998 6649 6516 6537 6404 6295 5990 6337 6059 6336 7095 6448 6260 6028 6419 6467 6720 6513 6314 6272 6476 6493 6037 6534 6367 7006 5741 6123 6419 6008 5930 6392 6939 6408 6184 6367 6488 6283 6282 5913 6452 6015 6774 6237 6176 6380 6400 6459 6786 6382 6031 6069 6458 6453 6772 6002 7045 6904 6720 6954 6010 5604 6113 6422 6856 6593 6548 6376 7404 6466 6275 6357 6209 6139 6095 6442 5916 5595 6919 6493
6842 6661 6898 6504 6207 6704 7127 6583 5986 6623 6691 6778 6300 6809 6500 6496 6804 6179 6799 6792 6255 6789 6998 6508 7050 6784 5547 6284 6294 6167 6903 6931 6545 6631 6430 6655 6712 6900 7056 6347 7141 6599 6446 6360 6870 6448 7052 6825 6851 6684 6675 6812 6163 5773 6388 6493 7075 6787 6153 6788 6525 6889 6070 6335 6398 6699 6606 6541 5968 6208 6945 6799 6740 6131 6186 7084 6665 6510 6423 6888 6086 6350 6735 6709 6824 7164 6281 6509 5786 6351 6629 6769 6351 6972 6424 6353 6871 6511 6144 6466 7036 6381 6328 6824 7055 6302 6999 6124 6301 6510 6916 6678 7174 6655 6439 6173 6405 6507 6842 6558 6205 6753 6514 6151 6557 7011 6958 6806 6722 6468 6406 6462 6270 6360 6141 6445 6707 6686 6566 6420 5688 6843 7187 6724 6183 6413 6516 6686 6281 6772 6519 6834 6481 6497 6659 6728 7186 6689 6533 6858 6528 6344 6517 6616 6892 6485 6397 6777 6730 6985 6963 6640 7196 6790 6530 6446 5933 6593 6393 6630 6617 6236 6672 6376 6279 6293 7018 6480 6174 6437 6475 6431 6974 6662 6088 6192 6887 6851 6303 6600 6828 6807 6332 6288 6923 6104 6002 6525 7172 6924 6601 6680 6891 6373 6463 6156 7136 6306 6736 6650 6496 6841 6937 6226 6971 6744 6410 6244 6383 7054 6700 6303 7092 6553 6531 6865 6466 5824 6527 6272 7086 6820 6319 6846 7362 6460 6404 6703 6833 6404 6579 7128 6444 5834 7321 6862
6256 6120 6498 5925 6108 6341 6594 6344 6035 6436 6364 6317 6007 6696 6455 5886 6388 6164 6578 6493 5862 6282 6896 6247 6436 6380 5343 6229 6572 6083 6626 6473 6508 6262 6341 6240 6230 6958 6593 6223 6440 6802 6169 5883 6421 6321 6448 6388 6141 6080 6134 6250 5773 5907 5981 6190 6129 6561 5976 6684 5957 6443 5813 5592 6105 6193 6092 6475 5755 5926 6267 6202 6264 6186 5895 6514 6414 6657 5945 6364 5753 6285 6414 6113 6270 6770 5983 5969 5620 5701 6120 6367 6123 6177 5873 6297 6448 5967 5990 5937 6837 6050 6002 6167 6683 6129 5966 5730 6077 6043 6169 6142 6409 6391 5884 5957 6264 6357 6382 6266 6141 5993 6282 5803 5922 6626 6203 6580 6161 6405 5795 6419 5990 6588 5861 6033 6326 6288 6033 6471 5618 6902 6287 6464 5620 5936 6354 6263 5908 6291 5590 6430 6001 6061 6607 6296 6510 6275 6148 6043 6206 5834 6146 5927 6338 6088 5915 6169 5751 6666 6528 6171 6433 6524 5993 6376 5702 6382 6281 6379 6254 6019 6141 6070 5718 6078 6302 6265 6062 5963 6366 6296 6739 6042 6006 6134 6085 6439 5727 6172 6871 6760 6118 5960 6452 5747 5656 6140 6600 6574 5840 6440 6347 6102 6363 5893 6440 6115 6467 6176 6087 6427 6252 6102 6425 6431 5895 5779 5961 6233 6330 5598 6751 6332 6270 6284 6015 5615 5795 6205 6550 6338 6440 6493 6914 6305 6507 6078 6249 6023 6023 6588 5711 5330 6497 6207
6403 6370 6547 6224 6006 6538 6636 6537 5644 6308 6335 6278 5861 6653 6306 6239 6548 6292 6358 6798 6228 6438 6876 6170 6439 6535 5610 6244 6605 6044 6561 6353 6565 6425 6459 6162 6336 6968 6928 6469 6477 6235 5979 6034 6214 5921 6377 6576 6284 6356 6499 6418 5912 5987 6012 6021 6585 6607 5578 6831 6027 6495 5752 5759 6259 6025 6149 6325 6016 6074 6317 6421 6406 6078 6018 6211 6644 6591 6318 6502 6176 6154 6338 6329 6199 7151 5929 6422 5691 5835 6475 6093 6020 6266 5806 6223 6573 6006 6003 6327 6944 6508 6088 6748 6667 5993 6443 6013 6007 5871 6415 6392 6812 6488 5814 5828 6112 6366 6523 6162 6459 6322 6539 6078 6103 6829 6649 6550 6042 6333 5946 6114 6041 6416 5896 6213 6358 6126 6166 6208 5618 6688 6787 6126 5788 6104 6480 5982 5993 6698 5934 6294 6141 6222 6393 6424 6335 6642 6452 6313 6478 6298 6094 6078 6559 6233 6367 6301 6167 6610 6436 6379 6519 6509 5773 6160 6045 6660 6385 6244 6589 6080 6210 6397 5802 6031 6451 6228 6593 6046 6212 6077 6771 6085 6153 6063 6252 5889 6063 6357 6599 7024 6209 6122 6303 5808 5864 6107 6524 6368 6020 6544 6609 6026 6041 5826 6518 6236 6387 6357 6431 6318 6428 6629 6510 6326 6076 6416 6033 6554 6348 6090 7004 6624 6862 6565 6084 5811 5853 6345 6390 6429 6609 6687 6948 6109 6023 6252 6438 6132 6033 6496 6042 5650 6642 6525
6415 6870 6660 6102 6088 6474 6638 6328 5718 6229 6618 6507 6308 6589 6098 5891 6492 5752 6326 6561 6182 6602 7130 6178 6703 6475 6173 6338 6518 5753 6581 6534 6556 6370 6187 6242 6331 6994 6601 6168 6577 6194 6175 6049 6622 6476 6654 6470 6476 6379 6201 6413 5639 5534 5890 6397 6601 6980 5740 7156 5943 6441 6371 6017 6133 6465 5811 6296 5765 6045 6423 6437 6511 6274 5813 6602 6484 6800 6232 6464 6101 6165 6100 6470 6467 6790 6088 6442 5626 5812 6280 6232 6098 6226 6418 5932 6491 6486 6054 5782 6715 6341 6387 6325 6925 6254 6229 5940 6049 6303 6332 6408 6549 6326 5841 6359 6316 6309 6290 6030 6011 6334 6535 5725 6234 6907 6579 6821 6436 6439 5974 6480 6176 6420 6262 6067 6198 6406 6147 6579 5344 6844 6856 6495 5890 6291 6236 6227 5762 6377 6134 6746 6218 6021 6438 6458 6539 6038 6143 6037 6336 6018 6285 6710 6555 6365 6018 6608 5996 6679 6951 6113 6543 6553 6119 6131 5713 6676 6370 6279 6673 5723 6282 6582 5757 6088 6646 6139 5934 6336 6157 6471 6772 6177 5975 6209 6716 6245 5905 6244 6666 6470 6096 6023 6501 5869 5853 6315 7254 6355 6128 6361 6531 6446 6379 6216 6674 5758 6520 6108 6070 6459 6957 6336 6628 6306 6086 6123 6093 6235 6415 5954 6868 6600 6631 6577 6133 5689 6135 6115 6798 6292 6167 6540 7278 6028 6337 6128 6419 6193 6089 6257 5916 5767 6799 6242
6401 6692 6578 6539 6467 6782 6943 6740 6080 6494 6385 6297 6113 6578 6798 6245 6758 6255 6696 6547 6165 6549 7302 6209 6510 6771 5714 6080 6366 6086 6700 6532 6528 6844 6363 6651 6616 7222 7023 6821 6622 6345 6492 6458 6519 6310 6592 6844 6742 6615 6491 6595 6106 5641 6197 6199 6457 7158 5983 6655 6379 6722 6149 6142 6250 6563 6265 6540 6075 6087 6820 6563 6634 6058 6066 6807 6613 6738 6353 6541 6373 6172 6705 6534 6502 7107 6128 6503 5934 6475 6268 6628 5994 6602 5976 6536 6490 6642 6343 6320 6808 6245 6327 6653 7038 6126 6223 6219 6414 6545 6461 6252 6961 6689 5960 6197 6575 6205 6604 6426 6844 6425 6504 6257 6134 6917 6454 6715 6359 6566 6131 6308 6170 6373 6403 6227 6647 6364 6126 6744 6102 6875 7220 6542 5903 5957 6544 6458 6056 6825 6168 6640 6083 6190 6616 6361 6377 6769 6396 6258 6636 6555 6483 6527 6196 6318 6380 6643 5999 6694 6661 6201 6793 6431 6187 6713 6075 6591 6434 6584 6852 6139 6542 6360 5872 6136 6609 6243 6499 6387 6363 6294 6820 6561 6107 6419 6639 6492 6249 6543 6348 7003 6029 6409 6521 6310 5921 6365 6957 6411 6377 6601 6805 6453 6294 5976 7018 6085 6998 6344 6579 6690 6655 6414 6741 6453 6238 6072 6624 6548 6859 6131 7200 6661 6531 6251 6272 5843 6178 6693 6850 6700 6814 6420 7226 6125 6537 6518 6324 6219 6113 6177 6313 5530 6889 6688
6245 6570 6608 6107 6172 6537 6897 6437 6088 6490 6370 6274 6040 6509 6424 6180 6669 6327 6598 6707 5895 6584 6981 6234 6610 6490 5730 6341 6591 5962 6719 6869 6517 6738 6255 6454 6232 6778 6889 6409 6549 6459 6434 5837 6592 6253 6566 6592 6620 6591 6529 6453 5753 5651 5883 6030 6751 6838 6055 6978 6370 6496 5851 6002 6168 6400 6077 6567 5804 5663 6756 6561 6496 5842 6013 6720 6427 6617 6356 6874 6141 6392 6544 6452 6220 6867 6307 6030 5758 5831 6385 6378 6268 6408 6121 6381 6793 6500 5925 6164 6852 6627 6321 6262 6607 6417 6461 5784 6109 6205 6300 6427 7038 6639 6338 6042 6132 6225 6485 6347 6466 6308 6226 6075 6078 6858 6719 6568 6580 6394 5934 6068 5967 6270 6292 6700 6499 6159 6081 6361 5570 6614 6994 6299 5695 6019 6167 6632 5974 6565 5975 6381 6102 6257 6831 6368 6390 6279 6466 6394 6522 6232 6279 6435 6507 6424 6373 6455 6313 6633 6617 6447 6553 6635 6293 6375 5838 6644 6508 6498 6517 5866 6200 6567 5977 5975 7025 6326 6270 6435 6106 6211 6723 6265 6019 6233 6485 6326 5721 6279 6717 6750 6027 6247 6538 6065 6162 6346 6800 6475 6232 6290 6384 6336 6227 5614 6667 5961 6739 6435 6452 6419 6537 6391 6666 6656 6149 6057 6160 6277 6393 6368 6858 6683 6436 6677 5951 5854 5799 6398 6411 6387 6455 6726 6957 5828 6261 6516 6654 6313 6162 6615 6315 5732 6556 6552
6647 6713 6244 6287 6588 6430 6851 6615 6161 6497 6646 6332 6352 6733 6673 6667 6668 6288 6573 6939 6295 6795 7014 6279 6708 6628 5725 6196 6618 6332 6598 7068 6408 6608 6351 6429 6453 7079 7124 6993 6691 6636 6291 6408 6596 6677 6659 6613 6592 6601 6766 6805 6155 5882 6284 6597 6588 7051 5884 6774 6214 6752 5886 6281 5962 6551 6096 6423 5862 6442 6736 6732 6722 6290 5930 6583 6697 7059 6368 6586 6141 6446 6221 6471 6990 7138 6279 6484 5966 6373 6132 6680 6315 6580 6384 6373 6637 6299 6453 6576 7191 6746 5980 6397 6779 6243 6362 6186 6298 6677 6587 6609 6933 6319 5907 6354 6658 6251 6540 6642 6525 6561 6603 5932 6131 6619 6566 7039 6617 6344 6392 6764 6202 6559 6221 6296 6705 6645 6225 6549 5755 7017 6834 6543 6411 6189 6565 6492 6163 6535 6525 6744 6304 6389 6657 6477 6307 6623 6331 6475 6599 6191 6189 6423 6460 6607 5985 6927 6211 6614 6629 6711 6614 6499 6404 6653 6081 6892 6181 6740 6607 6529 6255 6200 6284 6442 6376 6266 6359 6489 6423 6209 6830 6377 6404 6422 6672 6247 6069 6670 6700 7031 6380 6226 6844 6210 6061 6524 6935 6430 6411 6498 6491 6545 6503 6019 7148 6089 6906 6422 6303 6759 6665 6192 7100 6469 6285 6362 6314 6432 6631 6079 6745 7195 6374 6760 6167 5770 6317 6607 6635 6673 6485 6724 7256 6252 6578 6390 6183 6247 6450 6300 6078 5728 6903 6735
6917 6891 6622 6385 6618 6813 7086 6924 6473 6713 6684 6315 6392 7047 6852 6585 7097 6758 6878 6980 5947 6691 7179 6345 7164 6893 6055 6524 6797 6486 6998 6954 6522 7092 6474 6609 6776 7368 7379 6745 7240 6703 6674 6242 6649 6684 6794 6840 7028 7040 6645 6783 6239 6216 6630 6594 6960 7499 6192 7366 6629 6688 6297 6359 6203 7000 6362 6950 5919 6362 6585 6900 6902 6248 6074 7192 6968 7219 6730 6960 6273 6433 6760 6716 6873 7229 6652 6427 6254 6497 6486 6752 6206 6662 6380 6795 6919 6522 6477 6547 7109 7079 6951 6642 7386 6509 6655 6141 6534 6719 6656 6930 7317 6996 6112 6467 6426 6599 6908 6666 6304 6552 6814 6410 6722 7296 6573 6825 6736 6293 6744 6575 6491 6692 6307 6683 6875 6350 6563 6684 5922 7058 7023 7176 6145 6474 6830 6621 6426 6708 6294 6709 6885 6429 6835 6851 6745 7067 6781 6823 6854 6522 6464 6550 6862 6648 6418 6559 6443 7083 6899 6565 7139 6907 6290 7041 6082 7154 6520 6832 6876 6395 6385 6321 6622 6154 6706 6621 6647 6792 6492 6720 7203 6687 6380 6486 6792 6524 6301 6383 6703 6906 6427 6369 6890 6456 6413 6536 7116 6796 6400 6752 6692 6488 6510 5992 7181 6138 7178 6628 6553 6805 6770 6675 7035 6759 6293 6348 6658 6859 6973 6100 7043 6939 6905 7040 6334 5860 6526 6812 6911 6410 6656 6955 7278 6170 6763 6494 6646 6508 6575 6867 6126 6281 6976 6852
6743 6611 6572 6803 6480 6993 7095 6709 6149 6564 6552 6491 6160 6986 6421 6656 6729 6561 6691 6777 6571 6694 7095 6780 7026 6937 5994 6436 6607 6305 6860 6905 6572 6673 6542 6455 6695 7238 6961 6698 7290 6682 6550 6486 6739 6389 6883 6847 6445 7024 6487 6733 6225 6151 6232 6203 6511 6901 6317 7065 6488 6905 5899 5988 6353 6961 6352 6634 6055 6687 6483 6666 6380 6099 6074 6934 6751 6668 6334 6893 6036 6364 6660 6838 6660 6931 6431 6384 5916 6309 6337 6663 6397 6734 6582 6654 6632 6642 6363 6358 7250 6824 6644 6729 7256 6330 6382 6247 6478 6468 7018 6521 7100 6962 6422 6237 6539 6638 6929 6440 6367 6650 6864 6296 6017 7091 6591 6781 6492 6527 6505 6650 6316 6691 6098 6471 6839 6289 6313 6571 5966 7263 6858 6803 5939 6164 6734 6681 6012 6791 6318 6740 6189 6449 6891 6909 6852 6768 6172 6661 6978 6291 6393 6728 6878 6430 6336 6624 6405 6750 6783 6529 6546 6822 6263 6752 5877 6952 6660 6442 6590 6383 6907 6458 6500 6483 7043 6518 6414 6456 6878 6377 7082 6804 6775 6603 7115 6496 6462 6599 6914 6939 6829 6535 6703 6474 6046 6629 7315 6613 6688 6833 6900 6305 6337 6190 7367 6283 6930 6888 6549 6672 6961 6833 7013 6723 6362 6039 6552 6985 6891 6471 7210 6857 6997 6792 6665 5898 6134 6375 7010 6740 6801 7096 7571 6657 6480 6812 6553 6138 6515 6816 6358 6162 6889 6678
6812 6561 6883 6193 6268 6590 6932 6424 6237 6827 6148 6565 6113 6561 6425 6362 6866 5981 6854 6651 5903 6414 6811 6258 6804 6447 5803 6015 6832 6271 6738 6444 6527 6300 6078 6279 6677 7074 7080 6419 6740 6457 6374 6178 6293 6157 6282 6764 6583 6532 6475 6818 5776 5218 6138 6307 6848 7181 6040 6863 6240 6322 6042 6195 5993 6801 6195 6743 5987 6180 6557 6312 6409 6258 5876 6768 6476 6401 6071 6958 5913 6270 6494 6522 6435 6811 6086 6350 5888 6112 6301 6885 6043 6517 6329 6540 6759 6224 6268 6202 6895 6334 6536 6379 6792 6048 6245 6008 6471 6129 6406 6330 6765 6447 6215 6333 6325 6174 6120 6488 6701 6352 6442 5691 6290 6756 6862 6496 6175 6489 6233 6057 6191 6467 6254 6271 6536 6555 6087 6451 5912 6753 6927 6397 5749 6225 6503 6732 6416 6576 6368 6294 6306 6333 6771 6684 7035 6309 6428 6149 6649 6212 6439 6174 6370 6468 6311 6407 6221 6848 6594 6433 6737 6691 6340 6655 6006 6661 6234 6654 6518 6148 6043 6249 6138 6231 6151 6189 6380 6295 6360 6539 7080 6678 6483 6260 6692 6763 6336 6517 6550 6859 5867 6083 6994 6204 6002 6308 7020 6272 6276 6639 6643 6207 6366 5893 6718 6032 6874 6558 6102 6326 6365 6452 6319 6378 5913 6344 6180 6612 6729 6335 6971 6788 6222 6378 6068 5845 6508 6663 6697 6381 6728 6895 7116 6312 6516 6469 6375 6041 6016 6570 5808 5830 6466 6723
6609 5955 6616 6060 6231 6370 6671 6585 5880 6190 6396 6098 5844 6632 6375 6215 6181 6264 6238 6475 5776 6383 6522 6071 6307 6688 5613 6480 6693 5899 6454 6730 6182 6736 6281 6384 6262 6795 6562 6374 6530 6262 6136 5827 6484 6190 6426 6541 6412 6397 6315 6415 5883 5299 6053 6269 6521 6685 5591 7028 6068 6190 6121 5626 5903 6191 5493 6351 5701 5986 6418 6131 6312 6104 6024 6483 6169 6882 6520 6538 5849 5993 6216 6269 5982 6754 6435 6403 5949 5953 6127 6374 5991 6211 5922 6219 6298 6098 5943 6242 6633 6383 6229 6434 6533 5980 6246 6023 6057 5928 6597 6271 6737 6260 6038 5972 6063 6232 6176 6086 6262 6315 6591 5916 5993 6781 6556 6779 6481 6206 5886 6349 6031 6068 5970 6120 6508 6078 6294 6211 5751 6784 6586 6542 5868 6274 6550 6028 5711 6440 6099 5965 6069 6274 6627 6431 6499 6803 6034 6055 6418 5960 6125 6241 6278 6077 5886 6436 5813 6495 6533 6699 6514 6675 5745 6086 5874 6525 6222 6302 6022 5701 5749 6454 5991 6262 6637 6299 6076 6035 6256 6027 6706 6103 6162 5848 6310 6330 5994 6312 6459 6498 6135 5940 6346 5478 5796 5870 6705 6524 6225 6249 6330 6126 5796 5857 6568 6033 6429 6425 6142 6266 6675 6425 6444 5943 5907 5907 6174 6365 6649 5855 6372 6424 6657 6674 6120 5487 5851 6210 6338 6443 6534 6986 7082 6197 6224 6005 6340 6060 6079 6361 5919 5979 6592 6347
6757 6525 6738 6125 6084 6398 6915 6209 6165 6381 6266 6569 6182 6827 6445 6164 6569 6255 6561 6837 6419 6580 7056 6159 6537 6540 5774 6272 6313 5862 6672 6838 6496 6504 6344 6240 6552 7137 6873 6363 7103 6135 6222 6093 6533 6432 6604 6455 6451 6390 6330 6781 6049 5666 6166 6486 6582 6956 5702 7009 6152 6452 5924 6223 5932 6597 6218 6649 5858 6007 6634 6472 6620 5867 6156 6532 6719 6718 6409 6543 6159 6269 6376 6548 6423 7049 6270 6354 5759 6131 6387 6510 6101 6497 6188 6236 6645 6494 6239 6283 6830 6488 6147 6392 6756 6300 6416 6099 6138 6404 6203 6456 6834 6575 6241 6222 6262 6320 6288 6421 6522 6717 6460 5974 6278 7038 6673 6512 6352 6359 6126 6565 5936 6496 6033 6021 6695 6593 6257 6454 5472 6999 6720 6421 5782 6127 6312 6273 6253 6582 6229 6582 6299 6366 6437 6475 6249 6557 6454 6209 6673 6130 6409 6306 6521 6477 6561 6325 6207 6706 6712 6597 6430 6386 6190 6044 5911 6796 6285 6293 6346 6036 6308 6302 6083 6143 6452 6331 6403 6480 6327 6162 6835 6488 6157 6009 6584 6739 6056 6324 6601 6914 5984 6194 6478 6151 6191 6323 7026 6324 6322 6376 6592 6211 6572 5963 6617 5898 6725 6443 6386 6359 6398 6306 6906 6528 6333 6025 6275 6467 6800 6275 6933 6829 6234 6653 6078 5894 5983 6329 6689 6551 6501 6828 7412 6218 6400 6503 6612 6150 6303 6664 6384 5916 6858 6484
6779 6892 6555 6346 6531 6561 6828 6853 6460 6677 6617 6237 6046 6965 6598 6255 6574 6636 6618 6721 6142 6746 7009 6195 6774 6823 5749 6329 6964 6166 6708 6983 6623 6802 6389 6437 6357 6963 6872 6433 6831 6903 6883 6365 6676 6250 6567 6660 6718 6278 6627 6637 5878 6024 6341 6311 6565 6970 5659 6944 6170 6882 6125 6271 6272 6563 6201 6763 6446 6318 6655 6341 6443 6254 6380 6698 6869 6922 6726 6820 6335 6235 6534 6684 6696 6953 6458 6407 6125 6217 6189 6416 6339 6446 6266 6588 7033 6337 6351 6294 6949 6517 6466 6458 6909 6171 6700 6450 6289 6685 6362 6612 6806 6625 6061 6252 6553 6109 6425 6414 6449 6497 6488 5785 6254 6921 6874 6863 6757 6647 6473 6478 6327 6426 6053 6215 6349 6641 6471 6516 5719 7073 6657 6627 6186 6465 6659 6423 6469 6830 6393 6621 6161 6529 6638 6728 6538 6603 6114 6395 6706 6379 6095 6548 6546 6380 6376 6511 6291 6838 6812 6813 6713 6783 6483 7054 6217 6693 6296 6527 6588 6295 6183 6367 6268 6510 6434 6425 6321 6368 6590 6593 6878 6625 6067 6274 6394 6559 6170 6180 6708 7150 6338 6103 6997 6389 6056 6451 6756 6655 6463 6472 6550 6435 6385 5704 6773 6076 7002 6516 6480 6516 6447 6400 7071 6482 6332 6156 6219 6671 6618 6242 6969 6890 6759 6759 6359 5844 6388 6581 6698 6717 6524 6733 7258 6382 6449 6374 6509 6666 5914 6701 6256 6186 6925 6744
6275 6649 6331 6072 6253 6657 6790 6424 6094 6305 5948 6354 5927 6524 6491 6115 6553 6175 6400 6258 6091 6439 6855 6128 6596 6377 5681 6517 6481 5855 6670 6732 6248 6824 6231 6254 6426 6762 6700 6497 6318 6450 6487 6445 6422 6358 6418 6213 6594 6170 6469 6907 6000 5472 5921 6363 6298 6946 5636 6707 6239 6346 5843 6325 5788 6537 5991 6551 5762 5956 6215 6289 6309 6099 5800 6475 6169 6861 6190 6678 6174 5931 6753 5872 6163 6917 6350 6065 5932 6056 6327 6272 6129 6390 5926 6387 6609 6371 6330 6361 6897 6456 6403 6304 6427 6109 6376 6136 5930 6275 6034 5936 6926 6108 6193 6372 6385 5724 6204 6549 6126 6363 6321 5873 6209 6949 6688 6601 6252 6683 5919 6147 6217 6519 5716 6296 6519 6460 6230 6171 5766 6543 7111 6403 5552 6039 6511 6079 6002 6598 6202 6266 6195 6108 6602 6576 6261 6167 5994 6447 6349 6486 6405 6266 6192 6336 6471 6471 5839 6602 6658 6464 6334 6310 6284 6558 5706 6596 6355 6218 6444 5954 5943 6467 5896 6177 6616 6316 6158 6624 6520 6136 6581 6181 6092 5828 6423 6250 6252 6369 6704 6719 6094 6273 6354 6002 6013 6026 6588 6408 6300 6374 6297 6104 6154 5627 6622 6011 6986 6400 6283 6457 6350 6119 6715 6305 5951 6034 6378 6702 6519 5991 6919 6846 6491 6267 6015 5656 5909 6338 6784 6458 6455 6616 6961 6222 5985 6292 6059 6072 6097 6361 6210 5806 6716 6527
6600 6621 6841 6578 6920 7261 7133 6898 6313 6613 6830 6810 6195 6921 6866 6772 7038 6518 6723 6833 6376 6786 7160 6708 6963 6722 6177 6873 6615 6541 6993 6998 7186 7119 6896 6784 6910 7285 7279 6967 6789 6959 6529 6622 6793 6437 6876 6751 6638 6930 6828 6967 6364 6142 6315 6847 7163 7149 6291 6940 6518 6921 6354 6111 6643 7016 6455 6886 5993 6356 7055 6854 7302 6604 5985 6975 6938 7124 6586 6680 6496 6831 6785 7070 6610 7199 6171 6703 6376 6397 6641 6785 6333 6979 6271 6618 6825 6911 6248 6648 7325 6640 6499 6931 6949 6521 6485 6349 6576 6549 6738 6723 7069 6676 6432 6354 6571 6889 7024 6818 6281 6591 6782 6582 6533 7443 7131 6864 6947 6664 6470 6774 6373 7034 6534 6485 7087 6634 6645 6770 5968 7185 7542 6673 6225 6621 6624 6481 6244 7009 6587 6994 6258 6464 6955 6364 7266 6853 6414 6550 6865 6721 6436 6748 6752 6793 6443 6863 6522 6885 6780 6503 6829 6909 6200 6749 6079 7121 6596 6884 6850 6580 6588 6891 6304 6534 7334 6191 6562 6571 6515 6571 7358 6774 6622 6405 6895 6739 6797 7081 7103 6798 6616 6750 6926 6142 6326 6457 7228 6756 6648 6934 6743 6717 6606 6331 7319 6496 6869 6853 6796 7195 6941 6524 6995 7043 6209 6556 6623 7028 7088 6335 7452 6893 6979 6997 6538 6136 6334 6421 6780 6750 6834 6836 7649 6729 6780 6819 6545 6363 6580 6726 6183 5998 6883 6902
6376 6490 6487 6264 5945 6368 6768 6387 5821 6547 6452 6527 6127 6493 6451 6350 6557 6215 6570 6611 5905 6137 6696 5909 6651 6660 5473 6086 6491 6186 6614 6729 6100 6707 6096 6354 6492 7137 6786 6489 6405 6326 6473 5859 6163 6230 6476 6390 6564 6409 6354 6513 5635 5721 6000 6533 6453 7012 5839 6606 5958 6264 5727 5911 6057 6280 5735 6500 5511 5583 6289 6559 6460 5941 6221 6607 6153 6636 6136 6495 5982 5997 6256 6132 6403 6745 6042 6242 5508 5930 6378 6357 6313 6392 6179 6191 6389 6306 5775 6195 7197 6062 6335 6282 6606 5988 6058 5651 6147 6028 6522 6274 6814 6529 5911 6052 6163 6292 6150 6182 6118 6592 6352 5607 5816 6630 6672 6620 6340 6278 6100 6298 6007 6116 5923 6153 6221 6135 6165 6663 5736 6962 6633 6314 5832 6340 6327 6239 6101 6757 5927 6458 5832 6000 6349 6319 6227 6362 6230 6260 6502 6099 6482 6356 6496 6183 5968 6265 6216 6660 6593 5999 6491 6318 5901 6408 5935 6633 6198 6301 6276 5990 6363 6170 5749 6139 6349 6092 6184 6277 6014 6501 6928 6306 6035 6069 6639 6649 6027 6300 6312 6805 5723 5777 6429 5873 5796 6206 6864 6343 6072 6303 6469 6163 6211 5719 6855 5855 6663 6375 6081 6214 6371 6060 6574 6349 5732 6021 6355 6123 6265 5986 7006 6492 6437 6590 5943 5817 6130 6307 6746 6437 6252 6407 6985 5871 6133 6131 6311 6047 5955 6382 6173 5935 6529 6484
6053 6315 6194 5892 6047 6411 6461 6525 6037 6156 6309 6242 5601 6547 6336 6096 6125 6346 6170 6124 5892 6498 6595 5700 6473 5909 5550 6160 6516 5651 6736 6335 6335 6571 6055 6116 6308 6577 6757 6291 6321 6019 6149 5709 6175 5897 6393 6681 6281 6176 6608 6187 5579 5497 5965 6199 6223 6757 5655 6609 5929 6177 5776 5672 6051 6147 5861 6333 5623 6129 5972 5874 6257 5976 5852 6425 6189 6484 5904 6524 6276 5953 6262 6196 6246 6721 6126 6109 5830 5671 6018 6062 5731 6372 6028 6142 6302 6093 5883 6058 6739 6331 6159 6257 6483 5869 6087 5559 6138 5706 6402 6122 6199 6568 5944 5658 6407 6072 6123 6089 5959 6168 6090 5825 5825 6668 6455 6296 5916 5866 6047 5782 5648 6131 5758 6369 6715 5923 5815 5649 5743 6668 6636 6561 5872 6006 6101 5922 5665 6488 6081 5981 5931 6237 6318 5853 6508 6443 6165 6387 6530 6084 5722 6060 6041 5922 6193 6053 6187 6293 6230 6020 6486 6241 5887 6379 5590 6722 6318 6141 6140 5724 6006 5910 5725 6036 6222 5821 5905 5999 6039 6231 6410 6253 5907 6186 6419 5987 6101 6094 6248 6708 5773 5994 6212 5845 5861 6171 6540 6289 6077 6219 6153 6009 5846 5515 6685 5757 6371 6491 6198 6280 6158 5993 6414 6152 5820 5935 5821 6114 6670 5799 6604 6106 6449 6027 5931 5207 5867 5867 6277 6440 6056 6562 6584 5717 5986 6161 6039 5729 5608 6439 5756 5736 6514 6352
6439 6601 6428 6351 6780 6451 6733 6596 6272 6449 6406 6536 6058 6620 6727 6400 6770 6787 6897 6886 5891 6646 6681 6423 6664 6507 5376 6063 6746 6626 6788 6812 6766 6623 6133 6205 6779 6833 6952 6408 7012 6576 6401 6408 6515 6382 6987 6828 6630 6658 6741 6678 5912 5822 6369 6066 6602 7102 5960 6487 6399 6845 6147 6036 6256 6203 5961 6824 5750 6516 6467 6495 6475 6075 6005 6837 6992 6688 6318 6869 5980 6288 6785 6010 6537 6941 6168 6276 5949 6126 6164 6448 6182 6495 6128 6709 6974 6552 6422 6287 6987 6557 6707 6688 6800 6210 6174 5883 6553 6503 6662 6957 6739 6581 5830 6090 6507 6017 6589 6620 6753 6371 6601 6177 6127 6946 6717 6564 6260 6543 6288 6445 6234 6862 6288 6281 6608 6586 6254 6338 5992 7349 6955 6600 6197 6108 6450 6438 5859 6941 6288 6295 5857 6255 6880 6366 6559 6531 6479 6543 6791 6163 6240 6470 6680 6379 6316 6518 6082 6801 6701 6493 6937 6406 5884 7043 6148 6644 6702 6762 6506 6283 5927 6238 6265 6140 6650 6386 6332 6449 6694 6582 6580 6658 6094 6653 6920 6340 5951 6501 6546 6718 5925 6051 6762 6304 6260 6480 6765 6314 6559 6655 6537 6403 6275 6032 6899 5959 6773 6239 6519 6546 6563 6491 6862 6961 6173 6193 6285 6293 6861 6307 7066 6932 6399 6608 6314 5950 6109 6283 6799 6763 6483 6845 7052 6039 6652 6537 6746 6146 6195 6641 6038 6121 6394 6804
6486 6749 6512 6182 6165 6720 6855 6887 5890 6489 6616 6213 5931 6664 6425 6415 6729 6203 6401 6540 5995 6832 7038 6054 6579 6604 5531 6560 6519 6233 6694 6771 6694 6847 6149 6477 6458 7096 6818 6621 7008 6687 6515 6167 6448 6255 6538 6791 6448 6730 6301 6684 5848 5718 6310 6283 6694 6650 5926 6930 6233 6693 5864 5916 5979 6551 6289 6480 5743 6561 6348 6286 6325 5986 6253 6851 6529 6763 6534 6552 6119 6130 6515 6361 6453 6559 5967 6492 6014 6119 6055 6483 5935 6508 5945 6502 6663 6381 6506 6098 6839 6258 6369 6779 6758 6250 6388 6078 6302 6434 6445 6296 6852 6458 5976 6046 6058 6406 6567 6242 6391 6574 6629 6117 6087 6994 6198 6635 6285 6312 5795 6311 5873 6752 6186 6290 6440 6229 6185 6055 5829 6934 7049 6343 5676 6028 6283 6500 6088 6723 6140 6588 6061 6461 6529 6392 6287 6780 6490 6335 6586 6558 6585 6621 6360 6308 6371 6741 5987 6986 6866 5990 6517 6382 6158 6760 5996 6656 6375 6316 6731 6381 6120 6561 6217 6074 6715 6274 6306 6170 6514 6278 6708 6311 6133 6047 6120 6423 6367 6404 6579 6938 6203 6261 6427 6461 5823 5834 6888 6257 6443 6730 6512 6401 6208 6065 6776 5979 6479 6512 6214 6633 6578 6601 6783 6444 6242 6292 6309 6362 6496 6311 7003 6827 6315 6690 6041 5911 5805 6522 6581 6183 6454 6358 7441 6586 6032 6431 6163 5878 6218 6420 6055 5644 6821 6589
5939 6198 6072 6062 5975 5944 6392 6249 5327 6067 6059 6196 5691 6300 5878 6205 6160 6129 6422 6143 5619 6132 6511 5977 6152 5832 5518 5859 6170 5737 6455 6290 6120 6124 6024 5768 6650 6445 6160 5865 6569 6208 6112 5997 5844 5940 6104 6295 6191 6176 6183 6137 5256 5311 5760 6214 6154 6231 5366 6272 5886 6194 5713 5437 5683 5730 5519 5895 5782 5661 6034 6074 5849 5947 5653 6235 6353 6282 5820 6409 5650 5914 6132 5790 5767 6580 5917 5974 5711 5610 5782 5897 5628 6218 5791 5999 6285 5777 5672 6075 6286 6063 5971 6095 6325 5845 5793 5529 5756 5887 6076 5898 6527 5743 5672 5844 6240 5926 5738 5705 5941 6023 6343 5452 6031 6444 6438 6444 5962 5941 6140 5985 5750 5931 5597 5781 6077 6056 5739 5633 5333 6669 6359 5908 5443 5883 6002 6140 5663 6239 5820 5940 5779 5740 6062 5603 6008 6248 6041 6257 6354 5737 5763 5790 6230 5910 5798 6220 5770 6455 6253 6051 6160 6303 5874 6161 5549 6017 6114 6127 6142 5520 5778 5762 5554 5825 6185 5903 5584 5906 6033 5795 6522 5996 5730 5961 6308 5741 5644 5882 6328 6343 5364 5677 5995 5716 5349 5957 6286 5984 5901 6222 6022 6042 5788 5771 6329 5621 6061 5958 5716 6136 6154 5998 6389 6187 5795 5710 5748 6151 6387 5849 6214 5874 6159 6199 5889 5460 5695 5995 6256 6195 6026 6358 6573 5890 5887 6140 5849 5965 5590 6167 5519 5598 6421 6262
6621 6362 6718 6508 6170 6693 6987 6512 5942 6392 6683 6447 6170 6798 6602 6505 6578 6569 6780 6671 6079 6898 6695 5934 6836 6536 5664 6348 6811 6012 6730 6762 6559 6453 6176 6337 6492 6874 6977 6936 6711 6592 6336 6181 6761 5955 6780 6808 6425 6451 6338 6824 5666 5657 6028 6382 6979 7046 6000 6718 6164 6365 6027 6003 6249 6657 6215 6732 6010 6150 6762 6507 6585 5858 5850 6613 6738 6713 6194 6837 6171 6434 6427 6386 6513 7063 6254 6320 5755 6231 6395 6507 6232 6642 6246 6321 6802 6482 6109 6350 6995 6395 6293 6609 7001 6216 6530 5946 6062 6469 6771 6443 6629 6504 6304 6217 6411 6383 6563 6173 6767 6443 6721 6102 6025 6919 6509 6647 6415 6540 6198 6260 6019 6461 5910 6296 6723 6451 5945 6624 6077 7122 6860 6428 5997 6434 6603 6323 6092 6871 5885 6448 6098 6453 6736 6277 6642 6927 6225 6257 6694 6312 6300 6489 6546 6570 6342 6590 6081 6773 6733 6100 6761 7004 6295 6318 6187 6391 6718 6376 6677 6091 6524 6408 5974 6104 6749 6211 6472 6447 6360 6356 6810 6446 5945 6242 6473 6660 6121 6186 6488 6825 6042 6266 6196 5998 6178 6280 7047 6598 6570 6672 6552 6290 6400 5977 6666 6048 6354 6511 6355 6599 6818 6264 6612 6490 6373 5876 6453 6566 6811 5962 6986 6806 6526 6661 5981 5793 6015 6322 6538 6710 6329 6547 7084 6378 6380 6522 6385 6286 5788 6830 6226 5959 6928 6815
6774 6664 6692 6197 6255 6600 6746 6566 6017 6432 6176 6226 6164 6570 6330 6208 6464 6335 6320 6312 6114 6633 6827 6212 6363 6522 5604 6203 6629 6103 6615 6841 6504 6292 6029 6860 6187 6554 7025 6440 6698 6266 6408 5980 6727 5923 6635 6572 6433 6486 6506 6353 5914 5777 6116 5823 6314 6825 5797 6699 6498 6715 6268 6137 6201 6707 5979 6577 5652 6066 6590 6460 6559 6079 5976 6531 6570 6707 6348 6499 6325 6122 6190 6388 6084 6744 6240 6156 5543 5919 6245 6249 6128 6508 6100 6333 6577 6238 6037 6303 7051 6395 5956 6560 7017 6228 6311 5950 6112 6224 6454 6700 6711 6643 6228 6045 6348 6398 6466 6277 6204 6243 6268 5947 6341 6569 6458 6526 6359 6316 5639 6147 5727 6451 5890 6307 6236 5928 5709 6473 5561 6793 6771 6774 6127 6118 6237 6177 6174 6408 6083 6741 6280 6183 6423 6602 6649 6203 5845 6299 6671 6183 6144 6275 6502 6291 6271 6312 6265 6728 6438 6237 6592 6440 6046 6350 5756 6715 6333 6366 6860 5967 6367 6178 5886 6008 6442 6273 6353 6534 6138 6517 6715 6569 5764 6022 6609 6587 5818 6288 6570 6655 5868 6251 6667 6076 5788 6134 6737 6368 6113 6545 6546 6274 6293 5715 6832 6101 6576 6453 6347 6250 6586 6359 6623 6450 6132 5887 6138 6735 6632 6275 6674 6794 6342 6659 6050 5751 6040 6414 6721 6407 6487 6855 7011 6181 6523 6006 6435 6122 5982 6676 5785 5795 6530 6263
6406 6453 6366 5868 6253 6477 6866 6490 6089 6129 6371 6362 5990 6428 6557 6175 6598 6374 6507 6597 5864 6372 6849 5968 6670 6177 5586 6363 6387 6031 6271 6703 6234 6310 6146 6534 6136 7068 6923 6328 6462 6575 6441 6221 6308 6063 6564 6640 6572 6272 6373 6066 5765 5429 6159 6115 6343 6714 5768 6655 6352 6460 5808 5774 6340 6078 5783 6497 5951 5870 6308 6385 6555 5942 5934 6773 6342 6597 5950 6794 6182 6130 6070 6126 6345 6964 6255 5981 5820 6047 6272 6310 6432 6575 6002 6199 6655 6390 6159 6413 6855 6625 6336 6441 6663 5894 6386 5776 5955 6141 6322 6007 6707 6336 6185 6454 6277 6181 6283 5970 5940 6192 6537 5850 6038 6385 6258 6389 5885 6202 6061 6205 5903 6484 5871 6262 6368 6104 5848 6186 5622 6576 6561 6482 5875 6048 6130 6505 6114 6891 6243 6248 6161 6230 6318 6209 6511 6538 5981 6095 6534 6058 5934 6249 6524 6583 5974 6345 6002 6868 6528 6206 6691 6721 6093 6628 5906 6820 6498 6225 6346 5986 5942 6155 5838 6151 6406 6363 6228 6425 6423 6316 6465 6664 6229 6120 6549 6409 5800 6289 6198 6741 6055 6047 6545 6183 5851 6375 6612 6637 6269 6353 6747 6512 6130 5608 6569 5883 6736 6288 6107 6176 6311 6503 6341 6079 5988 5948 6147 6381 6383 5935 6967 6662 6197 6538 6008 5440 6107 6207 6429 6554 6250 6775 6894 6166 6340 6086 6155 6109 6037 6515 5669 5445 6715 6594
6821 6983 6682 6476 6725 6700 7034 6922 6362 6602 6463 6750 6729 6750 6415 6609 6504 6384 6783 6887 6302 6516 7230 6474 6601 6588 5814 6383 6975 6325 6933 7106 6923 6874 6579 6575 6616 7119 7361 6761 7175 6755 6659 6210 6689 6280 6902 6925 6871 6536 6609 6702 6077 5709 6312 6546 7002 6908 5651 6826 6580 6965 6424 6593 6251 6456 6454 6805 6149 6370 6764 6906 6639 6216 6160 6814 6685 6766 6820 6829 6323 6566 6407 6773 6903 6844 6360 6650 5910 6327 6698 6832 6149 6517 6244 6579 7114 6439 6210 6472 6982 6669 6808 6635 7389 6063 6629 6107 6207 6462 6673 6744 7307 6596 6166 6659 6368 6778 6706 6647 6632 6859 6967 6311 6291 7028 6616 6884 6544 6805 6496 6483 6471 6756 6417 6712 6832 6590 6230 6771 6076 7082 7167 6652 6428 6604 6204 6539 6327 6375 6491 6652 6315 6599 6942 6874 6587 6853 6335 6602 6820 6368 6561 6527 6884 6824 6365 6755 6570 6826 7033 6577 6936 6987 6344 6476 6416 6760 6550 6647 6850 6441 6455 6710 6084 6388 6847 6390 6531 6693 6350 6445 6777 6595 5932 6199 6654 6645 6547 6758 6720 7319 6569 6444 6797 6191 6460 6568 6996 6727 6599 6841 6806 6487 6661 6225 7106 6263 6764 6550 6781 6518 6671 6769 6998 6613 6469 6318 6771 6719 7079 6180 7470 7245 6621 6877 6587 5970 6421 6384 6981 6820 6804 6921 7476 6431 6741 6580 6627 6198 6390 6716 6320 6117 7074 7034
6354 6449 6492 6241 6370 6487 6892 6829 6153 6355 6467 6360 6126 6621 6470 6545 6525 6507 6734 6767 6158 6602 7052 6223 6732 6408 5976 6156 6588 6129 6622 6979 6769 6692 6325 6765 6298 6666 6980 6482 6804 6423 6406 5918 6471 6154 6417 6810 6709 6457 6631 6482 6012 5862 6228 6343 6617 6955 6204 7052 6166 6624 6139 6096 6552 6513 6213 6431 5667 6231 6845 6206 6642 6149 5969 6492 6828 6521 6234 6453 6200 6266 6487 6656 6317 7043 6318 6468 5874 6123 6146 6725 6178 6658 6033 6705 6659 6355 6458 6273 6928 6702 6300 6415 6733 6302 6544 5989 6211 6347 6599 6515 6967 6721 6061 6164 6410 6425 6528 6549 6431 6189 6624 6227 6346 6801 6688 6689 6682 6005 6356 6206 6239 6627 6030 6695 6865 6069 6178 6529 5662 6725 7138 6550 5877 6091 6319 6339 6197 6531 6102 6693 6255 6336 6971 6759 6692 6380 6661 6550 6501 6331 6637 6315 6598 6333 6228 6242 6349 6976 6977 6348 6679 6497 6114 6619 5838 6471 6378 6698 6259 6173 6289 6137 6002 5895 6820 6108 6496 6384 6602 6331 6688 6360 6031 6283 6672 6612 6201 6504 6566 6938 5985 6369 6610 5995 6068 6376 6783 6537 6402 6693 6673 6054 6206 5963 6564 6070 6591 6349 6466 6621 6404 6464 6808 6723 6015 5879 6232 6598 6862 6012 6951 6666 6468 6869 6367 5686 6230 6273 6863 6415 6272 6512 7117 6152 6635 6292 6573 6449 6176 6698 5921 6099 6729 6625
6537 6655 6657 6204 6700 6688 6606 6698 6099 6490 6378 6638 6008 6909 6420 6319 6464 6322 6731 6796 6044 6618 6801 6211 6628 6379 5635 6340 7011 6603 6723 6812 6603 6852 6400 6627 6743 7162 7195 6457 6675 6485 6396 6064 6477 6299 6695 6816 6482 6586 6809 6507 5706 6037 6182 6151 6927 6879 6057 6960 6166 6617 6339 5902 6155 6303 6005 6388 5738 6369 6782 6187 6544 6288 6022 6613 6708 6699 6420 6734 6114 6544 6427 6560 6366 7038 6099 6412 5958 6146 6672 6429 6073 6353 6250 6235 6884 6526 6191 6173 6990 6639 6604 6768 6633 6107 6633 5965 5871 6107 6485 6715 6982 6577 5932 6119 6393 6193 6147 6466 6439 6370 6756 5940 6235 7096 6697 6394 6379 6486 6374 6125 6251 6586 6352 6520 6633 6112 6298 6382 5539 7037 6828 6697 6281 6194 6373 6365 6296 6640 6591 6329 6102 6701 6533 6422 6675 6485 6283 6570 6689 6465 6354 6291 6764 6207 6263 6585 6635 6873 6849 6506 6517 6585 6106 6531 5930 7218 6857 6363 6420 6176 6314 6515 5943 6270 6482 6496 6447 6268 6260 6494 6639 6296 6172 6135 6629 6266 6054 6423 6765 6803 6079 6333 6860 6172 6468 6456 6842 6440 6748 6602 6281 6390 5940 6119 6884 6114 6698 6513 6158 6504 6649 6707 6688 6629 6077 5960 5854 6248 6494 5995 6818 6879 6771 6873 6202 6003 6048 6154 6608 6488 6382 6564 7056 6596 6361 6459 6423 6079 5980 6510 5942 5996 6588 6645
6615 6643 6769 5990 6268 6286 6754 7059 5939 6489 6353 6492 5935 6825 6345 6477 6502 6356 6377 6653 5912 6468 7147 6059 6690 6777 5599 6326 6508 6234 6395 6393 6478 6578 6631 6433 6387 6845 6930 6192 6662 6513 6178 6409 6547 6476 6688 6672 6645 6147 6101 6558 6099 5662 5864 6327 6736 6924 5674 6897 6349 6450 6052 6073 5700 6321 5612 6433 5556 6174 6400 6553 6477 5990 5925 6510 6574 6913 6122 6935 6098 6211 6151 6476 6420 6762 6518 6377 5714 6034 6197 6280 6029 6291 6595 6354 6739 6362 6438 6137 6963 6324 6376 6475 7008 6183 6253 6168 6037 6287 6465 6294 6894 6433 6019 5892 6424 6324 6606 5863 6467 6637 6706 6039 6344 6524 6830 6806 5996 6273 6397 6354 6117 6503 6207 6185 6584 6403 5970 6281 5634 6883 6955 6591 6039 6129 6727 6207 6055 6635 6166 6422 6299 6446 6697 6462 6830 6537 6141 6220 6604 5985 6074 6536 6495 6442 6273 6495 6005 6600 6811 6348 6874 6476 6226 6662 6135 6763 6587 6637 6451 6199 6151 6309 6233 6278 6368 6095 6220 6413 6426 6672 7095 6503 5921 6280 6743 6317 6384 6522 6493 6825 6302 6059 6459 6012 5823 6193 7027 6514 6312 6333 6575 6541 6123 6094 7006 5961 6875 6371 6265 6355 6839 6501 6790 6545 5975 5973 6369 6335 6921 6197 7081 6518 6440 6905 6216 5935 6426 6288 6833 6500 6317 6463 7092 6219 6276 6333 6654 6179 6211 6315 6025 5992 6480 6752
6764 6946 6782 6249 6205 6731 6917 6975 6096 6596 6723 6526 6350 6883 6739 6731 6844 6262 6912 6752 6317 6943 7411 6541 6666 6882 5982 6503 6980 6289 6950 7245 6883 6796 6277 6893 6683 7263 7260 6547 6949 6873 6456 6125 6609 6544 6777 7002 6634 6621 6714 6549 6261 6042 6201 6390 6948 7151 5934 7186 6223 7038 6050 6427 6254 6740 6201 6526 5896 6506 6706 6420 6632 6265 6350 6945 6846 7025 6698 7020 6277 6440 6621 6408 6328 7003 6521 6727 6030 6052 6372 6508 6181 6519 6657 6541 6686 6580 6265 6350 7298 6675 6545 6600 6889 6407 6629 6099 6188 6380 6855 6566 7143 6514 6387 6483 6353 6624 6843 6702 6409 6660 7017 6012 6566 6848 6763 6789 6545 6660 6739 6806 6331 6677 6356 6588 6739 6429 6071 6589 5727 7094 7080 6782 6114 6486 6433 6598 6376 6951 6430 6683 6150 6825 6999 6552 6916 6431 6496 6794 6744 6639 6381 6670 6874 6390 6293 6856 6355 7265 7177 6733 6625 6459 6117 6678 6312 6896 6920 6727 6895 6309 6485 6542 6255 6271 6564 6632 6482 6711 6619 6662 6697 6685 6288 6323 6880 6882 6333 6336 6788 7138 6235 6520 6835 6647 6145 6414 7289 6757 6427 6840 6776 6507 6624 6081 6682 6380 6764 6509 6580 6790 6684 6735 6957 6720 6252 6291 6523 6558 7081 6175 7014 6747 6745 6898 6322 5921 6196 6531 7179 6669 6793 6946 7524 6423 6653 6437 6518 6170 6488 6610 6174 6418 6896 6583
6380 6897 6748 6538 6561 6609 6774 6696 5629 6623 6498 6286 6264 6666 6400 6391 7015 6701 6463 6377 6160 6454 7364 6549 6647 6865 5627 6354 6574 6412 6660 6706 6643 6990 6570 6571 6940 6919 6844 6669 6868 6687 6496 6234 6678 6430 6880 6865 6359 6519 6605 6552 5910 6003 6411 6368 6613 6682 5889 6726 6576 6674 5941 5894 6161 6475 6060 6593 5721 6169 6489 6423 6730 6040 6063 6768 6609 6900 6290 6837 5992 6179 6523 6339 6491 7013 6394 6568 5918 6139 6129 6466 5796 6753 6485 6354 6589 6358 6327 6190 7148 6332 6797 6353 6983 6534 6403 5774 5963 6399 6774 6510 7032 6445 6259 6112 6297 6371 7093 6435 6088 6719 6667 6087 6617 7013 6766 6610 6466 6414 6283 6265 6378 6231 5772 6703 6409 6327 6172 6458 5551 6903 6996 6504 6055 6011 6820 6661 6280 6584 6150 6927 6414 6283 6509 6626 6877 6679 6255 6591 6903 6204 6209 6417 6823 6012 6106 6785 6290 6902 6845 6015 6943 6641 6228 6345 5748 7070 6481 6585 6413 6035 6694 6549 6085 6251 6791 6490 6085 6710 6183 6255 6778 6540 6170 6463 6655 6581 6357 6299 6727 6781 6190 6414 6568 6149 5973 6234 7190 6633 6492 6538 6627 6496 6368 6050 6919 5888 6857 6468 6079 6675 7065 6138 7042 6732 6217 6330 6414 6615 6468 6098 6873 6446 6828 6839 6345 5620 6062 6587 7012 6598 6588 6575 7122 6280 6190 6357 6482 6083 6250 6470 6017 5869 6897 6616
6532 6537 6518 6372 6324 6559 6908 6770 5987 6493 6290 6491 5969 6902 6669 6555 6413 6483 7046 6582 6127 6714 7150 6115 7144 6252 6201 6588 6589 6077 6868 6651 6613 6527 6125 6132 6606 7102 6683 6257 6636 6601 6434 6344 6439 6263 6253 6823 6961 6323 6195 6411 5778 5793 6198 6336 6295 6890 5953 6800 6105 6618 6059 6064 5830 6171 6187 6754 5988 6051 6249 6491 6267 6205 5902 6781 6927 6608 6265 6579 6223 6382 6616 6514 6458 6928 6212 6501 5816 6051 6529 6550 6112 6363 6172 6512 6749 6281 6283 6294 6725 6470 6596 6436 6924 6146 6258 6015 6014 6412 6524 6391 7015 6422 6186 6449 6189 6344 6592 6214 6666 6141 6839 6071 6296 6860 6498 6429 6287 6438 6337 6467 6155 6377 5981 6209 6544 6253 6290 6516 5954 6706 6905 6516 6087 6145 6238 6582 5844 6494 6457 6267 6149 6357 6754 6422 6472 6635 6118 6240 6619 6258 6149 6535 6258 6410 6286 6553 6086 6914 6778 6360 6628 6412 5781 6803 5707 6678 6558 6286 6615 6095 5985 6371 5980 6163 6625 6103 6405 6424 6396 6484 6741 6683 6290 6391 6509 6332 6198 6549 6667 6553 6307 6270 6740 6065 6182 6731 6978 6392 6585 6691 6729 6346 6245 6012 6648 6204 6740 6327 6315 6455 6554 6382 6741 6391 6271 6098 6581 6376 6796 5993 7217 6555 6507 6415 6293 5807 6371 6354 6745 6494 6477 6774 7262 6160 6362 6381 6695 6243 6411 6344 5799 5718 6786 6571
6377 6643 6633 6678 6359 6561 6921 6885 6088 6496 6473 6533 6492 7018 6235 6339 6687 6181 6771 6749 6049 6653 6564 6437 6631 6615 5794 6596 6537 5833 6836 6668 6786 6844 6360 6458 6843 6914 7027 6383 7072 6435 6420 6296 6447 6446 6866 6780 6481 6675 6333 6850 5981 5940 6227 6210 6343 7115 5673 6915 6311 6631 6320 6147 6441 6519 6115 6711 5934 6440 6522 6608 6478 6334 6192 6823 6639 6900 6478 6869 6215 6375 6512 6280 6450 6926 6293 6432 5957 5846 6331 6430 6243 6319 6089 6541 6756 6295 6025 6344 7153 6518 6406 6423 6991 6256 6334 6167 6126 6159 6400 6654 6936 6661 6094 6446 6430 6134 6598 6326 6266 6449 6660 6048 5716 6991 6610 6822 6587 6518 6326 6770 6113 6691 6122 6381 6621 6195 5814 6239 5977 7198 6888 6374 6002 6313 6678 6401 6043 6690 6082 6369 6378 6323 6748 6792 6703 6315 6610 6425 6478 6234 6253 6479 6601 6304 6568 6432 6003 6681 6849 6468 6802 6825 6299 6534 5960 6596 6359 6360 6485 5882 6280 6432 5924 6465 6707 6309 6096 6339 6629 6323 6898 6403 6188 6195 6552 6450 6403 6329 6668 6836 6143 6201 6511 5928 6098 6499 6992 6745 6223 6739 6375 6196 6365 6128 7163 6197 6676 6482 6362 6492 6668 6604 6547 6428 6134 6071 6173 6660 6653 6163 7020 6766 6486 6748 6396 5603 6025 6385 6789 6260 6369 6886 7177 6294 6385 6196 6753 6104 6040 6917 5952 5894 6729 6625
6584 6584 6585 6552 6468 6561 7151 6882 5966 6825 6719 6458 6277 6790 6894 6359 6939 6631 6554 6772 6418 6555 7379 6689 6886 6466 5972 6255 6587 6182 6821 6640 6646 6812 6622 6683 6539 6857 6927 6687 6755 6607 6412 6543 6638 6311 6672 6640 6168 6570 6653 6378 6251 5865 6431 6263 6707 7143 5805 6899 6388 6763 5829 6259 6219 6769 6447 6412 5781 6382 6486 6469 6447 6009 5843 6647 6689 6963 6393 6727 6224 6216 6537 6163 6642 7153 6414 6491 5657 6135 6400 6274 6072 6415 6372 6451 6822 6319 6376 6275 7189 6697 6491 6565 6904 6199 6506 5995 6477 6621 6555 6527 6886 6393 5964 6210 6299 6245 6458 6512 6374 6314 6604 5873 6183 7148 6589 6959 6429 6303 6241 6421 6239 6527 6396 6375 6634 6472 6359 6300 5865 7055 6690 6440 5959 6453 6862 6713 6088 6548 6431 6285 6144 6335 6663 6344 6739 6408 6442 6540 6285 6305 6446 6682 6826 6454 6228 6948 6026 6735 6672 6757 6679 6537 6093 6544 6317 6638 6665 6449 6446 5906 6289 6626 6200 6124 6775 6463 6374 6510 6711 6600 6881 6436 6250 6459 7047 6405 6004 6665 6698 6934 6322 6100 6904 6028 6129 6361 7202 6383 6751 6271 6410 6350 6461 5974 7009 6180 6682 6543 6145 6286 6583 6516 7182 6470 6320 6416 6325 6202 6567 6298 7046 6661 6610 6582 6204 5527 6002 6110 6697 6671 6503 6727 7398 6317 6642 6496 6351 6142 6227 6364 5888 6034 6748 6765
6185 6649 6366 6296 6301 6126 6565 6342 5982 6318 6188 5828 5999 6760 6135 6122 6568 6169 6384 6725 6121 6510 6939 6017 6780 6199 5550 6145 6140 5909 6753 6551 6199 6449 6125 6010 6547 7103 6752 6339 6839 6168 6088 6055 6508 5987 6629 6397 6492 6417 6534 6609 5879 5635 6135 6304 6581 6543 6030 6685 6390 6613 5766 6101 6042 6070 5872 6571 5729 6390 6189 6581 6016 5928 5846 6481 6799 6504 6241 6835 6278 6401 6436 6208 6501 6888 6467 6468 5614 5900 6283 6496 5793 6363 6021 6229 6329 6258 6366 5905 6670 6457 6268 6075 6693 6140 5863 5752 6081 6407 6479 6403 7071 6437 5772 6184 6357 6516 6386 6400 6595 6570 6293 6020 5862 6946 6120 6481 6233 6219 5999 6048 6304 6432 6101 6233 6452 6226 6143 6059 5653 6710 7005 6290 5866 6064 6158 6017 5743 6746 6082 6429 5860 6127 6899 6597 6302 6336 6117 5998 6555 6125 6184 6470 6178 5932 6196 6643 6071 6591 6777 6611 6176 6393 6140 6391 5809 6622 6369 6369 6450 5674 6044 5900 5985 6015 6076 6053 6033 6322 6280 6069 6417 6285 6272 6141 6936 6082 6185 5997 6225 6818 6180 6478 6630 6113 5935 6373 6791 6129 6257 6413 6517 6325 6245 6086 6625 6003 6665 6100 6289 6629 6087 6133 7010 6191 6121 5962 5876 6365 6681 5949 6579 6576 6203 6490 5859 5839 5884 6470 6609 6143 6295 6359 7056 6010 6607 6572 6302 6054 5947 6517 6080 5675 6544 6686
6838 6678 6930 6659 6556 6837 7237 7094 6285 6742 6946 6673 6327 7223 6595 6518 6788 6670 7048 6897 6516 6872 7307 6506 6697 7209 5651 6661 7035 6571 6701 6852 7024 6893 6542 6871 6938 7322 7221 6796 7192 7011 6376 6513 6835 6696 7056 7236 7135 6756 6444 6807 6283 6027 6354 6307 6887 7130 6228 7202 6783 7087 6396 6245 6704 6812 6491 6994 6196 6574 6650 6911 6761 6244 6548 7104 6902 7175 6863 7169 6582 6446 6895 6743 6849 7308 6348 6817 6118 6576 6591 6736 6654 6736 6718 6527 6819 6567 6539 6219 7444 6789 6604 6819 7658 6592 6846 6422 6692 6466 6990 6845 7145 6930 6745 6322 6634 6751 6964 6736 6422 6694 6870 6358 6547 7257 6967 7245 6628 6629 6425 6759 6435 7127 6622 6493 6832 6651 6281 6479 6015 7275 7294 6899 6216 6166 6880 6820 6280 7028 6657 7034 6382 6579 6896 6862 6784 6806 6785 6591 6898 6440 6177 6944 7061 6595 6396 6743 6398 7127 6969 7005 7183 6707 6447 6871 6257 7220 6952 7191 6930 6599 6650 6683 6447 6415 6897 6578 6467 6576 6782 6905 7397 7007 6568 6681 7057 6712 6451 6807 7052 7146 6616 6438 7062 6584 6329 6493 7341 6882 6853 6951 7051 6750 6714 6154 7205 6287 6990 6894 7054 6692 6829 6865 6929 6950 6312 6567 6596 6822 7071 6351 6985 6957 7152 6931 6572 6010 6299 6901 7108 6628 7026 7172 7832 6732 6675 6646 6929 6440 6859 6757 6278 5849 6877 6822
6446 6947 6394 6122 6000 6634 6609 6661 5638 6130 6104 6107 6289 6665 6107 6241 6318 6117 6316 6544 6174 6656 6766 6295 6718 6431 5954 6240 6358 6055 6409 6934 6605 6970 6092 6150 6364 6968 6753 6177 6533 6194 6341 5876 6414 6009 6683 6774 6937 6180 6560 6546 5798 5685 6182 6297 6053 6760 5720 6761 6125 6364 5912 6122 6169 6101 6083 6366 5745 6243 6422 6375 6629 6157 6179 6207 6701 6495 6273 6633 6234 6011 6441 6443 6494 6883 6437 6147 5687 5748 6231 6537 6273 6246 6135 6271 6492 6447 6055 6213 6796 6474 6448 6454 6504 5933 6103 6100 5991 6074 6442 6376 7064 6184 6054 6261 6338 6099 6378 5970 6165 6455 6381 6123 6164 6684 6761 6400 6254 6544 6183 6320 5985 6472 5557 6283 6463 6053 5919 6299 5911 6691 6934 6570 6003 5998 6278 6205 6104 6373 6257 6561 6021 6408 6330 6380 6142 6541 6112 6421 6645 6016 6053 6553 6373 6242 6179 6261 6152 6436 6759 6399 6646 6354 6252 6621 5876 6550 6112 6632 6391 6196 6093 6373 5839 6015 6864 6509 6073 6240 6352 5916 6693 6253 6064 6411 6404 6245 6333 6091 6605 6728 6055 6233 6392 5812 6009 6123 6887 6317 6164 6538 6620 6213 6272 5660 6729 6124 6895 6444 6075 6401 6455 6459 6442 6065 6205 6066 6381 6509 6566 6152 6717 6805 6441 6669 6044 5155 5808 6469 6645 6162 5896 6602 7222 5906 6060 6436 6391 6167 5830 6444 6065 5938 6683 6126
6279 6461 6163 6331 5834 6215 6617 6328 6005 6430 6117 6558 6204 6420 6278 6365 6263 6144 6315 6382 5857 6473 6959 6161 6566 6595 5433 6041 6454 5878 6793 6429 6415 6488 6125 6233 6424 6860 6403 6262 6814 6670 6255 6136 6408 6100 6373 6173 6679 6419 6334 6338 5661 5229 6217 6147 6384 6712 5672 6890 6186 6676 5976 6122 5875 6272 6257 6298 6051 6235 6491 6417 5923 6015 5752 6464 6236 6856 6128 6634 5798 6063 6206 6382 6330 6721 5937 5948 5631 5797 6424 6387 6107 6249 5949 6053 6620 6286 6119 5994 6837 6584 6212 6327 6708 6165 5969 5868 6207 6180 6495 6204 6589 6307 5960 6180 6306 6231 6261 6196 6035 6198 6444 6049 6053 6911 6466 6407 6342 6100 6076 6024 5813 6404 5794 5976 6717 6464 6079 6038 5774 6709 6635 6253 5763 6129 6049 6604 6089 6594 5794 6442 5871 6366 6442 6268 6390 6485 6245 6225 6339 6545 5880 6066 6530 6313 5973 6378 6132 7125 6789 5954 6470 6411 5811 6137 5804 6712 6394 6130 6237 5824 6077 6134 5500 6276 6662 6201 6363 6034 5882 6220 6548 6272 6006 6234 6426 6491 5891 6169 6531 6766 5931 6078 6360 5820 5877 6063 6828 6220 6208 6361 6319 6242 6214 5942 6740 5912 6525 6286 6289 6361 6150 6325 6285 6304 5966 6148 6425 6339 6686 6029 6691 6600 6414 6248 5945 5683 5969 6217 6637 6249 6516 6701 7008 5888 6349 6541 6008 5960 5869 6467 5930 5692 6636 6240
6260 6391 6200 6118 6124 6266 6472 6557 5902 5957 6285 6230 5968 6394 6129 6271 6170 6066 6054 6881 5744 6249 6788 5875 6404 6300 5524 6230 6521 5934 6641 6435 5883 6361 6380 6106 6238 6666 6556 6675 6335 6083 6261 5786 6207 5798 6333 6523 6302 6319 6199 6785 5716 5634 5961 6169 6221 6658 5824 6846 6076 6160 5844 5810 5872 6071 6056 6368 5755 5990 6073 6229 6345 5718 5811 6360 6318 6316 6284 6403 6144 5874 6320 6091 6197 6358 6001 6133 5435 5961 6252 6099 5870 6367 5755 6530 6545 6233 6228 6050 6360 6308 6143 6190 6852 5994 6011 5757 5701 6015 6303 6381 6721 6294 5676 6254 6041 6031 6170 5891 6151 6033 6314 5800 6173 6675 6256 6293 6126 6152 5663 5979 6144 6296 5820 5981 6362 6063 6081 5909 5550 6653 6633 6087 6015 6281 6090 5969 5682 6296 6123 6034 6167 5876 6380 6065 6134 6778 6187 5920 6417 6242 6087 6045 6043 6121 5794 6141 5800 6555 6459 6091 6280 6292 5614 6289 5747 6542 6372 6092 6112 5557 6032 6067 5775 5724 6340 6267 5935 5875 5936 6177 6464 6336 6036 6084 6120 6254 5971 6035 6493 6560 5797 5959 6272 5781 5888 6342 6637 6157 5941 6653 6336 5938 6033 5831 6534 6028 6497 6177 5751 6374 6275 6237 6427 5959 5792 6014 6122 5981 6376 6106 6752 6365 6223 6176 6367 5679 5867 6216 6234 6176 6382 6597 6937 6039 5652 6039 5787 5937 5971 6398 5682 5613 6467 6239
6822 6679 6767 6629 6576 6758 6915 7048 6108 6541 6896 6884 6235 7165 6879 6637 6854 6624 6717 6801 6493 6871 7321 6662 7015 6908 5950 6995 6744 6555 6859 7001 7402 6930 6625 6582 6545 7077 7229 6711 6979 7176 6709 6383 6981 6700 7110 7146 7111 6847 6809 6963 6364 6229 6481 6611 6762 6928 6228 6923 6526 6851 6330 6361 6186 6690 6330 6714 6100 6622 6863 6903 6892 6480 6300 7145 6954 6923 6707 7183 6434 6721 6776 6847 6721 7485 6240 6441 6295 6360 6517 7010 6346 6846 6483 6504 6961 6534 6315 6245 7494 6795 6757 6289 6957 6523 6781 6507 6539 6602 6751 6992 7279 6845 6179 6235 6853 6791 6896 6631 6589 6572 6532 6211 6713 7474 7142 6856 6622 6656 6829 6607 6662 6869 6434 6576 6944 6652 6440 6748 5776 7342 7250 6595 6316 6284 6531 6636 6230 6749 6355 6651 6408 6859 7034 6504 6716 6736 6645 6678 6948 6346 6544 6729 6821 6592 6366 7082 6469 7205 7049 6399 7026 6818 6224 6717 6000 7001 6939 6868 6669 6562 6447 6189 6138 6419 7046 6604 6895 6459 6585 6513 6976 6580 6554 6610 7066 6379 6462 6700 7050 7082 6545 6512 6904 6119 6311 6567 7399 6589 6620 7008 6741 6545 6770 6357 7035 6369 7322 6487 7063 6703 6681 6676 7169 6874 6497 6316 6380 6688 6818 6334 7308 6811 6656 7103 6593 6144 6464 6719 6800 6702 6860 6951 7609 6460 6552 6522 6744 6498 6386 6860 6298 5857 7014 6998
6506 6701 6851 6275 6214 6598 6777 6521 5975 6456 6693 6466 6160 6738 6655 6141 6633 6560 6359 6736 6034 6904 7324 6550 6762 6591 5821 6248 6733 6095 6625 6876 6362 6876 6146 6393 6268 6703 6863 6598 6921 6493 6435 6436 6789 6101 6514 6744 6574 5982 6657 6340 5857 5938 6050 6041 6406 6691 5880 7034 6158 6466 6016 5916 6193 6795 6054 6472 5859 6069 6773 6369 6203 5976 5971 6845 6745 6901 6400 6565 6277 6444 6710 6525 6343 6923 6271 6371 5542 6162 6183 6421 5932 6726 6402 6574 6816 6495 6634 6341 7019 6654 6376 6362 6845 6237 6143 6072 6103 5883 6667 6366 7052 6695 6321 5987 6662 6039 6680 6401 6394 6271 6757 6007 6398 6699 6723 6667 6619 6376 6127 6142 6115 6265 6317 6347 6415 6533 6412 6381 5746 6806 6624 6427 6187 6147 6232 6553 6050 6778 6253 6545 6270 6177 6905 6526 6583 6538 6354 6579 6409 6292 6395 6359 6397 6469 6031 6500 6008 6832 6755 6373 6373 6396 5796 6532 5947 6832 6235 6604 6234 6002 6498 6550 6036 6100 6709 6726 6786 6029 6643 6460 6422 6357 6171 6072 6553 6373 5764 6773 6518 6893 6418 6166 6879 6146 5760 6402 6782 6480 6624 6744 6515 6162 6309 5835 6598 6046 6817 6467 6015 6354 6588 6264 6863 6481 6052 6043 6294 6268 6669 6205 6703 6622 6654 6641 6076 5891 6067 6296 6753 6717 6350 6780 6912 6156 6459 6492 6264 6234 5986 6803 6100 5800 7172 6728
6339 6201 6574 6090 5918 6315 6500 6637 5775 6126 6162 6240 6064 6474 6005 6134 6371 6011 6341 6587 5927 6499 6517 6025 6302 6385 5561 6291 6364 6132 6414 6543 6282 6564 6109 6191 6461 6576 6549 6407 6198 6407 6260 5786 6283 6143 6565 6446 6019 6359 6294 6405 5833 5754 6026 6077 6153 6496 5815 6902 6140 5870 5837 5803 5941 6264 5983 6035 5575 6046 6350 6362 6542 6115 5782 6440 6346 6468 6033 6538 6032 5925 6298 6178 6511 6570 5955 6233 5427 5846 6034 6359 5859 6247 6088 6161 6873 6223 5987 5906 6670 6344 6100 6433 6764 5804 6241 5694 6159 5974 6213 6099 6777 6611 5607 6000 6366 5993 6482 5910 6390 5975 6156 5634 6249 6817 6617 6353 6293 6276 6029 6297 6133 6512 6029 6131 6129 6034 6022 6239 5573 6619 6452 6204 5950 6102 6302 6086 5884 6106 5985 6278 5915 6163 6536 6144 6524 6436 6061 6049 6299 5743 6333 6320 6297 5947 5991 6284 5929 6331 6443 6162 6450 6449 5983 6437 5640 6560 6270 6275 6271 5782 6126 6119 5905 5848 6548 6276 6270 5750 6262 6188 6538 5863 5906 6139 6409 6312 5964 6021 6464 6442 5990 6011 6642 5846 5710 6204 7031 6103 5979 6590 6422 5790 6052 6148 6833 6164 6270 6133 6030 6332 6502 6480 6270 6215 6011 6148 6091 6292 6352 6140 6808 6334 6618 6081 5986 5655 6093 6048 6286 6292 6457 6572 6983 6023 5996 5915 6511 6151 6062 6554 6065 5618 6168 6240
6510 6858 6619 6260 6318 6788 6514 6991 6071 6294 6478 6720 6196 6793 6504 6433 6732 6426 6873 6756 6489 6870 6801 6277 6570 6488 5741 6395 6633 6085 6722 6934 6729 6823 6450 6423 6885 6826 6985 6811 7020 6722 6449 6140 6660 6400 6721 6626 6701 6212 6796 6765 6049 5483 6289 6609 6603 6947 5752 7132 6271 6460 6040 6251 6224 6802 6344 6640 5693 6098 6912 6438 6753 6314 6134 6827 6576 6855 6321 6841 6317 6362 6444 6710 6649 7118 6454 6423 6066 6244 6168 6617 6469 6562 5900 6346 6889 6431 6414 6437 7077 6514 6474 6455 6930 6120 6521 5980 6273 6448 6520 6450 6760 6862 6090 6384 6538 6286 6524 6553 6127 6451 6663 6169 6250 6774 6772 6607 6449 6251 6212 6492 6018 6632 6200 6607 6596 6621 6115 6657 6157 6937 7002 6573 5975 6251 6542 6469 6099 6532 6454 6981 6366 6396 6756 6592 6445 6573 6546 6513 6722 6450 6350 6404 6735 6329 6523 6775 6448 7292 7032 6184 6750 6695 6238 6683 6065 6458 6668 6333 6673 5968 6571 6281 5970 6181 6741 6259 6536 6628 6236 6394 6994 6136 6090 6252 6524 6635 6321 6584 6706 7160 5998 6361 6397 6148 6100 6378 6941 6757 6490 6810 6487 6349 6420 6016 6841 6055 6642 6486 6395 6751 6571 6438 6857 6664 6148 6151 6282 6576 6618 6335 7156 6876 6648 6611 6271 5796 6134 6434 6989 6653 6600 6458 7364 6359 6473 6162 6568 6284 6149 6669 6404 5952 6968 6778
6541 6604 6520 6126 6087 6209 6458 6558 5681 6741 6241 6416 6120 6794 6262 6049 6506 6038 6203 6422 6194 6273 6679 5966 6475 6422 5635 6330 6535 6121 6578 6673 6454 6642 6070 6141 6381 6966 6963 6266 6747 6565 6288 6052 6416 6485 6598 6645 6550 6393 6306 6639 5816 5595 6105 6263 6482 6665 5909 6547 6350 6460 5822 5774 5897 6250 6090 6478 5809 5940 6467 6028 6413 5850 6017 6509 6485 6344 5850 6485 6218 6091 6480 6306 6257 6602 5880 6253 5767 5989 6168 6297 5769 6315 6276 6477 6916 6216 6070 5942 6738 6337 6316 6101 6848 6041 6217 5656 6227 6311 6220 6274 6961 6487 5935 6229 6514 6225 6310 6215 5976 6063 6362 5895 5985 6795 6169 6499 6418 6472 6240 6356 5927 6514 5818 6511 6339 6029 5962 6322 5669 7020 6574 6321 5725 6089 5980 6362 5856 6564 6285 6247 6025 6122 6396 6486 6819 6581 6167 6328 6187 5906 6051 6273 6274 6294 6137 6212 6005 6333 6460 6353 6489 6802 6204 6270 5521 6508 6452 6163 6059 6188 6377 5968 5657 5940 6340 6235 6302 6146 6175 6181 6659 6492 6171 6029 6341 6029 6083 6245 6340 6719 6158 6099 6532 5801 5873 5953 6691 6543 6203 6380 6299 5973 6137 5712 7005 6071 6430 6207 6253 6254 6268 6385 6595 6513 6233 6044 6115 6331 6396 6076 6788 6623 6439 6611 6242 5665 6147 5937 7092 6002 6216 6440 6858 6204 6054 6461 6222 6018 6100 6276 6101 6043 6546 6552
6353 6323 6372 5858 6012 6343 6698 6217 6377 6618 6205 6494 6010 6986 6240 6175 6799 6146 6078 6452 5905 6315 6805 6006 6543 6344 5732 6328 6256 5607 6548 6558 6450 6735 6017 6456 6265 6801 7152 6336 6459 6502 6288 5853 6206 5927 6615 6510 6049 6404 6259 6292 5979 5786 6030 6201 6402 6983 5457 6637 5930 6508 5897 5678 6270 6348 5717 6356 6021 6006 6322 6315 6388 5932 5962 6477 6253 6617 6187 6515 6044 6144 6168 6151 6278 6733 6177 6183 5767 5833 6032 6329 6201 6351 6060 6406 6289 6002 6085 6254 6956 6191 5934 6378 6924 6129 6556 5966 5858 6341 6397 6268 6784 6290 6065 6245 6290 6240 6332 6306 6124 6237 6320 6011 6061 6650 6479 6412 5956 6313 5780 6436 6126 6423 6022 6359 6473 6011 5811 5999 5546 6582 6803 6117 5950 6142 6141 5923 5999 6384 6259 6323 5815 6074 6201 6383 6526 6266 6044 6024 6385 6062 6325 6216 6481 5849 6120 6436 5990 6643 6557 6307 6513 6475 5721 6573 5754 6665 6533 6175 6302 6107 6164 6252 6005 5999 6365 6076 5911 6191 6307 6288 6758 6369 6130 6234 6365 6098 5792 6129 6537 6762 5712 6161 6594 5942 6050 6211 6634 6660 5882 6328 6565 6182 6226 5679 6650 5567 6580 6456 6425 6379 6008 6440 6641 6376 6121 6043 5850 6449 6451 5975 6846 6603 6514 6363 5893 5742 6117 5972 6590 6329 6237 6737 6955 6406 6372 6210 6104 6056 6113 6276 5749 5637 6366 6345
6114 6588 6051 6183 5998 6195 6363 6630 5704 6232 6001 6180 6045 6358 6173 6010 6338 6049 6056 6354 6132 6046 6771 5891 6117 6197 5608 6160 6231 5802 6339 6384 6406 6634 6253 6152 6150 6797 6951 6303 6878 6180 6381 6113 6087 6115 6693 6561 6378 6393 6324 6459 5914 5731 5779 6191 6418 6591 5809 6530 6218 6358 5774 5876 6107 6283 5998 6468 5330 6124 6097 6103 6436 5872 5885 6568 6148 6347 6124 6140 6114 5943 6367 6546 6174 6624 5772 6080 5624 5905 6177 6006 5736 6193 6153 5954 6349 6166 6180 5893 6721 6415 6014 6132 6679 5838 6234 5631 6067 6363 6151 6424 6921 6235 5667 5907 6219 5837 6220 5965 5972 6064 6121 5992 6003 6600 5999 6251 6062 6028 6199 6093 5679 6209 5684 5929 6316 6136 6012 5877 5503 6722 6705 6181 5616 5947 6130 6158 5908 6532 5764 6421 6100 5650 6382 6124 6230 6337 6359 6183 6137 6198 6234 6402 6256 6044 6182 6062 6043 6154 6504 6079 6461 6367 5662 6118 5669 6625 6427 6261 6088 5800 6061 6421 5824 6020 6550 6237 6153 6376 5865 5890 6520 6421 5944 5965 6523 6120 5793 6164 6104 6652 5886 6042 6472 6022 6084 5882 6563 6193 6183 6358 6087 5658 5929 5481 6656 6080 6689 6192 6447 6257 6103 6277 6563 6226 6029 5860 6246 5975 6535 5918 6782 6669 6328 6520 5918 5304 5955 6142 6581 6150 5919 6426 6928 6019 6131 6157 6186 5991 5892 5859 5666 5796 6663 6279
6745 6922 6781 6423 6767 6673 6883 6874 5781 6922 6380 6384 6383 6928 6494 6494 6504 6583 6784 6593 6302 6641 7260 6476 6733 6459 5818 6430 6805 6417 6783 6766 6599 6829 6710 6438 6885 7372 6869 6515 6828 6759 6733 6148 6490 6124 6731 6857 6599 6768 6480 6295 6070 5990 6448 6311 6750 7064 5739 6610 6327 6794 6074 6061 6422 6246 6105 6753 5828 6401 6445 6532 6699 6075 6087 6580 6845 6889 6568 6722 6325 6470 6236 6469 6667 7330 6476 6402 5707 6146 6575 6565 6048 6430 6194 6447 6678 6300 6215 6317 7230 6416 6762 6478 6924 6196 6427 5914 6240 6698 6959 6856 7053 6576 6155 6376 6454 6394 6474 6306 6538 6305 6591 6090 6456 6908 6622 6469 6309 6425 6472 6275 6281 6454 6183 6315 6432 6449 6414 6267 5481 7175 6859 6725 6461 6115 6364 6589 6529 6913 6258 6647 6487 6322 6578 6392 6558 6581 6159 6506 6747 6368 6248 6451 6502 6331 6016 6504 6138 6852 6443 6297 7135 6790 5892 6758 6041 6783 6531 6345 6633 6150 6496 6086 6158 6245 6720 6498 6087 6837 6450 6461 6688 6702 6165 6604 6968 6688 6248 6599 6706 7059 6220 6243 6872 6475 6108 6314 6880 6548 6303 6241 6454 6511 6355 5705 6848 5889 6743 6741 6578 6428 6410 6480 6750 6577 6227 6006 6214 6379 6860 6168 6768 6810 6681 6827 6474 5801 6016 6435 6649 6778 6389 6935 7316 6239 6426 6401 6554 6211 6130 6726 6073 5966 6848 6469
6398 6452 6600 6376 6368 6609 6440 6541 5676 6446 6392 6328 6166 6301 6389 6643 6711 6136 6374 6611 6055 6803 6855 5971 6545 6556 5544 6097 6393 6004 6730 6799 6351 6447 6652 6051 6443 6760 6995 6622 6671 6410 6204 6232 6236 6355 6600 6651 6648 6685 6462 6696 5912 5650 6283 6296 6333 6930 5838 6633 6007 6403 6127 6002 6141 6291 5932 6438 6024 6316 6402 6225 6267 6248 5634 6272 6563 6640 6360 6988 5882 6171 6308 6227 6594 6904 5988 6112 5944 5981 6177 6390 6198 6337 5926 6310 6733 6343 5984 6095 7240 6509 6614 6451 6954 6169 6132 5881 6455 6492 6618 6133 7346 6416 6452 6214 6209 6025 6341 6207 6727 6136 6265 6130 6270 6796 6496 6904 6339 6563 6019 5927 6246 6386 5860 6138 6680 6575 6370 6839 5428 6921 6719 6416 5841 6175 6458 6613 6229 6728 5929 6596 6086 6128 6708 6562 6787 6443 6522 6692 6442 6208 6160 6335 6341 6473 6045 6721 5978 6453 6734 6308 6739 6701 6097 6521 6087 6612 6404 6308 6394 5933 6246 5908 5980 6174 6535 6567 6156 6187 6629 6605 6923 6400 6228 5901 6731 6383 6495 6554 6727 6666 6097 6144 6329 6090 6331 6436 6863 6435 6613 6213 6253 6382 6414 6076 7002 5885 6861 6190 6267 6805 6760 6155 6932 6420 6067 6176 6211 6639 6419 6244 6888 6408 6433 6507 5926 5805 6311 6318 6502 6533 6474 6630 7101 5871 6170 6716 6168 6227 6069 6425 5980 6123 6755 6664
6296 6568 6272 5746 5807 6252 6162 6479 5539 6248 6164 6211 5682 6331 6226 6276 6300 5839 6348 6374 6053 6664 6453 5939 6419 6013 5572 5955 6363 6128 6407 6597 6209 6338 5983 5869 6158 6564 6327 6334 6365 6366 5917 6196 6176 5607 6441 6386 5950 6157 6122 5930 5776 5677 5900 5819 6305 6647 5661 6653 6049 6184 5563 5700 6137 6253 5989 6073 5483 5697 5869 6001 6113 5967 5618 6541 6278 6117 6171 6307 5691 6015 6172 6320 6086 6638 5732 6176 5340 5850 5642 6314 5886 6258 6118 6255 6214 6006 6062 5762 6733 6292 6093 5647 6499 5672 6154 5546 5637 5944 6182 6278 6630 6088 5920 5954 6163 5827 6276 6188 6346 6136 6387 5681 6106 6207 6203 6272 6194 5956 6066 5893 5978 5958 5815 6141 5956 5799 5851 6118 5433 6733 6381 6140 5699 6016 6441 6229 5966 6382 5591 6273 5630 5826 6520 6123 6182 6261 5699 6166 6348 6057 6221 6032 6064 6214 5722 6171 6060 6456 6407 6269 6502 6431 6027 5993 5685 6117 6092 6057 6226 5873 6115 6249 5760 5865 6123 6117 5879 5800 6296 6074 6579 6400 5829 5899 6220 6062 5706 6022 6234 6602 5997 5949 6336 5691 5837 6258 6634 5829 6114 6478 6515 6105 5867 5751 6437 5908 6120 5897 5802 6080 6437 5896 6576 6224 6087 5638 5877 6189 6083 5849 6635 6337 6077 6245 5465 5643 5729 6091 6623 6245 5747 6490 6775 6058 5882 5957 6133 5738 5683 6303 5798 5563 6594 6166
6626 6828 6754 6545 6549 6482 6743 6597 6258 6580 6734 6592 6229 6563 6561 6501 6643 6654 6614 6496 6173 6661 7144 6448 6907 6745 5795 6201 6771 6178 6964 7132 6703 6739 6715 6626 6714 6994 7335 6900 7095 6608 6364 6217 6757 6552 6826 6598 6988 6762 6376 6295 6152 5888 6311 6532 6725 7015 5972 6753 6358 6960 6228 6241 6250 6674 6635 6576 6228 6609 6769 6744 6735 6551 6184 6774 6424 6859 6711 6903 6449 6349 6639 6665 6649 7110 6061 6330 6088 6247 6510 6587 6349 6637 6166 6612 6708 6707 6590 6221 7084 6691 6543 6611 7179 6589 6683 6319 6354 6666 6458 6560 7075 6467 6343 6398 6625 6320 6752 6498 6341 6625 6733 6060 6472 7054 6965 6872 6678 6710 6160 6581 6428 6790 6371 6458 6751 6364 6559 6467 5950 7147 7371 6495 5992 6178 6743 6356 6328 6945 6191 6720 6178 6534 6729 6636 6523 6905 6365 6681 6695 6469 6383 6622 6897 6665 6543 6715 6361 6957 6920 6869 6769 6586 6492 6606 6117 7027 6383 6407 6820 6098 6552 6484 6176 6158 6634 6466 6420 6276 6499 6338 7180 6595 6477 6383 6619 6548 6237 6566 6808 6931 6221 6214 7140 6220 6203 6503 6899 6798 6333 6659 6796 6472 6507 6249 7238 6231 6909 6706 6439 6620 6668 6892 6967 6294 6357 6532 6340 6796 6963 6362 7156 6932 6802 6717 6421 6009 6162 6556 6751 6620 6771 6887 7728 6314 6522 6473 6480 6233 6261 6740 6287 6051 7085 6617
6710 6930 6562 6237 6528 6500 6853 6954 5989 6527 6448 6264 6267 7001 6231 6445 6792 6427 6667 6835 6368 6699 7048 6147 6713 6590 5946 6638 6578 6189 6661 6819 6942 7054 6678 6401 6502 7179 7030 6510 6878 6540 6297 6304 6586 6205 6920 6939 6588 6757 6446 6718 6208 5995 6249 6598 6628 6809 5810 7090 6205 6320 6081 6356 5978 6332 6047 6496 6060 6870 6582 6608 6779 6262 6360 6634 6762 6999 6550 6857 6271 6353 6375 6542 6983 6909 6521 6670 5878 6087 6275 6575 6187 6561 6553 6461 6524 6708 6511 6569 7289 6640 6517 6318 6785 6376 6591 6369 6399 6197 6602 6240 6908 6213 6134 6439 6571 6585 6537 6337 6455 6676 6732 6520 6141 6957 6708 6550 6519 6581 6233 6671 6174 6533 6474 6340 6617 6295 6417 6567 5610 7076 7014 6749 6260 6407 6874 6128 6351 6876 6049 6842 6150 6456 6942 6597 6590 6931 6293 6386 7023 6509 6313 6793 6838 6413 6461 6596 6304 6972 6999 6529 6578 6870 6218 6629 6239 7005 6563 6576 6448 6004 6443 6407 6194 6481 6938 6670 6033 6354 6642 6104 7019 6489 6134 6248 6720 6556 6173 6413 6698 7066 6337 6500 6541 5933 6258 6333 7208 6734 6567 6550 6682 6707 6402 5995 6668 6164 6867 6509 6347 6733 6482 6456 6785 6522 6400 6107 6442 6391 7160 6161 6877 6899 6532 6919 6316 5647 6059 6292 6801 6457 6505 6923 7405 6555 6535 6420 6594 6288 6286 6489 6108 5993 6810 6757
6617 6584 6666 6251 6449 6718 6686 6638 5768 6523 6619 6305 6048 6608 6213 6144 6481 6499 6700 6471 6012 6569 7018 6169 6677 6198 6058 6302 6628 5947 6807 6429 6521 6644 6185 6260 6421 7131 6781 6445 6549 6671 6364 6200 6499 5999 6562 6820 6481 6428 6335 6339 5895 5700 6065 6226 6526 7079 5933 6713 6177 6600 5692 5924 6190 6644 6385 6407 6040 6245 6155 6550 6161 6209 5979 6466 6528 6761 6048 6601 6323 6323 6447 6260 6571 7041 6340 6177 6078 6232 6485 6424 6560 6283 6111 6425 6667 6081 6156 6167 6752 6641 6574 6874 6659 6598 6412 5724 6224 6485 6465 6323 6758 6232 5962 6369 6225 6422 6552 6178 6310 6075 6599 6090 6169 6559 6491 6696 5999 6064 6398 6174 5958 6741 6061 6382 6648 5939 6058 6227 5818 7036 6509 6555 5837 6311 6423 6674 6144 6590 6489 6318 6268 6319 6497 6409 6336 6562 6342 6375 6629 6339 6126 6294 6301 6618 6168 6222 6254 6805 6920 6526 6652 6321 5766 6852 6096 6790 6816 6353 6500 6001 6093 6394 6104 5806 6781 6149 6205 6174 6765 6295 6678 6272 6220 6283 6613 6534 5964 6320 6372 6726 5987 6227 6414 6293 5790 6438 6606 6276 6249 6582 6479 6279 6207 5917 6648 6259 6528 6336 5929 6404 6213 6625 6713 6916 6334 6000 6494 6526 6887 5860 6878 6545 6710 6481 6182 5754 6163 6292 6495 6477 6603 6642 7103 6316 6544 6379 6386 6001 6270 6638 5675 6024 6543 6306
6693 6703 6755 6592 6511 6745 6805 6923 6304 6776 6576 6503 6385 6989 6759 6294 6793 6562 6591 6783 6273 6694 7037 6444 6874 6388 5972 6367 6880 6457 6993 7271 6831 6665 6476 6822 6641 7484 7037 6720 7031 6930 6583 6251 6802 6542 6852 7049 6685 6638 6731 6507 6160 5912 6612 6564 6675 7057 6125 7180 6591 6722 6002 6343 6284 6657 6432 6633 5990 6495 6612 6589 6830 6341 6160 6949 7369 7011 6238 6714 6518 6327 6883 6974 6430 7644 6540 6377 5959 6438 6545 6627 6207 6543 6696 6764 6990 6944 6597 6547 7081 6974 6597 6613 7101 6337 6565 6147 6643 6749 6794 6465 7362 6844 6505 6609 6615 6397 6675 6629 6677 6525 6660 6321 6754 7039 6542 6592 6755 6492 6649 6366 6435 6864 6492 6475 6781 6526 6381 6813 5856 7301 6890 6669 6357 6474 6741 6458 6388 6931 6064 6630 6091 6497 7005 6807 6818 6793 6463 6767 6760 6533 6451 6559 6520 6412 6656 6949 6579 6984 7106 6490 6908 6508 6440 6826 5812 6794 6578 6720 6682 5995 6600 6501 6031 6541 6895 6867 6554 6539 6814 6478 6579 6761 6109 6365 6703 6698 6040 6703 6509 7366 5914 6568 7080 6301 6147 6659 7073 6645 6843 6641 6724 6380 6373 6288 6870 6172 6864 6597 6157 6648 6548 7036 7252 6738 6659 6086 6441 6656 6549 6214 7331 6924 6662 6746 6293 5903 6125 6681 6972 6742 6619 6804 7276 6628 6543 6295 6344 6109 6482 6570 6553 6063 7202 6742
6227 6605 6749 6058 6367 6523 6537 6672 5547 6489 6000 6644 6010 6731 6409 6628 6640 6465 6519 6750 6023 6332 6891 6149 6510 6383 5751 5944 6377 6295 6428 6546 6559 6570 6239 6162 6499 6855 6728 6434 6530 6252 6346 6122 6258 5963 6366 6814 6540 6182 6360 6673 5876 5947 5916 5991 6282 6741 5775 6719 6353 6384 6015 6199 5975 6363 6027 6483 5434 6048 6652 6269 6138 6035 5969 6682 6528 6480 6260 6602 6195 6269 6555 6814 6383 6980 6053 6354 5542 6054 6214 6297 5818 6158 6361 6414 6569 6310 6016 6111 6931 6277 6380 6451 6781 6125 6265 5923 5984 6127 6314 6342 6917 6606 6208 5893 6357 6352 6607 6111 6255 6485 6459 6024 6046 6696 6649 6532 6510 6293 6293 6204 5691 6232 5857 5912 6442 6366 6153 6489 5537 6883 6828 6251 5988 5887 6097 6359 6090 6510 6024 6834 6179 6043 6398 6550 6345 6299 6050 6471 6465 5991 6266 6308 6460 6147 6177 6511 5939 6677 6908 6232 6344 6216 5845 6516 5912 6537 6261 6418 6510 6125 6238 6016 6086 5952 6561 6077 6200 6154 6359 6303 6580 6511 6129 6239 6479 6369 6214 6575 6531 6878 6019 6059 6520 5974 5785 5907 6781 6232 6442 6704 6251 6285 6194 5943 6599 6306 6626 6193 6073 6336 6470 6221 6953 6583 6098 6164 6237 6313 6582 6228 6746 6617 6440 6688 6264 5631 6071 6319 6688 6550 6260 6716 7025 5865 6560 6583 6223 5951 6065 6475 6000 6041 6873 6520
7101 7130 7032 6642 6576 6826 7280 6835 6351 6948 6946 7003 6704 7296 7040 6558 7284 6822 6737 6928 6760 6630 7444 6960 7507 6995 6129 6640 6952 6513 7127 7266 6950 7206 6988 6648 6785 7538 7324 6955 7079 6802 6703 6559 7166 6961 7219 7025 7064 6830 6592 6865 6524 6242 6867 6903 6975 7346 6194 7669 6674 7058 6296 6313 6601 6899 6715 7184 6165 6520 6752 6878 7063 6608 6485 7197 7275 7236 6887 7170 6516 6776 7036 6747 7109 7574 6611 6461 6133 6524 6898 6755 6342 6751 6781 6705 6898 6888 6408 6548 7650 6976 6923 7016 7374 6615 6913 6541 6639 6790 6832 6852 7376 7039 6621 6630 7011 6902 7091 6652 6500 6880 7135 6616 6687 7269 7266 7087 7041 6753 6366 6959 6459 7038 6176 6595 6987 6848 6655 6840 6012 7532 7438 7048 6691 6587 6836 6799 6349 7354 6399 6898 6545 6565 6998 7004 7262 6968 6589 7091 7080 6393 6767 7156 7127 6645 6500 6695 6211 6944 7104 6973 7222 7209 6189 7010 6345 7020 6652 6810 7045 6477 6785 6759 6462 6751 7218 7134 6452 6654 6929 6619 7224 6884 6686 6857 7426 6960 6601 6705 7225 7153 6461 6201 7204 6367 6567 6754 7318 7062 6876 6809 7096 6559 7070 6450 7460 6491 7024 6639 6728 6771 7151 6893 7268 7056 6396 6316 6846 6863 7172 6445 7592 7207 7015 7244 6928 5939 6757 6607 7430 6948 7047 7152 7634 6681 6877 7156 7116 6706 6737 7090 6579 6668 7294 7117
6460 6863 6739 6484 6546 6596 6839 7093 5920 6938 6334 6164 6265 7029 6502 6416 6903 6261 7026 6838 6234 6779 6944 6400 6508 6543 5582 6376 6587 6348 6775 6898 6773 6773 6575 6636 6920 7475 7224 6569 6887 6563 6407 6301 6497 6661 6955 6959 6838 6932 6523 6705 6181 5735 6145 6597 6587 7057 5949 6751 6354 6731 6212 6263 6175 6850 5820 6579 6121 6353 6654 6337 6953 6326 5856 6859 6759 7023 6387 6746 6434 6290 6233 6443 6529 6967 6311 6433 6043 6125 6153 6653 6278 6835 6290 6373 6552 6424 6254 6549 7206 6418 6540 6496 7082 6337 6666 6030 6288 6492 6900 6386 7076 6559 6449 6585 6294 6587 6671 6549 6541 6561 6821 6157 6275 7056 6376 6630 6421 6575 6265 6670 6442 6756 6135 6748 6806 6459 6516 6512 5930 7271 6954 6826 5957 6175 6568 6246 6199 6930 6372 7063 6389 6534 6887 6694 6934 6732 6478 6624 6945 6497 6530 6609 6854 6438 6522 6768 6356 6525 6871 6638 6907 6584 6151 6723 6149 6672 6450 6416 6617 6313 6400 6491 6103 6519 6627 6547 6415 6393 6574 6716 6949 6766 5934 6156 6399 6604 6164 6419 6687 7030 6277 6459 6447 6265 6201 6452 7047 6523 6357 6507 6936 6468 6379 6246 7137 5870 6966 6526 6185 6671 6668 6747 6907 6494 6236 6356 6291 6726 6811 6257 6918 6998 6732 6695 5990 5773 6369 6589 6771 6649 6373 6787 7318 6157 6632 6594 6514 6337 6178 6814 6024 5811 6597 6936
6361 6496 6616 6346 5769 6476 6255 6038 5584 6254 6352 5993 5786 6508 6379 6195 6380 6143 6074 6304 6245 6463 6744 5782 6574 6155 5539 6047 6308 5950 6124 6480 6288 6504 6131 6260 6365 6739 6430 6544 6253 6218 6210 5937 6005 5767 6213 6301 6185 6443 6099 6444 5520 5545 5935 6038 6319 6796 5749 6639 5774 6168 5721 5887 5877 6378 5876 6359 5697 6018 6265 6305 6363 5964 5892 6293 6459 6545 6109 6394 5840 5833 6312 6277 6353 6618 6167 6122 5519 5734 5892 6019 6074 6497 5937 6524 6523 6205 6059 6089 6492 6200 6550 6335 6654 5821 6102 5656 6016 6208 6105 6129 6713 6212 5640 6203 5975 6083 6163 6149 6120 6164 6371 5632 5948 6742 6137 6635 6282 6115 5836 6004 5916 6235 5706 6209 6169 6058 5800 6036 5663 6725 6620 6273 5906 5972 6324 6380 5656 6422 5897 6368 6050 5831 6286 6198 5817 6556 6312 5986 6250 6029 6087 6097 6394 6003 5905 6348 5931 6439 6579 5936 6438 6465 5985 6528 5545 6483 6169 6093 6108 5638 5861 6295 5643 5894 6674 6257 5998 6115 6156 5884 6553 5978 6015 6110 6438 6288 5865 6033 6443 6672 5962 5898 6160 5972 5604 5936 6674 6276 5831 6119 6140 5974 5931 5742 6463 5710 6455 5993 5753 6220 6154 6175 6866 6175 5875 5915 6090 6401 6420 5814 6503 6454 6615 6520 5990 5358 6125 6172 6296 6272 5993 6341 6991 5938 6026 6110 6007 6010 5913 6423 5737 5548 6739 6041
6145 6644 6470 6052 6080 6163 6652 6523 5584 6638 6120 6457 5948 6618 6156 6255 6667 5998 6450 6284 6062 6686 6718 5914 6773 6529 5555 6041 6376 6032 6802 6781 6566 6565 6202 6316 6433 6852 6668 6314 6590 6320 6072 5968 6484 5783 6506 6585 6618 6076 6089 6280 5814 5738 5905 5927 6739 6765 5838 6619 6152 6499 5709 5846 6013 6461 5950 6468 5759 6001 6561 6382 6578 6115 6139 6469 6563 6539 6151 6512 5907 6267 6537 6346 6383 6964 6129 6312 5872 6227 6278 6540 5955 6392 6244 6286 6528 6386 6048 6103 6809 6302 6487 6423 6773 6007 6196 5739 5877 6015 6198 6392 6942 6360 6042 5895 6366 6185 6483 6026 6318 6285 6447 5671 5986 6635 6588 6516 6119 6094 6466 5973 5904 6272 5909 6214 6232 6267 6103 6448 5813 6750 6844 6416 5991 6176 5985 6499 5936 6476 6177 6242 6089 5808 6702 6162 6101 6705 6200 6084 6511 6155 6099 6135 6476 6151 5750 6228 6105 6809 6754 6499 6491 5997 6032 6399 5742 6673 6092 6345 6530 6037 6059 6163 5817 5656 6537 6294 6090 6053 6333 6209 6283 6248 5969 6297 6397 6423 5960 6083 6322 6511 5829 6241 6467 6061 5749 6144 6680 5917 6293 6512 6526 6331 6092 5804 6778 5924 6820 6191 6087 6354 6274 6186 6629 6272 5973 5838 6076 6369 6436 5789 6444 6423 6526 6610 5797 5977 5977 6247 6660 5974 6377 6389 6921 5712 6070 6432 6461 6121 6011 6055 6023 5773 6293 6422
6423 6357 6369 6163 6175 6508 7104 6572 5800 6424 6469 6298 5867 6487 6223 6254 6449 6070 6599 6633 5915 6573 7066 6140 6548 6207 5915 6430 6444 6118 6227 6594 6141 6292 6067 6239 6450 6760 7076 6196 6495 6451 6268 6359 6301 6041 6515 6731 6414 6463 6014 6864 6016 5644 5960 6384 6711 6647 6312 6718 6325 6378 5889 6131 6014 6460 5898 6520 5633 5887 6469 6302 6621 6019 5977 6468 6646 6579 6413 6654 6209 6289 6586 6619 6588 6725 6276 6028 5833 6133 6333 6292 6068 6556 6027 6593 6638 6131 6006 6201 6589 6419 6504 6383 6705 6159 6262 6064 6148 6505 6251 6540 6724 6542 5934 6050 6200 6340 6479 6136 6440 6276 6639 5910 6151 6949 6774 6490 6323 6294 6307 6336 6115 6600 6145 6029 6430 6003 6191 6424 5521 6928 6683 6437 5864 6011 6385 6280 5825 6428 6424 6584 5948 6396 6519 6554 6558 6720 6051 6233 6424 5918 6211 6368 6490 6434 6188 6593 6140 6634 6605 6308 6443 6342 6127 6466 5965 6592 6254 6304 6696 6047 6135 6271 5993 5758 6770 6005 6091 6342 6172 6279 6760 6548 6007 6103 6520 6422 6074 6534 6615 6733 5947 6320 6440 5879 5904 6345 6881 6198 6514 6533 6483 6081 6017 5925 6692 6091 6700 6388 6430 6485 6576 6233 6893 6609 6083 5798 6288 6503 6786 6065 6743 6340 6454 6423 6053 6048 6110 6182 6581 6394 6491 6379 7096 6159 6280 6179 6289 6210 6070 6380 6162 5765 6591 6432
6669 6995 6887 6226 6505 6923 7013 6810 6399 6761 6563 6508 6425 6963 6752 6698 6772 6498 6472 6738 6329 6811 7243 6376 6783 6528 6212 6770 6891 6277 6508 7286 6920 6941 6435 6381 6956 7312 7213 6992 6785 6668 6731 6358 6672 6542 6627 6786 6853 7105 6962 6775 6321 5797 6190 6896 6743 7250 5893 7108 6322 6764 6207 6130 6480 6519 6329 6698 6049 6673 6954 6689 6689 6526 6223 6633 6583 6824 6747 6858 6567 6447 6509 6738 6764 7360 6397 6306 6346 6236 6446 6686 6371 6743 6187 6586 6909 6580 6526 6629 6973 6742 6574 6745 6969 6274 6479 6034 6578 6461 6597 6664 7167 6841 6454 6363 6564 6124 6589 6577 6536 6626 6606 6030 6415 6959 6822 6784 6645 6760 6478 6698 6490 6609 6310 6307 6731 6348 6440 6590 6001 7164 7314 6703 6302 6308 6489 6586 6159 6860 6589 6815 6370 6525 6496 6525 6389 7000 6348 6520 6807 6245 6424 6803 6692 6729 6468 6781 6604 7000 6990 6791 6755 7033 6224 6733 5937 6895 6891 6431 6459 6240 6224 6534 6146 6096 6923 6397 6354 6609 6472 6349 7218 7014 6494 6460 7007 6515 6477 6864 7060 6877 6105 6507 7259 6098 6371 6607 6771 6728 6587 6772 6794 6446 6280 5960 6705 6333 6708 7093 6711 6676 6530 6502 6695 6634 6861 6347 6425 6864 6867 6563 7125 6893 6574 6651 6372 6019 6133 6616 6367 6834 6663 6971 7532 6521 6743 6432 6752 6536 6507 6651 6187 6034 7158 6463
6579 6323 6230 6219 6152 6380 6547 6545 5762 6241 6032 6030 5913 6379 6029 6313 6299 6087 6426 6248 5952 6354 6487 6302 6371 6491 5591 6108 6199 5859 6814 6655 6290 6734 6254 6411 6063 6710 6563 6172 6504 6454 6320 5720 6336 5930 6248 6241 6330 6256 6259 6497 5697 5420 6161 6180 6279 6641 5827 6831 6097 6426 5586 5791 5887 6343 5960 6174 5574 6053 6425 6186 6468 5816 6282 6771 6519 6630 6492 6495 5817 6181 6142 6064 6097 6692 6169 6274 5743 5879 5999 6067 6121 6162 5583 6260 6636 6166 6316 6194 6787 6415 6393 6155 6383 5859 6333 5790 5994 6414 6333 6322 6666 6342 5468 6117 6353 6028 6133 6133 6220 5807 6382 5838 5895 6790 6324 6270 6139 5854 5805 6088 5979 6469 5615 6168 6389 5970 5929 6205 5734 6758 6628 6209 5640 6156 6304 6184 5692 6562 6011 6222 6050 5962 6443 6262 6323 6472 5941 6266 6482 6052 6049 6180 6339 6052 6031 6045 5718 6384 6529 6193 6647 6539 5887 6274 5717 6517 6042 6290 6220 6047 6000 5987 5974 6005 6478 6192 6121 5950 5857 5804 6538 6283 5951 5830 6276 6391 5807 5916 6356 6746 5795 6048 6241 6062 5859 6032 6400 6223 5826 6437 6296 5861 5700 5948 6825 5787 6509 6257 5923 6236 6053 6592 6588 5961 5820 5864 5994 6425 6428 6073 6557 6601 6215 6287 6047 5686 5811 6232 6609 6252 6414 6491 6896 5910 5789 5988 6090 5712 6116 6606 5994 5529 6321 6512
6298 6228 6258 6058 5921 6015 6669 6188 5559 5953 6238 6156 5461 6487 6303 5839 6204 6084 6387 6298 5898 6155 6790 6062 6495 6009 5476 6163 5936 5475 6465 6115 6526 6399 6076 6012 6230 6829 6937 6232 6259 6472 5878 5665 6643 6248 6336 6498 6333 6184 5993 6197 5607 5582 6076 5924 6260 6749 5768 6485 6018 6412 5413 5994 5863 6555 5961 6013 5982 5761 6293 6201 6462 5971 6089 6425 6485 6730 5759 6077 5912 6163 6300 6088 6389 6979 5865 5946 5653 6110 6024 6154 6043 6052 5993 6104 6540 6011 5964 5886 6720 6365 5939 6416 6437 5809 6196 5809 5899 6196 6229 5901 6509 6169 6224 5846 5991 6235 5974 6106 5993 6013 6430 5823 5803 6580 6265 6340 5908 6111 6164 6156 5865 6389 5559 5964 6078 5923 5904 6081 5668 6645 6629 6329 5634 5854 6176 6076 5689 6167 6064 6336 6052 6051 6088 6265 6568 6216 5948 6164 6073 5757 5786 6295 6208 6023 5910 6373 5779 6404 6231 5976 6351 6055 5818 6114 5748 6332 6212 5807 6530 5934 5756 6319 5800 5754 6165 5955 5957 5948 6125 6200 6373 5989 5871 5921 6206 6143 5883 6043 6351 6426 5907 5958 6307 5988 5587 6195 6455 5981 6151 6337 5983 5637 6041 5751 6400 5574 6561 6446 6175 5984 6147 5834 6520 6176 5826 5978 5864 6293 6630 5612 6644 6413 6327 6328 5769 5450 5867 6085 6644 6096 6487 6561 6874 5869 5868 6018 6469 5816 6157 6225 5767 5513 6161 6216
6519 6541 6585 5860 6236 6446 6926 6462 5856 6706 6220 6368 5840 7139 6481 6646 6640 6093 6488 6779 5812 6491 6876 6392 6597 6384 5647 6119 6759 6326 6739 6586 6679 6665 6093 6411 6880 6804 6993 6446 6734 6663 6363 5883 6498 6404 6722 6440 6367 6585 6567 6543 5850 5746 6086 6630 6551 6884 5971 6748 6213 6908 6001 5967 5878 6308 5793 6756 5627 6320 6727 6277 6354 6234 5955 6841 6693 6363 6490 6805 6236 6417 6518 6263 6661 6670 6159 6118 6141 6007 5977 6280 6066 6522 6167 6372 6613 6181 6144 6092 6994 6220 6353 6424 6927 6160 6209 5821 6505 6450 6434 6526 6769 6757 5776 5917 6267 6262 6690 6303 6044 6384 6245 5778 6275 6937 6510 6391 6225 6125 6124 6348 5984 6547 6194 6164 6555 6088 6152 6101 5567 7132 7012 6270 5905 5925 6069 6253 5794 6609 5884 6576 5883 6132 6972 6349 6364 6551 6595 6259 6394 6276 6402 6184 6565 6127 6171 6560 5936 6997 6824 6188 6447 6576 5887 6682 5859 6844 6653 6465 6392 6189 6233 6069 6139 5830 6417 6001 6219 6266 6453 6282 6604 6553 6119 6516 6472 6472 6322 6421 6599 6910 6179 6038 6251 5832 6167 6150 6866 6304 5795 6448 6347 6222 6050 6078 6737 6078 6576 6661 6178 6475 6383 6280 6617 6785 6146 6226 5908 6179 6470 5922 6929 6498 6389 6669 6252 5915 6088 6101 6707 6293 6288 6581 7237 6283 6668 6714 6161 5988 5947 6681 6250 5888 6690 6520
6649 6974 6627 6415 6310 6677 7242 6545 5940 6657 6643 6658 6302 6881 6685 6426 6713 6219 6329 6834 6523 6822 7456 6232 6874 6649 5730 6294 7084 6060 6836 7163 6716 6882 6611 6860 6599 7125 7136 6458 6818 6492 6552 6304 6550 6346 6547 6656 6666 6594 6454 6506 6039 5868 6077 6489 6800 6811 6083 6833 6376 6856 6280 6146 6357 6475 5944 6687 6096 6355 6708 6466 6764 6301 6251 6510 6623 6821 6546 6964 6469 6433 6595 6601 6492 6980 6452 6691 5903 6249 6795 6206 6370 6477 6330 6239 6880 6730 6303 6214 7173 6609 6651 6683 6811 6229 6359 5813 6330 6542 6861 6503 6966 6509 6225 6392 6651 6503 6530 6235 6698 6848 6734 6152 6355 6805 6878 6629 6476 6671 6274 6472 6014 6505 6118 6716 6790 6419 6584 6698 5667 6897 7282 6361 6098 6176 6733 6407 6261 6921 6367 6437 6567 6518 6916 6628 6591 6729 6409 6855 6494 6603 6441 6281 6990 6466 6400 6530 6467 6769 6923 6671 6950 6810 6134 6509 5856 7039 6597 6658 6738 6292 6252 6551 6080 6340 6778 6474 6392 6553 6406 6446 6630 6701 6196 6431 6734 6296 6162 6743 6915 7353 6161 6281 6962 5911 6284 6404 6876 6605 6809 6418 6819 6120 6210 6320 6787 5964 6854 6838 6627 6549 6589 6482 6696 6489 6334 6100 6308 6453 6791 6451 6988 6843 6650 6597 6285 5788 6469 6311 7099 6531 6491 6945 7273 6176 6455 6516 6512 6080 6091 6526 6301 5825 7142 6737
6060 6195 6204 5637 5944 5906 6028 6373 5489 5944 5832 5928 5833 5949 6028 5871 6046 5503 5841 5909 5702 6095 6391 5544 6038 5688 5428 5808 5981 5802 6056 6615 5928 6152 5321 5891 6304 6481 6595 6033 6116 6072 6048 5526 5849 5863 6211 6253 5895 6238 6168 6068 5429 4960 5562 5688 6098 6681 5331 6190 5647 6021 5337 5615 5547 6074 5641 6011 5596 5610 6338 5950 6236 5798 5299 6141 6128 6225 5798 6230 5540 5703 5697 5920 5883 6356 5799 5644 5438 5532 5989 5955 5523 5910 5677 5868 6315 5918 5785 5661 6472 5827 5742 5917 6206 5958 5967 5568 5606 6040 6278 6021 6105 5883 5885 6071 5736 5732 5664 5755 5769 5594 5979 5333 5662 6156 6016 5747 5930 5947 5627 5783 5355 6144 5591 5782 6165 5990 5263 5852 5481 6396 6396 6140 5422 5835 5858 5784 5667 5730 5638 6209 5323 5938 6292 5901 6246 5942 6059 5732 5905 5701 6068 6203 6036 5791 5862 6285 5646 6052 6369 5822 6046 5895 5668 6127 5314 6185 5940 6076 5843 5587 5619 5870 5513 5766 6067 5781 5856 5612 5839 5888 6154 5832 5697 5619 5861 5937 5721 5853 5962 6353 5360 5516 6103 5953 5714 5860 6371 5818 6072 5799 5874 5644 6108 5532 6329 5280 6222 6034 5611 6200 5858 6145 6079 6050 5720 5398 5982 5921 6109 5628 6651 6339 5689 5677 5490 5017 5582 5918 6083 5832 6146 6218 6502 5532 5936 6000 5656 5835 5754 5761 5278 5434 6089 6019
6633 6704 6943 6308 6655 6787 6776 6703 5924 6816 6521 6264 6220 7013 6445 6355 6578 6357 6667 6841 6214 6724 7124 6355 6646 6345 5621 6618 6576 6147 6733 6712 6921 6863 6234 6379 6665 7224 7011 6411 6974 6697 6805 6114 6330 6327 6952 6683 6693 7019 6509 6606 5779 5812 6246 6327 6681 6987 5894 6773 6514 6679 5925 6099 6026 6614 6035 6847 6206 6551 6454 6655 6523 6064 6258 6944 6525 6736 6235 6828 6127 6489 6755 6341 6704 6825 6348 6202 6053 6060 6445 6350 6018 6600 6319 6491 6993 6728 6202 6260 6954 6687 6511 6446 7383 6152 6232 5652 6692 6458 6502 6560 7117 6842 6296 6255 6383 6197 6548 6419 6387 6488 6528 6216 6320 6922 6680 6782 6449 6753 6440 6579 5882 6783 6200 6488 6521 6549 6171 6547 5974 7151 7280 6658 5801 6358 6536 6483 6088 6581 5919 6781 6307 6277 6830 6530 6546 6492 6557 6633 6750 6404 6070 6561 6570 6141 6166 6721 6304 6822 6879 6422 6537 6780 6218 6732 5823 6428 6722 6582 6674 6287 6233 6558 6099 6294 6841 6556 6164 6378 6447 6502 6845 6593 6412 6555 6526 6222 6197 6329 6947 7048 6372 6244 6872 5969 5944 6344 7039 6723 6637 6422 6652 6273 6286 5887 6837 5954 6673 6588 6868 6928 7023 6555 6798 6705 6614 6137 6409 6410 6752 6167 6997 6701 6895 6692 6118 5792 6057 6428 6787 6622 6723 7011 7239 6159 6484 6279 6657 6369 6311 6766 6097 5788 6874 6666
Total Multiplications: 16777216

Strassen's Multiplication Result (Time: 16.031649 seconds):
6352 6470 6345 6066 6327 6872 7073 6767 5731 6577 6101 6686 6439 6502 6462 6460 6664 6468 6219 6365 6190 6590 6841 6378 6442 6255 5862 6069 6317 6367 6528 6619 6639 6539 6075 6373 6684 6782 6605 6623 6654 6384 6273 6334 6521 6096 6898 6604 6339 6641 6560 6446 6144 5790 6000 6414 6388 6604 5860 6641 6024 6444 5852 5853 6072 6479 5776 6392 5384 6001 6127 6397 6289 5790 5647 6621 6857 6866 6381 6537 6175 6074 6031 6328 6202 6778 6298 6379 5431 5983 6378 6421 5988 6739 6246 6194 6455 6207 6175 6449 6742 6480 6255 6437 6733 5829 6353 6030 5835 5923 6428 6687 7106 6361 6060 6143 6352 5998 6766 6196 6413 6144 6631 6160 6512 6894 6530 6626 6201 6077 6152 6201 5836 6737 5706 6106 6587 6183 6284 6286 5426 6852 6709 6501 5606 6104 6375 6314 5897 6700 6202 6471 6125 5755 6413 6472 6464 6533 5926 6068 6766 6184 6443 6100 6500 6420 6251 6284 5844 6523 6155 6435 6443 6715 6033 6598 5872 6727 6491 6811 6228 6038 6576 6432 6087 5995 6901 6398 6335 6281 6626 6404 7048 6486 6044 6082 6809 6298 6111 6444 6516 6692 6177 6194 6320 6080 6040 6174 6581 5931 6170 6507 6732 5992 6135 5937 6820 6077 6624 6348 6294 6674 6409 6336 6706 6692 5780 5940 6053 6429 6638 6278 6921 6812 6873 6569 5669 5775 6030 6429 6214 6298 6411 6627 7068 6205 6191 6348 6129 5956 5993 6530 5694 5875 6424 6525
6526 6549 6525 6119 6335 6352 6845 6915 6299 6589 6604 6940 6225 6744 6435 6574 6649 6619 6404 6724 6265 6586 6864 6652 6488 6508 5977 6775 6528 6156 6355 6888 6832 6607 6382 6370 6794 7129 6619 6478 6528 6554 6739 6603 6426 6451 6542 6545 6588 6876 6576 6665 6001 6043 6389 6570 6672 6765 5801 6875 6250 6859 6162 6061 6365 6252 6125 6496 5873 6410 6432 6832 6357 6075 6196 6879 6708 6845 6655 6715 6347 6400 6112 6183 6311 7135 6154 6520 5994 6206 6337 6710 5941 6774 6217 6235 6719 6249 6235 6514 7082 6470 6075 6175 7217 6106 6401 6289 6407 6323 6576 6434 6989 6767 5827 6313 6663 6474 6517 6381 6616 6207 6562 5892 6307 7107 6616 7040 6413 6256 6397 6692 6351 6485 5927 5739 6504 6474 6345 6376 5634 7056 6836 6595 6016 6233 6170 6386 5838 6687 5824 6730 5912 6234 6648 6064 6561 6841 6182 6250 6937 6054 6245 6519 6425 6253 5897 6664 5857 6808 6643 6603 6744 6705 6048 6441 6195 6708 6578 6657 6465 6244 6604 6418 6301 6312 6905 6389 6320 6559 6145 6399 7142 6571 5983 6251 6774 6590 6144 6233 6863 6576 6451 6171 6487 6146 6426 6275 7038 6406 6185 6363 6487 6507 6466 5841 6841 6086 6743 6770 6787 6608 6720 6239 6686 6591 6100 6040 5950 6326 6789 6070 7032 6564 6711 6971 6193 5803 6085 6467 6601 6516 6756 7037 7204 6320 6296 6209 6227 6465 6332 6345 6170 6041 6820 6611
7084 7108 6910 6389 6967 6840 7107 6862 6749 6841 6656 7182 6436 7061 6825 6595 6945 6693 6949 6994 6213 7056 7131 6469 7160 6742 6122 6700 6876 6510 7060 7190 6940 7043 6426 6822 7165 7203 7441 6837 7150 7016 6668 6471 6731 7011 7125 6959 7091 7037 6976 6813 6203 6044 6509 6672 7016 7150 6475 7220 6801 6833 6513 6419 6765 6596 6268 7058 6273 6785 6854 6798 6771 6364 6404 7037 7345 6769 6819 7363 6527 6898 7295 6591 6872 7396 6687 6792 6466 6356 6749 7054 6528 6883 6403 6868 7213 6835 6595 6579 7409 6757 7295 6983 7214 6638 6491 6536 6614 6701 6689 7187 7274 6824 6576 6773 6841 6657 6806 6732 6853 6820 6942 6330 6687 7188 6883 6874 6738 7282 6469 7062 6576 7043 6405 6705 7267 6618 6546 6834 6114 7290 7267 7138 6386 6413 6799 6892 6658 7535 6581 6837 6405 6805 7116 6760 7014 7033 6878 6644 7180 6542 6840 6759 6875 6692 6813 6828 6682 7251 7139 6788 6866 6811 6763 7285 6235 6929 6909 6940 6835 6500 6446 6890 6531 6498 7075 6924 6258 6559 6817 6895 7237 6801 6337 6738 6810 6840 6840 6570 7015 7342 6596 6694 7261 6596 6392 6872 7016 6649 6405 7221 7195 6781 6687 6469 7110 6588 7523 6695 6769 6875 6962 6671 6898 7031 6287 6603 6816 6952 7096 6498 7366 6899 6904 6774 6757 6197 6561 6994 7317 7008 6685 7046 7549 6695 6798 6892 6789 6305 6271 7063 6254 6395 7210 6854
6955 6640 6549 6498 6237 6618 6691 6698 5994 6863 6758 6744 6279 6836 6723 6409 6730 6449 6693 6468 6359 6618 7356 6167 7001 6599 5995 6721 6959 6159 6752 6924 6775 6879 6373 6717 6648 7116 6969 6619 6626 6894 6617 6148 6616 6181 6670 6607 6929 6674 6690 6818 5725 5948 6264 6273 6741 6971 5956 6948 6353 6661 6244 5863 6247 6810 6201 6679 5985 6380 6451 6720 6613 6416 6237 6618 6801 7135 6840 7149 6174 6545 6523 6352 6533 7045 6357 6496 5915 5854 6961 6559 6354 6557 6394 6312 7255 6132 6021 6511 7168 6727 6744 6732 6708 6249 6671 6206 6280 6209 6516 6799 6717 6741 6262 6416 6473 6497 6337 6298 6422 6565 6667 5809 6228 6567 6751 6791 6544 6322 6221 6385 6201 6496 6245 6644 6919 6614 6149 6224 5734 7213 6739 6803 6344 6339 6529 6528 6040 6753 6355 6411 6119 6658 6627 6534 6371 6887 6366 6318 6520 6424 6515 6650 6711 6380 6164 6511 6314 6621 7040 6325 6943 6501 6175 6622 5838 6902 6650 6499 6343 6309 6013 6631 6000 6133 7101 6421 6337 6436 6484 6448 6936 6776 6212 6492 6718 6670 6405 6292 6833 6877 6118 6106 6973 6128 5829 6236 6910 6556 6410 6645 6644 6461 6414 5986 6746 5965 7011 6502 6322 6528 6436 6564 6537 6851 6218 6128 6352 6565 6622 6250 7046 6602 6561 7165 6270 5812 6325 6462 6421 6698 6535 6915 7385 6290 6391 6487 6660 6472 6320 6973 6054 6003 6647 6915
6703 6919 6524 6380 6305 6565 6985 6644 6018 6496 6767 6602 6460 6773 6674 6659 6680 6410 6797 6735 6138 6482 7157 6213 6762 6254 6034 6599 6843 6258 6846 6772 6876 6510 6477 6478 6544 6753 7091 6761 6661 6643 6331 6331 6715 6345 6817 6528 6765 6409 6499 6625 5928 5840 6082 6564 6746 6747 6167 6898 6453 6660 5997 6061 5983 6639 6277 6545 6235 6097 6463 6501 6837 6181 6102 6922 6702 6807 6354 6863 6334 6319 6589 6463 6629 7167 6122 6554 5857 5997 6368 6538 6141 6636 6031 6438 6594 6238 6074 6213 6892 6622 6659 6285 7010 6291 6501 6025 6309 6239 6415 6416 7050 6504 6266 6079 6270 6430 6826 6184 6639 6465 6848 5905 6352 7001 7016 6597 6626 6440 6422 6280 6371 6683 6180 6454 6558 6412 6212 6470 5860 7133 7092 6367 5949 6310 6731 6702 6300 6570 6043 6531 6501 6236 6833 6783 6821 6637 6533 6477 6684 6437 6359 6462 6837 6617 6295 6491 6250 6751 6957 6431 6858 6490 6297 6361 5672 6716 6467 6667 6684 6126 6174 6458 5861 6055 6864 6327 6457 6596 6441 6386 7077 6424 6116 6173 6725 6817 6398 6239 6707 7282 6304 6257 6751 6241 6101 6398 6862 6423 6343 6752 6671 6172 6332 6029 7175 5864 6788 6487 6379 6198 6484 6238 6932 6498 6135 6258 6673 6658 6853 6134 7030 6698 6337 6656 6222 5820 6470 6763 6878 6812 6668 6925 7159 6107 6186 6433 6474 6188 6211 6696 6121 6116 6918 6637
6739 7176 6851 6385 6617 6786 7046 6740 6016 6707 6956 6638 6265 7140 6830 6517 6855 6299 6783 6859 6461 6858 7471 6339 6877 6485 5773 6556 6434 6636 6539 6804 6938 6689 6553 6750 6981 7080 7144 6766 6960 6731 6514 6473 6879 6485 6927 7075 6677 6752 6876 6623 6162 5954 6530 6645 6813 6998 6159 7102 6402 6855 6247 6391 6112 6695 6392 6754 5878 6523 6607 6955 6753 6238 6203 6994 7041 6836 6861 6922 6418 6610 6694 6801 6777 7228 6468 6547 6057 6482 6478 6830 6532 6740 6594 6454 6742 6647 6530 6404 7100 6911 6699 6613 7243 6307 6814 6242 6161 6259 6724 7015 7307 6476 6123 6319 6562 6334 6792 6597 6137 6856 6872 6407 6711 7105 6787 6687 6329 6703 6631 6650 6452 6805 6501 6434 6744 6493 6625 6599 5425 7126 7032 6567 6528 6221 6604 6699 6202 6659 6759 6879 6389 6413 6543 6478 6615 6701 6535 6526 6836 6581 6569 6620 6895 6483 6622 6826 6558 7149 7227 6548 6835 6745 6251 6653 5766 6753 6801 6787 6684 6308 6587 6607 6091 6240 6839 6547 6216 6768 6617 6730 6799 6693 6469 6243 7119 6552 6340 6437 6820 7004 6412 6637 6570 6366 6311 6720 6986 6649 6463 6769 6891 6478 6476 6208 6972 6239 6931 6651 6503 6794 6962 6558 7008 6832 6645 6403 6066 6769 6675 6423 6975 6983 6486 6961 6178 6069 6086 6537 6832 6787 6334 6857 7427 6426 6693 6409 6667 6432 6460 6680 6048 6081 7230 6548
6547 6741 6600 6162 6343 6623 6973 6643 5971 6342 6639 6432 5925 6615 6622 6540 6811 6341 6592 6388 6323 6668 6793 6576 6694 6491 6135 6642 6878 6514 6846 6982 6558 6864 6322 6285 6461 6993 6939 6502 6688 6834 6635 6134 6563 6351 6519 6898 6509 6560 6432 6643 5658 5747 6218 6187 6737 6773 5962 6954 6077 6640 5598 6342 6337 6515 6226 6601 6013 6283 6670 6422 6575 6322 6168 6986 6567 6833 6482 7064 6142 6260 6534 6446 6581 7218 6127 6432 5902 6280 6109 6430 6170 6646 6128 6612 6694 6454 6105 6073 7000 6363 6467 6711 6904 6319 6472 6477 6262 6482 6640 6434 6605 6513 5906 6280 6535 6286 6580 5970 6518 6493 6527 6229 6245 6981 6416 6788 6332 6396 6351 6273 6385 6547 6332 6436 6734 6501 6174 6367 5920 6828 6762 6735 6091 6394 6453 6330 6214 6817 6142 6563 6089 6207 6859 6422 6258 6725 6222 6254 6522 6317 6417 6344 6685 6566 6236 6684 6121 6901 6771 6453 6667 6513 5939 6699 6285 6891 6384 6379 6888 6265 6216 6403 6184 6286 7235 6273 6410 6498 6220 6236 6511 6397 6213 6309 6794 6693 6216 6362 6510 7126 6338 6350 6437 6648 5959 6114 6831 6494 6320 6733 6623 6491 6249 5783 6635 6141 6795 6784 6436 6402 6210 6337 6820 6284 6308 6385 6321 6479 6723 6280 7006 7041 6598 6842 6185 5760 5754 6284 6842 6672 6525 6467 7472 6242 6280 6217 6527 6243 6103 6673 5975 6007 7012 6837
6321 6368 6313 6041 6234 6302 6510 6532 5448 6129 6354 6195 5823 6654 6258 5906 6422 6031 6322 6368 5993 6087 6616 5943 6207 6354 5291 6043 6236 5931 6239 6443 6232 6527 6090 5999 6233 6575 6394 6172 6658 6277 6215 5650 6274 6059 6599 6460 6214 6243 6077 6230 5670 5555 5928 6091 6486 6544 5739 6499 5940 6544 5608 5677 6001 6196 5548 6227 5627 6010 5977 6094 5925 5454 5979 6237 6395 6463 6147 6535 5896 6035 5993 5836 6122 6816 6017 6396 5873 5871 6170 6328 5700 6141 6065 6054 6487 6208 5969 6085 6763 6478 6245 6292 6644 6069 6076 5736 6246 6394 6289 6230 6574 6022 5781 5686 6076 6171 6007 6123 5983 5949 6036 5948 5902 6649 6106 6052 5889 6036 6019 6131 6008 6038 5597 6132 6531 6125 5969 5797 5588 6908 6668 6227 5655 5697 6076 6093 5846 6790 5884 6186 5896 6362 6101 6186 6251 6508 6210 6253 6401 5990 6187 6455 6510 5733 6091 6371 5665 6397 6426 6173 6382 6417 5821 6408 5866 6406 6109 5945 6161 5667 6135 5819 6060 5997 6210 5908 6014 6166 6259 6098 6450 6044 5930 6159 6270 5976 6037 5952 6184 6788 5952 5954 6371 5780 5711 5791 6498 6528 6136 6089 6134 6189 6187 5592 6367 5830 6835 6032 6026 6353 6327 6177 6451 6006 5835 6039 5990 6401 6377 5830 6758 6590 6201 6463 5958 5278 5720 6244 6486 6188 6231 6187 7126 6108 5832 6197 5883 5997 5700 6219 5783 5526 6706 6487
6481 6719 6509 6370 6229 6213 6745 6296 5778 6553 6202 6278 5891 6390 6396 6414 6252 6072 6558 6603 6085 6673 6947 6385 6725 6223 5621 6244 6529 6260 6438 6513 6352 6618 6260 6184 6431 6900 6950 6268 6846 6453 6123 6385 6433 6171 6401 6772 6461 6330 6444 6345 5765 5509 6064 6104 6641 6868 6031 7038 6145 6620 5913 6224 6521 6450 6241 6581 5856 6310 6468 6343 6602 6283 6319 6633 6388 6708 6372 6561 6372 6407 6766 6328 6442 7199 6087 6146 5669 6107 6121 6516 5918 6474 6162 6300 6427 6070 6073 6174 6815 6292 6258 6476 6820 6031 6119 5903 6150 6264 6337 6621 6800 6001 6139 6115 6358 5933 6307 6236 6206 6368 6304 5879 6024 7081 6489 6428 6458 6656 5929 6436 6099 6382 6086 6210 6602 6410 6686 6150 5687 7042 6800 6615 5894 6222 6319 5929 6102 6724 6071 6671 6093 6072 6393 6716 6411 6476 6204 6128 6679 6102 6487 6477 6325 6181 5854 6490 6106 6757 6779 6456 6530 6693 6137 6177 5981 6107 6336 6739 6774 5984 6022 6622 6058 5933 6464 6576 5612 6225 6260 6170 6466 6545 6144 6182 6425 6632 6542 6334 6645 6807 6085 6136 6574 5993 5969 6253 6765 6214 6352 6476 6254 6086 6265 6245 6498 6164 6671 6198 6316 6654 6687 6041 6713 6469 6020 5916 6290 6254 6367 6078 6897 6770 6698 6573 6211 6048 5653 6239 6999 6575 6385 6588 7340 6284 6329 6272 6448 6205 5674 6238 6093 5953 6987 6353
6241 6280 5959 6138 5825 6017 6415 6193 5649 6038 6080 6333 5592 6178 6281 6064 6250 6015 6107 6334 5828 6251 6485 5716 6112 5897 5431 6213 6228 6072 6332 6586 6041 6582 5969 6253 6292 6476 6605 6306 6475 6091 6132 5668 6017 6097 6156 6363 6394 6108 6181 6277 5549 5473 5818 6056 6488 6479 5429 6836 5880 6405 5722 5561 6019 5905 5912 6196 5428 5948 5977 6076 6044 6091 5809 6390 6022 6690 6245 6431 5710 5864 6180 6032 6125 6810 5828 5859 5437 5877 5944 5918 5792 6241 5806 5970 6395 5678 6036 5978 6559 6070 5892 6317 6373 5893 6080 5776 5900 5706 6164 6129 6749 6474 5762 5968 6046 5620 6121 6034 6094 5766 6489 5744 6008 6621 6230 6413 6094 5757 5417 5729 5847 6338 5700 5763 6069 5755 5765 5658 5266 6389 6549 6084 5584 5887 5885 6082 5904 6580 5752 6189 5647 5755 6412 6316 6235 6354 6470 6278 6250 5741 5965 6135 6130 6211 5860 6281 5805 6387 6826 5908 6339 6135 5763 6112 5611 6597 5970 6217 5803 5895 5853 6071 5711 5926 6499 5677 5966 5931 6032 5876 6413 5932 5760 5772 5981 6029 5976 6191 6319 6568 5487 5893 6372 5809 5694 6116 6422 6239 6208 6009 6205 5696 6190 5616 6431 5776 6302 6310 6206 6378 6104 6300 6222 6043 6073 5702 5964 6340 6189 5632 6511 6381 6244 6225 6045 5165 5946 5912 6395 6128 6200 6231 6675 5779 5788 6039 6028 5661 5824 6206 5317 5695 6491 6249
6369 6515 6426 6122 6118 6269 6471 6236 5623 6325 6074 6103 6123 6178 6365 6155 6346 6076 6248 6537 5627 6536 6664 5869 6144 5999 5805 6031 6212 6147 6375 6635 6295 6266 6058 6245 6179 6653 6942 6190 6414 6442 6251 5932 6325 5718 6206 6527 6435 6257 6250 6214 5883 5693 6053 6296 6480 6459 5694 6443 5885 6272 5839 6015 5766 6329 5823 6440 5610 6028 6225 6559 6263 5934 5811 6526 6229 6793 6167 6513 6395 6174 6016 6564 6488 6747 5940 6033 5295 6047 5999 6316 6209 6515 5766 6156 6544 6173 6244 6212 6874 6457 6262 6199 6745 6190 6618 5906 6032 6325 6438 6262 6844 6191 6017 6114 5974 5932 6564 6054 6030 6458 6669 5618 6466 6596 6426 6644 6125 6522 6128 6307 6239 6249 5963 6084 6402 5944 6090 6490 5447 6682 6598 6697 5776 6327 6129 6352 6148 6619 6053 6731 6171 6112 6401 6190 6113 6432 6110 6400 6325 6021 6059 6121 6453 6519 5969 6395 6278 6457 6907 6068 6269 6434 5884 6043 5885 6477 6218 6456 6471 5906 6138 6107 6044 5678 6394 6313 6187 6093 5863 6168 6749 6300 5620 5522 6362 6165 5954 6272 6362 6687 6066 6291 6809 5858 5889 6174 6836 6538 6292 6469 6712 5967 6388 5724 6349 5810 6473 5977 6018 6206 6216 6097 6607 6397 6273 5848 6265 6187 6615 5712 6428 6685 6434 6662 5945 5683 6297 6332 6518 6417 6063 6292 7175 5928 6226 5868 6155 6174 6134 6479 5682 5761 6436 6307
6268 6326 6641 6289 6351 6651 6808 6725 6019 6318 6398 6362 6208 6674 6358 6386 6667 6273 6499 6851 6246 6527 6683 6117 6515 6568 5911 6070 6513 6276 6691 6813 6371 6397 6361 6349 6512 6925 6836 6581 6527 6400 6386 6345 6206 6335 6547 6686 6514 6479 6263 6740 6123 5706 6422 6193 6407 6843 5665 6964 6247 6485 6192 6291 6384 6405 6253 6248 6302 5945 6899 6397 6570 6067 5726 6717 6621 6851 6368 6574 6152 6160 6291 6422 6537 7093 5753 6463 5505 6166 6593 6333 6219 6364 6047 6168 6895 6426 6148 6219 7002 6353 6231 6196 7067 6069 6674 6006 6152 6075 6706 6465 6863 6541 6210 6470 6489 6402 6408 6139 6650 6481 6851 6055 6248 6888 6790 6818 6340 6258 6305 6163 6077 6700 6005 6170 6491 6540 6161 6657 5857 6952 7034 6614 6011 6367 6346 6215 6090 6284 5939 6403 6031 6136 6367 6527 6450 6732 5934 6416 6583 6164 6336 6151 6797 6250 6262 6680 6083 6791 6657 6311 6984 6364 6060 6332 6238 6763 6369 6529 6638 6129 6414 6110 5954 6198 6757 6068 6312 6368 6096 6381 6842 6678 6095 6262 6396 6314 5966 6258 6422 6878 5861 6247 6673 6010 5928 6402 6948 6606 6653 6462 6463 6417 6137 6229 6871 6155 6633 6329 6366 6606 6376 6563 6668 6502 6327 6052 6174 6681 6398 6345 7029 6689 6392 6458 6218 5616 6180 6350 6650 6646 6340 6711 6993 6097 6264 6093 6464 6361 6155 6483 6141 5787 6834 6811
6598 6861 6483 6409 6188 6573 7063 6885 5611 6695 6616 6409 5870 6938 6833 6306 6280 6191 6699 6773 6138 6876 6795 6047 6749 6500 5808 6483 6387 6603 7001 6593 6770 6703 6078 6252 6842 7261 7122 6341 6944 6499 6588 6169 6584 6148 6800 6470 6592 6579 6462 6375 5902 5923 6288 5955 6633 7067 5995 6595 6561 6707 5999 6258 6206 6527 6135 6647 6067 6262 6772 6637 6547 5967 6093 6921 6905 6574 6375 6628 5991 6399 6702 6357 6734 7045 6335 6361 5722 5970 6789 6476 6146 6532 6094 6633 6728 6250 6075 6190 6996 6792 6029 6331 6932 6193 6644 6263 5958 6300 6647 6682 6503 6750 6360 6289 6589 6604 6505 6298 6217 6627 6581 6045 6099 6859 6925 6913 6590 6461 6368 6210 5995 6343 6084 6804 6512 6203 6003 6481 5866 7216 6880 6696 5811 6318 6526 6260 5903 6802 6082 6552 6090 6295 6649 6733 6726 6711 6104 6488 6572 6250 6304 6748 6765 6224 6571 6378 6321 6841 6369 6392 6902 6748 6289 6580 5865 6780 6646 6655 6907 6163 6349 6346 6292 6245 6455 6361 6444 6269 6286 6463 7040 6323 6172 6168 6506 6384 5933 6235 6536 6803 5982 6409 6672 6297 5771 6100 6604 6345 6348 6789 6378 6221 5748 6139 7140 6333 6871 6316 6377 6343 6472 6496 6808 6822 6279 6074 6059 6643 6864 6008 7011 6565 6316 6692 6187 5879 5952 6492 6766 6589 6299 6993 7251 5857 6498 6688 6611 6141 6300 6734 5867 5890 6837 6741
6694 6607 7029 6490 6586 6889 6847 6690 6334 6831 6904 6300 6378 6776 6616 6617 6577 6562 6803 6781 6187 6749 7189 6270 6504 6765 5884 6428 6741 6173 6949 6847 6538 6988 6608 6753 6829 7277 7139 6863 6751 6933 6535 6367 6423 6558 6457 6774 6680 6770 6616 7247 6275 6167 6385 6324 6459 6898 6020 7104 6540 6604 6287 6081 6348 7020 6275 6679 6230 6498 6452 6854 6690 6181 6091 6969 6432 6854 6550 6948 6087 6422 6640 6670 6638 6941 6428 6378 5864 6084 6567 6935 6342 6733 6511 6274 6909 6401 6501 5922 7119 6458 6238 6531 7083 6256 6451 5958 6467 6664 6634 6740 6636 6547 5902 6114 6719 6288 6483 6288 6997 6763 6413 6071 6146 6821 6592 6908 6709 6419 6308 6460 6554 6670 6416 6233 6840 6613 6289 6713 5797 7269 6898 6754 5799 6263 6815 6554 6151 6746 6159 6711 6527 6602 6811 6657 6882 6776 6515 6842 6676 6435 6709 6681 6758 6528 6221 6626 6460 6933 6703 6828 6888 7105 6551 6848 6102 6885 6457 6622 6467 6344 6509 6416 6248 6459 6724 6569 6333 6375 6640 6620 7366 6891 6295 6492 7235 6575 6434 6296 6921 6969 6276 5857 7062 6152 5801 6772 7399 6894 6641 6661 6709 6219 6611 6061 6797 6339 6704 6623 6644 6988 7055 6380 6716 6450 6443 6207 6374 6716 6831 6555 7061 7025 6333 6545 6092 5694 6328 6648 6912 6663 6491 7018 7595 6322 6570 6746 6698 6604 6606 6875 6160 5945 7061 6795
6654 6749 6865 6842 6717 6949 7336 6989 6182 6857 6622 6710 6733 6911 6932 6684 6892 6696 6463 6861 6251 7000 7471 6894 7025 6794 5730 6928 6829 6517 7016 7140 7004 7227 6634 6756 7183 7467 7258 6732 7138 7016 6959 6355 6663 6548 7016 7128 6820 7362 6860 6937 6257 6084 6661 6803 6805 7481 6329 7200 6344 6672 6085 6142 6287 6641 6400 7034 6054 6514 6722 6865 6979 6583 6393 7161 6704 6991 6681 6934 6648 6689 6976 6730 6920 7366 6633 6581 6092 6456 6610 7041 6244 6925 6664 6737 7115 6518 6686 6477 7152 6616 6667 6985 7274 6427 6979 6094 6794 6853 7000 7041 7326 7028 6575 6815 6652 6660 6950 6703 6790 6897 7045 6262 6756 7655 7057 6985 6815 6811 6879 6923 6439 6683 6485 6882 7096 6787 6485 6657 5995 7351 7570 6877 6216 6574 6771 6642 6793 6686 6547 7032 6498 6686 7052 6797 6981 6897 6787 6801 6844 6375 6786 6822 6814 6438 6778 6938 6479 6784 7239 6586 6930 7024 6284 6782 5830 6957 6825 6587 6881 6447 6456 6867 6325 6474 7180 6633 6574 6566 6429 6556 7449 6968 6498 6620 7280 6610 6582 6911 7159 7097 6376 6314 7135 6487 6379 6674 7314 6685 6662 6607 6785 6465 6578 6201 7170 6185 7001 6818 6797 6924 6740 6670 7314 6817 6478 6316 6914 6589 7235 6128 7260 6731 6865 6888 6348 6177 6607 6778 7013 6856 7073 7449 7620 6506 6910 6563 6882 6516 6844 6841 6425 6132 6915 6743
6306 6268 6365 5915 6204 6401 6455 6445 5851 6202 6165 5710 5856 6635 6018 6081 6241 5852 6312 6205 5761 6175 6708 5876 6387 6343 5591 6192 6209 5836 6291 6237 6062 6258 5664 5924 6240 6824 6586 5999 6444 6274 6374 5863 5980 5929 6435 6596 6432 6247 6155 6097 5688 5566 5953 6075 6051 6321 5622 6520 6148 6127 5729 5565 5933 6172 5536 6176 5379 6156 5970 6209 6128 5855 6030 6207 6438 6289 6194 6340 5715 5826 6242 6339 6069 6677 5922 6167 5856 5763 5974 6134 5533 6013 6094 5968 6142 5874 5768 6070 6672 6182 6148 6044 6541 5506 6494 5862 5966 5914 6460 6300 6539 6084 5573 5630 6074 6005 6135 6053 5995 6451 6203 5818 6306 6373 6312 6508 6098 6041 6197 6045 5955 5943 6044 5963 6401 6180 6276 6023 5290 6448 6628 6273 5882 5971 6208 5869 5931 6490 5860 5922 5629 6456 6203 6048 6018 6155 5848 5973 6409 6133 6133 6094 6038 5948 6037 6358 5827 6160 6361 5960 6510 6259 5972 6103 5612 6228 6180 6366 6164 5586 6017 6046 5722 6211 6388 6370 5810 6174 6084 6018 6169 6322 5724 6073 6436 5977 5943 6297 6104 6550 5990 5950 6335 5817 5568 5899 6524 6246 6276 6470 6412 6067 5924 5743 6209 5675 6057 5850 6205 6531 6046 6131 6431 6143 5875 5732 5829 6207 6038 5765 6747 6246 6308 6564 5810 5626 5721 6053 6399 6149 5748 6307 7110 6192 6011 5841 6069 5956 5796 6332 6087 5662 6351 6499
6212 6482 6278 6589 6190 6679 6762 6729 5855 6378 6361 6388 5937 6675 6449 6087 6512 6426 6604 6607 6132 6411 6995 6185 6474 6345 5487 6458 6458 5877 6643 6759 6592 6922 6289 6377 6681 6891 6832 6551 6668 6272 6365 5873 6318 6305 6656 6550 6767 6412 6771 6280 5817 5430 6127 6282 6488 6650 5606 6773 6413 6439 5760 5821 5917 6405 5958 6537 5598 6055 6296 6322 6439 5847 6130 6755 6460 6700 6361 6570 6152 6126 6402 6170 6415 7037 6130 6152 5840 5710 6345 6659 5791 6606 5933 6374 6228 5909 6166 6092 6681 6337 5990 6413 6683 6001 6278 5886 6155 6064 6476 6457 6798 6414 6053 6051 6237 6402 6339 6355 6340 6158 6484 6083 6020 7090 6738 6561 6663 6118 5992 6429 5927 6247 6195 6517 6562 6050 6327 5955 5598 6827 6985 6296 5806 5740 6265 6497 5811 6361 6012 6701 5806 6241 6535 6415 6244 6306 6358 6347 6411 6075 6106 6666 6721 6094 6037 6160 6091 6390 6497 6376 6452 6309 5941 6358 5679 6802 6378 6411 5990 5712 5897 6215 5825 5992 6828 6246 6209 6063 6203 6159 6589 6165 5975 5964 6721 6333 6145 6450 6427 6630 6094 6207 6331 5918 6220 6210 6659 6350 6345 6625 6137 6090 5960 5667 6815 5739 6597 6558 6383 6347 6449 6273 6570 6536 5792 6320 6175 6451 6282 6106 6792 6340 6506 6673 6074 5578 5919 6276 6676 6470 6553 6519 7238 5884 6154 6316 6252 5956 6293 6139 6036 5583 6617 6555
6996 6935 7073 6502 6702 6836 7356 7079 6239 6892 6694 6908 6323 7428 6940 6853 7172 6691 6907 6956 6504 7243 7256 6652 6934 7052 5882 6910 6827 6714 7183 7154 7167 7269 6635 7041 7045 7196 7359 7101 7156 6927 6627 6544 7030 6880 7285 6958 6928 7097 6755 6801 6425 6181 6526 6755 7073 7241 6397 7277 6623 6790 6259 6513 6761 6915 6359 6742 6396 6580 6954 6784 7082 6415 6711 7530 7049 6893 6613 7008 6389 6376 6780 6661 7117 7309 6259 6648 6015 6475 6241 6423 6471 7061 6345 6617 6706 6772 6543 6652 7433 6593 6741 6864 7595 6559 6781 6441 6472 6767 7056 6671 7122 7051 6271 6534 6767 6753 6836 6473 6691 6627 6818 6366 6734 7179 6599 7096 6975 6818 6515 6644 6636 6814 6639 6762 6690 6430 6682 6890 6050 7294 7284 6923 6010 6236 6925 6580 6231 7194 6129 7218 6308 6494 6954 7078 6962 7020 6646 6687 7038 6411 6722 6964 7210 6639 6681 6992 6476 7276 7006 6680 6856 7113 6320 6971 6427 6981 6929 6945 7082 6575 6730 6842 6431 6518 7087 7010 6697 6402 6828 6720 7147 7067 6602 6545 6965 6804 6390 6699 6808 7158 6625 6553 6795 6675 6416 6576 7303 6787 6682 6894 7041 6345 6473 6292 6897 6214 7000 6460 6812 6803 7037 6677 7315 7015 6464 6370 6702 7059 7046 6613 7425 7101 7233 6765 6494 6318 6479 6611 7226 6929 6859 7107 7834 6785 6617 6740 6706 6558 6560 6977 6563 5941 7062 6938
6321 6511 6351 6170 6228 6325 7041 6387 5943 6477 6378 6461 5940 6481 6315 5973 6220 6026 6156 6544 5890 6532 6928 6207 6576 6371 5265 6081 6355 5883 6455 6529 6181 6684 6166 6299 6361 6703 6813 6307 6671 6479 6387 6102 6382 6047 6378 6485 6436 6335 6295 6214 5513 5542 6159 6317 6020 6632 5599 6537 6189 6528 6068 5876 6165 6274 5598 6786 5924 5833 6370 6288 6193 5850 5887 6437 6482 6757 6272 6792 6139 6248 6140 6171 6329 6922 6136 6145 5869 5924 6069 6133 6251 6481 5717 6132 6849 6072 6274 6075 6609 6203 6182 6390 6816 6143 6022 5737 6030 6124 6123 6296 6634 6735 6129 6315 6332 6165 6255 5814 6280 6152 6462 5854 6028 6866 6287 6492 6219 6576 5748 6224 5990 6447 5912 6254 6642 6021 6113 6259 5520 6720 6578 6536 5763 5919 6097 6282 5876 6531 6142 6255 6114 6292 6421 6521 6556 6796 6067 6213 6345 6083 5972 5961 6410 6218 5771 6356 6245 6643 6574 6292 6428 6554 5878 6438 5740 6855 6178 6276 6256 6026 5951 6146 6002 5958 6370 6122 6178 5938 6405 6314 6423 6381 5850 5896 6196 6303 5898 6129 6771 6721 5785 6237 6482 5819 5785 6245 6520 6315 6191 6283 6430 5960 6095 5842 6731 5999 6590 6203 6214 6009 6346 6043 6391 6281 5910 5790 5993 6335 6541 6227 6704 6568 6313 6408 6173 5604 5988 6361 6595 6648 6226 6611 6897 6178 6297 6241 6243 5935 5615 6369 5684 5565 6748 6347
6821 6634 6592 6378 6296 6531 6777 6746 5902 6810 6717 6904 6242 6918 6625 6787 6825 6289 6297 6597 6258 6971 7310 6373 7020 6643 6035 6072 6392 6420 6796 6623 6727 6678 6399 6686 6682 7033 6836 6650 6761 6726 6372 6425 6385 6331 6528 6825 6917 6838 6458 6735 6275 5936 6413 6390 6552 7394 6062 6976 6489 6527 6348 6039 6195 6676 6168 6479 5734 6439 6547 6626 6610 6124 6081 6791 6699 6986 6383 6574 6247 6514 6475 6765 6640 7099 6428 6637 5980 6186 6382 6324 6208 6754 6399 6769 6853 6550 6467 6385 7249 6509 6599 6477 7176 6664 6641 6254 6270 6778 6742 6708 7027 6628 6411 6315 6416 6498 6581 6229 6370 6570 6669 5925 6426 6997 6813 6848 6474 6463 6317 6405 6420 6515 6240 6442 6757 6333 6160 6457 5746 7024 7047 6837 6053 6152 6420 6464 5853 6598 6450 6722 6343 6446 6916 6636 6504 6574 6471 6605 6626 6175 6498 6541 7042 6404 6047 6854 6284 6862 6680 6398 6734 6548 6273 6616 6000 6903 6708 6510 6502 6172 6341 6480 6231 6051 6727 6780 6304 6568 6565 6409 7109 6497 6124 6543 6652 6599 6187 6521 6789 6785 6130 6403 6618 6382 6318 6568 7100 6283 6576 6772 6742 6566 6690 6610 6917 6136 6931 6480 6145 6520 6440 6421 6961 6815 6200 5945 6297 6639 6796 6456 7115 6927 6438 6555 6290 5991 6361 6703 7104 6441 6235 6973 7133 6351 6555 6755 6579 6378 6363 6319 5656 6109 6739 6788
6769 6641 6695 6407 6417 6666 7034 6833 6029 6550 6805 6605 6267 6744 6920 6500 6607 6591 6209 6813 6483 7146 7191 6293 7160 6603 5876 6819 6633 6357 6671 6810 6838 6929 6605 6599 6777 6919 7366 6993 6945 6924 6463 6409 6803 6418 7032 6826 6689 6778 6650 6765 6192 5901 6203 6629 6788 6930 6254 7107 6283 6584 5794 6237 6020 6817 6368 7019 5879 6372 6366 6963 6988 6157 6300 6953 6781 6782 6892 6943 6486 6526 6544 6418 6924 7014 6169 6523 5845 6262 6426 6888 6294 6936 6593 6345 6910 6430 6289 6382 7248 6845 6594 6752 6859 6451 6347 5976 6553 6667 6542 6827 7146 6840 6128 6340 6567 6421 6670 6330 6637 6338 6668 6268 6598 7032 6820 6721 6538 6441 6445 6228 6361 6872 6207 6321 6760 6432 6484 6247 5520 7120 6756 6895 6154 6328 6516 6494 6383 6667 6229 6365 6389 6556 6546 6602 6776 6476 6651 6400 6799 6152 6525 6600 6271 6337 6497 6667 6378 6607 6759 6356 6706 6663 6485 6612 5939 6933 6556 6805 6549 6247 6588 6710 6390 6032 7001 6466 6446 6240 6596 6507 7181 6697 6551 6498 6707 6788 6430 6733 6771 6997 6353 6074 6867 6272 5957 6598 7054 6443 6326 6629 6582 6276 6555 6102 7064 6223 6821 6611 6248 6613 6462 6331 7065 6566 6494 6303 6269 6387 6865 6544 7208 6806 6610 6871 5982 5936 6120 6542 6661 6733 6814 6948 7420 6533 6371 6588 6656 6437 6373 6656 5941 6039 6740 6780
6591 6474 6332 6094 6097 6194 6839 6579 5800 6268 6293 5819 5643 6969 6261 6080 6318 5920 6433 6640 5548 6444 6299 6215 6468 6362 5620 5986 6484 6204 6628 6579 6293 6255 6308 6118 6231 6774 6699 6295 6331 6307 6035 6059 6265 6166 6581 6667 6692 6398 6530 6320 5616 5698 6032 6090 6388 6755 5713 6425 6019 6701 5849 5844 5954 6220 6002 6262 5861 6090 6233 6177 6571 6101 5819 6629 6634 6575 5949 6585 5803 6344 6630 6481 6362 6819 5937 6062 5608 6028 5974 6158 6000 6157 5942 6828 6580 5951 5987 6142 6903 6180 6209 6170 6328 5925 6347 5962 5932 6426 6325 6248 6492 6245 5693 5996 6214 6227 6297 6122 6353 6141 6337 5815 6056 6596 6425 6411 6373 5949 5903 5925 5968 6360 5808 5942 6362 6076 6325 6013 5497 6732 6515 6486 6081 6233 6491 6194 6047 6281 5937 6372 6268 6256 6651 6366 6361 6277 6140 6126 6798 6113 5954 6145 5965 6157 6292 6272 5994 6579 6377 6146 6453 6163 5936 6529 5666 6077 5893 6078 6148 5724 5761 5672 5912 6070 6519 6138 6233 5847 6317 6323 6410 5965 6090 6231 6309 6463 5698 6312 6449 6916 5526 6130 6270 5727 5626 6323 6646 6057 5872 6197 6311 6199 5944 5893 6662 5806 6779 6470 5987 6375 6147 6338 6532 6477 5802 5921 5869 6405 6319 5900 6890 6708 6119 6659 6280 5539 6116 6143 6507 6066 5964 6437 6594 5794 6012 6149 6198 6123 5818 6382 5868 5854 6495 6732
7198 7165 6828 6671 6548 7014 7252 7340 6312 6812 6845 6672 6481 6995 6628 6688 7020 6709 6942 6717 6560 7016 7491 6572 7017 6380 6497 6790 6984 6571 7158 7102 6792 7138 6604 6597 7132 7176 7192 6743 7270 6862 6850 6272 6848 6654 7039 6965 7020 7067 6866 6905 6146 6216 6451 6749 7120 7390 6297 6873 6639 7103 6196 6441 6373 6796 6478 7110 6173 6335 6642 6774 6731 6551 6333 7076 7133 6935 6931 7140 6470 6613 6536 6904 6389 7279 6710 6739 6231 6306 6658 6826 6573 6667 6267 6927 7154 6697 6656 6359 7305 6793 6957 6639 7227 6463 6642 6553 6317 6736 7048 7201 6993 6928 6250 6781 6826 6751 6866 6821 6822 6652 6833 6122 6501 7213 7161 6913 6756 6364 6505 6458 6300 6831 6349 6811 6760 6493 6392 6699 6131 7559 7065 6818 6444 6464 6888 6696 6496 7069 6326 6930 6249 6648 7018 6760 7053 7079 6586 6936 6859 6544 6761 6866 7000 6695 6588 6718 6379 7137 6813 6910 6934 6952 6741 7034 6327 6829 6681 6747 6781 6753 6608 6381 6146 6442 7004 6414 6717 6615 6610 6796 7233 6728 6490 6502 6985 6874 6495 6899 6725 7378 6420 6353 6984 6344 6217 6675 7222 6781 6660 6983 6681 6686 6594 6270 7179 6139 7065 7112 6536 6741 6748 6963 7311 7161 6489 6545 6425 6841 7042 6395 7439 7028 6590 7262 6508 6280 6296 6813 7210 6584 7085 7012 7669 6563 6665 6526 6728 6734 6398 7234 6326 6276 7077 6866
6688 6501 6833 6113 6584 6793 6919 6607 6182 6545 6629 6421 5946 6974 6570 6551 6530 6461 6612 6887 6122 6511 6970 6228 6644 6476 5724 6065 6766 6301 6524 6752 6604 6637 6355 6519 6643 7118 6849 6505 6643 6678 6402 6350 6443 6376 6742 6473 6650 6506 6663 6611 5766 5855 6048 6490 6668 7005 6040 7118 6187 6817 5840 6312 6065 6525 5923 6389 5847 6324 6356 6317 6562 5792 6126 6934 6742 6995 6503 6929 6316 6486 6785 6317 6542 7062 6360 6126 5888 6297 6600 6429 6335 6545 6361 6536 6543 6362 6382 6393 7086 6405 6461 6379 6969 6302 6639 6287 6320 6305 6521 6443 6876 6474 6219 6110 6365 6291 6386 6331 6260 6636 6745 6005 6230 7097 6778 6357 6320 6446 6056 6303 6065 6572 6406 6389 6494 6403 6198 6149 5790 7110 7076 6852 5929 6000 6678 6253 5931 6865 6035 6496 6404 6334 6664 6480 6868 6672 6138 6165 6706 6184 6251 6601 6736 6337 6278 6734 6153 6805 6486 6489 6632 6618 6378 6983 5925 7092 6455 6604 6794 6067 6356 6413 6366 6418 6831 6381 6152 6588 6351 6403 6852 6560 6159 6488 6580 6311 6455 6473 6770 7241 6283 6266 6593 6449 5890 6020 6813 6612 6519 6254 6562 6530 6060 5717 6835 6168 6990 6404 6345 6470 6641 6380 6886 6545 5984 6103 6327 6352 6766 6105 6836 6570 6865 6363 6071 5963 6000 6148 6554 6706 6471 6780 7140 6375 6467 6421 6098 5919 6116 6464 6188 6071 6915 6804
6171 6174 6717 6313 6120 6340 6580 6569 6032 6289 6528 6534 6005 6518 6167 6101 6383 6328 6501 6569 6371 6349 6497 6093 6617 6406 5582 6411 6392 6139 6302 6479 6460 6273 6291 6575 6454 7079 6757 6430 6711 6576 6258 6210 6538 6259 6570 6602 6275 6560 6298 6483 6203 5677 6021 6186 6563 7152 5922 6664 6052 6425 5755 6148 5748 6068 6033 6036 5489 6460 6491 6282 6284 5840 5783 6767 6673 6828 6353 6532 5960 6084 6233 6284 6412 6618 5966 6227 5760 5846 6098 6496 5924 6323 6071 6485 6515 6256 6073 6413 7010 6466 6270 6449 6469 6028 6289 5847 6042 5980 6489 6326 6877 6353 5924 6277 6165 5943 6351 6162 6462 5822 6498 6126 6273 6952 6562 6547 6342 6005 6456 6168 6468 6456 6065 6095 6495 6377 5968 6363 5219 6947 6519 6218 5820 5893 6131 6327 6103 6491 5957 6279 5946 6078 6417 6331 6779 6213 6130 6101 6339 6003 6238 6356 6351 6496 6111 6244 6111 6543 6406 6134 6863 6722 6132 5979 6322 6744 6522 6152 6044 5994 6257 6361 6076 6046 6487 6301 6199 6611 6092 6151 6431 6390 6096 5863 6613 6407 6124 6110 6521 6680 6190 6096 6113 6334 5952 5932 6877 6330 6093 6368 6193 6204 6357 5728 6484 5956 6663 6102 6421 6301 6204 6514 6542 6535 6099 6057 5919 6260 6696 5751 6764 6749 6555 6652 5941 5529 5902 6209 6332 6749 6232 6608 6983 6392 6240 6301 6303 5975 6224 6149 5740 5903 6677 6500
6478 6519 6747 5942 6437 6687 6941 6464 5924 6303 6440 6229 6072 6727 6322 6518 6179 6467 6358 6458 5836 6942 7013 6308 6493 6768 5688 6418 6398 5946 6455 6753 6601 6801 6367 6420 6824 6698 6870 6589 6573 6554 6253 5904 6332 6250 6606 6613 6300 6664 6276 6212 5816 5959 6111 6298 6136 6791 5829 6391 6175 6190 6055 5954 6273 6392 5937 6560 5956 6159 6263 6238 6520 6088 6065 6807 6611 6775 6591 6598 6105 6233 6454 6237 6529 6995 5918 6141 6095 6135 6110 6311 6029 6313 6001 6066 6538 6243 6235 6197 6865 6452 6641 6298 6983 6042 6084 6093 6662 6410 6353 6288 6908 6502 6003 6235 6191 6266 6683 6137 6084 6397 6336 6011 6270 6963 6361 6589 6674 6276 6227 6414 6238 6652 6089 6262 6533 6170 6370 6586 5543 7041 6737 6447 5874 6132 6500 6539 6226 6604 5840 6751 6025 6245 6362 6499 6443 6355 6057 6364 6502 5814 6189 6283 6368 6296 5954 6372 5946 6571 6457 6342 6250 6531 5891 6377 6215 6744 6442 6367 6475 5898 6298 6504 6278 5935 6712 6155 6228 5870 6429 6158 6671 6584 5943 6441 6436 6436 6339 6545 6565 6695 6262 5788 6599 5953 5767 6193 6790 6424 6410 6515 6471 6101 6318 6234 6729 5993 6383 6270 6199 6509 6296 6241 6672 6523 6123 6023 6176 6291 6626 6066 6927 6282 6556 6113 5947 5902 5918 6273 6573 6381 6715 6732 7352 6152 6515 6242 6222 5896 6039 6574 5976 5742 6850 6554
6581 6489 6671 6206 6460 6712 6669 6630 6175 6672 6453 6542 6301 6892 6087 6450 6711 6526 6857 6999 6314 6672 7009 6036 6684 6406 5897 6354 6559 6085 6676 6539 6777 6821 6457 6307 6629 7013 7116 6547 6665 6805 6390 6210 6544 6143 6802 6634 6481 6443 6448 6688 5899 6062 6391 6405 6659 6927 6017 6919 6213 6452 6059 6074 6041 6563 6122 6695 5855 6308 6469 6523 6443 6276 6139 6685 6735 6752 6466 6712 6337 6432 6362 6607 6602 7251 6273 6422 5983 6265 6383 6288 6438 6488 6297 6682 6550 6657 6455 6319 6697 6686 6583 6672 7084 6227 6859 6014 6421 6250 6537 6377 7037 6218 6168 6303 6340 6456 6419 6549 6466 6363 6606 6412 6359 6969 6507 6752 6416 6660 6162 6158 6632 6714 6075 6654 7215 6644 6537 6437 5722 6814 7085 6654 5988 5969 6900 6298 6157 6743 6175 6457 6398 6524 6788 6542 6472 6722 6589 6269 6674 6505 6505 6224 6809 6569 6431 6713 6463 6801 7012 6730 6825 6626 6171 6760 5985 6894 6755 6619 6558 6178 6428 6704 6193 6219 6693 6710 6177 6490 6567 6077 6945 6269 6361 6348 7041 6413 6267 6305 6753 7261 6300 6383 6721 6216 6115 6405 7224 6757 6503 6823 6926 6557 6373 5945 6727 5894 6961 6290 6386 6920 6532 6540 6980 6509 6279 6346 6453 6498 6368 6135 7047 6961 7026 6712 6094 5833 6459 6288 6381 6463 6467 6517 7482 6409 6407 6243 6569 6182 6456 6947 6029 5896 7058 6378
6541 6544 6797 6236 6483 6457 6920 6686 5993 7004 6509 6154 5993 6824 6623 6653 6568 6304 6860 6492 6019 6622 6771 6195 7079 6181 6125 6451 6356 6321 6370 6709 6692 6702 6170 6199 6817 7284 6755 6501 6701 6797 6474 6411 6536 6495 6739 6561 6618 6695 6582 6496 5782 5528 6166 6328 6417 7193 5758 7004 6543 6685 5714 5965 5769 6477 6021 6608 5793 6165 6440 6480 6188 6250 6141 6895 6441 6833 6406 6499 6162 6345 6618 6061 6584 7194 6211 6272 5974 5959 6208 6625 6306 6554 6113 6521 6815 6172 6337 6308 6807 6341 6345 6411 6920 6284 6108 5725 6325 6432 6432 6623 6935 6486 6240 6306 6294 6127 6428 6313 6112 6441 6581 5980 6189 6729 6439 6771 6423 6443 6207 6392 6117 6505 6590 6605 6631 6197 6076 6260 5798 7086 6897 6595 5961 6063 6585 6253 6348 6449 6098 6638 6397 6294 6674 6293 6374 6629 6315 6528 6262 6184 6503 6558 6725 6476 6275 6660 6440 6897 6615 6265 6677 6563 6247 6601 5857 6940 6413 6424 6335 6018 6083 6115 5925 5974 6911 6301 6224 6258 6297 6254 6828 6507 6354 6243 6396 6449 6261 6408 6716 6628 6027 6387 6498 6168 5736 6260 6935 6493 6488 6650 6490 6418 6248 5795 6814 6311 6635 6414 6111 6656 6473 6050 6550 6628 6313 6278 6218 6385 6685 5945 6806 6522 6437 6591 6380 5950 5745 6302 6567 6388 6322 6647 7169 6153 6469 6286 6463 6135 6494 6503 5957 5781 6798 6547
6993 7098 7114 6819 6841 7006 7425 6981 6290 6965 6711 6867 6614 7004 7149 6605 6838 6489 6991 7030 6748 6846 7593 6547 6988 6938 6155 6648 6706 6628 7228 7210 7171 7049 6735 6770 6756 7422 7467 6977 7245 6606 6798 6719 6722 6362 7291 7051 6771 6810 6937 6920 6615 5899 6548 6732 7016 7579 6261 7140 6605 7054 6132 6486 6578 7179 6695 6974 6353 6527 6869 6715 6841 6545 6268 6966 6911 6991 6633 7207 6599 6674 6910 7132 7086 7562 6575 6742 6040 6583 6664 7001 6640 6854 6339 6800 6907 6672 6536 6484 7087 6777 6588 6600 7243 6562 6841 6367 6478 6752 6669 6922 7425 6936 6349 6304 6947 6880 6837 6926 6810 6597 6845 6518 6680 7376 7217 7001 6817 6672 6592 6411 6392 6620 6701 6611 7280 6803 6633 6888 6090 7385 7306 6897 6177 6463 6764 6746 6315 6936 6458 7110 6325 6572 7227 7076 6940 7153 6811 6842 6886 6526 6825 6883 6803 6837 6896 6932 6522 7032 7184 6820 7112 6747 6447 6937 6368 6883 6726 6730 6817 6600 6558 6799 6189 6171 7106 6680 7056 6465 6993 6841 6983 6792 6440 6347 6793 6644 6587 6892 6996 7327 6400 6536 7084 6222 6405 6801 7373 6726 6773 6877 6977 6515 6358 6406 7268 6361 7073 6856 6933 6630 6945 6813 7407 6980 6592 6594 6919 6775 7155 6612 7613 7091 6783 7163 6625 6348 6267 6863 7202 6817 6980 6533 7727 6632 6759 7089 6837 6693 6479 6916 6734 6348 7114 7044
7195 7369 7089 6845 6782 7002 7488 6737 6226 6952 6875 6695 6436 7138 7077 6767 6862 6602 6818 6949 6339 7206 7330 6807 7244 6963 6518 6840 6783 6549 7193 7524 7227 7234 6586 6877 7309 7572 7245 6766 7311 6841 6723 6479 6972 6730 7259 7154 7127 6853 7129 6979 6385 6086 6556 6952 7042 7222 6157 7216 6580 7264 6246 6467 6691 7152 6630 6757 6501 6638 6691 7004 7008 6420 6943 7144 7198 7112 6836 6942 6738 6737 6882 6842 6924 7714 6552 6791 6217 6273 6887 6809 6481 7005 6646 6642 7018 6705 6441 6853 7384 6932 6997 6833 7067 6453 6607 6466 6794 6756 6847 6928 7210 6906 6465 6594 6900 6914 6991 6754 6945 6956 7130 6555 6977 7547 6801 6902 6836 6777 6664 6769 6811 6798 6368 6874 6821 6295 6603 6868 5916 7459 7325 7044 6420 6729 6783 6828 6502 6992 6317 7351 6680 6514 7094 7015 6930 6974 6493 7011 6975 6565 6667 6952 7071 6922 6944 6945 6685 7030 7020 6729 6842 7053 6577 6752 6296 7347 6719 7055 7002 6377 6856 6801 6522 6355 7211 6843 6739 6453 6667 6478 7043 6873 6294 6836 7059 6986 6622 6805 7117 7131 6335 6736 7071 6457 6506 6807 7316 6567 6724 7033 7062 6409 6676 6397 7058 6506 7068 6835 6640 6704 6784 6595 6969 6901 6690 6233 6600 6871 7204 6572 7275 7261 6856 7018 6617 6107 6647 6813 7114 6837 6859 7435 7932 6632 6738 6824 6793 6602 6547 7050 6471 6144 7341 7076
6314 6635 6621 6266 6231 6654 6643 6452 5829 6358 6497 6424 6143 6675 6559 6157 6882 6213 6540 6344 6150 6212 6809 6085 6875 6156 5688 6295 6691 6076 6622 6353 6652 6259 6255 6325 6511 7019 6918 6692 6481 6348 6141 5998 6327 6208 6571 6562 6549 6492 6485 6431 5991 5882 5808 6024 6559 6948 5839 7013 6217 6587 5744 6110 6091 6395 6088 6236 5681 6326 6704 6184 6691 6322 5812 6410 6825 6385 6004 6854 6201 6363 6491 6715 6494 6703 6257 5783 5899 6054 6514 6347 6063 6383 6235 6448 6564 6301 6076 6165 6908 6404 6379 6344 6604 6290 6557 5891 5828 5954 6362 6224 6875 6366 6042 6051 6168 6217 6503 6502 6120 6406 6153 6141 6228 6750 6648 6283 6147 5998 6046 6276 5842 6162 6203 6564 6418 6173 6202 6266 5362 6796 6830 6300 6020 6084 6124 6298 5877 6495 6132 6563 6303 6256 6554 6507 6622 6551 6200 6555 6395 6514 6142 6293 6737 6331 6393 6357 5858 6630 6733 6402 6565 6572 5940 6309 5689 7105 6443 6505 6540 5972 6182 6161 5960 5915 6621 6045 6294 6054 6472 6340 6535 6301 6224 6060 6669 6243 6484 6413 6743 6681 6139 6256 6135 6165 6084 6138 6741 6412 6155 6641 6437 5951 6173 6052 6666 6016 6569 6422 6308 6646 6439 6414 6360 6641 6041 5998 6006 6719 6510 6184 6782 6705 6411 6564 6234 5665 6041 6067 6311 6130 6508 6758 6910 6231 6489 6428 6216 5930 6014 6227 6103 5769 6720 6327
6411 6710 6825 6374 6171 6737 6772 6838 6329 6529 6325 6763 6197 6723 6731 6371 6870 6488 6203 6731 6116 6874 7379 6763 6697 6580 5969 6177 6792 6108 6955 7201 6625 6879 6488 6554 6966 7012 6713 6748 7003 6899 6653 6566 6545 6279 6887 6782 6860 6479 6855 6683 6433 5642 6017 6391 6908 6585 5985 7192 6385 6900 5786 6289 6073 6445 6189 6628 6027 6136 6541 6458 6732 6174 6262 6603 6602 6729 6600 6778 6480 6280 6485 6553 6511 6929 6570 6253 6074 6570 6185 6635 6282 6691 6469 6323 6673 6464 6557 6536 7367 6643 6523 6754 7076 6355 6626 6100 6321 6602 6668 6497 7009 6712 6112 6145 6787 6426 6659 6331 6573 6506 6786 5942 6444 6996 6891 6614 6555 6691 6351 6515 6323 6527 6101 6605 6196 6319 6532 6522 5690 6886 6880 6919 6156 6273 6695 6285 6175 6777 6282 6834 6061 6541 6808 6300 6347 6666 6490 6684 6587 6411 6616 6481 6814 6541 6509 6582 6301 6732 6890 6384 6528 6696 6373 6695 5757 6607 6379 6539 6330 5963 6188 6496 6252 6153 6755 6463 6575 6164 6539 6623 6930 6732 6131 6477 6722 6304 6107 6349 6790 6892 6344 6075 6732 6351 6242 6433 6812 6535 6420 6666 6846 6443 6533 5642 6720 6055 7014 6672 6457 6504 6558 6435 6764 6461 6232 6213 6551 6580 6654 6379 6889 6943 6684 7018 6128 5770 6048 6280 6848 6611 6729 6918 7347 6099 6452 6586 6351 6502 6336 6541 6119 6044 6896 6760
6406 6508 6712 6278 6403 6835 6880 6636 6045 6304 6244 6395 6419 6738 6506 6136 6771 6293 6763 6608 5989 6925 6921 6106 6562 6422 5824 6636 6612 6375 6957 6615 6684 6849 6495 6480 6380 6949 7223 6599 6836 6479 6578 6175 6656 6147 6951 6915 6608 6867 6527 6255 6066 5782 6024 6239 6603 6944 5936 6844 6463 6632 6138 6199 6062 6536 6031 6633 5980 6277 6614 6356 6611 6249 6415 6660 6732 6674 6230 6603 6019 6276 6544 6475 6474 7109 6098 6111 5742 6065 6422 6639 6042 6547 6468 6180 6695 6252 6351 6320 6830 6664 6227 6505 6861 6048 6515 5968 6313 6295 6343 6595 6658 6340 6462 5698 6118 6456 6715 6240 6449 6358 6764 6005 6658 6974 6603 6567 6491 6479 6060 6656 5858 6494 6067 6326 6745 6304 6355 6000 5663 7057 6950 6480 5969 6213 6450 6373 6095 6890 6171 6505 6205 6616 6607 6616 6657 6360 6510 6388 6630 6273 6016 6745 6941 6414 6487 6355 6405 6746 6911 6562 6477 6488 6170 6679 6099 6708 6558 6821 6519 5953 6064 6533 5931 5983 6626 6344 6370 5958 6480 6599 7020 6471 6083 6304 6597 6509 5993 6351 6725 6893 6158 6274 7047 6331 6062 6248 6797 6555 6677 6607 6623 6216 6262 6085 6791 6278 6558 6419 6148 6389 6642 6404 6827 6495 6035 5819 6363 6517 6864 6161 6803 6761 6681 6877 5979 5672 6417 6364 6866 6784 6577 6744 7478 6443 6396 6579 6504 6287 6282 6721 5930 5611 6691 6456
6584 6816 6294 6422 6558 6573 6866 6723 5786 6377 6435 6594 6109 6525 6205 6608 6585 6283 6623 6694 6123 6662 6923 6265 6558 6227 6004 6046 6469 6264 6718 6592 6646 6564 6337 6295 6710 6897 7079 6408 6677 6526 5985 6170 6423 6199 6430 6553 6287 6473 6269 6506 5788 5744 6239 5973 6803 6962 5905 6897 6471 6421 6302 6004 6063 6457 6150 6746 5764 6219 6651 6378 6497 6190 5885 6727 6452 6667 6488 6447 6100 6375 6517 6583 6563 6963 6528 6328 5759 6251 6068 6342 6382 6279 5885 6612 6785 6311 6418 6241 6659 6111 6700 6000 7031 6062 6183 6131 5836 6130 6210 6642 6840 6393 5972 6203 6287 6117 6271 6405 6428 6489 6615 5837 6156 6555 6653 6510 6314 6428 6033 6349 5943 6164 6358 6162 6597 6285 6284 6571 5833 6888 6576 6272 6028 6229 6386 6602 5846 6609 6284 6677 6135 6127 6510 6311 6354 6730 6502 6452 6892 6072 6239 6410 6725 6451 5854 6647 6344 7089 6728 6579 6371 6462 6206 6466 6199 6597 6340 6656 6414 6050 6309 6235 5870 5975 6783 6404 6024 6406 6322 6115 6712 6313 6133 6262 6406 6561 6180 6456 6722 6851 6025 6230 6660 6144 5893 6452 6930 6260 6451 6784 6318 6161 6512 5676 6666 6006 6760 6406 6207 6486 6604 6067 6851 6684 6087 6255 6282 6560 6603 6051 6902 6624 6049 6613 6459 5911 6094 6255 6754 6467 6562 6609 7196 6153 6454 6266 6336 5851 6171 6552 5697 5756 6921 6483
6502 6282 6289 6397 6277 6582 6589 6409 5927 6339 6174 6422 5730 6308 6505 5987 6317 6159 6452 6323 6085 6292 6790 6154 6301 6106 5768 5847 6434 5969 6614 6203 6413 6712 6362 6172 6460 6860 6527 6263 6895 6612 6400 5955 6291 5928 6417 6530 6558 6089 6475 6265 5924 5528 6568 6102 6418 6683 5906 6581 6279 6597 5928 5965 5958 6183 6532 6594 5712 6012 6486 6293 6153 6080 6072 6546 6535 6700 6000 6476 5737 6194 6348 6366 6014 6784 6112 6245 5743 5870 6205 6399 6047 6300 6025 6496 6363 6002 6197 5930 6500 6720 6344 6692 6569 5917 6322 6279 6305 6284 6609 6284 6667 6176 5896 6155 6189 5878 6224 6402 6246 6203 6296 5716 6072 6903 6623 6423 5968 6319 5926 6290 6135 6591 5550 6290 6411 6256 6047 6059 5710 6945 6832 6528 5715 5902 6533 6314 5961 6628 6134 6452 6121 6110 6355 6361 6268 6454 6264 6283 6265 6149 6170 6446 6570 6203 6179 6172 5875 6652 6414 6393 6560 6485 6074 6637 5738 6558 6186 6217 6362 6086 6110 6159 5895 6214 6390 6280 6265 6169 6572 6038 6792 6183 6232 5855 6563 6406 6167 6186 6376 6732 6221 6075 6596 5969 5750 5882 6699 6371 6128 6324 6245 6199 6239 5315 6533 6000 6781 6198 6383 6453 6470 6609 6610 6306 5990 6016 6267 6297 6602 5839 6713 6709 6482 6606 6062 5441 5911 6370 6652 6391 6579 6636 7180 5893 6393 6417 6151 6037 5981 6555 5581 5643 6697 6516
6431 6471 6551 6090 6335 6463 6752 6821 6123 6407 6339 6610 6339 6638 6428 6230 6696 6700 6160 6920 5905 6598 6722 6125 6496 6496 5783 6503 6699 6359 6661 6670 6541 6577 6516 6427 6748 6754 7156 6497 6700 6697 6540 6060 6528 6170 6615 6631 6550 6587 6526 6345 5780 5686 6262 6119 6442 6886 5869 6581 6430 6284 5933 6098 5834 6418 5782 6651 5889 6212 6563 6802 6281 6254 6133 6666 6872 6662 6187 6927 6199 6261 6293 6412 6421 7167 6333 6192 5574 6252 6167 6392 6065 6424 6121 6365 7038 6390 6266 6348 6946 6669 6151 6618 6910 6132 6129 6002 6594 6184 6517 6406 6897 6520 5711 6285 6429 6388 6372 6049 6569 6273 6572 5939 6401 7082 6725 6577 6297 6406 6124 6350 6195 6741 6156 6124 6884 6489 6107 6241 5750 6906 7131 6575 6115 6485 6540 6496 6012 6857 6138 6102 6199 6101 6561 6364 6841 6427 6325 6563 6566 6096 6134 6169 6460 6334 6046 6496 6058 6583 6595 6371 6676 6570 6292 6572 5772 6828 6631 6580 6539 5769 6237 6089 6119 5997 6478 6311 6176 6276 6518 6569 7038 6386 6379 6143 6709 6280 6203 6452 6452 6896 6052 5955 6942 5934 5831 6339 6965 6560 6501 6391 6507 6084 6438 5745 6831 6132 6701 6783 6373 6340 6455 6661 6771 6318 6083 6230 6299 6289 6601 6387 6970 6589 6656 6806 6111 5576 6167 6327 6440 6798 6549 6835 7168 6313 6562 6286 6344 6193 6312 6822 5906 5586 6721 6425
7122 6972 7241 6783 6849 7168 6973 7023 6688 7076 6756 6868 6740 7115 7111 6954 6845 7221 7372 7162 6274 6804 7568 6569 6957 6725 6122 6741 7184 6700 7034 7208 6981 7058 7173 7094 7078 7693 7622 6997 7254 7313 7005 6770 7043 6719 6927 7018 7121 6918 7135 6859 6904 6367 6676 6594 6961 7300 6107 7621 7115 7075 6211 7012 6416 6767 6808 6785 6635 6322 7117 7256 6846 6642 6508 7141 7302 7263 7015 7297 6495 6770 7053 7202 7073 7324 6734 6554 6374 6797 6785 6925 6699 6931 6818 6991 7412 6956 6930 6587 7410 6752 6846 6746 7525 6455 7100 6550 6480 6826 6774 7075 7695 7094 6730 6915 6566 6975 6905 6880 6800 6970 7245 6328 6759 7477 7034 7428 6797 6930 7017 6661 6799 7138 6587 6850 7078 6893 6690 6815 6054 7440 7467 6562 6373 6552 6936 7189 6924 6979 6629 7114 6601 6960 7355 7127 7113 6905 6554 6877 7066 6915 6412 6929 6996 7098 6769 7190 6891 7417 7376 7018 7268 7104 6554 7036 6786 7325 7110 6935 7070 6755 6546 6641 6469 6776 6997 6777 6757 6884 7039 6841 7278 7049 6623 6654 7140 6822 6549 6722 7076 7647 6817 6527 6878 6631 6432 7183 7349 7044 6889 7150 7309 6900 7068 6255 7185 6650 7181 6813 6893 7046 7031 7108 7262 6964 6659 6721 6832 7070 7059 6537 7401 7209 7214 7158 6587 6442 6937 6886 7160 7049 6996 7468 7652 6596 6710 6894 6854 6653 6970 7291 6387 6433 7368 7081
6502 6376 6098 5825 6129 6106 6653 5984 5695 6428 6246 6059 5795 6710 6221 6337 6090 6043 6179 6188 5706 6432 6987 6078 6392 6223 5451 6252 6297 5993 6615 6323 6138 6548 5931 6101 5946 6247 6490 6490 6555 6013 6388 5915 5884 5883 6149 6392 6260 6126 6222 6281 5637 5369 5785 5933 6151 6586 5509 6431 5712 6493 5789 5356 5952 6132 5836 6342 5577 5884 6088 6015 6128 5434 5598 6193 6269 6476 6012 6489 5652 6047 5793 5835 5995 6542 6065 6141 5436 5789 6000 5983 5457 6346 6119 6262 6117 5868 6185 6218 6698 6161 6184 6269 6427 6141 6000 5596 5869 6206 6066 6292 6372 6269 5928 5896 6268 5960 6187 6038 5958 6001 6171 5700 5863 6422 6035 6254 6333 5886 5710 5954 5460 6042 5653 5962 6365 5809 5799 5864 5153 6577 6295 6226 5376 6163 5828 5960 5726 6261 5899 5783 5782 6026 6244 6152 6172 6460 6172 6257 6298 5997 6206 5982 6190 5931 5921 6005 5763 6595 6490 6042 6192 6234 5678 5844 5647 6041 6228 6135 5723 5805 5852 6406 5759 5906 6335 6133 6067 5838 6133 5963 6222 6274 5642 6164 6257 6076 5637 6113 6321 6551 5796 5672 6019 5422 5808 5928 6594 6055 6100 6035 6023 6070 6055 5538 6303 5412 6150 5962 6134 6117 6050 6385 6341 6395 6108 5581 6043 6048 6294 5793 6767 6426 6311 6531 5959 5264 5849 6255 6539 6189 5872 6279 6734 6113 5928 6015 5735 5849 5528 6077 5681 5633 6390 6405
5940 6355 6231 5772 5878 6227 6454 6344 5736 6075 5855 6445 5654 6444 5971 5893 6304 6063 6087 6273 5682 6088 6404 5931 6240 6000 5443 6037 6004 5678 6215 6301 6395 6646 6165 5739 6274 6338 6601 6439 6390 6131 5897 5750 6041 5790 6339 6186 6230 6051 6101 6353 5441 5487 5599 6075 6408 6304 5413 6551 5901 5981 5994 5854 5733 6176 5596 6238 5225 5616 6146 6146 5955 5413 5652 6634 6284 6370 6138 6406 5708 5948 6071 6276 6028 6571 5943 6038 5697 5981 6012 6256 5318 6366 6078 6107 6386 5999 5976 5796 6532 6083 6237 5837 6556 5826 5872 5747 5578 5984 5920 6022 6624 6213 5623 5810 6021 5906 6195 5644 6152 6187 6080 5631 5938 6918 6296 6136 6154 5846 5734 6136 5756 6213 5704 5916 6052 6012 5965 5829 5466 6244 6674 6240 5478 6107 6004 5999 5346 6184 5840 6417 6104 5921 6044 6244 6024 6099 6052 5993 6406 5805 5943 6083 6044 5918 6116 6563 5492 6417 6179 6057 6064 6343 5730 5819 5711 6344 6085 5883 6112 5272 6004 6100 5612 5821 6052 6010 5743 6011 5855 5844 6734 5899 5686 6062 6276 6211 6195 6068 6419 6058 5564 6105 5879 5531 5758 6229 6609 5977 5849 6324 6102 5874 6130 5692 6548 5647 6271 6080 6064 6058 6142 5801 6449 6323 5843 5553 5666 5981 6241 5867 6482 6572 6296 6342 5742 5482 5424 5865 6257 5888 5863 6202 6666 5740 5851 5966 5966 5902 5622 6219 5756 5466 6386 6291
6259 6349 6087 5838 6004 6321 6295 6361 5606 5984 5988 5790 5751 6544 6007 5945 6445 6063 6153 6531 5969 6155 6815 5891 6268 5878 5424 5976 6121 5620 6503 6367 6005 6266 6018 6258 6307 6518 6181 6151 6322 5960 6144 5868 6104 5768 6271 6227 6182 6070 6201 6004 5869 5650 5964 6020 6109 6336 5524 6526 5897 5915 5518 5748 5786 6193 5703 5819 5905 5818 6237 5986 6276 5790 5714 6096 6064 6165 6177 6082 5655 6110 5949 6288 6423 6409 5791 5766 5554 5708 5921 6011 5925 6065 5824 5631 6347 5871 5823 5920 6455 6104 6142 6021 6388 5811 6202 5620 5952 5879 6444 6188 6423 5890 5579 5976 5920 6100 6000 5968 5840 6049 6081 5901 5897 6380 6061 6231 6117 6065 5695 6217 5662 5905 5617 6163 6242 5758 5803 6019 5311 6773 6623 6038 5414 5804 6080 6017 5713 6278 5897 6022 5814 5770 6293 5950 6209 6241 5813 6070 6334 5705 6257 6118 6170 6124 5898 6135 5976 6282 6575 6367 6113 6351 6066 6122 5543 6140 6149 6100 6037 5710 5878 6047 5737 5842 6521 5992 6029 5968 6108 6056 6315 6056 5654 5901 6224 5822 5806 6099 6217 6877 5813 5511 6235 5640 5853 6116 6501 5893 6035 5973 6191 6064 6087 5694 6354 5664 6438 6121 5893 5936 6091 6161 6310 6110 5845 5685 6271 6258 6209 5814 6670 6183 6084 6131 5950 5365 5840 5830 6332 6114 6090 6263 6813 5773 5918 6060 6066 5967 5999 6221 5768 5675 6359 6187
6778 7010 6735 6500 6487 6996 7435 7400 6260 6892 6575 6910 6325 7120 6399 6773 6955 6615 6762 6812 6608 7003 7333 6530 6783 6549 5949 6507 6583 6424 7067 7078 6833 6919 6665 6858 6884 7208 7553 6757 7222 6969 6827 6341 6746 6486 6861 7235 6935 6947 6519 6997 6305 5821 6612 6950 6941 7349 6310 6974 6660 6757 6012 6437 6335 6710 6535 7005 6181 6633 7060 6675 7178 6355 6384 6896 7045 7053 6305 7212 6834 6528 6673 6851 7096 7344 6429 6765 6145 6464 6632 6704 6419 6743 6516 6542 6991 6848 6681 6554 7520 7037 6974 7065 7212 6722 6741 6588 6396 7166 6899 6575 7335 6595 6501 6784 7098 6529 6856 6443 6571 6496 7008 6528 6919 7212 7248 7040 6548 6703 6763 6677 6549 7062 6245 6761 7394 6500 6312 6590 6026 7295 7304 6737 6165 6276 6901 6494 6479 6924 6751 7017 6620 6674 6853 6653 6973 6944 6573 6591 7053 6657 6469 6742 6717 6522 6422 7323 6366 7237 6890 6519 7195 6897 6386 7188 6233 6982 6954 6943 7124 6716 6665 6464 6464 6379 7023 6772 6446 6813 6852 6747 7049 6879 6317 6519 7286 6729 6645 6666 7039 7343 6408 6599 6919 6155 6319 6928 6901 6861 6722 7090 6990 6660 6785 6498 7115 6068 7026 6864 6935 6864 6934 6738 7044 6995 6224 6348 6629 6955 6984 6622 7365 7398 6779 6925 6498 6109 6397 6595 7290 6640 6701 7164 7533 6531 6456 6770 6673 6447 6246 7037 6441 6394 7020 6585
6814 7036 7044 6874 6565 7005 7233 6935 6312 6959 6664 6665 6216 7173 6549 6739 6914 6620 6838 6898 6543 6855 7254 6693 6918 6527 5891 6569 7129 6206 7039 6776 6768 7028 6832 6621 6793 7105 7082 6632 6847 6933 6579 6294 6377 6451 6654 6926 6896 6718 6779 6929 5973 6049 6143 6647 6921 7273 6126 7192 6512 6625 6037 6475 6127 6948 6530 6968 5931 6216 6719 6746 6801 6598 6167 6961 6777 6989 6619 7147 6527 6475 7012 6615 6842 7378 6871 6430 6001 6352 6361 6731 6513 6832 6290 6742 6979 6463 6689 6517 7129 6725 6663 6627 7356 6446 6598 6134 6575 6472 6846 6536 7173 6779 6146 6373 6632 6565 6711 6528 6711 6541 6510 6367 6142 7410 7081 6935 6911 6535 6218 6418 6471 6607 6396 6680 6892 6689 6722 6598 5909 7220 7420 6831 6051 6539 6758 6661 6368 6813 6491 6840 6507 6371 6913 6621 6929 6839 6666 6744 6879 6849 6539 6679 6978 6887 6083 6855 6265 6874 6890 6589 6988 6970 6433 6760 5998 6897 6555 6628 6806 6132 6385 6575 6209 6538 6909 6399 6425 6808 6660 6703 7063 6599 6482 6360 6895 6644 6533 6479 7185 7277 6366 6452 6529 6304 6314 6699 7022 6771 6548 6516 6645 6526 6552 5995 7022 5927 6934 6610 6482 7089 6777 6405 7200 6767 6124 6313 6589 6713 6868 6619 7314 6913 6788 6630 6576 5993 6141 6429 6981 6588 6845 6921 7225 6327 6427 6698 6559 6530 6402 6923 6473 5899 7222 7176
5955 6307 6058 5754 6013 6092 6418 6366 5544 5979 6045 6209 5477 6205 6027 5961 6202 5973 5976 6190 5816 6203 6647 5611 6489 6053 5523 6152 6364 5839 6301 6383 6289 6467 6032 5939 5950 6159 6397 6094 6320 6093 6029 5705 6124 6107 5974 6209 6312 5983 6020 6185 5510 5748 5794 5971 6055 6544 5519 6571 5793 6078 5617 5781 5802 5997 5521 6241 5359 5779 5964 6197 6272 5703 5836 6267 6148 6226 5824 6145 6001 5939 5985 6244 6259 6440 5793 6058 5753 5876 5759 5939 5711 6219 5719 6036 6179 6004 5925 5603 6488 5891 6042 5896 6475 5870 5867 5646 5794 5956 6046 6255 6568 6014 5544 5856 6175 6073 5938 5593 6261 5860 5990 5916 5895 6629 6283 6384 6015 5886 5900 5796 5777 6100 5664 6142 6242 5829 6040 6012 5441 6270 6576 6133 5639 5727 6052 5980 5334 5868 5646 6111 5766 5722 6287 5969 5995 6168 5812 6215 6088 5940 6268 5778 6007 5939 5617 6386 5792 6294 6254 6006 6283 6082 5670 6120 5480 6438 5833 6115 6200 5538 5755 5945 5830 5638 6208 5923 5711 5771 5753 5969 6490 5974 5984 5886 5889 5940 5855 6032 6187 6181 5741 6009 6290 5954 5580 6121 6368 5926 5972 6433 6007 5873 5786 5862 6395 5457 6502 6154 6001 6154 5878 5641 6223 6181 5737 5852 5954 5945 6276 5739 6737 6228 6247 6189 6102 5460 5645 5807 6403 5998 6018 6279 6984 5652 5756 5801 5978 5841 5719 6175 5469 5550 6429 6166
6326 6462 6494 6193 5993 6283 6448 6427 5691 6325 6279 6346 5817 6439 6288 5807 6128 6049 6140 6180 6006 6338 6718 6088 6663 6312 5581 6173 6351 5752 6255 6603 6203 6626 6075 6243 6009 6649 6634 6373 6795 6348 6266 5986 6441 6104 6551 6571 6553 6236 6350 6256 5716 5562 5997 5980 6173 6692 5745 6720 6095 6373 5931 5923 6063 6345 5999 6519 6019 5793 6493 6077 5923 5868 6117 6696 6104 6336 6183 6579 6037 6036 6432 6355 6219 6360 5711 6032 6017 6108 6149 6184 5985 6446 6196 6144 6470 6526 6147 5775 6792 6353 6142 6216 6718 6133 6131 5782 5992 6274 6391 6206 6589 6337 5928 5931 6271 6328 6297 5932 6119 6096 6124 5768 6014 6715 6260 6608 6202 6324 5780 6150 5866 6012 5964 6099 6281 6236 6206 6185 5442 6706 6827 6172 5705 6070 6085 6321 5852 6389 5720 6566 6089 6168 6257 6413 6236 6345 5808 5949 6141 6119 6140 6267 6211 6213 6000 6597 5928 6829 6705 5907 6234 6637 5854 6178 5728 6493 6090 6247 6325 5809 6191 6182 5979 5988 6609 6266 6129 5976 5970 6038 6611 6482 6029 6229 6419 6362 6091 6294 6146 6613 5969 5806 6411 5998 5570 6039 6863 6292 6246 6570 6354 6265 6177 5730 6499 5807 6713 6212 6199 6527 6408 6086 6369 6431 6167 5780 6315 6253 6117 5717 6840 6655 6634 6326 6061 5605 5798 5967 6515 6332 5952 6580 7020 5998 6028 6132 6090 5984 5798 6149 5992 5429 6665 6090
6413 6469 6366 5893 6271 6261 6631 6495 5706 6338 6210 5961 6023 6845 5890 6134 6647 6225 6682 6423 5886 6561 6434 5937 6476 6598 5916 5845 6406 5963 6598 6613 6302 6402 6273 6055 6398 6688 6896 5908 6524 6120 6149 5924 5996 5936 6377 6495 6312 6334 6075 6231 5830 5690 6155 5804 6321 6292 5706 6449 6241 6316 5682 5680 5845 6338 5767 6569 5404 5784 6123 6129 6334 5781 5745 6501 6539 6334 6072 6330 5660 6085 6267 6227 6227 6939 6198 6257 5607 5775 6369 6283 5739 6069 6045 6299 6482 6203 5946 5945 6842 6403 6188 6175 6781 5847 6246 5822 5974 6241 6245 6218 6929 6203 5923 5833 6033 6401 6363 5833 6170 6132 6670 5916 6219 6542 6222 6394 6163 6008 6092 6105 5764 6108 5817 6033 6527 6001 5899 6021 5489 6692 6582 6443 5761 5765 6460 5909 5909 6400 5854 6334 6131 6078 6516 6361 6202 6398 6114 6037 6325 6141 6336 6199 6427 6086 6151 6294 5929 6693 6295 6364 6474 6191 5968 6389 5862 6399 6151 6149 6458 5619 5949 5828 5930 5849 6263 6050 6068 6163 6356 6115 6528 6218 5788 6302 6542 6178 5863 6096 6237 6450 5856 6165 6427 5931 5827 5850 6487 6135 6053 6251 6366 6063 6034 5780 6519 5792 6584 6230 5925 6408 6151 6128 6597 6222 5944 5860 6140 6489 6470 5838 6607 6198 6170 6638 6096 5389 5763 5991 6453 6047 5946 6118 6884 5720 6352 6120 6137 5544 5885 6339 5758 5820 6328 6522
6374 6294 6294 6114 5957 6451 6646 6588 5990 6242 6413 6280 6048 6671 6321 6117 6535 6065 6198 6531 5693 6396 6566 6238 6586 6430 5466 6153 6471 5943 6410 6931 6356 6675 6240 6792 6446 6848 6918 6337 6730 6578 6376 5864 6509 6013 6763 6357 6481 6550 6669 6214 5787 5900 6180 6268 6405 6578 5776 6591 5840 6650 5643 6033 6182 6507 6304 6291 5965 5946 6410 6410 6651 6017 5849 6600 6499 6470 6332 6405 5776 6004 6542 6140 6309 6387 5833 6121 5740 5920 5994 6208 6208 6431 5936 6075 6834 6209 5944 5960 6858 6253 6121 6256 6427 5914 6312 5842 5909 6302 6300 6488 6230 6577 5673 5829 5999 6357 6152 6053 6115 6032 6179 5655 5899 6607 6046 6327 6114 6194 6308 6405 6144 6433 5798 6093 6406 5846 5962 6011 5506 6819 6577 6299 5821 6234 6004 6207 5673 6321 6168 6214 5852 6271 6399 6205 6813 6521 6269 5958 6084 6179 6248 6490 6402 6137 6082 6615 6004 6741 6380 6126 6516 6483 6006 6657 5718 6780 6210 6341 6198 5834 6062 6187 6007 6096 6575 5900 6138 6001 6132 6323 6706 6390 6155 6123 6308 6326 5769 6201 6411 6671 5574 6095 6295 6021 5773 6125 6773 6338 6013 6244 6220 6116 5922 5739 6476 6160 6486 6356 5789 6391 5862 6471 6613 6020 6009 5990 5836 6132 6381 5934 7033 6423 6447 6518 5719 5637 6058 6123 6200 6334 6318 6488 7089 6337 6112 6099 6217 6149 6240 6430 5803 5571 6419 6293
6567 6578 6720 6227 6596 6933 7080 6786 5978 6452 6718 6537 6337 6669 6459 6516 6488 6566 7040 6896 5817 6683 7045 6397 6498 6356 5787 6548 6799 6274 6911 7032 6422 6964 6481 6533 6543 6960 7148 6451 6814 6743 6419 6267 6353 6607 6930 6827 6617 6685 6693 6585 5978 6064 6183 6286 6525 6377 6267 6534 6327 6838 6012 6271 6421 6310 6150 6572 6112 6052 6438 6713 6666 6058 6114 6979 6629 6601 6431 6623 6144 6406 6701 6286 6442 7018 6150 6294 5913 6076 6498 6426 6414 6887 6218 6291 6669 6430 5963 6223 7039 6637 6681 6710 7042 5988 6796 6105 6483 6465 6899 6329 7092 6349 6032 6074 6276 6167 6628 6462 6662 6297 6733 6144 6162 6905 6210 6905 6467 6400 6237 6523 6382 6758 6029 6675 6792 6001 6679 6257 5507 6996 6940 6728 5758 6058 6537 6601 6253 6819 6325 6592 6382 6389 6632 6483 6439 6385 6449 6770 6585 6205 6309 6417 7058 6553 6325 6591 6402 6615 6697 6643 6937 6479 6275 6579 6054 6626 6422 6910 6703 6316 6177 6586 6086 6150 6962 6174 6173 6628 6702 6393 6624 6328 5974 6210 6663 6428 6231 6796 6669 7083 6571 6329 6730 6501 6029 6331 6863 6632 6223 6739 6859 6547 6550 6031 6819 6101 6791 6712 6754 6662 6423 6404 6819 6475 6261 6057 6464 6582 6234 5985 6995 6940 6576 6541 5879 5711 5926 6188 6764 6664 6379 6954 7384 6275 6193 6232 6583 6294 6256 6795 5813 5704 6925 7075
6301 6501 6242 5962 6124 6072 6384 6312 5770 6248 6028 6403 6105 6521 5982 6324 6222 6072 6352 6179 5862 6173 6591 5957 6381 6317 5453 6393 6629 5912 6399 6421 6330 6533 6137 6077 6347 6631 6632 6430 6285 6419 6435 5729 6392 6094 6450 6611 6290 6248 6400 6191 5858 5735 5723 6320 6062 6339 5710 6507 6104 6305 5790 5406 5861 6289 5743 6326 5596 6168 6337 6272 6317 5634 5877 6433 6441 6628 6270 6371 5788 6074 5942 6297 6212 6911 6241 6218 5558 5732 5800 6291 5768 6166 6108 6014 6670 5952 6194 6071 6776 6371 6515 6095 6767 5887 6485 5791 6106 6174 6446 6132 6569 6489 5774 5960 6018 6012 6316 6126 6229 6086 6192 5859 6068 6827 6427 6288 5902 6220 6146 6100 6120 6297 5879 6170 6576 6287 6113 6037 5317 6701 6580 6199 5890 6017 6162 6189 5842 6205 6041 6284 5919 6215 6261 6188 6367 6392 5604 6060 6476 6047 6115 6040 6267 5981 5705 6251 6054 6587 6575 6356 6392 6447 6084 6351 5633 6648 6473 6128 5859 5838 6059 6285 5886 6044 6183 6192 5956 5765 6258 6117 6637 6351 5863 6231 6512 6274 5679 6280 6470 6735 5950 5832 6504 5796 5702 6267 6558 6395 6256 6583 6459 6317 6074 6045 6562 5763 6585 6191 6031 6236 5991 6267 6511 6266 5721 5828 5699 6390 6220 6112 6812 6523 6543 6285 5937 5694 6132 5743 6345 6391 6234 6574 6834 5920 5903 6122 6351 5897 5735 6283 5853 5647 6431 6257
6894 6819 6631 6260 6474 6889 7206 6653 6164 6859 6612 6755 6138 7141 6741 6550 6898 6501 6531 6764 6287 7108 7334 6494 6996 6385 5713 6973 6855 6794 6396 7202 6591 6808 6546 6995 6768 6986 6844 6509 6965 6676 6541 6544 6408 6287 6668 7020 6799 6807 6524 6630 6160 5757 6040 6457 6837 7297 6111 7113 6344 6537 6190 5959 6076 6680 6069 6676 5851 6292 6492 6690 6720 6265 6485 6978 6680 6927 6458 6881 6431 6648 6553 6753 6827 7031 6688 6435 6060 6485 6445 6594 6246 6788 6698 6533 6975 6642 6500 6535 7312 6623 7062 6781 7038 6150 6655 6142 6574 6787 6387 6830 7371 6788 5983 6647 6667 6365 6691 6543 6668 6716 6936 6101 6678 7127 6492 6557 6446 6424 6133 6592 6392 6433 6169 6639 6867 6352 6581 6411 6009 7042 6924 6727 5922 6061 6689 6657 6317 6933 6799 6458 6351 6683 6411 6462 6549 7000 6540 6500 7090 6412 6506 6346 6830 6623 6512 6689 6446 6694 7037 6362 6778 7017 6121 6597 6015 6773 6620 6529 6685 6221 6488 6585 6269 6047 6936 6695 6318 6486 6452 6271 7148 6762 6347 6234 6863 6639 6449 6703 6881 6815 6671 6212 6910 6453 6404 6593 7030 6445 6640 6589 7029 6401 6597 6032 6697 6223 6426 6704 6495 6485 6789 6574 6933 6890 6422 6329 6619 6653 6777 6085 7240 6801 6965 7164 6110 6191 6257 6322 6695 6803 6772 6952 7391 6729 6782 6351 6262 6099 6406 6823 6222 6075 6930 6607
6713 6692 6903 6689 6284 6634 7129 6200 5920 6660 6611 6609 6412 6596 6634 6307 6510 6337 6680 6647 6151 6809 7176 6402 6825 6675 5589 6216 6755 6222 6906 6520 6458 6569 6351 6577 6811 7082 7132 6493 6897 6558 6111 6378 6594 6361 6881 7052 6571 6468 6634 6570 6272 5965 6290 6194 6656 6802 5915 6875 6442 6771 5988 6289 6139 6784 6163 6688 6150 6250 6648 6814 6671 6138 6363 6983 6747 6934 6495 6817 6291 6509 6537 6374 6750 7051 6141 6426 5626 6037 6089 6513 6403 6450 6198 6499 6914 6260 6167 6257 7063 6292 6403 6474 7149 6078 6547 6162 6554 6646 6740 6763 7043 6623 6008 6313 6389 6370 6247 6226 6581 6512 6698 5975 6633 6923 6661 6739 6131 6523 6154 6506 6403 6425 6266 6603 6802 6597 6163 6602 5995 7314 7084 6763 6182 6130 6534 6483 6213 6671 6131 6842 6330 6327 6486 6782 6283 6600 6292 6565 6947 6450 6184 6387 6699 6274 6551 6774 6385 6856 6759 6393 6620 6512 6132 6583 6065 6856 6563 6569 6960 6071 6372 6224 6091 6033 6625 6488 6363 6221 6491 6555 6643 6827 6278 6250 6813 6559 6199 6353 6869 6996 5990 6334 6647 6303 6180 6831 6991 6319 6341 6745 6738 6212 6195 5950 6699 6331 6941 6598 6770 6457 6602 6450 6805 6554 6087 6372 6414 6670 6936 6379 7113 6880 6653 6739 6299 6013 6020 6456 6998 6753 6723 6711 7222 6260 6671 6498 6508 6298 6469 6734 6077 5784 6728 6859
5916 6059 6571 5992 6002 6221 6033 6270 5530 6075 6006 6404 6013 6233 6185 6040 6469 5812 6202 6195 5989 6016 6777 5556 6179 6059 5404 5815 6295 6077 6034 6323 6295 6328 6389 6002 6055 6555 6291 5924 6141 6036 6008 6085 5923 5928 6520 6318 6203 6083 6239 6153 5554 5565 5441 5857 6092 6228 5694 6659 5851 6230 5546 5729 5754 6013 5935 6199 5644 6000 6359 5962 6057 5824 5555 6160 6512 6423 6033 6632 5625 6050 5780 6063 5955 6409 5601 5881 5351 5884 5894 6059 5547 6175 6115 5914 6545 6004 6072 5915 6915 5931 6128 5886 6303 5627 6170 5755 6037 6016 5842 6084 6646 6320 5813 5753 5915 6143 6042 5859 5967 5681 6103 5407 5787 6617 6253 6160 5789 5862 5802 5447 5672 6190 5530 5832 6463 6242 5659 5944 5491 6523 6219 6275 5416 5966 6100 6512 5589 6265 5462 5991 5768 5899 6188 5707 6412 6031 6065 6027 5943 5930 6054 6002 6151 6334 5878 6122 5599 6390 6247 5961 6113 6070 5830 6182 5886 6328 6156 5791 6019 5610 5999 6066 5476 5987 6174 5824 6051 6001 6211 6174 6402 6118 5906 5966 6207 6076 5845 5895 6050 6637 6042 5379 6349 5741 5732 6120 6563 6026 6193 5914 5713 6139 6170 5489 6396 5362 6364 5986 5745 6125 6135 5916 6296 6139 5439 5531 6072 5810 6278 5503 6437 6070 6167 6254 5595 5155 5942 5879 6145 6085 6186 6072 6495 5615 6356 6116 5560 5838 5430 6273 5811 5744 6426 6344
6733 6685 6531 6103 6143 6496 7001 7001 6034 6601 6531 6540 6301 6597 6582 6454 6952 6319 6510 7010 6199 6421 7153 6132 6812 6512 6094 6186 6528 6130 6611 6846 6526 6487 6194 6504 6496 7285 6982 6401 6724 6422 6532 6290 6484 6271 6488 6459 6477 6805 6629 6522 5927 5885 6262 6349 6652 6996 5990 7027 6540 6687 5656 6242 6183 6309 6410 6574 5838 6503 6456 6307 6551 6246 6117 6809 6733 6568 6511 6417 6226 6329 6656 6414 6557 7004 6215 6295 5723 5883 6529 6312 6145 6601 6174 6396 6724 6439 6244 6326 7179 6552 6143 6651 6945 5990 6391 6026 6362 6354 6441 6340 6551 6558 6120 6247 6490 6417 6455 6317 6360 6519 6553 6032 6280 6705 6524 6598 6433 6275 6177 6385 5971 6496 6449 6229 6750 6457 5889 6473 5635 6830 7118 6527 5862 6173 6377 6360 5918 6821 5992 6328 6063 6379 6508 6108 6653 6356 6439 6679 6306 6417 6428 6612 6667 6556 6325 6372 6174 6721 6677 6459 6786 6387 6380 6628 6127 6662 6752 6457 6693 5972 6420 6439 6007 6168 6498 6458 6278 6356 6200 6259 6995 6716 6111 6439 6768 6458 6349 6521 6592 7200 6027 6253 6703 6190 5931 6070 6876 6421 6662 6528 6498 6106 6539 6083 6510 5840 6612 6432 6380 6480 6405 6406 6605 6553 6188 6023 6168 6590 6726 6174 7043 6372 6317 6618 6216 5903 6363 6274 6637 6644 6615 6562 7035 6262 6481 6395 6275 6347 6303 6428 6344 5869 6573 6852
6294 6330 6646 6063 6286 6383 6641 6599 5720 6445 6120 6254 6021 6439 6211 6477 6495 6104 6417 6297 6307 6609 6541 5918 6612 6461 6004 6095 6216 6134 6663 6549 6451 6427 6301 6059 6273 6881 6798 6196 7024 6525 6369 5986 6352 5888 6643 6812 6163 6474 6161 6223 6125 5889 6001 5855 6567 6648 5924 6734 6273 6195 5794 5644 6141 6571 5930 6471 5503 5942 6486 6229 6518 6120 5731 6664 6566 6366 6410 6530 5814 6036 6016 6318 6096 6822 6186 6402 5691 5746 5940 6470 5912 5979 5939 6257 6487 6047 5907 6160 6621 6710 5958 6198 6770 6030 6213 6075 5981 6053 6627 6460 6622 6169 5815 5940 6325 6109 6368 6128 6237 5800 6273 5753 6154 6950 6851 6451 6005 6239 6008 6003 6051 6362 5791 6370 6507 6120 5891 6370 5636 6782 6765 6411 5934 6294 6234 6131 5901 6409 6093 6578 6070 6226 6319 6145 6456 6024 5957 6163 6560 6272 6334 6333 6328 5922 5776 6376 5849 6704 6284 6471 6764 6537 5946 6666 5994 6475 6296 6351 6266 5989 6247 5866 6025 5975 6388 6257 6373 6233 6573 6316 6497 6198 5911 6100 6411 6624 5868 6153 6477 6529 5867 5884 6343 5762 5934 6143 6645 6532 5848 6587 6290 6237 5940 5913 6495 6124 6567 6278 6265 6701 6464 6128 6571 6228 5893 5802 5986 6608 6783 6218 6880 6522 5899 6474 5857 5809 5795 6019 6336 6299 6006 6567 7254 5976 6343 6282 6456 6090 5893 6499 5683 5762 6687 6278
7312 6882 7343 6514 6693 7022 7351 7407 6397 7084 7024 6979 6509 7374 6901 6714 6990 6843 6851 6959 6578 6951 7606 6354 6998 6773 6128 7177 7144 6874 7007 6897 6980 7142 6792 6767 6551 7509 7317 7046 7324 7383 6983 6550 6810 6535 7292 6974 7393 6884 6925 6885 6379 6463 6567 6780 6968 7327 6059 7241 6832 6991 6339 6279 6386 6881 6647 6888 6359 6638 6706 6863 7078 6736 6374 7187 7285 7169 6820 7088 6345 6530 6663 6769 6902 7141 6548 6512 6237 6736 6681 6850 6488 7034 6877 6617 7082 6496 6978 6600 7301 7072 6692 6944 7450 6935 6974 6561 6371 6784 7065 6958 7223 7067 6545 6705 7042 6791 7088 6434 6772 6672 7022 6423 6669 7221 7204 6950 7047 6527 6383 6921 6850 7075 6151 6729 7004 6522 6998 6675 5830 7482 7288 7047 6330 6819 6934 6541 6572 7291 6828 6982 6472 6980 6729 6962 7094 6864 6685 6723 7152 6649 6753 7043 6974 7072 6484 6876 6573 7229 7216 6697 7128 7121 6269 6909 6160 7352 7152 6986 6751 6864 6672 6916 6495 6540 6927 6554 6696 6727 6980 7156 7623 7273 6694 6542 7012 6792 6332 6606 7329 7381 6386 6486 6867 6454 6470 6792 7500 6942 6911 6978 7189 6667 6714 6490 7238 6408 6837 6936 6794 6768 7074 6937 7157 6824 6545 6281 6817 6817 7088 6967 7555 7064 7166 6957 6457 6275 6468 6802 7213 7035 6692 7455 7742 6879 6606 6815 7017 7040 6589 6889 6311 6083 7120 6948
6757 6474 6908 6250 6428 6728 6700 6626 5942 6764 6404 6475 6164 6867 6402 6258 6318 6191 6555 6913 6236 6613 7121 6546 6600 6507 5903 6056 6776 6087 6925 6624 6690 6736 6557 6359 6601 7424 6712 6550 7015 6655 6531 6358 6727 6432 6886 6791 6581 6493 6660 6688 6082 5894 6355 6309 6731 7237 6035 7071 6253 6714 6002 6178 6301 6601 6224 6565 5804 6206 6496 6385 6786 6253 6020 6804 6907 6608 6406 6489 6182 6303 6569 6665 6701 7034 6195 6344 6162 6321 6317 6406 6116 6583 6782 6849 6821 6507 6531 6132 6956 6459 6292 6530 7020 6372 6638 5956 6251 6717 6878 6626 7131 6594 6359 6183 6193 6346 6347 6494 6558 6422 6567 6220 6387 7015 6574 6781 6415 6548 6433 6336 6434 6625 6187 6470 6896 6387 6279 6321 5840 7216 7006 6589 6166 6195 6366 6442 6034 6490 6266 6720 6205 6206 6662 6527 6465 6658 6633 6640 6676 6326 6357 6649 6210 6418 6345 6450 6378 6658 6899 6760 6841 6732 5971 6663 5949 6723 6344 6660 6581 6108 6316 6241 6393 6570 6696 6307 6435 6271 6491 6257 6693 6694 6420 6237 6621 6679 6316 6284 6976 7222 6154 6197 6568 6192 6266 6218 6705 6312 6337 6824 6538 6236 6199 6141 6869 6211 6958 6506 6253 6482 6513 6443 7133 6660 6203 6258 6548 6389 7004 5899 6965 6775 6748 6802 6338 6022 5897 6553 6726 6924 6481 6776 7543 6261 6543 6399 6520 6074 6352 6616 6001 6225 7081 6480
6566 6602 6793 6263 6321 6684 7060 6974 6090 6736 6070 6742 6181 6537 6683 6747 6601 6463 6615 6596 6054 6688 6823 6304 6648 6114 5801 6225 6875 6007 6751 6683 6599 6651 6498 6195 6887 6901 7043 6804 6676 6765 6171 6309 6408 6452 6662 6961 6486 6768 6650 6725 6031 5962 6104 6383 6711 6796 5817 6814 6288 6690 6121 6314 6103 6269 6014 6811 6008 6346 6730 6399 6657 5928 5705 6770 6592 6790 6406 6829 6038 6166 6590 6545 6333 6965 6145 6365 5773 6369 6601 6587 6107 6666 6466 6503 7026 6355 6438 6582 7166 6521 6616 6447 7221 5919 6766 6197 6008 6268 6724 6753 7030 6419 6308 6351 6367 6355 6414 6222 6625 6303 6647 6115 6206 7007 6449 6489 6195 6412 6297 6218 6159 6734 6123 6338 6671 6441 6226 6044 5737 7166 7405 6783 6218 6046 6485 6688 6267 6639 6359 6447 6296 6712 6470 6562 6634 6615 6352 6700 6807 6719 6671 6402 6468 6391 6014 6950 6224 6958 6711 6265 6490 6740 5814 6761 6296 6871 6828 6208 6338 6058 6181 6650 6145 6471 6614 6583 6383 6733 6422 6463 7116 6831 6081 6658 6526 6456 6146 6506 6363 6799 5889 6385 6778 6293 6169 6554 7027 6603 6636 6518 6151 6407 6162 5864 6898 5672 6838 6575 6524 6581 6760 6748 6759 6896 6117 6092 6341 6389 6807 6421 7179 6967 6592 6471 6492 5828 6289 6043 6568 6459 6355 7021 7013 6203 6101 6331 6300 6328 6302 6426 5832 6111 6815 6594
6042 6295 6301 5933 5990 6450 6598 6807 5650 6197 6127 6373 5819 6359 6141 6100 6298 6075 6427 6445 6178 6373 6394 5798 6238 6123 5646 6036 6239 5764 6568 6555 6300 6563 6095 5862 6450 6746 6533 6305 6522 6532 6029 6188 6234 5860 6458 6253 6352 6239 6207 6408 5520 5315 6109 5937 6205 7105 5383 6554 6113 6176 5879 6020 5854 6031 5584 6411 5657 5874 6156 6148 6379 6053 5934 6487 6185 6408 5929 6640 6006 6323 6255 6001 6690 6405 6123 6154 5674 5891 6011 6082 5821 6061 6083 6137 6393 5880 5895 5926 6591 6253 6142 6100 6616 5703 5947 5436 5685 6260 6220 6092 6445 6229 6052 6119 6170 5938 6288 6107 6061 5920 6433 5846 5758 6493 6468 6385 6350 6121 6138 6263 6046 6140 5880 6596 6098 6158 5981 6330 5893 6355 6811 6257 5590 5901 6331 6174 5684 6197 5893 6201 6271 6136 6586 6444 6386 6166 5726 6372 6183 6194 6169 6031 6290 6264 5796 6239 6079 6491 6856 6173 6245 6344 5571 6213 5821 6677 6355 6144 6058 5929 5890 6291 5749 5980 6269 6064 5952 6056 6210 6035 6570 6310 5878 6201 6068 6341 6022 6117 6170 6779 5970 6241 6079 5801 5725 6238 6591 6091 6295 6164 6494 5915 5944 5648 6410 5952 6336 6234 5796 6400 6429 5887 6743 6032 5951 6008 5961 6370 6310 5728 6537 6096 6546 6321 5856 5535 5759 6148 6488 6265 6289 6757 6824 5767 5887 6234 6184 5802 6169 6151 5680 5906 6420 6417
6238 6661 6297 6418 6099 6248 6269 6311 5441 6101 6106 6194 6051 6591 6567 6480 6515 6147 6102 6226 6248 6420 6622 6048 6584 6489 5652 6037 6423 6220 6505 6650 6577 6617 6116 6017 6378 6562 6271 6511 6592 6341 6229 6077 6337 5924 6213 6305 6282 6259 6312 6398 5648 5393 5690 6301 6232 6480 5824 6539 6113 6279 5647 5907 5963 6014 5757 6027 5387 6260 6206 6550 6040 5960 5862 6435 6328 6522 6109 6632 6160 5695 6294 6418 6342 6491 5889 6498 5353 5879 5923 6242 5739 6313 5784 6149 6312 6289 5909 5888 6797 6036 6370 6462 6629 5949 6036 5604 6154 6023 6505 6113 6780 6349 5516 6117 6443 5683 6431 6032 6287 6490 6148 5775 6016 6579 6396 6662 6212 6197 6136 5834 5965 6282 5886 6150 6423 6137 5962 6230 5558 6635 6490 6188 6088 5883 6379 6314 5992 6466 5964 6160 5829 6127 6478 6260 6013 6359 5911 5924 6484 6039 6418 6204 6520 5913 6301 6124 5927 6380 6560 6066 6604 6304 5800 6202 5841 6253 6278 6488 6295 5710 5998 6133 5762 5723 6636 5984 5906 6139 6496 6291 6688 5952 6072 6063 6473 6370 6014 6408 6238 6606 6184 5973 6255 5980 5700 5927 6832 6308 6049 6110 6380 5883 6115 5910 6502 5720 6286 6269 5752 6323 6542 6097 6652 6263 5828 5971 5875 6057 6284 6032 6694 6386 6257 6685 6124 5618 6015 6362 6440 6219 6325 6085 6950 5997 6204 6316 6503 6005 5625 6244 5869 6042 6594 6796
6481 6761 6540 6398 6443 6845 6883 6876 6040 6275 6806 6534 5988 7119 6481 6534 6786 6368 6724 6559 6202 6840 7029 6392 6683 6767 5694 6195 6627 6363 6776 7097 6993 6746 6520 6447 6661 6893 7062 6682 7080 6530 6368 6183 6541 6331 6879 7081 6786 6731 6678 6925 5827 6227 5949 6594 6745 6817 6383 6887 6368 6892 6246 5965 6357 6841 6293 6687 5733 6280 6739 6615 6729 6166 6122 6930 6502 6768 6439 6612 6532 6332 6771 6689 6802 7014 5949 6590 5899 6349 6565 6857 6422 6812 6174 6330 6668 6634 6305 6270 6969 6767 6497 6793 6709 6258 6857 6129 6450 6461 6783 6560 7162 6737 6326 5757 6403 6228 6367 6447 6506 6896 6744 6212 6630 6863 6827 6927 6446 6451 6357 6494 6123 6623 6176 6354 6858 6372 6642 6572 5943 7246 7146 6953 6187 6402 6606 6479 6111 6736 6477 6886 6328 6370 6787 6651 6708 6656 6788 6494 7151 6157 6485 6926 6649 6353 6623 6736 6398 7057 6862 6392 7001 6521 6317 6901 6314 6677 6243 6928 6512 6056 6458 6451 6299 6105 6981 6441 6586 6373 6640 6576 6898 6443 6189 6182 6705 6671 6275 6575 6663 6965 6041 6264 7061 6207 6022 6367 6823 6401 6306 6780 6641 6458 6864 6110 6793 6051 6848 6583 6511 6495 6772 6501 7024 6894 6354 6181 6379 6943 6654 5942 7099 6985 6789 6654 6160 5857 6318 6457 6829 6570 6623 6588 7119 6300 6544 6609 6690 6308 6097 6744 6382 6271 7031 6870
6108 6158 6095 5980 5712 6189 6135 6301 5704 5736 6014 5909 5608 6152 5516 5971 5952 6007 6473 5944 5807 6019 6389 5482 6268 6165 5159 5933 6020 5737 6075 6300 6363 5730 5847 6124 5819 6503 6657 6140 6248 6183 5784 5922 6037 5849 6226 6144 6273 6027 5846 6145 5511 5621 5771 5859 6204 6220 5488 6561 5791 6171 5948 5854 5737 6180 5839 6091 5412 5708 6067 6042 5986 5499 5562 6394 6245 6139 6132 6217 5705 5741 6230 6067 6090 6448 5752 5886 5787 5458 6083 5967 6015 6124 5785 5738 6112 5794 5816 5828 6363 6189 6166 5917 6582 5670 5952 5569 5808 5875 5732 5948 6549 6236 5296 5619 5888 5937 6001 5712 5798 5907 6126 5741 5686 6359 6029 6031 6155 5749 5836 6106 5788 6189 5547 6172 6289 5765 5825 6054 5536 6733 6509 6054 5488 5600 6059 5823 5547 6166 5802 6225 5806 6266 5841 5964 5986 6067 6150 6188 6490 5696 5792 6129 6392 5891 5856 6054 6063 6515 6260 5912 6354 6041 5670 6084 5861 6440 6082 6171 6191 5740 5921 5811 5563 5722 6329 5749 6246 5912 5934 5933 6351 6134 5806 5667 6279 5927 5786 5770 6174 6244 5882 5894 5834 5702 5691 5781 6348 6060 5896 6226 6020 5770 5790 5693 6446 5767 6406 5879 6047 6065 6290 6129 6141 6021 5593 5761 5710 6310 6171 5737 6448 6367 6081 6173 5639 5696 5498 5750 6240 5751 5927 6045 6749 5740 5752 5603 5865 5944 5897 5892 5846 5553 6501 6206
6454 6455 5992 5782 6284 5958 6583 6205 5693 6333 5830 5868 5725 6522 6445 5949 6346 5872 6047 6424 5724 6195 6597 5812 6274 6106 5421 5783 6185 5673 6113 6415 6437 6130 5981 5947 6301 6425 6628 6310 6523 5809 6250 5995 6043 5721 6339 6059 6141 5869 6117 6105 5421 5171 6174 5874 6453 6735 5314 6219 5879 6169 5757 5766 5676 6294 5794 6277 5887 5896 6073 6048 6168 5681 5621 6016 6284 6377 5719 6283 5836 5967 6201 5874 5964 6510 5660 6053 5339 5834 5926 5922 5663 6059 5658 6086 6219 5734 5937 6029 6411 6097 5860 6120 6794 5827 5812 5602 5824 5804 6321 6119 6305 6028 5728 5890 6043 5828 5725 6116 5962 5945 6140 5583 5904 6376 6352 6028 5817 6137 5773 5692 5732 6197 5766 5806 6189 5859 5699 5971 5231 6780 6577 6021 5430 5913 6106 5931 5774 6252 5894 5866 6012 5790 6215 6005 6342 6481 6009 5507 6298 6020 5900 6093 6144 6108 6204 6030 5713 6454 6396 6157 6169 6172 5797 6041 5407 6139 6021 5977 6132 5641 5856 5964 5710 5677 6227 6088 6254 5826 5969 6151 6462 5881 5612 5999 6032 6044 5794 6017 6174 6533 5633 5676 6241 5642 5714 5681 6681 5950 6012 5988 6191 5878 5995 5624 6548 5391 6495 6143 5923 6289 6064 5960 6587 6209 5938 5677 6145 6095 6527 5810 6742 6185 5863 6164 5965 5559 5607 5983 6196 6281 6040 6308 6742 5895 5828 6294 6168 5906 5824 6181 5588 5640 6013 6351
6733 7163 7080 6674 6609 6987 7367 7273 6326 6774 6928 6725 6783 7164 6825 6765 7033 6959 7212 7207 6608 6882 7358 6385 6997 6926 5969 6544 6866 6554 6895 7269 6862 7126 6864 6897 6910 7191 7276 7055 6957 6893 6950 6549 6853 6361 6876 7008 7163 6845 6688 6895 6108 6318 6534 6764 6714 7272 6252 7185 6594 7005 6241 6543 6261 6870 6448 6835 6229 6518 6975 6808 6928 6751 6365 6810 6988 7197 6728 7217 6653 6587 6952 6900 7035 7244 6515 6841 5922 6619 6860 6684 6372 6518 6607 6724 7248 6842 6547 6440 7186 6841 6694 6823 7345 6592 6766 6227 6441 6732 6829 6591 7463 7003 6170 6370 6781 6651 6737 6543 6761 6980 6841 6197 6625 7128 6975 7252 7053 6664 6695 6812 6473 6649 6112 6600 6744 6749 6701 6709 6203 7305 7219 6678 6256 6512 6862 6831 6529 6869 6611 6639 6400 6680 6884 7039 7086 6890 6491 6869 6712 6648 6800 6725 6791 6906 6478 6558 6257 7098 7155 6852 7146 7058 6660 6754 6419 7030 6841 6771 7028 6343 6629 6780 6370 6507 6910 6428 6562 6354 6939 6883 7450 6934 6559 6731 7095 6767 6650 6904 6991 7520 6592 6415 7017 6294 6140 6639 7539 6920 6952 6818 7029 6580 6705 6228 7130 6480 6848 6929 6461 7047 6915 6855 7339 6896 6671 6485 6545 6898 7044 6425 7471 7065 6957 6867 6518 5885 6611 6642 6965 6931 6759 7428 7583 6508 6620 6668 6863 6642 6639 6982 6628 6306 7295 6958
6323 6717 6262 6088 6062 6252 6649 6182 5758 5921 6162 6206 5903 6272 5990 6187 6142 6041 6096 6013 5876 6349 6984 6188 6324 6237 5709 6015 6332 5776 6462 6432 6230 6550 6342 5985 6231 6384 6640 5967 6579 6133 6159 6158 6012 5972 6355 6283 6347 6468 6025 6454 5687 5731 5847 5964 6390 6333 5715 6493 5849 6197 5734 5941 6056 6327 6109 6712 6014 5792 6260 6257 6319 6047 5655 6474 6229 6391 6427 6376 5842 6167 6300 6085 6558 6777 5851 5843 5608 5893 6100 6175 5939 6189 5889 5956 6449 6399 6072 5861 6796 6689 5995 6092 6734 6160 6066 5839 6093 6176 6263 6181 6765 6461 6082 5738 6231 6203 6200 5921 6202 6301 6396 5649 5927 6644 6356 6475 6430 5930 6098 6063 5890 6244 5996 6015 6421 5999 5711 6566 5610 6762 6568 6602 5900 5854 6101 6212 6089 6240 5909 6550 5713 5944 6383 6339 6369 6200 6122 6081 6298 5844 6192 6269 6546 6122 5955 6239 5997 6228 6628 6197 6081 6262 5642 6309 5626 6355 5788 6239 6432 6049 6054 6185 5737 6095 6390 6071 6036 5815 5816 6117 6464 6236 5934 6074 6440 6242 5939 6126 6145 6505 6006 5632 6397 5894 5833 6250 6392 5955 6312 6115 6327 5924 6433 5666 6317 5449 6343 6099 6251 5967 6337 6037 6547 6330 5775 5764 6316 6073 6457 5812 7012 6452 6054 6478 6108 5571 5956 6049 6691 6140 6351 6558 6997 5978 6482 6227 6039 5958 6026 6381 5797 5735 6587 6045
6396 6394 6335 5797 6087 6216 6690 6584 6033 6220 6117 6369 6004 6447 6478 5855 6422 5960 6177 6401 5964 6588 6978 5660 6750 6302 5460 6192 6441 5933 6643 6613 6405 6325 6119 6261 6040 6921 6552 6130 6801 6309 6428 6315 6320 5862 6550 6330 6373 6478 5982 6040 5808 5500 5983 6336 6553 6698 5640 6683 6054 6411 5577 5784 5979 6183 5642 6514 5799 6213 5941 6249 6454 5805 5897 6491 6381 6638 6074 6533 5875 6201 6196 5942 6088 6647 5929 6038 5755 5793 6257 6340 5893 6226 6017 5785 6291 6177 5813 6185 6736 6419 6422 6124 6673 5797 6108 5720 6185 6179 6472 6133 6668 6288 6189 6082 6251 6036 6094 6147 6338 5945 6406 6042 6090 6481 6274 6092 5903 6154 6230 6187 5953 6321 5862 6213 6423 5902 6196 6083 5518 6568 6571 6594 5821 5999 5918 6263 5623 6534 5851 6104 6075 6114 6425 6188 6512 6561 6064 6435 6335 5959 6040 6412 6420 5945 6136 6362 5952 6351 6460 6605 6419 6657 6007 6314 5917 6404 6323 6108 6146 5775 5814 6156 5812 6394 6626 6551 6227 5906 6111 6494 6204 6353 5868 6225 6420 6055 6007 6205 6392 6590 6003 6066 6412 5862 5915 5928 6545 6117 6223 6116 6381 6141 6332 5690 6606 5806 6541 6098 6472 6233 6307 6175 6495 6249 5931 5788 6098 6329 6797 5720 6901 6168 6360 6426 5811 5594 5918 5741 6413 6274 6505 6492 7102 5921 6030 6617 6053 6128 6167 6124 5711 5860 6345 6641
6964 7164 6828 6354 6737 6847 7040 7214 6006 6612 6716 6579 6656 7214 6338 6803 6970 6580 7002 6806 6472 6968 7385 6512 6899 6621 5935 6775 6810 6213 7207 6984 6788 6957 6654 6561 6789 6823 7512 6730 7124 6853 6655 6242 6830 6820 6990 6967 6737 6718 6726 7068 6207 6029 6505 6742 7012 7255 6158 6992 6698 6867 6171 6626 6357 7163 6376 6893 6067 6433 6901 6835 7107 6625 6334 6860 6868 7067 6793 6970 6703 6554 6705 6612 7082 7451 6572 6569 5876 6294 6526 6798 6372 6826 6483 6805 6865 6512 6609 6625 7254 7021 6823 6671 7217 6631 7000 6263 6576 6638 6833 6604 7260 6696 6409 6342 6872 6639 6762 6643 6728 6414 6835 6426 6558 6937 6790 6756 6872 6346 6597 6787 6495 7004 6348 6829 7010 6530 6594 6492 5994 7378 7064 7034 6572 6307 7123 6544 6506 6853 6643 6739 6564 6410 7100 6757 6918 6685 6552 6798 6767 6686 6868 6729 6883 6620 6456 6662 6680 6787 7253 6713 7079 6760 6443 6936 6016 6689 6597 7131 6826 6319 6402 6395 6424 6403 7052 6797 6617 6310 6800 6728 6927 6823 6694 6726 7034 6500 6225 6547 6774 7186 6428 6430 6938 6645 6311 6687 6925 6769 6343 6993 7013 6755 6761 6041 6973 6316 7285 6635 6590 6880 6841 6845 7084 6786 6428 6651 6821 6967 6838 6405 7469 6917 6798 6804 6502 5969 6541 6355 7034 6656 6769 7062 7630 6375 6760 6741 6678 6508 6590 7460 6108 6072 7058 6911
6632 6683 6802 6485 6428 6538 7173 6630 6097 6548 6697 6648 6174 6953 6751 6326 6846 6606 6590 6959 6198 6982 7154 6487 6641 6258 6070 6372 6868 6548 6854 6893 6452 6935 6305 6712 6711 7111 6788 6741 6679 6811 6620 6359 6642 6405 6844 6762 6716 6514 6630 6691 6390 6332 6343 6669 6401 7144 6263 6861 6223 6483 6160 5934 6404 6740 6509 6635 6029 6086 6554 6765 6849 6168 6134 6796 6746 6712 6307 6587 6306 6321 6770 6956 6687 7149 6250 6465 5927 6539 6241 6328 6409 6645 6369 6527 7017 6772 6507 6197 6953 6434 6501 6571 7373 6517 6777 6132 6185 6598 6978 6686 6875 6764 6329 6267 6742 6214 6843 6612 6480 6818 6547 6157 6557 6958 6906 6885 6413 6725 6360 6545 6266 6509 5975 6449 6597 6346 6084 6464 5721 7215 7039 6515 6157 6046 6383 6520 6065 6697 6434 6885 6453 6391 6398 6505 6616 7188 6467 6487 6897 6354 6343 6474 6798 6565 6223 6810 6190 6839 6769 6561 6885 6765 6216 6556 6016 7013 6434 6827 6865 6424 6694 6517 6228 6024 6644 6220 6184 6498 6380 6240 7015 6820 6315 6312 6938 6785 6319 6613 6939 7110 6099 6518 7004 6599 6081 6379 7088 6511 6183 6667 6533 6216 6164 5908 6963 6221 6698 6431 6515 6443 6695 6211 7179 6912 6395 6220 6331 6622 6855 6426 6768 7021 6664 6670 6369 6082 6116 6404 6654 6884 6653 6995 7532 6472 6423 6450 6668 6413 6614 6811 6315 5888 6922 6523
6646 6549 6288 6127 6020 6310 6695 6410 5648 5989 6400 6279 6074 6403 6077 6379 6485 5954 6199 6546 5970 6493 6822 6082 6473 6255 5533 6088 6616 6086 6434 6814 6213 6211 6142 6077 6295 6401 6541 6463 6710 6406 6434 6073 6295 6328 6646 6766 6397 6642 6149 6724 5632 5505 5513 6160 6310 6400 5903 6702 6159 6395 5847 5879 5863 6270 5810 6366 5865 6225 6219 6583 6468 5734 5972 6589 6683 6356 6164 7114 5987 6329 6307 5950 6568 6534 5965 6236 5500 6033 6145 6175 6091 6456 5866 6500 6643 6318 6164 6344 6879 6344 6496 6245 6661 6092 6236 5870 6313 6098 6192 6111 7024 6411 6105 6272 6051 6047 6301 6291 6356 6263 6312 5858 5931 6642 6304 6426 6084 6305 5817 5982 5937 6362 6037 6269 6280 6258 6065 6108 5318 6662 6687 6416 6121 5943 6034 6595 6244 6416 6041 6400 6178 6121 6664 6504 6326 6255 6125 5985 6507 6343 6101 6208 6359 5943 5935 6909 6102 6641 6624 5862 6494 6501 5998 6575 5766 6563 6139 6336 6264 5904 6174 6322 6244 5952 6834 6144 5882 6201 6211 6035 6494 6320 6091 6253 6399 6433 6071 6358 6404 6861 6094 6099 6574 6217 5796 6399 6727 6016 6157 6329 6437 6283 6259 5843 6515 5950 6612 5854 6139 6414 6375 6115 6669 6463 6105 5760 6007 6462 6436 6133 6545 6697 6433 6300 6004 5506 6104 6045 6275 6154 6321 6550 6874 6507 6111 6399 6002 5793 5915 6382 5773 5782 6720 6494
6455 6660 6529 6210 6346 6455 6672 6402 6006 6493 6074 6142 6112 6785 6363 6169 6478 6200 6551 6669 6242 6341 6996 5874 6472 6473 5620 6012 6722 5978 6688 6826 6763 6572 6132 6576 6342 6758 7013 6444 6811 6229 6311 6073 6472 5986 6355 6609 6754 6271 6603 6651 5710 5604 6252 5910 6649 6672 5860 6887 6211 6521 6053 6136 6104 6563 6325 6590 5747 6435 6775 6279 6434 6387 6445 6482 6450 6730 6417 6741 6477 6480 6348 6445 6726 6694 5889 6289 5511 5849 5928 6506 6154 6365 6157 6431 6435 6154 6102 6204 6821 6552 6369 6617 6634 6083 6422 5922 6619 6454 6564 6265 6690 6272 6021 6118 6235 5828 6146 6311 6303 6217 6349 5952 6070 6255 6552 6587 6573 6386 6126 5924 6247 6496 6107 6413 6729 6132 5961 6331 5945 6939 6643 6739 5834 6354 6284 6383 5854 6595 6207 6569 6239 6096 6645 6376 6320 6386 6414 6312 6508 6096 6386 6494 6409 6356 6437 6115 6302 6521 6961 6499 6536 6400 5979 6691 5844 6377 6325 6592 6409 6135 6102 6334 6004 6023 6762 6403 6449 6135 6272 6233 6444 6766 6252 6026 6654 6335 6172 6088 6466 7219 5958 6118 6764 6041 6003 6178 6613 6471 6221 6601 6581 5890 6313 5891 6437 6067 6915 6373 6386 6321 6261 6341 6574 6157 6272 6023 6560 6268 6924 6148 6899 6967 6379 6632 6313 5557 5970 6499 6727 6512 6464 6756 7397 6097 6518 6557 6376 6139 6058 6524 5735 6038 6747 6514
6595 6721 6499 6442 6499 6569 6952 6679 6077 6811 6687 6234 6078 6933 6642 6500 6693 6600 6732 6703 6506 6907 7346 6280 6859 6659 5823 6444 6615 6402 6906 6778 6886 7186 6467 6697 6700 7139 7031 6555 6778 6768 6835 6304 6229 6445 6614 6562 6694 6330 6814 6833 6038 5916 6268 6649 6535 7012 6268 6965 6266 6757 6149 6137 6147 6813 6336 6582 5915 6534 6665 6519 6509 5957 5932 6460 6663 7011 6275 6767 6326 6249 6726 6499 6836 7011 6267 6560 5852 6256 6772 6487 6117 6686 6460 6500 6883 6298 6173 6341 7348 6883 6671 6515 6997 6382 6626 6131 6469 6539 6723 6732 7213 6411 6068 6189 6508 6153 6473 6626 6095 6681 6686 6131 6229 7170 6694 6800 6268 6645 6273 6292 6413 6421 5783 6838 6706 6384 6481 6711 5782 7110 7005 6882 5826 6134 6778 6400 6165 6503 6213 6485 6322 6301 6783 6683 6415 7153 6449 6700 6607 6674 6800 6524 6734 6444 6811 6557 6410 7135 7027 6076 7030 6576 6132 6667 5755 6939 6616 6595 6419 6145 6665 6672 6140 5977 6653 6410 6415 6693 6560 6519 6822 6426 6131 6291 6864 6667 6182 6256 6852 7014 6278 6274 6920 6155 6152 6397 6938 6800 6522 6429 6436 6148 6084 5889 7124 6066 6993 6652 6407 6799 6726 6341 6850 6794 6389 6064 6465 6646 6724 6315 7081 6605 6333 6596 6427 5627 6141 6377 7053 6589 6513 6930 7252 6193 6345 6294 6598 6299 6308 6592 6239 5874 7082 6550
6137 6645 6385 6129 6145 6590 6695 6415 5877 6646 6304 6125 6123 6911 6073 6120 6768 6295 6346 6624 6440 6770 6761 6536 6707 6314 5762 6455 6272 5911 6738 6288 6488 6548 6282 6347 6227 6501 6882 6309 6597 6180 6363 6096 6195 5960 6720 6561 6406 6515 6251 6555 5922 5620 6153 6095 6521 7342 5616 6726 5952 6461 5656 6020 5935 6475 6092 6718 5814 6101 6258 6190 6266 6049 6000 6679 6339 6621 6177 6761 6173 6475 6300 5989 6759 7092 6062 5847 5668 5850 6222 6099 6115 5962 6069 6011 6584 6271 6028 6063 6935 6497 6220 6284 6808 5868 6543 5993 5842 6278 6314 6712 6695 6189 6149 6059 6333 6140 6358 6330 5989 6225 6318 5892 6136 6834 6717 6855 6516 6334 5891 6073 5986 6384 5907 6310 6297 6250 6082 6542 5488 6930 7017 6241 5890 6091 6347 6036 6015 6368 6038 6473 5907 5929 6507 6374 6428 6284 5958 6292 6525 6165 6305 6485 6659 6519 6032 6195 6038 6666 6541 6408 6412 6563 5922 6414 5946 6337 6250 6400 6126 6026 6076 6188 5775 6025 6486 6303 5951 6246 6258 6327 6452 6495 6197 6306 6755 6003 6042 6157 6490 6914 6110 5970 6476 5931 5967 6009 6771 6516 6406 6183 6410 6210 6329 5641 6613 5968 6637 6370 6370 6525 6532 6145 6686 6487 6029 6012 6310 6525 6425 5867 6958 6525 6191 6832 6198 5590 5883 6176 6819 6398 6347 6574 7193 6173 6130 6273 6155 6194 6116 6597 5783 5920 6746 6359
6992 6936 7002 6517 6727 6910 7085 7141 6188 6533 6396 6927 6246 7012 6828 7058 7076 6776 6738 6760 6205 6793 7294 6591 6874 6740 6442 6623 6976 6541 7005 7346 7008 6853 6368 6643 7199 7239 7290 7040 6919 7094 6966 6302 7001 6561 7185 7029 6584 6940 6632 7062 6083 5860 6587 6822 6925 7167 6284 7122 6679 6994 6443 6417 6487 6796 6362 6774 6068 6608 6743 6860 6918 6760 6151 6760 6971 7322 6745 6959 6479 5954 6615 6524 6771 7396 6661 6894 6202 6773 6793 6949 6406 7081 6604 6921 7171 6421 6922 6756 7412 7046 6731 6907 7278 6633 6583 6600 6227 6520 6996 6699 7310 6733 6487 6730 6533 6550 6667 6518 6731 6567 6938 6213 6655 7323 7090 6988 6715 6840 6689 6803 6722 7197 6571 6476 6935 6732 6484 6423 6203 7493 7397 6885 6349 6633 6831 6448 6287 6965 6459 6696 6501 6550 6983 6727 6749 6994 6832 6560 7089 6556 7033 6655 6661 6759 6651 6795 6296 7145 6969 6584 6972 6954 6411 7328 6196 7051 6599 6972 6750 6403 6486 6667 6523 6495 6787 6688 6561 6522 7119 6600 7070 6921 6752 6690 6709 6835 6313 6729 6836 6996 6503 6322 6949 6617 6338 6580 7373 6619 6876 6653 6852 6369 6664 6285 6992 6067 6962 6699 6436 6717 6715 6937 7258 6512 6069 6506 6825 6661 6964 6377 7264 6899 7456 6996 6468 6193 6406 6666 7103 6929 6952 7066 7766 6484 6466 6690 6783 6779 6454 6952 6126 6331 6990 6932
6329 6498 6330 6137 6245 6757 6774 6455 6155 6244 6496 6413 5955 6756 6532 6235 6562 6590 6440 6737 5994 6446 6939 6107 6645 6602 5478 6417 6705 5781 6426 6621 6426 6995 5971 6294 6567 6767 7112 6647 6701 6458 6515 5977 6650 6254 6625 6717 6417 6305 6230 6598 5867 5812 6199 6471 6701 6894 5862 6825 6516 6645 5818 5849 6500 6386 6013 6434 6139 6051 6193 6567 6604 5810 6093 6769 6462 6806 6165 6592 6095 6196 6510 6448 6571 6845 6306 6147 6063 5925 6332 6565 6093 6524 6114 6242 6710 6373 6181 6219 6826 6636 6490 6649 6806 6285 6508 5985 5537 6172 6207 6407 6970 6661 6029 6001 6435 6123 6258 6391 6241 6439 6296 6032 6273 6912 6800 6683 6337 5998 5853 6396 6063 6512 5951 6391 6299 6158 6135 6240 6028 6980 7014 6410 6166 6029 6338 6358 6210 6719 6162 6165 6021 6206 6423 6394 5985 6466 6368 6351 6839 6197 6129 6211 6517 6200 5882 6504 6290 6579 6741 6406 6732 6814 5921 6348 5950 6987 6235 6654 6341 5869 6091 6105 6058 6103 6417 6202 6033 6387 6535 6087 6567 6596 6338 6205 6714 6406 6224 6427 6557 6834 6298 6095 6578 6008 6279 6512 7037 6336 6546 6491 6598 6284 6317 5887 6812 5952 6717 6546 6765 6432 6774 6169 6670 6363 6008 5898 6449 6578 6655 6031 6968 6716 6793 6445 6476 5463 6084 6293 6428 6644 6280 6915 7150 6220 6288 5965 6330 5981 6192 6637 5963 5872 6772 6417
6848 6851 6670 6606 6437 6972 6921 6850 6142 6462 6689 6586 6406 6957 6814 6427 6762 6830 6683 7071 6312 6555 7413 6526 6923 6699 5739 6647 6988 6664 6806 7187 6777 6982 6766 7091 6815 7034 7328 6966 7066 6943 6684 6235 6734 6538 7122 6996 6939 6780 6687 6667 6155 6167 6441 6779 6738 6492 6058 7147 6462 6536 6146 6433 6555 6540 6503 6768 6077 6574 6467 6983 7018 6601 6109 6933 6802 7057 6663 7001 6162 6524 6958 6731 6832 7223 6506 6440 5896 6310 6597 6870 6498 6703 6277 6247 6741 6574 6398 6427 7174 6690 6859 6901 7172 6337 6494 6407 6647 6285 6873 6775 7358 6385 6153 6152 6663 6868 6783 6320 6555 6584 6985 6329 6649 7123 7138 6773 6570 6618 6349 6681 6299 6841 6404 6704 6815 6355 6643 6347 6065 7533 7361 6835 6351 6498 6413 6496 6455 6891 6254 6801 6231 6695 6692 6786 6869 6930 6593 6835 6962 6490 6363 6934 6950 6626 6214 6807 6342 6806 6910 6633 6852 6848 6260 7025 6146 7052 6497 7044 6624 6364 6345 6630 6284 6592 7137 6489 6481 6337 6717 6470 6970 6546 6635 6326 6857 6726 6567 6603 7020 7367 6268 6384 6755 6326 6203 6591 7287 6883 6551 6653 6620 6486 6663 6132 7019 6396 6862 6583 6599 6731 6659 6848 7191 6607 6316 6189 6720 6962 7041 6424 7319 6776 7020 7045 6305 5968 6116 6397 6695 6982 6976 6749 7735 6768 6508 6520 6474 6481 6307 6975 6352 6130 6927 7039
6407 6605 6459 6007 6453 6495 6553 6937 5657 6415 6315 6395 5934 6570 6281 6258 6384 6034 6039 6200 6270 6636 6747 6084 6578 6330 5609 6080 6374 5901 6514 6606 6441 6772 6077 5952 6379 6677 6338 6320 6463 6463 6277 6069 6093 5958 6414 6512 6406 6251 6384 6596 5698 5635 5902 6299 6158 6757 5601 6764 5850 6347 5675 5949 5735 6455 5846 6366 5383 5945 6289 6171 6204 6158 5505 6440 6472 6673 6252 6421 6058 5944 6164 6176 6325 6930 6403 6115 5806 5981 6077 6313 6072 6405 6082 6269 6249 6179 6237 5969 6630 6340 6199 6257 6593 6112 6441 6197 5979 6211 6485 6372 6942 6248 5917 6147 6339 6102 5964 6199 6132 6065 6609 6106 6087 6586 6624 6558 6239 6165 6082 5892 6021 6357 5708 6066 6206 6118 6277 6407 5517 6892 6467 6223 5880 6283 6329 6199 5917 6668 6182 6170 5837 5932 6344 6547 6560 6404 5833 6087 6356 6373 6343 6106 6191 6288 6203 6547 5725 6481 6533 6571 6462 6470 5670 6254 5623 6250 6209 6390 5928 5713 6074 6062 6107 6347 6465 6169 6148 6082 6616 6038 6336 6237 6121 5906 6837 6204 5940 6253 6231 6495 5963 5743 6224 6173 5447 6185 6321 6400 6160 6317 6269 6330 5993 5693 6704 5727 6596 6198 6135 6286 6361 6439 6335 6505 6225 6129 6080 6457 6181 6008 6795 6482 6460 6501 6012 5592 5898 6123 6437 6174 6353 6460 6973 6220 6161 6472 5872 5694 5829 6313 5739 6224 7030 6343
5923 5953 6122 5764 5726 6216 6391 6144 5475 5654 6136 5959 5581 6271 5760 5800 6159 5776 5882 6360 5582 6343 6153 5722 6101 5961 5226 5844 5852 5549 6156 6254 6051 6327 5857 6002 5861 6239 6182 5870 6331 6213 5963 5730 6060 5555 6224 6057 5712 6013 5984 6165 5292 4928 5659 5692 5895 6307 5240 6593 5873 6001 5888 5642 5582 5750 5575 6284 5530 5464 6000 5944 5857 5703 5705 6502 5954 6192 6065 6441 5692 5917 5740 5824 5980 6325 5589 5956 5435 5685 5696 5769 5675 6148 5743 5893 6214 5792 5899 5699 6272 5902 5956 5535 6430 5488 5919 5219 5751 5757 5713 5905 6324 5996 5959 5810 5826 5893 6122 5495 5843 5926 6297 5741 6195 6268 6287 6232 6075 6032 5642 5804 5978 5907 5619 5975 6461 5799 5898 5901 5216 6325 6030 5885 5217 5857 5890 5805 5579 6054 5545 6090 5593 5997 6160 6281 6306 6203 5827 5802 6403 5813 5570 5950 6167 5900 5950 6236 5810 6342 6598 6126 6355 6384 5554 5944 5707 6253 5854 5997 5969 5666 5983 6066 5570 5721 6286 6005 5648 5924 5891 5462 6143 5959 5664 5723 5953 5994 5889 5492 6287 6500 5571 5689 5903 5721 5479 5961 6375 6211 5773 5883 6639 5879 5934 5329 6161 5578 6129 5595 5913 6010 6264 5906 6361 6032 5685 5690 5760 6092 5810 5639 6702 6140 6292 6470 5256 5373 5723 5947 6155 6270 5893 6124 6640 6138 5578 5525 5902 5666 5646 6164 5569 5333 6441 6074
6630 6819 6885 6344 6545 6714 6970 6763 6209 6669 6363 6520 6211 6823 6363 6456 6687 6594 6469 6807 6170 6708 7287 6235 6494 6732 5760 6542 6411 6210 6976 7016 6740 6941 6644 6383 6797 7359 7222 6464 6671 6780 6670 6356 6413 6469 6641 6868 6670 6794 6384 6769 6143 5569 6276 6415 6871 6867 5833 6970 6627 6901 6240 5892 6280 6711 6378 6895 6091 6348 6460 6408 6795 6193 5943 6763 6439 6994 6704 6930 6377 6297 6251 6502 6685 7097 6448 6585 6010 6422 6265 6871 6187 6633 6309 6372 6647 6409 6526 6340 7347 6525 6684 6483 7151 6347 6232 6006 6253 6494 6595 6556 6940 6646 6398 6623 6487 6352 6724 6268 6883 6418 6699 6167 6128 6995 6587 6644 6500 6608 6217 6284 6611 6589 6257 6285 7068 6799 6293 6530 5914 6856 6840 6858 5823 6399 6666 6283 6350 6648 6282 6913 6263 6362 6649 6490 6745 6845 6453 6324 6755 6464 6367 6504 6385 6332 6371 6705 6633 6885 6734 6506 6905 6425 6290 6810 6116 6583 6582 6261 6511 6310 6514 6468 5989 6585 6424 6415 6582 6489 6303 6737 7145 6803 6237 6369 6781 6582 6169 6289 7068 6898 6136 6543 6937 6099 6070 6502 6953 6555 6728 6360 6920 6368 6316 5886 6728 5869 6716 6662 6748 6656 6597 6307 6776 6327 6253 6309 6315 6598 7049 6520 7037 6640 6399 6626 6388 5718 6268 6316 7006 6584 6655 6531 7430 6490 6373 6729 6261 6527 6262 6436 6199 5530 6808 7037
5961 6173 6298 5964 6116 6361 6312 6454 5297 6026 6216 6210 5919 6064 5924 6177 6475 6020 6003 6132 5625 6088 6271 5699 6267 6196 5530 5959 6405 5901 6247 6354 6211 6503 6138 5934 6319 6564 6524 6097 6244 6153 5969 5806 6201 6117 6111 6285 6292 6268 6386 6328 5621 5386 5808 5899 6184 6485 5597 6533 5957 5987 5807 5363 5449 5916 5942 6409 5431 5701 6203 5862 6020 5778 5633 6162 6216 6339 5998 6409 5651 5874 6279 6092 5863 6575 6020 6194 5423 5590 5874 6086 5776 6221 5796 6066 6570 5976 5776 5774 6815 6139 6074 5990 6421 5823 5642 5521 5899 5513 5929 5876 6378 6667 5640 5576 5839 5861 6364 5843 6115 5929 6361 5869 5735 6397 6439 6214 6134 5807 5970 5815 5890 6033 5600 5802 6336 6074 5984 6039 5366 6367 6364 6051 5375 5995 5982 6084 5758 6329 5554 6022 5819 5964 6208 6229 6413 6252 5909 6082 6218 5765 5736 5802 6351 6117 5816 5907 5946 6204 6315 6216 6097 6134 5917 6210 5706 6592 5874 5985 5897 6123 6006 5791 5826 5758 6433 6091 6056 6028 6171 5824 6605 5886 6183 6110 6189 5841 5804 6138 6392 6414 5867 5571 6228 5532 5533 5983 6694 6285 6237 5984 6088 6072 5898 5305 6392 5787 6351 6137 5752 6341 5954 5943 6525 6061 5617 5782 6035 6132 6286 5686 6648 6239 6049 6391 5707 5217 6049 6079 6291 6197 6153 6392 6712 5738 5834 6429 5932 5793 5948 6176 5726 5436 6510 6439
6261 6286 6149 6168 6159 6337 6741 6409 5861 6075 6320 6296 5959 6769 6701 6112 6719 5800 6562 6503 6100 6325 6893 6174 6650 6104 5541 6072 6516 5967 6517 6527 6175 6547 6234 6322 6257 6585 6886 6663 6470 6576 6421 5942 6151 6077 6289 6597 6297 6604 6063 6405 5463 5863 6064 6298 6333 6539 5987 6622 6211 6344 5644 5893 6217 6197 6081 6515 5493 5942 6179 6284 6258 6018 5660 6656 6496 6407 6260 6503 6318 6224 6497 6348 6514 6668 5902 5806 5528 6035 6481 6067 6042 6346 5892 6096 6458 6158 5903 6046 6932 6485 6370 6394 6644 5857 6576 6036 5798 6171 6196 6259 6618 6274 5896 6137 6044 6101 6260 6182 5901 6033 6268 5884 5853 6579 6245 6399 6340 6153 5829 5977 5932 6333 5764 6231 6319 5817 5986 6270 5488 6654 6669 6198 6229 6087 6045 6272 6046 6618 6141 6186 5986 6056 6349 6078 6312 6146 6203 6372 6288 6098 6240 6350 6531 6262 6284 6191 5780 6512 6441 6147 6499 6324 5838 6172 6044 6685 6204 6210 6201 5830 5994 6277 5883 5874 6301 6151 6489 5977 5965 6015 6416 6305 5923 5922 6263 6045 5910 5949 6446 6822 6148 5954 6576 5947 6039 5952 6680 6466 6333 6715 6001 5842 6458 6044 6773 6188 6631 6432 6128 6062 6313 5913 6384 6221 5811 5601 5958 6497 6390 5934 6796 6598 6211 6365 6140 5657 5964 5933 6482 5991 6175 6369 6911 6347 5927 6301 6172 6042 5698 6239 5625 5702 6796 6714
6343 6733 6355 6258 6138 6437 6802 6628 5803 6348 6216 6253 6084 6467 6420 6466 6713 6337 6432 6600 6092 6352 6808 6208 6444 6372 5527 6257 6604 6465 6970 6319 6743 6469 6272 6601 6442 6820 6967 6641 6675 6706 6393 6354 6403 6186 6594 6906 6562 6726 6197 6771 6046 5493 5968 6048 6616 6706 6049 6752 6153 6633 6039 5877 6405 6600 5885 6619 5906 6390 6484 6277 6498 6057 6106 6907 6459 6832 6283 6877 6228 6401 6533 6382 6566 6685 6002 6368 5782 6044 6192 6565 5909 6801 6051 6475 6793 6208 6347 6434 7144 6559 6410 6276 6749 6114 6116 5862 6353 6192 6220 6485 6745 6259 5765 5965 6397 6395 6582 6334 6421 6202 6535 5915 6169 6909 6536 6832 6149 6467 6604 6435 6107 6252 6088 6113 6735 6267 6091 6417 5584 7023 6760 6586 5800 6164 6414 6333 5674 6591 5920 6539 6328 6326 6813 6640 6382 6221 6451 6189 6631 6023 6315 6218 6363 6146 6127 6490 6009 6879 6801 6092 6547 6404 6047 6428 6067 6630 6532 6547 6546 6122 6077 6121 5822 5960 6575 6391 6189 6045 6421 6390 6701 6612 6176 6313 6460 6474 6185 6046 6721 6607 6043 6301 6382 6148 5901 6117 6790 6341 6309 6511 6543 6028 6333 6227 6464 6057 6829 6279 6475 6602 6452 6230 6561 6580 5905 6039 6458 6394 6698 5889 7018 6496 6463 6696 6249 5787 6006 6538 6659 6372 6698 6519 7163 6235 6218 6263 6326 6281 6019 6446 5748 5836 6646 6663
6660 6710 6853 6207 6694 6773 7062 6718 6101 6603 6521 6617 6516 6919 6567 6754 6630 6645 6787 6687 6471 7145 7332 6309 6668 6548 5767 6340 6890 6144 6692 6850 6800 7059 6319 6737 6367 6992 7054 6570 6972 7173 6528 6416 6822 6329 6938 6782 6691 6555 6851 6749 6205 5708 6570 6471 6498 7093 6043 6785 6264 6640 6050 6004 6188 6717 6103 6745 6302 6207 6410 6484 6500 6409 6319 6848 6525 7238 6509 6854 6416 6389 6685 6373 6542 7223 6256 6520 6116 6217 6570 6591 6342 6465 6574 6357 6897 6449 6415 6543 6941 6914 6617 6683 6661 6270 6410 5960 6712 6277 6842 6440 7019 6449 6570 6513 6368 6426 6631 6820 6533 6355 6679 6192 6372 7174 6779 6827 6559 6577 6674 6212 6462 6947 6298 6586 7145 6817 6351 6382 5971 6938 6906 6722 6177 6328 6605 6506 6221 6842 6288 6622 6389 6449 6656 6868 6843 6674 6531 6722 6404 6399 6495 6362 6707 6432 6287 6991 6313 6781 7020 6648 6962 6737 6250 6694 6209 6858 6857 6842 6749 6537 6386 6351 6255 6190 6837 6590 6440 6254 6531 6483 7169 6776 6365 6403 6798 6423 6180 6466 6960 7013 6188 6243 7060 6409 5795 6453 7227 6910 6709 6679 6845 6246 6638 6115 6852 6253 6835 6699 6437 6758 6557 6381 6830 6573 6415 6273 6836 6695 6711 6108 7267 6649 6797 6667 6143 5792 6440 6611 6950 6874 7059 7070 7423 6471 6735 6496 6647 6272 6206 6816 5930 5861 6958 6519
6690 6873 6626 6499 6239 6584 6929 6489 6067 6547 6729 6569 6278 6853 6597 6616 6590 6682 6904 6980 6339 6719 7059 6539 6869 6813 5824 6541 6901 6399 6933 7310 6824 6898 6430 6662 6793 7248 7514 6937 6991 6795 6586 6230 6673 6340 6848 6829 6712 6872 6887 6830 6066 5966 6640 6395 6845 6913 6074 6946 6598 6762 6110 6370 6396 6834 6427 6740 6163 6494 6852 6674 6999 6335 6474 6828 7007 6995 6615 6746 6072 6487 6792 6906 6577 7334 6602 6843 6036 6178 6504 6536 6333 6679 6217 6905 7110 6680 6396 6283 7254 6839 6370 6892 7154 6536 6521 5972 6393 6406 7198 6485 6961 6588 6401 6034 6688 6462 6493 6490 6267 6797 6987 6407 6360 7042 6757 6908 6962 6671 6285 6696 6347 6743 6546 6472 6712 6651 6537 6482 5851 7279 6844 6622 6130 6634 6689 6497 6444 6690 6425 6716 6531 6417 7011 6562 6756 6935 6943 6754 6636 6664 6339 6657 7052 6536 6398 6618 6634 7110 6928 6664 6655 6922 6188 6766 6094 6940 6551 6843 6414 6398 6446 6489 6427 6133 6813 6710 6513 6342 6692 6614 6883 6556 6423 6528 6903 6699 6257 6589 6875 7146 6370 6245 6660 6403 6386 6432 6981 6518 6787 6793 6784 6320 6517 6161 6998 6272 6706 6672 6371 6850 6681 6793 6916 6749 6122 6245 6157 6608 6806 6416 7002 6880 6698 7114 6167 5941 6272 6630 7029 6664 6512 6974 7524 6197 6537 6535 6734 6393 6637 6928 6105 6233 6899 6699
6309 6223 6302 6093 5829 5841 6775 6224 6011 6151 6267 6207 5590 6374 6047 5722 6276 6059 6196 6587 5702 6115 6614 5717 6174 6543 5328 5911 6283 6006 6313 6498 6557 6242 6017 6260 6242 6589 6776 6153 6432 6211 6195 5904 6286 6073 6339 6168 6495 6193 6317 6417 5399 5463 6021 6012 6726 6613 5380 6405 5909 6350 5686 5706 5601 6160 5714 6217 5869 5844 6335 6178 6360 5954 5705 6052 6373 6808 6133 6489 5911 5894 6202 6352 5960 6607 5832 6251 5601 5805 6078 6122 5849 6146 6037 6175 6768 6077 6062 5858 6728 5928 5899 6295 6736 5636 5958 5781 5850 5954 6186 6147 6566 6214 5792 5985 6165 6232 6106 5945 5825 6137 6240 5669 5924 6319 6439 6441 6237 6237 6226 6113 5929 5973 5855 5963 6463 6192 6111 6099 5281 6383 6391 6286 5336 6027 6229 5778 5939 6501 5948 6112 5974 6004 6215 5944 6523 6290 6159 6029 6073 6060 5855 6033 6503 6145 6179 6138 6068 6209 6286 6234 6471 6098 6168 6231 5614 6393 5911 6217 6094 5904 5924 5965 5896 6181 6282 5750 6104 6041 5948 6369 6864 6135 5947 5927 5985 5975 5734 6060 6472 6468 5747 5825 6386 5773 5452 5777 6304 6195 6140 6024 6221 6126 6098 5658 6537 5827 6604 6368 5871 6587 5972 5993 6322 6059 5723 6156 5961 6223 6272 5890 6679 6357 6160 6737 5959 5441 5705 5798 6335 6267 6249 6355 6932 5824 5722 6146 6079 6081 5669 6176 5852 5770 6339 6435
6519 6695 6719 6471 6353 6895 6909 6632 5847 6497 6529 6386 6250 6522 6205 6426 6716 6224 6394 6802 6225 6799 7156 6250 6226 6384 5766 6445 6422 5976 6758 6778 6264 6845 6255 6383 6742 7143 7014 6339 6903 6733 6525 6382 6592 6348 6460 6790 6505 6588 6555 6583 5946 5838 5825 6297 6699 6966 6002 6749 6200 6675 6038 5744 6232 6615 6251 6623 6183 6393 6575 6358 6682 6349 6108 6818 6674 7005 6450 7126 6252 6549 6518 6480 6162 6947 6095 6430 5876 6207 6306 6645 6193 6886 6052 6229 6879 6211 6243 6612 7039 6838 6280 6474 6618 6264 6475 5651 6340 5928 6478 6538 6740 6718 6196 6273 6195 5920 6654 6462 6529 6334 6555 6064 6258 6922 6640 6459 6456 6264 6509 6531 6284 6580 6119 6194 7041 6495 6348 6492 5664 6904 6828 6966 6099 6458 6508 6677 5998 6676 6257 6600 6282 6281 6681 6478 6841 6470 6485 6616 6586 6375 6216 6353 6346 6289 6522 6518 6548 6541 6819 6319 6763 6652 6256 6493 5727 6893 6302 6452 6655 6253 6580 6324 5940 6191 6936 6340 6112 6407 6386 6535 6776 6508 6121 6285 6677 6675 6367 6652 6889 6681 6121 6257 6765 6202 5801 6390 6746 6634 6477 6413 6780 6142 6314 5799 6598 5989 6589 6533 6529 6976 6475 6443 6739 6685 6159 6202 6461 6326 6748 5944 6891 6606 6687 6917 5902 5595 6248 6297 6760 6532 6841 6846 7223 6212 6299 6461 6187 6364 6490 6822 6163 5659 6983 6626
6640 6519 6984 6205 6106 6635 6742 6742 6104 6570 6477 6453 6019 6412 6570 5998 6664 6199 6385 6364 6128 6861 6712 6252 6725 6362 5689 6551 6841 5966 6660 6705 6225 6740 6036 6293 6475 6488 7045 6344 6747 6810 6331 6032 6475 6033 6352 6672 6483 6587 6561 6202 5880 6024 6248 6182 6472 6751 5773 6918 5866 6307 5846 6000 6152 6230 6242 6396 5912 6145 6750 6211 6409 6373 5929 6543 6443 6786 6173 6663 6217 6144 6641 6321 6386 6927 6259 6359 5703 5896 6393 6337 6034 6749 6191 6318 6617 6480 5893 5881 6970 6581 6309 6438 6772 6272 6643 6123 6187 6318 6850 6616 6796 6415 6166 6214 6404 6158 6247 6313 6293 6215 6513 6045 6340 6951 6514 6414 6453 6329 6096 6492 6207 6640 6181 6353 6028 6267 6277 6274 5824 7206 6941 6716 6000 6366 6347 6459 6331 6638 6246 6427 6011 6372 6425 6215 6618 6761 6248 6651 6658 6507 6245 6508 6749 6257 6216 6786 6292 6714 6742 6274 6560 7004 5921 6327 6053 6765 6480 6131 6264 5799 6328 6409 6090 6185 6556 6645 6325 6192 6258 6409 6560 6459 6076 6006 6772 6549 6220 6258 6669 6762 6205 6141 6847 6078 6260 6561 6832 6539 6427 6549 6253 6270 6230 5810 6857 5942 6643 6475 6559 6420 6767 6293 6381 6390 6282 5871 6192 6488 6659 6034 6873 6779 6749 6450 5979 5722 6004 6045 6660 6358 6413 6717 7090 6091 6019 6093 6389 5958 6234 6592 5670 5978 6661 6492
6450 6426 6545 6215 6364 6748 6702 6794 6413 6542 6250 6514 5919 6976 6228 6634 6652 6205 7004 6644 6230 6491 6779 6023 6567 6409 5951 6202 6548 5988 6891 6893 6570 6711 6207 6254 6617 6868 7000 6535 6923 6608 6438 5923 6028 6180 6527 6598 6844 6571 6504 6536 5743 6294 5975 6185 6244 6856 5664 6762 6170 6591 5909 5943 6084 6352 6013 6650 5757 6308 6647 6311 6174 6210 5866 7032 6557 6793 6424 6593 6072 6319 6450 6530 6562 6946 6524 6222 5900 5902 6317 6311 6339 6358 5855 6459 6764 6108 6057 6196 6868 6622 6248 6271 7088 6117 6211 6186 5981 6355 6437 6307 7159 6582 5958 6090 6268 6203 6567 6516 6453 6600 6587 5997 6074 6929 6437 6640 6364 5921 6233 6241 5908 6335 5930 6377 6691 6269 6252 6180 5492 6691 6905 6571 5390 6513 6312 6440 5821 6590 6058 6493 6096 6313 6578 6419 6397 6289 6322 6282 6434 5976 6331 6207 6718 6154 6056 6349 6231 6855 6326 6572 6628 6255 5921 6537 5968 6768 6531 6566 6370 6023 6191 6300 6164 5959 6477 6087 6191 6278 6491 6287 6835 6321 6253 6217 6621 6494 6616 6408 6545 7035 6144 6128 6624 6060 5944 6255 6906 6513 6283 6700 6518 6050 6280 6226 6987 6033 6603 6646 6425 6595 6221 6419 6529 6571 5988 5646 6020 6895 6493 6240 7047 6428 6429 6341 6132 5953 6069 6271 6430 6460 6488 6950 7155 6157 6347 6288 6671 5925 5898 6727 5846 6032 6906 6544
6348 6615 6242 5826 6108 6514 6923 6646 5862 6143 6116 6395 6024 6351 6501 6208 6439 6225 6411 6448 5935 6500 6730 6102 6316 6325 5565 6303 6385 6072 6483 6381 6687 6932 6344 6124 6154 6618 7137 6691 6440 6305 6448 5891 6388 6336 6595 6414 6212 6521 6556 6589 5855 5423 6215 5944 6534 6782 5499 6451 6084 6714 5674 6285 6064 6380 5987 6630 5805 5973 6315 6295 6377 5658 5755 6600 6594 6672 6127 6408 5923 5859 6263 6277 6367 6971 6321 6087 5540 5948 6417 6456 5976 6594 6162 6251 6421 6420 6152 6314 6919 6552 6138 6551 6743 5674 6257 5936 5736 6271 6465 6272 6907 6369 5998 6266 6615 5985 6345 5985 6075 6262 6110 6011 5931 6867 6459 6760 6345 6325 6078 6350 5958 6333 6019 6240 6493 5998 5909 6443 5442 6641 6774 6209 5711 6128 6493 5942 6261 6606 6274 6392 6452 6129 6255 6543 6365 6036 6168 6179 6451 5947 6296 6457 6589 6106 6550 6236 6231 6763 6384 6374 6556 6591 6429 6387 6012 6782 6379 6433 6243 6189 6063 6321 5848 6203 6385 6083 6170 6276 6175 6251 6842 6389 6052 6400 6455 6291 5877 6312 6232 6769 6002 6263 6263 5842 5941 6167 6630 6439 6203 6447 6498 5884 6189 5941 6951 6019 6667 6368 6023 6348 6242 6321 6719 6277 6298 6061 5898 6363 6286 6097 6787 6771 6221 6394 6201 5776 5851 6214 6947 6317 6072 6465 6838 5900 5770 6233 6381 6053 5781 6340 5628 5662 6598 6388
6586 6881 6735 6542 6299 6626 6985 6994 5900 6834 6402 6319 6314 6562 6495 6504 6981 6571 6726 6750 6453 6807 7030 6203 6892 6410 5751 6700 6582 6265 6945 7108 6593 6833 6443 6475 6392 6973 7175 6864 6741 6704 6605 6260 6505 5999 6690 6887 6751 6662 6429 6665 5868 6238 6103 6575 6655 7170 5779 6991 6317 6773 5946 6299 6492 6766 5996 6623 6067 6193 6267 6476 6560 6120 6368 7116 6713 6753 6499 6812 6265 6767 6751 6817 6774 7433 6575 6166 5920 6083 6479 6636 6337 6635 6334 6338 6819 6164 6134 6076 6906 6640 6548 6363 7102 6185 6598 6034 6434 6128 6699 6601 7414 6476 6374 6265 6433 6577 6787 6433 6609 6450 7001 5954 6562 7049 6861 6557 6480 6429 6524 6401 6297 6375 6202 6472 6435 6393 6455 6377 5666 7123 7193 6581 6093 6416 6477 6580 6356 6691 6494 6859 6466 6688 6654 6667 6936 6478 6051 6642 6713 6633 6277 6684 6637 6431 6264 6746 6187 6898 6879 6839 6666 6724 6258 6830 5917 6775 6371 6466 6662 6179 6388 6717 6093 6179 6864 6805 6366 6511 6666 6569 6768 6731 6234 6289 6765 6299 6800 6650 6770 6966 6251 6377 6816 6398 6057 6650 6896 6613 6750 6796 6669 6488 6058 6087 6783 5989 6648 6349 6404 6445 6773 6334 6759 6543 6224 6376 6558 6632 6860 6131 6826 6730 6606 6823 6024 6192 6009 6316 6725 6578 6530 6706 7361 5998 6174 6465 6277 6378 6521 6571 6285 5904 6849 6578
6567 6577 6787 6340 6642 6587 6661 6766 6047 6582 6344 6301 6136 6639 6399 6510 6484 6373 6560 6581 5929 6802 6945 6403 6605 6650 5702 6235 6854 6327 6622 6774 6392 6654 6292 6259 6662 7160 6495 6235 6506 6848 6482 6156 6382 6248 6466 6773 6555 6847 6611 6588 5845 5856 5997 6446 6358 7409 5863 6985 6080 6567 6082 6081 6208 6333 5872 6661 6190 6441 6767 6317 6357 6019 6192 6493 6389 6933 6207 6892 6310 6321 6408 6611 6540 7214 6497 6366 5863 6157 6250 6027 5897 6465 6467 6558 7083 6252 6242 6388 6950 6282 6568 6626 6899 6126 6620 5956 6278 6508 6564 6683 6886 6516 6237 6433 6825 6320 6503 6012 6583 6603 6432 5755 6330 6984 6503 6754 6441 6734 6167 6370 6264 6504 6087 6337 6734 6716 6281 6316 5774 7103 6980 6588 6036 6260 6803 6377 6247 6657 6123 6688 6449 6636 6624 6778 6679 6490 6123 6766 6426 6257 6481 6367 6583 6398 6207 6482 6199 7126 7050 6406 6800 6789 6033 6590 6120 6614 6705 6513 6601 5845 6294 6219 5915 6182 6406 6365 6011 6300 6334 6143 6835 6521 6001 6561 6858 6733 6401 6220 6785 6974 6181 6145 6906 6383 5743 6433 7032 6256 5957 6632 6615 6302 6471 6107 6690 6168 6409 6504 6161 6537 6509 6386 6874 6536 6230 5942 6122 6551 6622 6194 6795 6880 6912 6652 6326 6081 6103 6206 6647 6765 6326 7211 7100 6028 6255 6193 6663 6265 6013 6898 5756 5881 6978 6312
6350 7092 6734 6384 6331 6498 7260 6909 6043 6575 6522 6883 6397 7045 6679 6533 6606 6596 6641 6824 6036 6782 7140 6589 6716 6526 5885 6321 6612 6373 6554 7193 6847 7236 6874 6582 7035 7107 7077 6564 6916 6709 6640 6352 6641 6341 6950 6878 6625 6890 6411 6675 6166 5708 6465 6698 6703 7164 5845 6601 6245 6857 6434 6233 5967 6379 6170 6889 6077 6116 6705 6639 6908 6315 6104 6776 6612 6936 6463 7044 6640 6496 6310 6568 6446 7071 6555 6261 6125 6433 6477 6452 6330 6464 6227 6525 6871 6525 6300 6617 7050 6553 6841 6448 7133 6154 6155 6058 6180 6341 6680 6565 7293 6838 6075 6349 6576 6423 6808 6341 6540 6474 6772 6071 6407 7132 6891 6439 6649 6744 6574 6580 6369 6604 5898 6263 6760 6328 6421 6366 5633 7074 7052 6623 6043 6165 6537 6486 6179 6748 6188 6914 6590 6323 6745 6574 6794 6980 6481 6663 6744 6084 6484 6458 6919 6389 6413 6729 6162 6845 6992 6347 7060 6836 5999 6720 6131 6640 6616 6682 6622 6360 6181 6270 6281 6328 6875 6381 6400 6581 6389 6527 6983 6736 5940 6642 6553 6457 6199 6736 6740 6952 5970 6415 6628 5972 6287 6431 7032 6697 6250 6413 6581 6304 6334 5866 6949 6123 6781 6756 6322 6418 6659 6382 6928 6594 6282 6127 6363 6489 6848 6112 7109 6792 6723 7120 6291 5841 6293 6231 6688 6706 6514 6948 7286 6204 6520 6522 6465 6365 6262 6792 6137 5936 6945 6444
6268 6132 6500 6265 5934 6555 6546 6592 5882 6264 6307 6232 5963 6332 6294 6196 6508 6116 6050 6253 5646 6165 6580 6104 6449 6334 5632 6216 6275 6069 6420 6457 6343 6528 6256 6177 6363 6586 6671 6156 6663 6303 6255 6064 6131 6029 6239 6398 6217 6406 6123 6441 5696 5311 5630 6037 6320 6516 5896 7020 6089 6628 5662 5735 6231 6667 5913 6087 5745 6093 6411 6199 6355 5542 5537 6460 6408 6418 5952 6410 5923 5676 6201 6221 6261 6675 5886 5961 5585 5994 5877 6296 5779 6351 6161 6224 6662 6240 6256 6018 6819 5919 6500 6504 6725 5901 6538 5574 5827 6306 6227 6260 6216 6392 5783 6035 6165 5877 6055 5937 6036 6073 6344 5597 6034 6778 6315 6589 6132 5892 6140 6037 5504 6300 5863 6160 6298 6002 6004 6309 5572 6801 6378 6105 5927 5900 6391 6265 5795 6366 6315 6091 5768 6140 6420 6070 6393 6586 6273 6152 6461 6173 6255 6330 6480 6139 5914 6297 5963 6671 6463 5858 6492 6390 5833 6179 5690 6335 5924 6159 5937 5572 6053 6187 5639 5813 6561 6021 5857 5982 6203 6396 6533 6541 5885 5857 6479 6087 5733 6043 6284 6390 5822 5667 6288 6107 5696 6062 6616 6361 6247 6102 6117 5892 5886 5620 6524 5718 6388 6213 6217 6284 6487 6453 6438 6424 6020 6099 6083 6027 6286 6020 6606 6483 6265 6302 6247 5360 5854 6051 6526 6482 6139 6521 6736 6002 6183 6071 6162 5984 5821 6264 5882 5905 6573 6391
6555 6665 6640 6399 6185 6248 6566 6680 5690 6326 6412 6332 5805 6766 6446 6271 6477 6468 6362 6382 6086 6216 7118 6117 6574 6485 5456 6393 6330 5863 6343 6693 6774 6721 6173 6214 6628 6974 6636 6696 6874 6651 6409 5982 6247 6105 6522 6740 6628 6650 6375 6482 5671 5772 6274 6345 6445 6738 5532 6715 6117 6576 5768 6007 6239 6471 6133 6467 5920 6382 6319 6621 6284 5640 5998 6509 6498 6869 6301 6510 6097 5938 6393 6489 5829 6878 6650 6406 5759 6167 6392 6393 5896 6717 6332 6172 6599 6360 6152 6179 6862 6534 6577 6501 6869 6275 6258 5776 5903 6184 6798 6420 6941 6480 5874 6290 6446 6447 6345 6391 6152 6150 6365 5858 6030 7003 6512 6284 6175 6341 6274 6396 6106 6655 5930 5983 6357 6117 6158 6187 5650 6973 6848 6375 5870 6141 6565 6423 6283 6747 6249 6364 6269 6179 6480 6437 6491 6530 6379 5998 6446 6376 6261 6591 6704 6109 6143 6415 5912 6720 6756 6406 6406 6445 6244 6377 5646 6604 6564 6274 6163 5777 5976 6259 5667 6235 6626 6303 6251 6533 6481 6379 6775 6144 6136 5967 6577 6373 5818 6157 6430 6579 6177 5877 6318 5973 5863 6256 6967 6401 6262 6403 6419 6328 6371 5671 6957 5935 6765 6696 6380 6399 6317 6653 6511 6500 6185 6165 6141 6265 6468 6050 6815 6638 6688 6669 5987 5699 5765 6513 6306 6455 6483 6783 6885 6101 6241 6098 6516 6362 6037 6531 5724 5824 6705 6287
6448 6409 6718 6058 6687 6724 6598 6725 5779 6300 6311 6511 6217 6661 6004 6551 6582 6433 6566 6419 5995 6542 7077 5957 6559 6390 5776 6177 6552 6102 6440 6441 6476 6629 6196 6538 6481 7039 6454 6364 6474 6426 6162 6077 6417 6173 6302 6727 6334 6581 6635 6398 5832 5710 6146 6161 6202 7032 5753 6907 6391 6304 6090 5765 6221 6474 5815 6459 5751 6235 6733 5771 6451 6095 5836 6179 6781 7029 6083 6640 6163 6089 6365 6285 6292 7115 6339 6116 5844 6101 6370 6366 6207 6431 6255 6545 6557 6275 6260 6411 7248 6462 6399 6252 7043 6296 6279 5941 6157 5948 6595 6259 6693 6455 6170 6376 6354 6234 6418 6114 6372 6427 6577 6234 6022 6927 6302 6570 6448 6118 6250 6188 6097 6582 6288 6553 7008 6318 5760 6464 5592 7206 6752 6356 5887 5766 6390 6423 6240 6374 6010 6405 6144 6612 6201 6746 6597 6363 6048 6456 6493 6322 6494 6143 6717 6228 6004 6226 6239 6907 6903 6108 6604 6190 6050 6558 6059 7008 6709 6311 6543 6119 6085 6121 5784 5864 6487 5951 6156 6040 6449 6573 6728 6459 6044 6250 6534 6462 6308 6564 6688 6662 6084 6095 6101 6143 5771 6320 6975 6195 6619 6420 6543 6325 6227 5946 6634 5743 6563 6485 5994 6437 6531 6450 6548 6504 6021 5719 6146 6477 6600 6063 6798 6365 6584 6648 6096 5707 6320 6324 6643 6349 6640 6757 7222 5927 6585 6185 6177 5903 6034 6457 5824 5994 6705 6609
6429 6486 6441 5922 6275 6444 6416 6691 6010 6386 6188 6143 6072 6421 6369 6107 6212 6382 6393 6702 5845 6510 6735 5942 6359 6340 5549 6326 6391 5984 6268 6630 6574 6540 6147 6384 6085 6347 6862 6257 6403 6497 6410 5954 6287 6153 6584 6427 6625 6419 6274 6444 5890 5554 5987 5964 6441 6261 5674 6495 6502 6350 5760 6065 5817 6282 5889 6540 5857 5793 6344 6341 6556 6066 6006 6390 6378 6500 6267 6563 6167 6041 6183 5842 6336 6506 6370 6222 5931 5955 6364 6456 6075 6301 5887 5926 6739 6054 5905 6135 6690 6503 6310 6305 6832 6102 6098 5684 6170 6223 6336 6078 6881 6272 6074 6083 6398 6270 6461 5838 6155 6061 6170 5921 6077 6454 6696 6484 6242 6637 5965 6552 5980 6457 5968 6359 6365 6165 6274 6506 5503 6677 6705 6728 5968 5985 6202 6124 6110 6202 5950 6990 5974 6171 6470 6179 6308 6165 5942 6435 6575 6205 6108 6135 6456 6358 5977 6206 5998 6252 6546 6323 6521 6491 5940 6621 5664 6564 6569 6443 6073 6072 6121 5969 5969 6144 6563 6085 5955 5944 6300 6414 6501 6274 5821 5913 6465 6161 5960 6103 7014 6770 6196 6381 6282 5685 5880 6220 6547 6334 6237 6535 6568 6320 6080 5809 7024 6119 6557 6253 6304 6400 6324 5961 6663 6307 5786 6132 6165 6320 6485 6547 6648 6445 6384 6462 6015 5625 6012 6020 6372 6199 6661 6846 7076 5945 5985 5941 6244 6138 6211 6527 5937 5656 6403 6171
6237 6658 6668 6301 6338 6874 6792 6656 6412 6381 6428 6548 6325 6756 6794 6435 6571 6382 6895 6646 5804 6738 6891 6056 7030 6724 5885 6258 6883 6218 6889 6921 6712 6735 6497 6700 6818 7207 7060 6488 6746 6923 6451 6284 6616 6519 6670 6979 7026 6706 6640 6856 6193 5751 6154 6440 6668 6886 6210 7109 6368 6912 6206 6254 6322 6678 6263 6588 6066 5910 6994 6669 6788 6261 6453 6847 6739 6800 6460 6883 6444 6345 6566 7044 6478 7050 6526 6353 5806 6328 6512 6786 6433 6786 6686 6608 6952 6530 6494 6510 7099 6494 6464 6762 6989 6281 6492 6116 6501 6538 6576 6388 7260 6509 6447 6627 6450 6429 6780 6663 6866 6806 6895 6140 6106 7013 6591 6686 6290 6752 6512 6701 6334 6634 6120 6549 6733 6511 6379 6397 6190 6919 7400 6621 6036 6304 6599 6456 6207 6628 6600 6448 6480 6741 7009 6701 6528 6630 6446 6697 6895 6582 6423 6371 6590 6386 6414 6803 6466 6925 7027 6401 6761 6507 6231 6772 5998 6756 6731 6913 6834 6196 6294 6537 6254 6398 6935 6400 6653 6252 6754 6452 7203 6726 5960 6620 6619 6480 6075 6539 6679 6927 6452 6342 6716 6240 6156 6705 6779 6912 6469 6767 6916 6406 6685 6206 6936 6380 6940 6464 6475 6872 6580 6550 6691 6604 6287 5863 6527 6818 6827 6300 7160 6993 6762 6723 6427 5727 6510 6192 7125 6538 6434 6862 7254 6207 6565 6684 6523 6525 6287 6810 6442 5762 6840 6962
6861 7160 6835 6588 6542 6919 7239 7124 6551 6699 6644 6833 6244 7080 6997 6433 6915 6747 6621 6837 6471 6966 7529 6658 7359 6773 6036 6929 6834 6350 7081 7264 7143 7140 6758 6597 6723 7270 7399 6625 6943 6944 6629 6198 6659 6788 6942 6943 6784 6972 6537 6824 6039 6069 6566 6499 6751 7041 6434 7235 6519 6769 6550 6611 6650 6837 6391 7005 6079 6719 6709 6798 6802 6186 6522 7114 6674 7021 6596 7172 6613 6789 6972 6634 6776 7200 6457 6508 6055 6180 6585 6850 6437 7165 6482 6727 6630 6439 6201 6583 7483 6897 6827 6739 7360 6568 6670 6400 6783 6553 6583 6970 7346 7032 5765 6721 6936 6966 6809 6632 7042 6714 6840 6636 6318 7420 6614 7021 6629 6542 6318 6838 6598 6916 6413 7016 6839 6564 6731 6691 6165 7098 7426 7139 6283 6709 6811 6607 6462 7004 6263 6719 6613 6478 6921 6919 6775 6724 6329 6920 6906 6426 6906 6441 6907 6402 6582 6911 6332 6996 7224 6430 6442 6852 6197 6647 6129 7007 6731 6691 7094 6264 6370 6543 6138 6463 7475 6872 6657 6508 6584 6433 6943 6640 6537 6616 6918 6833 6434 6476 6757 6899 6415 6360 7073 6201 6417 7037 7069 6709 6426 6931 6553 6521 6868 6423 6981 6513 7221 6874 7027 6698 6729 6705 7186 6677 6791 6373 6667 6853 7071 6199 7415 6901 6943 6809 6493 6238 6291 6382 7195 6730 6956 7229 7549 6294 6612 6575 6739 6429 6284 6963 6137 6336 7298 6927
6352 6562 6392 6269 6491 6380 6895 6308 5883 6466 6461 6306 5936 6586 6349 6401 6703 6124 6618 6605 6077 6446 6877 6190 6518 6359 5701 6015 6482 5903 6658 6633 6231 6572 6275 6425 6442 7017 6713 6378 6634 6958 6428 6221 6499 6330 6184 6323 6315 6643 6352 6662 5814 5753 6195 6470 6622 6961 5999 6659 6145 6540 6040 5860 6130 6304 6087 6506 5746 6138 6338 6309 6491 6175 5593 6475 6110 6714 6040 6643 6183 6546 6283 6452 6439 6721 5787 6149 5977 5967 6097 6176 6070 6248 6222 6581 6518 6189 6231 6126 6726 6448 6327 6513 6504 6265 6248 5638 6153 6120 6168 6355 6774 6306 5937 6330 6317 5992 6565 6389 6478 6177 6618 6010 6068 6606 6507 6414 6280 6215 6321 6323 6267 6656 5996 6194 6498 6219 6340 6237 5562 6865 6619 6190 5795 6167 6318 6190 6028 6609 6183 6500 6101 6113 6636 6264 6618 6294 6129 6124 6437 6011 6310 6683 6341 6270 6148 6398 6225 6759 6965 6613 6503 6569 6094 6486 5722 6510 6421 6342 6304 6106 6140 5971 6073 5851 6595 6128 6223 6296 6123 6449 6657 6408 6349 6153 6528 6148 5980 6334 6616 6682 6241 5907 6666 6032 6112 6436 6661 6427 6100 6543 6527 6316 6329 6012 6654 5886 6614 6400 6375 6511 6686 6193 6576 6384 6320 6060 6270 6483 6439 5788 7052 6891 6261 6684 5876 5863 6123 6044 6746 6462 6301 6610 7217 5934 6206 6313 6479 6100 6044 6369 5815 5774 6627 6573
6959 7280 6830 6684 6449 6957 7433 7038 6117 6802 6677 6794 6650 7006 7212 6645 6808 6783 6949 7294 6316 7293 7478 6561 7416 7042 6102 6803 6955 6544 7286 7195 7002 7459 6978 6709 7075 7257 7504 6936 7326 6952 6935 6577 7073 6459 7149 7274 7084 6950 6980 6594 6643 6254 6678 6780 7028 6919 6402 7293 6842 6980 6298 6337 6606 7116 6471 6939 6211 6429 6792 7129 6960 6461 6650 7213 6908 7178 7003 7112 6382 6804 7029 6953 6900 7318 6601 6929 5971 6121 6748 7007 6549 6988 6549 6698 7270 6892 6435 6645 7330 7055 6845 7289 7326 6672 6609 6196 6875 6681 7199 7056 7479 7045 6389 6224 6937 6673 7200 6730 6942 6702 6961 6421 7007 7410 6949 7315 6653 6926 6502 6728 6626 6815 6533 6642 6971 6640 6842 6530 6041 7310 7432 7187 6306 6634 6918 6787 6952 7313 6238 7135 6822 6651 6995 7129 6731 7214 6650 6823 6979 6467 6639 6855 6994 6735 6796 6789 6696 6895 7229 6681 7093 7019 6592 6885 6212 7245 6904 6838 6900 6517 6535 6665 6538 6557 7232 6696 6896 6463 6855 6732 7354 7039 6521 6532 7186 6869 6569 6598 7331 7208 6490 6937 7249 6342 6292 6863 7284 6772 6902 7177 7218 6841 6455 6431 7318 6789 7455 7122 7028 7178 6977 6767 7205 6976 6733 6612 6960 7226 7020 6678 7497 6827 6829 7138 6447 6210 6634 7098 6639 6840 6711 6963 7916 6570 6614 6969 6905 6333 6556 7235 6229 5890 7081 6922
6170 6064 6349 5672 6019 6285 6396 6796 5701 6176 6024 6273 5933 6473 6001 6023 6409 5920 6237 6290 5778 6341 6639 5845 6364 5929 5576 5974 6328 6080 6442 6292 6236 6100 6153 6020 6272 6395 6616 5964 6577 6106 5970 6010 6227 5871 6497 6706 6317 6260 6055 6072 5793 5220 5975 5889 6220 6519 5612 6656 5809 6229 5754 5754 5854 6517 5966 6331 5486 5890 6072 6066 6224 5942 5614 6445 6268 6238 5963 6309 5567 6067 6338 6246 5974 6786 6119 6066 5584 6010 5747 6038 5807 6192 5977 6084 6272 5917 5723 5790 6619 5998 6028 6063 6987 5973 6210 5655 6167 6067 6406 5990 6436 6285 5853 5518 5841 6381 6180 6101 5805 5898 6206 5713 5971 6385 6284 6057 5926 6105 5939 5951 5799 5913 5769 6037 6485 6004 6068 6018 5319 6423 6693 6192 5771 5769 6296 6220 5738 6303 5873 6398 5871 5911 6455 6116 6548 6173 6247 6056 5994 6092 6237 6161 6330 5928 5906 6167 5844 6215 6368 6035 6346 6264 5755 6243 5561 5891 6180 6234 6161 5923 5871 5927 5765 5832 6333 5935 5859 5680 6229 6226 6439 6287 5819 5862 6560 6045 5832 6277 6370 6383 5872 5757 6203 5866 5574 5941 6738 6163 6014 6293 6415 5932 6040 5367 6367 5832 6327 6031 6166 5966 6096 6003 6678 6167 5542 5916 5943 5901 6512 5866 6755 6115 6387 6464 6036 5515 5823 5784 6129 6520 6123 6315 6802 5889 6242 6282 6016 5838 5856 6487 5594 5799 6735 5968
6001 6314 6493 5811 6146 6503 6376 6533 5997 6238 6090 6201 5648 6697 6375 6214 6275 6368 6255 6269 5696 6109 6701 5807 6433 6125 5490 6247 6133 6182 6318 6432 6224 6317 6065 6353 6286 6782 6703 6000 6342 6217 6246 5812 6138 5808 6033 6271 6453 6268 5982 6165 5892 5411 5734 6144 6277 6543 5771 6654 5927 6481 5495 5709 6011 6031 6068 6239 5605 6161 6325 5945 6122 5767 5541 6198 5964 6182 5959 6303 5859 6086 6180 6275 6160 6508 5887 5862 5863 5676 6059 6444 5705 6163 5868 6168 6268 5916 5983 5795 6404 6025 6240 6171 6316 5650 6199 5658 5870 6056 6035 6380 6523 6272 5847 6027 5879 6198 6259 5841 5975 6063 6268 5706 6057 6447 6432 6385 5984 5647 6133 6019 5747 6342 5684 6334 6146 5761 5829 5686 5747 6354 6658 6422 5444 5944 6199 5918 5640 6171 6151 6061 5972 6132 6269 6154 6345 6479 5777 6140 6368 6029 5904 6076 6259 6190 5844 5975 6115 6631 6256 6416 6391 6358 5763 6567 5788 6161 6287 5942 6341 5964 5881 6014 5833 5904 6388 6107 5814 6054 6109 6116 6452 6136 5930 6215 6434 6045 6122 6100 6237 6322 5989 5727 6318 5626 5690 6102 6301 6319 6021 6202 6240 6173 5614 5291 6285 6192 6285 6316 6413 6180 6271 6136 5981 6046 5769 5816 6090 6062 6615 5842 6923 6351 6312 6452 5979 5231 5718 5878 6545 6307 5852 6531 6807 5927 6245 6182 6162 6252 5769 6267 5681 5683 6378 6543
6420 6451 6517 6001 6378 6513 6557 6409 6025 6503 6153 6364 5906 6678 6613 6141 6559 6216 6618 6465 5919 6503 6647 6141 6483 6216 5686 5929 6389 5992 6459 6715 6335 6703 6309 6288 6100 6748 7149 6444 6522 6515 6058 5725 6273 6201 6537 6361 6439 6190 6519 6304 5765 5588 5981 6313 6401 6427 5803 6723 5934 6507 5789 5743 6029 6168 6227 6255 5829 5834 6489 6196 6522 6302 5775 6397 6495 6383 6156 6455 6085 6289 6473 6383 6526 6921 6167 6157 6074 6084 6516 6332 5734 6389 5900 5966 6343 6222 5510 5962 6675 6399 6163 6369 6559 6207 6447 6091 5992 6100 6388 6283 6893 6217 5934 5654 6218 6130 6316 6332 6317 6258 6435 5820 6315 6501 6543 6275 6269 6353 6023 6298 5840 6261 5983 6089 6235 6070 6194 6091 5697 6878 6691 6389 5694 5974 6123 6277 5932 6586 6114 6377 5944 6237 6461 6222 6201 6715 6306 6133 6629 5982 5947 6121 6526 6249 6201 6138 5797 6755 6356 6442 6189 6484 5794 6403 5941 6558 6114 6638 6434 5953 5828 6236 5813 5792 6547 6063 6366 6052 6441 5940 6510 6138 5946 6160 6618 6060 6215 6474 6620 6796 6201 6040 6575 5806 6118 6063 6638 6454 6076 6577 6313 6367 6079 5718 6715 5862 6420 6234 6267 6236 6500 6149 6489 6565 5919 6047 6201 6335 6395 5703 6583 6676 6642 6436 5761 5764 6090 5908 6592 6227 6297 6449 7213 6015 6112 6446 6165 5989 5560 6170 6239 5617 6618 6563
6713 6662 6302 5815 6299 6452 6846 6645 5835 6406 6355 6309 6261 6932 6539 6334 6404 6018 6832 6570 6219 6364 6512 6276 6653 6346 5641 6152 6550 6441 6631 6842 6566 6553 6405 6253 6259 6764 6830 6322 6630 6348 6080 6186 6470 6420 6444 6476 6559 6141 6257 6305 5962 5693 6134 6065 6696 6908 5947 6625 6389 6572 6132 6020 5987 6323 6175 6481 5597 5980 6345 6078 6269 6121 5907 6405 6626 6521 6260 6693 5845 6060 6462 6558 6530 6937 6217 6301 5485 5940 6279 6138 6372 6148 5797 6326 6520 6023 5767 5980 6869 6545 6487 6243 6797 6022 6382 5680 6074 5968 6261 6379 6922 6434 5925 6190 6359 5936 6399 6284 6446 6471 6388 5911 5859 6718 6626 6885 6320 6058 6056 6197 6154 6546 5895 6386 6423 6293 6315 6240 5562 6670 6605 6686 6010 5929 6298 6058 5841 6377 6194 6099 6142 6474 6483 6707 6350 6757 6193 6576 6520 6104 6058 6306 6822 6466 5869 6163 6172 6845 6685 6300 6779 6779 6075 6405 5921 6465 5994 6304 6499 6130 5979 5980 6158 5788 6560 6161 6116 6323 6568 6264 6552 6404 6118 6267 6694 6544 6135 5959 6558 6844 5904 5991 6679 6038 5964 6078 6652 6352 5957 6498 6507 6185 6149 5917 6739 6260 6705 6469 6554 6341 6460 6445 6435 6521 6192 5829 6379 6553 6653 6074 6753 6631 6198 6621 6410 5713 5993 6085 6735 6127 6092 6578 7001 5932 6358 6407 6787 5962 6274 6750 5845 5931 6815 6633
6790 6580 6806 6218 6196 6402 6949 6549 5799 6422 6657 6699 5855 7119 6434 6198 6890 6255 6427 6582 6067 6472 6967 6173 6749 6261 5764 6130 6472 5851 6856 6374 6227 6488 6259 6126 6838 6952 6800 6343 6771 6337 6143 6323 6872 6282 6648 6813 6579 6136 6051 6632 5867 5496 5987 5764 6828 6793 5714 6942 6354 6599 6000 6257 5903 6556 5967 6519 6111 5854 6509 6636 6388 5881 6228 6777 6625 6635 6531 6701 6122 6579 6226 5995 6403 6899 6230 6411 5862 6539 6216 6260 6196 6412 6381 6436 6465 6324 6305 6470 7183 6392 6167 6462 6876 6233 6294 5864 6006 6402 6151 6494 6633 6882 6277 6365 6438 6395 6404 6140 6589 6423 6993 6018 5985 6999 6497 6599 6368 6156 6383 6242 5976 6737 6156 6065 6585 6265 6093 6318 5579 6895 6633 6349 6011 6227 6641 6229 5727 6300 6168 6350 6033 6300 6448 6628 6358 6439 6031 6175 6658 6233 6188 6378 6852 6069 6278 6579 6233 6575 6854 6757 6314 6215 6040 6293 5919 6454 6336 6340 6729 6039 6447 5937 5957 5914 6482 6232 6230 6350 6489 6289 6569 6321 5958 6210 6446 6431 5745 6045 6549 6811 5792 6001 6680 6011 5994 6609 6968 6176 6589 6362 6827 6123 6160 5835 6629 5723 6567 6488 6164 5999 6577 6345 7028 6488 6135 5962 6157 6400 6326 6286 7128 6765 6570 6881 5941 5729 6245 6334 6627 6529 6524 6640 7272 6562 6448 6340 6217 6134 6231 6681 6132 6160 6833 6646
6949 7088 6802 6400 6826 6859 6949 6822 6088 6816 6894 6724 6376 7003 6873 6902 7107 6789 6828 6695 6457 7024 7723 6756 6798 6771 5948 6674 7003 6701 6992 7239 6977 6806 6806 6650 6854 7392 7215 7160 6753 7046 6930 6750 6655 6620 7195 7211 6678 6878 6950 7116 6303 6022 6466 6734 6839 7176 6216 7154 6500 6907 6393 6426 6463 6665 6590 6539 6149 6630 6877 6603 6734 6221 6139 6823 7024 7073 6593 6983 6662 6548 6688 6847 7219 7182 6677 6555 6490 6524 6616 7086 6591 6949 6699 6704 6938 6788 6598 6769 7462 6875 7011 6961 6948 6610 6936 6407 6613 6528 6865 6856 7366 6770 6609 6697 6651 6431 6840 6593 6768 6743 6831 6509 6394 7072 6929 7154 6690 6739 6744 6610 6547 6903 6580 6558 7074 6648 6145 6777 5921 7625 7280 7010 6555 6525 6758 6912 6458 6832 6929 6837 6593 6786 6907 6389 7066 7127 6595 6695 7110 6399 6520 6992 7029 6726 6669 6909 6630 7192 7020 6663 7211 6820 6635 6974 6304 7073 6594 6635 6820 6467 6820 6583 6492 6499 7054 6729 6756 7099 6892 6660 7035 6604 6351 6698 6941 6658 6545 6495 7057 7169 6797 6720 7026 6505 6389 6751 7312 6761 6830 6861 6748 6778 6874 6138 7191 6478 7102 6853 6759 6754 7118 6510 6917 6862 6525 6452 6588 6648 7153 6776 7239 7293 6720 6962 6487 5925 6207 6662 7229 6722 6481 7033 7316 6691 6660 6789 6603 6817 6432 6708 6404 6316 7219 7059
6459 6751 6504 6130 6597 6450 6923 6618 6172 6525 6274 6480 6159 6598 6478 6500 6520 6228 6484 6659 6143 6673 7054 6290 6566 6381 5873 6440 6690 6166 7106 6972 6528 6810 6463 6524 6727 6988 7053 6445 6386 6324 6347 5961 6666 6361 6589 6660 6288 6694 6585 6557 5895 5739 6293 6165 6555 6975 5918 7017 6353 6701 5931 6204 6399 6363 6112 6557 6174 6161 6730 6327 6522 6309 6162 6788 6598 6670 6308 6694 6127 6414 6450 6163 6637 7116 6370 6119 6021 6059 6113 6449 6344 6342 5831 6301 6765 6217 6164 6173 6860 6398 6563 6340 6782 6030 6417 6037 6068 6102 6310 6410 6997 6436 6217 6150 6452 6548 6388 6439 6381 6074 6658 6118 6057 6768 6695 6491 6574 6259 6159 6369 6042 6328 6339 6661 6701 5952 6304 6524 5892 7035 7038 6486 6077 6390 6052 6837 6238 6564 6032 6752 6322 6261 6604 6389 6810 6502 6436 6621 6594 6131 6467 6448 6776 6537 6075 6557 6292 6969 6923 6495 6465 6475 5972 6378 6029 6962 6360 6435 6334 6337 6307 6286 6037 6147 6582 6253 6321 6201 6202 6298 6475 6446 6140 6317 6488 6373 6354 6453 6632 7090 6053 6234 6641 6107 6167 6549 6914 6326 6273 6579 6216 6173 6395 6003 7026 6094 6731 6350 6539 6389 6493 6012 6748 6489 6124 6089 6182 6401 6732 6180 6770 6519 6392 6520 6299 5791 6146 6170 6907 6382 6662 6812 7182 5863 6303 6485 6087 6147 6120 6773 5788 5676 6773 6457
6693 6487 6658 6451 6454 6442 6789 6625 5569 6276 6611 6268 6082 6544 6315 6436 6437 6163 6561 6529 6282 6692 6935 6056 6656 6487 6113 6564 6490 6520 6781 6764 6434 6831 6176 6551 6477 7243 6841 6280 6666 6836 6406 6276 6735 6375 6688 6765 6747 6432 6429 6744 6006 5846 6168 6581 6730 6822 6122 6888 6383 6595 6014 6058 6187 6409 6128 6433 5948 6359 6590 6514 6839 6371 6094 6796 6596 6978 6339 6588 6084 6328 6348 6595 6504 7029 6213 6421 5942 6488 6383 6454 6185 6492 6227 6326 6870 6225 6178 6154 6713 6495 6412 6293 6907 6106 6591 6226 6074 6261 6519 6559 6925 6230 5980 6018 6476 6327 6381 6006 6277 6613 6792 5842 6426 6946 6587 6708 6278 6478 6441 6219 6216 6759 5934 6346 6611 6412 6239 6501 5852 7168 6791 6906 5967 6566 6658 6366 6085 6648 6114 6544 6010 6353 6380 6570 6312 6838 6210 6380 6765 6234 6321 6316 6566 6677 6187 6318 6103 6721 6939 6599 6865 6647 6349 6675 6166 6887 6319 6638 6659 6309 6337 6605 5802 6283 6773 6184 5986 6416 6492 6299 6734 6333 6279 6091 6577 6732 6492 6138 6754 6747 6439 6238 6566 6401 5643 6219 6846 6291 6302 6567 6742 6290 6177 5777 7040 5989 6907 6432 6417 6735 6581 6464 6894 6534 6070 5894 6403 6853 6935 6057 6790 6885 6483 6669 6062 5746 6158 6416 6657 6633 6353 6606 7458 6203 6252 6056 6689 6253 6290 6752 6070 5924 6790 6817
6698 6797 6928 6431 6802 7159 7071 6754 6446 6635 6584 6532 6609 6839 6654 7083 6671 6769 6889 6877 6002 6991 7183 6398 7037 7072 6153 6792 7050 6528 7060 7208 7016 7338 6628 6689 6839 7302 7378 6865 6826 7064 6732 6543 6523 6705 7035 7063 6880 7452 6861 6888 5939 5984 6476 6686 6716 7046 6242 6831 6537 6843 6485 6310 6749 6372 6270 6975 6342 6579 6898 6828 6889 6472 6179 6614 6820 7106 6661 7116 6368 6421 6908 6762 6687 7357 6339 6756 6233 6471 6463 7070 6599 6808 6381 6822 7091 6898 6649 6396 7114 6805 7033 7285 7176 6565 6656 6384 6866 6581 6959 6823 7268 6803 6609 6368 6746 6483 6948 6431 6845 6752 6902 6415 6436 7046 6999 7269 6685 6889 6510 6636 6386 6993 6475 6519 7072 6393 6440 6733 6037 7151 7209 7126 6290 6700 6800 6645 6631 7111 6314 6536 6417 6842 6839 7017 7057 6991 6690 6746 6858 6473 6449 6743 6900 6635 6875 6875 6584 7226 7073 6843 6851 7008 6432 7056 6194 6768 6882 6846 6714 6779 6182 6613 6333 6371 7191 6336 6628 6551 6824 6612 7298 6966 6721 6868 7155 6522 6680 6875 7027 7070 6173 6746 6922 6260 6269 6619 7412 6865 6986 6737 6598 6782 6521 6378 6883 6474 6622 6722 6585 7044 7115 6651 6938 6706 6640 6407 6592 6792 7189 6369 7219 6894 6957 7030 6204 6168 6519 6928 7082 6672 6735 7019 7323 6557 6636 6880 6785 6529 6516 6874 6027 6111 7387 6950
6504 6525 6628 6181 6445 6379 6394 6537 6069 6128 6280 6426 5991 6657 6464 5945 6451 6302 6231 6587 5932 6357 6887 6171 6393 6580 5061 6341 6815 6124 6596 6759 6496 6841 6342 6245 6358 6688 6867 6349 6444 6268 6166 5801 6521 6250 6542 6552 6480 6258 6501 6398 5686 5748 6145 6040 6572 6658 5825 6552 6121 6603 5666 5938 6106 6395 6015 6595 5887 6260 6460 6063 6191 5850 5940 6292 6575 6713 6199 6750 5766 6220 6464 6016 6079 7063 6165 6295 5572 6184 5939 6303 5918 6126 6042 6553 6775 5958 6381 5752 6994 5992 6286 6225 6882 5887 6413 5972 5998 6152 6405 6362 6535 6239 5946 5936 6611 6344 6241 6090 6267 6185 6147 5802 5785 6804 6284 6558 6266 6492 5981 6189 5973 6489 5999 6230 6433 6334 6205 6330 5525 6793 6532 6528 5876 5967 6529 6022 5980 6564 6023 6389 5848 6211 6183 6375 6257 6569 5994 6096 6354 6213 6155 6247 6663 6277 6228 6211 5850 6942 6463 6309 6377 6597 5878 6549 5542 6297 6225 6112 6115 6064 6028 6126 5782 6171 6239 6359 6001 6250 6368 6448 6493 6292 6134 6084 6361 6174 6193 6238 6476 6745 5761 5963 6684 5886 5750 6145 6572 6480 6244 6532 6353 6206 5936 5568 6524 5937 6538 6402 6252 6629 6239 6300 6485 6462 6121 6093 6383 6338 6340 6204 7126 6588 6396 6465 6261 5553 5783 6061 6677 6431 6254 6368 7132 6124 5828 6213 6241 5908 6088 6679 5846 5767 6834 6579
6107 6370 6184 6206 6138 6477 6604 6833 5958 6112 6195 6137 5647 6450 6202 6279 6075 6041 6430 6457 6005 6298 6519 6036 6318 6046 5521 5952 6364 5765 6351 6708 6252 6235 6184 5990 6325 6994 6575 6257 6600 6460 6301 5925 6293 6088 6513 6475 6618 6195 6467 6296 5731 5626 6290 6109 6412 6631 5597 6622 6130 6463 5909 5906 5981 6093 6013 6377 5511 6044 6469 6096 6355 6094 5816 6408 6505 6593 6203 6681 5897 6096 6327 6352 6107 6587 6121 6077 5698 5782 6119 6212 5903 6470 6121 6493 6675 6166 6035 6024 6688 6246 6110 6096 6635 5623 6187 5542 5804 6029 6611 6335 6749 6532 6004 6180 6142 6105 6238 6325 6033 6060 6211 5836 6104 7005 6558 6132 6041 6241 5989 5952 6399 6690 5830 6298 6571 6419 6124 6031 5494 6602 6710 6392 6035 6004 6357 5969 6076 6379 6030 6500 6176 5993 6465 5971 6211 6481 5829 6035 6385 6148 5865 6004 6061 6182 6050 6284 6255 6399 6386 6259 6746 6461 6076 6438 5697 6608 6060 6026 6325 6140 6209 5605 5899 6180 6241 6282 6115 6338 6173 6246 6491 6350 6039 5895 6417 6341 5650 5864 6758 6578 5787 5931 6496 5743 5814 6250 6631 6250 6160 6370 6322 6314 5883 5617 6634 5846 6485 6601 6276 6618 6072 6164 6687 6033 5673 5975 6086 6144 6227 5909 6603 6399 6181 6420 6017 5733 5689 6015 6230 6272 6003 6503 6840 5785 6173 6303 6223 5959 6017 6469 5876 5628 6582 6224
6552 6553 6682 6040 6010 6587 6860 6414 6093 6376 6124 6486 5830 6633 6380 6337 6881 5970 6493 6524 6027 6378 6635 6275 6422 6325 6003 6140 6761 6151 6749 6757 6425 6393 6148 6464 6271 7161 6809 6297 6691 6410 6252 5803 6606 6293 6584 6796 6276 6494 6239 6484 5710 5698 5879 6153 6742 6661 5793 6865 6205 6311 6135 5826 6023 6200 5816 6440 5905 5832 6709 6276 6529 6037 5841 6695 6322 6605 6301 6804 5958 6385 6276 6724 6226 6867 6018 6240 5811 6200 5966 6325 6318 6142 6061 6311 6825 6136 5898 6111 6924 6340 6406 6379 6909 6083 6317 5887 6002 6231 6120 6190 6827 6421 6215 6221 6139 6200 6469 6211 6197 6371 6535 5983 5867 6716 6559 6527 6082 6451 6156 6055 5730 6541 5852 6251 6798 6317 6117 6289 5776 6744 6754 6415 5688 6355 6241 6305 5886 6528 6053 6337 6190 6188 6335 6410 6444 6446 6069 6033 6573 6128 6165 6239 6348 6195 6105 6483 6293 6543 6576 6253 6609 6732 6066 6290 5550 6256 6377 6301 6253 6047 6186 6421 5781 6085 6834 6154 6227 6216 6290 6298 6640 6299 6437 6016 6389 6159 6214 6413 6876 6740 5966 6128 6536 5811 5800 6240 6542 6520 5912 6347 6758 6251 6123 6023 6690 6015 6726 6263 6371 6191 6553 6579 6537 6475 6241 5917 6141 6568 6533 6025 7004 6685 6361 6490 6010 5870 5878 5960 6573 6299 6623 6416 7180 6230 6413 6304 6365 6188 6094 6525 5856 5676 6686 6548
6407 6508 6486 6241 6332 6456 6897 6479 5855 6139 6889 6183 5996 7046 6264 6515 6487 6178 6440 6876 5939 6644 6856 6010 6612 6859 5746 6260 6475 6009 6680 6734 6456 6713 6288 6468 6540 6984 6579 6384 6848 6293 6358 6001 6520 6099 6728 6977 6451 6595 6491 6586 5713 5837 6135 6330 6410 6831 5907 6645 6204 6592 5971 5990 6133 6437 5912 6589 5824 5991 6159 6609 6228 5875 6114 6795 6981 6612 6255 6754 6020 6005 6332 6159 6317 7028 6110 6464 5722 6385 6318 6619 6513 6458 6135 6468 6798 6396 6384 6026 6988 6431 6597 6760 6919 5923 6364 5901 6153 6549 6572 6352 6922 6414 6011 5986 6181 6259 6358 6059 6419 6664 6226 5818 6115 6773 6431 6899 6226 6407 6294 6367 5941 6595 6225 6071 6805 6326 5978 6487 5584 7082 6734 6569 6043 6259 6626 6586 6065 6621 6254 6527 6162 6041 6254 6081 6378 6703 6355 6212 6603 6439 6452 6573 6475 6288 6497 6537 5928 6827 6830 6614 6754 6312 6273 6692 6030 6620 6237 6437 6801 6127 6235 6364 6175 6021 6361 6340 6220 6484 6763 6548 6872 6544 6217 5986 6654 6382 6078 6398 6480 6942 5968 5984 6608 6178 5888 6288 6922 6408 6312 6469 6785 6491 6513 6079 6598 5906 6639 6237 6191 6600 6250 6229 7039 6339 6132 6117 6420 6217 6625 6322 7018 6750 6617 6672 5947 5591 6078 6890 6679 6594 6476 6670 7195 6162 6608 6334 6486 6292 6069 6769 6195 5924 6861 6689
5969 6133 6096 5832 5716 6113 6194 6161 5930 6090 5821 6120 5800 6078 6202 5874 6148 5970 6194 6441 5567 5934 6275 5490 6330 6063 5298 6111 6024 5888 6372 6086 6098 6395 5958 5964 6087 6389 6647 6650 6415 5987 6172 5716 5865 6012 6378 6224 6092 6252 6103 5970 5548 5522 5693 5945 6092 6691 5539 6291 5742 6074 5431 5448 5802 6078 5728 5928 5313 6193 6229 5920 6200 5752 5846 6090 6118 6193 5512 6328 5549 5851 6098 6205 6026 6426 5676 6017 5286 5686 5570 6069 5649 6339 6180 6281 6090 5902 5743 5906 6355 5924 5784 6205 6361 5672 5966 5284 5804 5997 6571 5928 6349 5941 5609 5850 6145 5928 6186 5986 6030 5876 5952 5676 5802 6296 6115 6019 5742 6165 5743 5947 5987 6219 5699 5718 6172 6203 5891 5550 5120 6370 6346 6017 5535 5840 6250 5693 5620 6040 5824 6026 5981 5907 6413 5716 6175 6060 5908 5947 5993 5993 5833 5982 5748 5856 5893 5875 5614 6212 6354 5969 6297 6369 5809 6281 5356 6088 6340 5945 5859 5572 5744 5888 5538 5809 6261 6023 5855 5758 5961 6065 6330 5982 5839 5764 6355 6290 5804 5685 6340 6551 5662 5754 6128 5584 5658 5885 6309 5892 5826 6400 5989 5839 5821 5924 6251 5786 6158 6173 5756 6047 5991 5936 6051 5697 5520 5628 6145 5801 6537 5632 6343 6329 6034 6274 5909 5456 5444 5858 6126 6296 5882 6351 6755 5591 5748 5910 6284 5884 5765 5888 5594 5619 6168 6055
6328 6813 6591 6334 6295 6501 6619 6452 5846 6676 6362 6364 6097 6542 6502 6300 6147 6167 6446 6352 6027 6402 6878 6110 6610 6479 5591 6130 6437 6128 6468 6540 6348 6862 6647 6008 6596 6955 6793 6414 6613 6543 6176 6137 6621 6200 6418 6549 6011 6222 6122 6564 5873 5527 6038 6188 6402 6696 5887 6832 6114 6474 5764 5995 5898 6575 5694 6504 5656 6143 6356 6515 6692 6141 6027 6438 6380 6840 6146 6530 5829 6354 6327 6602 6382 6685 6422 6065 5620 5887 6137 6485 5974 6359 6440 6427 6508 6027 6020 5833 6426 6022 6387 6277 6580 5912 6135 6003 6329 5944 6175 6473 6841 6557 5758 6133 6056 6044 6222 6268 6272 6484 6606 5898 6070 6773 6514 6462 6367 6310 6436 6101 6320 6528 6198 6100 6387 6506 6455 6219 5465 6990 6605 6283 5852 6010 6457 6365 6254 6501 6162 6717 5934 6138 6487 6443 6406 6439 6094 6161 6408 6219 6064 6133 6353 6148 6197 6177 6108 6439 6817 6432 6407 6638 6047 6292 5774 6662 6092 6154 6429 6346 5991 6212 5865 6038 6703 6255 6049 6248 6197 6159 6627 6317 6090 6090 6334 6280 6135 6173 6488 6381 6113 5833 6687 5922 5648 6319 6887 6530 6060 6400 6433 5994 6046 5669 6827 5730 6386 6508 6150 6602 6532 6541 6379 6466 6318 6336 6154 6238 6663 5980 6784 6745 6599 6712 5884 5658 6249 6286 6674 6375 6282 6772 7096 6043 6173 6281 6301 5823 5827 6247 6123 5897 6713 6382
6826 6681 7074 6575 6540 6914 7190 6619 6285 6790 6725 6857 6407 6765 6824 6682 7046 6732 6628 6892 6554 6870 7152 6304 6808 6887 6000 6652 7065 6578 6872 6932 7121 6775 6656 6790 6672 7325 7269 6859 6995 7071 6713 6573 6770 6397 7193 6988 6856 6637 6627 6731 6300 5948 6183 6208 6921 7008 6227 7267 6665 7136 5806 5840 6548 6898 6226 6621 6247 6122 6460 6618 6793 6300 6566 7091 6786 7119 6652 7446 6214 6806 6810 6629 6852 6929 6199 6487 6144 6410 6474 6808 6547 6593 6621 6564 7179 6661 6498 6369 7509 6525 6587 6698 7346 6142 6526 6238 6616 6600 6603 6898 7271 6824 6635 6373 6694 6503 6797 6688 6836 6615 6797 6340 6202 7179 6651 6733 6543 6686 6433 6161 6457 6552 6251 6481 6853 6648 6116 6758 5971 7244 7341 6663 6069 6219 6622 7005 6371 7052 6475 6754 6376 6659 7255 6931 6929 6802 6536 6437 6698 6208 6448 6694 6621 6627 6584 6564 6481 7022 7044 6883 7082 6930 6564 6725 6185 7100 6786 6859 6902 6160 6457 6630 6030 6329 6872 6697 6577 6571 6872 6757 7197 7013 6379 6803 6838 6532 6380 6905 6878 7186 6443 6426 6892 6562 6367 6456 7071 6703 6933 6826 7029 6562 6328 6172 7007 6334 7039 6487 6422 6977 6487 6616 6941 6602 6320 6469 6685 6624 7038 6521 7266 6574 6676 7043 6330 6237 6477 6439 6739 6720 6825 6765 7742 7007 6339 6775 6559 6404 6437 6737 6418 5787 7100 7091
6252 6368 6301 6200 6113 6437 6305 6289 5708 6340 6161 6449 5961 6403 6149 6238 6159 5873 6322 6515 5730 6276 6658 6087 6401 6193 5486 6141 6365 6024 6387 6239 6227 6457 6084 5927 6519 6632 6643 6201 6394 6271 6338 5875 5864 6116 6465 6401 6268 6462 6182 6359 5731 5642 6053 6020 6222 6508 5508 6280 5873 6094 5540 6020 5764 6078 5748 6602 5521 5942 6203 6289 6207 6075 5879 6301 6481 6469 6113 6538 5930 6116 6285 6040 6341 6428 5970 6145 5607 5634 6095 6158 5869 6299 5949 6240 6300 5887 6007 5833 6434 6272 6057 6235 6603 5743 6070 5813 6124 6191 6394 6072 6579 6367 5956 6081 6298 6104 6300 6001 5911 6191 6318 5915 5913 6455 6431 6468 6430 6193 6233 6232 6110 6160 6023 6152 6521 6174 5996 6084 5163 6938 6472 6512 5641 6102 6259 6063 6151 6383 6110 6535 5841 6243 6700 6225 6439 6262 6168 5854 6109 5904 5741 6135 6418 6168 6003 6067 5858 6115 6194 6267 6463 6517 5844 6716 5834 6744 6189 6086 6226 5955 5985 6126 5939 5976 6357 6103 6067 6059 6287 6095 6664 6020 5970 6039 6285 5902 5877 6352 6345 6728 5916 6014 6268 6029 5571 6005 6607 6265 6037 6220 6385 6053 5945 5836 6793 5717 6330 6169 5937 6205 6039 6317 6470 6105 5655 5747 6026 6233 6511 6022 6780 6291 6706 6313 5833 5474 6235 6139 6250 6389 6123 6501 7167 6285 6001 6081 6312 5864 5685 6197 5905 5574 6535 6321
6496 6471 6965 6168 6011 6398 6511 6333 5908 6559 6299 6545 5951 6557 6532 6111 6537 6084 6453 6437 5978 6463 6843 6124 6637 6653 5721 6188 6380 6287 6598 6917 6471 6397 6384 6383 6783 7049 6918 6208 6554 6428 6238 6059 6400 6266 6612 6923 6335 6491 6284 6493 6032 5785 6106 5846 6707 6721 6025 6808 5951 6521 5915 6042 6358 6352 6241 6354 5832 5958 6645 6251 6429 6085 6230 6593 6579 6604 6230 6838 5984 6087 6719 6543 6281 6945 6017 6295 5793 5950 6290 6301 6219 6348 6157 6390 6374 6519 6172 6309 7008 6338 6634 6757 7030 6125 6472 5874 6291 6402 6563 6317 6977 6412 6090 6071 6221 6084 6492 6171 6613 6272 6652 5905 6207 6648 6538 6430 6225 6604 6229 6098 6092 6294 5902 6457 6417 6136 6154 6440 5928 6698 6816 6585 6263 6195 6347 6618 5876 6623 6255 6445 6247 6406 6557 6384 6685 6381 6314 6642 6282 6113 6290 6398 6474 6383 6311 6537 5990 6435 6788 6413 6621 6242 5960 6505 5970 6621 6198 6443 6521 6169 6321 6309 6043 6096 6723 6510 6257 6055 6266 6344 6346 6348 6044 6093 6505 6396 6458 6295 6818 6728 6349 6056 6622 6255 6030 6385 6918 6613 6064 6470 6505 6090 6224 5699 6650 6225 6897 6144 6290 6320 6600 6378 6511 6454 6271 6275 6267 6340 6459 6110 6760 6714 6727 6454 6112 5516 6165 6337 6281 6405 6429 6545 7225 6007 6354 6427 6216 6008 6187 6623 6288 5789 6751 6480
6373 6227 6700 6408 6018 6508 6612 6500 5743 6386 6519 6273 6266 6534 6318 5869 6749 6331 6313 6879 6000 6434 6926 5877 6404 6387 5684 6206 6376 6144 6472 6368 6152 6506 5974 6345 6368 7051 6973 6710 6498 6227 6406 5873 6419 6076 6516 6570 6374 6519 6562 6452 5555 5912 6042 5831 6499 6887 5833 6844 6063 6404 5767 5893 5999 6186 6150 6273 5733 6270 6258 6286 6465 5891 5905 6747 6501 6488 6362 6439 6038 6251 6150 6275 6240 6567 5661 6397 5624 6236 6244 6519 5752 6183 6435 6225 6666 5923 6486 6034 6850 6127 6277 6368 6935 6014 6468 5657 5857 6169 6664 6369 6556 6369 6097 6162 6392 6290 6365 6532 6036 6284 6288 5944 5767 6871 6474 6388 6083 6282 5831 5915 5453 6243 5974 6464 6614 6429 5633 6108 5754 6706 6698 6301 5834 5814 6123 6305 5720 6507 5825 6292 5917 6229 6347 6296 6274 6401 6056 5838 6514 6421 6274 6354 6268 6273 6181 6371 5913 6446 6584 6117 6404 6216 6074 6118 5841 6649 6233 6411 6374 5991 6298 6397 5640 6058 6659 5891 6022 6101 6051 6265 6645 6508 6091 6005 6317 6056 6098 6184 6397 7020 6101 6127 6081 6006 5757 6169 6726 6396 6314 6404 6112 6325 6054 5676 6574 5924 6493 6045 6132 6301 6308 6398 6769 6312 6071 6295 6058 6286 6384 5967 6576 6523 6278 6386 5822 5716 5636 6261 6388 6402 6564 6340 6809 6124 6401 6178 6167 5849 6093 6388 6176 5651 6277 6565
7419 7150 7221 7039 6851 7299 7751 7334 6191 7183 7068 7185 6612 7433 7271 7040 7194 6923 7114 7386 6741 7406 7941 7349 7164 7023 6111 7019 7529 7024 7331 7179 7457 7435 6882 7056 7148 7698 7511 7249 7413 7548 7092 6730 7021 6745 7416 7239 7372 7080 7495 7212 6375 6211 6846 6821 7101 7509 6584 7653 6919 7728 6525 6580 6817 6996 6759 7543 6463 6990 7155 6809 7304 6760 6874 7322 7352 7468 6681 7613 6575 7260 7452 7047 7252 7489 6838 6993 6623 6657 7061 6952 6710 7487 7084 7285 7356 6832 6909 6714 7965 7255 7125 7377 7523 6702 6938 6456 6609 7261 7312 7198 7623 7067 6956 6995 7128 6809 7388 7122 6925 7036 7272 6685 6892 7279 7210 7304 7133 7147 6494 6829 7019 6997 6615 7379 7332 6910 6948 6785 6370 7711 7266 7176 6593 6733 7276 7192 6614 7337 6964 7208 6935 7231 7248 7237 7180 7274 7002 7104 7022 7003 6935 7142 7007 6991 7052 7166 6943 7414 7256 7182 7226 7432 6719 7134 6585 7554 7133 7378 7185 6823 6794 7095 6592 6882 7354 6899 7232 7223 7157 6916 7341 7300 6800 6920 7133 7185 6873 6969 7782 7721 7034 7202 7267 6828 6619 6655 7469 6972 7341 7284 7400 6703 6545 6675 7552 6685 7391 6922 6948 7231 7489 6654 7454 7366 6937 6718 7096 7063 7330 6709 7681 7618 7531 7470 6580 6811 6669 6988 7680 7374 7042 7451 7787 6999 6755 7243 7124 6781 6504 6982 6716 6399 7439 7380
7139 7125 7187 6777 6844 7129 7460 7566 6673 7060 6796 7012 6502 7457 6991 7048 7099 6902 6889 7300 6620 7348 7744 7044 7171 6868 6534 6653 7316 6381 7368 7325 7167 7501 7017 6733 7061 7489 7521 6939 6960 7167 6855 6679 7090 6633 7147 7515 7408 6852 7297 7328 6656 6299 7014 6879 7038 7332 6421 7388 6572 7115 6538 6482 6820 6796 6839 7200 6541 6862 7171 7266 7181 6709 6619 7322 7142 7359 6786 7485 6659 7067 7029 7235 7088 7491 6780 6922 6417 6456 6841 6588 6658 6737 6610 6904 7215 6641 6660 6623 7451 7009 7078 7167 7698 6325 7102 6426 6736 6852 7177 6832 7764 7284 6602 6799 6924 6961 7037 6938 7054 6849 7178 6573 6509 7533 7146 7440 6615 6950 6729 6543 6877 7125 6621 6805 7288 6999 6713 7153 6364 7351 7673 7173 6378 6864 6929 6873 6373 6763 6853 7263 6786 6759 7193 7147 7121 7150 6843 6828 7100 6685 6924 7092 7076 6756 6663 7526 6813 7230 7512 7153 7323 7176 6388 7065 6584 7188 6948 7222 7104 6584 6862 6707 6626 6588 7270 6767 6670 6877 6885 6578 7440 6984 6602 6683 7282 7283 6777 7206 7441 7369 6648 6589 7282 6406 6696 6851 7293 7253 7035 7017 6919 6781 6965 6554 7387 6438 7270 7050 7179 7269 7032 6803 7416 7160 6742 6483 6863 7040 7251 6454 7719 7143 7356 7278 6787 6186 6791 6574 7323 7093 7098 7325 7871 6653 6877 6928 6885 6792 6640 7246 6480 6616 7427 7052
6657 6796 6509 6053 6449 6935 6905 6827 5867 6487 6196 6267 6530 6725 6402 6552 6681 6408 6439 6824 6169 6623 6999 6096 6660 6465 5706 6369 6456 6217 6696 6780 6884 6656 6458 6397 6553 6985 7060 6387 6617 6291 6293 6227 6703 5863 6761 6643 6364 6867 6595 6694 5880 5523 6289 6390 6650 6838 5935 6982 6503 6362 6038 6398 6072 6247 6064 6781 6032 6297 6478 6437 6767 6282 6087 6802 6525 6999 6340 6362 6244 6336 6305 6392 6805 7153 6243 6166 5585 6145 6334 6388 6222 6248 6003 6238 6733 6351 6461 6396 6932 6428 6413 6495 6922 5986 6307 5907 6274 6215 6189 6358 6897 6326 6053 6116 6218 6536 6388 6205 6320 6477 6545 6286 6099 6968 6587 6502 6304 6318 6130 5968 5760 6785 6380 6177 6661 6145 6253 6373 5736 7014 7009 6616 6353 6324 6242 6390 6088 6765 5949 6424 6108 6358 6453 6485 6502 6477 6183 6106 6714 6200 6244 6796 6576 6499 6437 6517 6291 6602 6597 6126 6800 6561 6072 6582 5876 6396 6571 6337 6553 5968 5928 6701 5794 6203 6882 6218 6138 6352 6142 6422 6884 6511 6142 6233 6820 6469 6216 6344 6561 7004 6082 6280 6587 6123 6171 6408 6903 6357 6486 6525 6621 6291 6298 6125 7040 5943 6678 6460 6504 6498 6521 6421 6920 6469 6304 5940 6211 6589 6573 6256 7151 6759 6532 6513 6185 5685 5887 6153 6621 6542 6608 6577 6789 6106 6494 6375 6553 6338 6308 6732 6002 6016 6442 6452
7178 7271 7247 6650 6701 7148 7542 7522 6477 6881 7111 6848 6709 7173 7048 6696 7065 6882 7031 6926 6601 7164 7502 6858 7250 7016 6282 7197 7142 6849 7119 7082 7144 7058 6775 6788 7239 7363 7445 7377 7582 7141 6869 6668 7029 6737 7507 7169 6913 7153 7189 6968 6530 6037 6677 6766 7019 7501 6057 7361 6776 6865 6412 6551 6339 6848 6535 7111 6487 6637 6960 6945 7290 6700 6392 7146 6939 7151 6855 7422 6563 6618 6775 6807 7255 7438 6750 6773 6346 6627 6824 7147 6670 7096 6947 6882 7304 6791 6758 6697 7673 7119 6937 6671 7459 6888 6677 6366 6460 6828 6940 7208 7424 6861 6780 6768 6948 6846 7018 6985 6670 7029 6800 6617 6707 7366 7278 6935 6959 6963 6571 6865 6403 6860 6623 6972 7166 6937 6471 6948 6207 7530 7527 7488 6275 6595 6946 6887 6546 7162 6642 6932 6741 6942 7047 7016 6931 6990 6872 7050 7499 6724 6633 6804 7129 6847 6844 7256 6631 7303 7087 6717 7227 7395 6789 7089 6455 7068 6937 7119 6930 6393 6727 6933 6455 6663 7047 6848 6638 6822 7008 6851 7657 7192 6559 6882 6683 6899 6615 7036 7095 7402 6512 6639 6877 6343 6603 6944 7555 6874 6972 7085 7112 6836 6875 6683 7406 6525 7071 6727 6670 6847 7131 6753 7418 7077 6731 6507 6741 7096 6977 6901 7866 7208 7401 7104 6714 6173 6376 6793 7432 6919 6984 7122 7823 6936 6765 6761 6947 6780 6637 7094 6385 6373 7181 7025
6426 6512 6537 6386 6319 6648 6839 6823 6105 6483 6539 6555 6302 6637 6432 6588 6706 6346 6518 6862 6290 6380 6928 6335 6876 6655 6156 6264 6359 5961 7155 6962 6430 6559 6495 6181 6695 7320 7129 6902 6715 6836 6475 6203 6706 6593 6879 6910 6698 6633 6831 6921 5896 5855 6143 6302 6557 7174 5985 6986 6818 6761 5932 6304 6271 6376 6542 6590 6137 6299 6689 6603 6778 6571 6209 6761 6494 6669 6489 6607 6414 6532 6626 6561 6687 7168 6055 6499 5802 6389 6607 6532 6456 6656 6169 6588 6697 6366 6455 6537 7213 6616 6501 6611 6843 6161 6509 6126 6213 6347 6970 6721 7374 6497 6423 6345 6355 6403 6456 6450 6612 6464 6632 6196 6354 6893 6602 6511 6365 6639 6363 6271 6414 6559 6236 6689 6761 6340 6152 6493 5909 7116 7183 6630 6176 6468 6654 6322 6380 6585 5869 6291 6194 6189 6754 6631 6750 6594 6378 6626 6708 6364 6419 6673 6570 6307 6490 6545 6794 6623 6899 6429 7145 6437 6434 6449 5608 6925 6443 6805 6278 6355 6274 6564 6019 6210 6965 6370 6408 6322 6486 6484 6688 6730 6411 6225 6760 6640 6081 6278 6723 7188 6091 6201 6727 6395 6017 6583 7139 6464 6583 6814 6660 6407 6567 5678 6857 6201 7092 6678 6672 6455 6506 6452 6723 6579 6402 6276 6773 6585 6753 6278 7179 6700 6442 6655 6384 5898 6059 6748 6984 6704 6554 7015 7166 6363 6292 6717 6695 6130 6463 6452 6059 5736 6951 6796
7005 7029 6679 6523 6347 6730 7009 6977 6264 6951 6724 6886 6627 6998 6775 6296 6937 6409 6578 6965 6191 6700 7175 6334 7073 7009 5941 6745 6913 6427 7023 6861 6853 6920 6606 6647 6809 7314 7303 6998 7268 6847 6742 6382 6845 6570 7066 7143 7086 6920 6613 6735 6129 5929 6580 6771 6886 7091 6017 7063 6642 6979 6129 6373 6328 6745 6375 6943 6012 6526 6789 6806 6744 6216 6371 7041 6914 6911 6638 7091 6300 6471 6530 6712 6841 7128 6564 6754 6195 6377 6538 6710 6623 6734 6575 6657 6958 6309 6513 6448 7320 6908 6748 6762 7113 6642 6560 6105 6337 6666 6561 6906 6957 6803 6204 6655 6671 6751 7002 6412 6552 6759 6970 6213 6238 6855 6884 6686 6602 6707 6565 6611 6275 6957 6125 6612 6861 6474 6246 6678 5910 7232 7095 6767 6396 6525 6797 6815 6150 6780 6627 6659 6246 6817 6761 6803 6536 6745 6567 6446 6749 6505 6344 6633 6852 6812 6556 6553 6431 7129 7017 6554 7139 6581 6404 6713 5968 7274 6777 6633 6499 6163 6519 6376 6126 6409 7047 6462 6562 6485 6450 6915 6984 6756 6478 6214 6733 6715 6229 6488 6848 7243 6301 6431 6651 6400 6176 6280 7138 6729 6604 7014 6853 6570 6183 6100 7238 6385 7124 6684 6466 6547 6567 6779 6688 6885 6606 6661 6517 6467 6985 6598 7294 7037 6703 7063 6309 5993 6528 6874 6850 6615 6547 6860 7437 6372 6593 6530 6764 6278 6636 6803 6283 5885 7060 6979
5979 6109 6304 5880 5860 6358 6305 6278 5240 6073 6160 6006 5744 6664 5907 6228 6297 5959 6003 6244 5854 6413 6627 5633 6131 6037 5172 5951 6116 5814 6287 6512 6129 6507 6101 6072 6218 6494 6466 5988 6102 6073 6039 5812 5732 5985 6543 6440 6045 6270 5831 6266 5702 5172 5826 6280 6123 6542 5595 6673 5745 6025 5665 5809 5709 6192 5569 6165 5226 5633 5849 6149 6148 5669 5757 6616 6279 6353 6020 6331 5803 6000 6148 5826 6466 6561 5770 5741 5528 6072 5739 6279 5920 6219 5794 6156 5979 5902 6004 5798 6532 5970 6140 5878 6644 5722 5823 5654 5908 5738 6116 5914 6625 6316 5661 5815 5796 6190 6208 5998 5844 6210 6682 5974 5817 6760 6002 6278 5814 6013 5972 5930 5939 6359 5648 6327 6048 5520 5853 6321 5192 6571 6564 5882 5877 6004 5812 6366 5944 5878 5914 6319 5971 5739 6408 6059 6219 6295 5881 5753 6313 6143 6031 6014 6058 5853 5679 6265 5952 6637 6479 5841 6447 6152 5265 5996 5466 6542 5889 6009 6295 5818 6245 5999 5729 5901 6205 5902 6055 5867 5936 6063 6013 5846 5466 6063 6078 6098 5642 5958 6177 6584 5856 5797 5954 5600 5877 5761 6387 6179 5890 6124 6507 5705 5832 5423 6415 5598 6116 5786 5835 6102 6092 5965 6535 6307 5634 5430 5798 6049 6239 5688 6296 6252 6112 6077 5731 5458 5856 5841 6366 5990 6085 6077 6632 5941 6172 5835 6011 5644 6124 6346 5580 5718 6452 6369
6605 6495 6626 6352 6081 6286 6941 6469 5738 6515 6232 6801 6187 6590 6592 6448 6582 6300 6466 6580 6152 6930 7135 6448 6474 6270 5643 6470 6322 6279 6597 6806 6752 6912 6327 6411 6526 7132 6697 6324 6804 6855 6436 6367 6354 6124 6932 6270 6523 6384 6411 6358 5933 5984 6424 6475 6423 6822 5919 6541 6165 6892 5994 6090 6001 6247 5997 6374 6071 6421 6354 6681 6449 6231 6120 7025 6485 7099 6448 6419 5890 6270 6134 6255 6480 6842 5910 6429 5770 5966 5969 6283 6191 6436 6102 6398 6782 6199 6455 5944 6799 6347 6484 6370 7065 5784 6314 5869 5981 6333 6444 6257 6959 6543 5851 6291 6378 6173 6682 6276 6552 6204 6642 6043 6208 7086 6402 6738 6310 6231 6295 6511 6251 6428 5710 6208 6394 6389 6349 6164 5811 6897 6850 6604 5826 6423 6457 6479 5800 6604 5997 6750 5991 6113 6516 6284 6535 6538 5884 6214 6372 6438 6291 6499 6620 6244 6131 6916 6250 6687 6803 6385 6860 6703 6307 6258 5732 6826 6616 6542 6427 5919 6415 6516 5956 6375 6590 6510 6400 6258 6131 6267 7064 6518 6087 6302 6154 6554 6097 6381 6735 6688 6220 6413 6567 6379 5866 6255 6790 6252 6173 6259 6584 5967 6131 6130 6761 5707 6487 6143 6310 6563 6636 6210 6779 6192 6105 6054 6106 6469 6644 5852 7121 6622 6869 6750 5703 5943 6111 6287 6630 6537 6496 6852 7246 6115 6109 6175 6207 6134 6187 6599 5823 5709 6685 6518
6608 6664 6684 6373 6371 6848 7146 6672 6237 6550 6427 6755 6128 6776 6268 6379 6654 6580 6538 6607 5987 6666 7110 6192 6816 6353 6050 6301 6314 6080 6609 7035 6543 6635 6452 6439 6908 7143 7153 6470 6972 6416 6505 6198 6341 6501 6920 6817 6724 6616 6644 6651 6039 6053 6032 6622 6380 6814 5770 6982 6392 6707 6134 6121 6344 6528 6209 6844 6127 6378 6325 6418 6752 6099 6094 6608 7034 6671 6365 7115 6068 6414 6623 6328 6877 7080 6399 6129 6320 5961 6479 6702 6228 6473 6384 6300 6925 6238 6361 6336 7118 6753 6742 6675 7055 6414 6442 6482 6367 6464 6464 6544 6945 6739 6335 6305 6283 6316 6725 6201 6331 6622 6610 6033 6155 6954 6517 6625 6448 6345 6338 6421 6214 6702 6114 6618 6822 6294 6126 6214 5952 7313 6867 6775 6050 6188 6460 6544 6079 6627 6470 6713 6255 6419 6474 6498 6756 6661 6452 6676 6687 6184 6282 6632 6531 6561 6056 6550 6241 6793 6500 6440 6295 6722 6149 6902 5933 7025 6223 6659 6651 6164 6157 6359 6357 6337 6839 6313 6250 6438 6794 6449 6812 6543 6467 6139 6814 6106 6557 6600 6914 6924 6175 6394 6663 6290 6105 6535 6713 6679 6716 6798 6623 6545 6383 6008 6907 6060 6859 6467 6585 6602 6565 6510 6575 6847 6076 6357 6531 6813 6808 6480 6950 6839 6617 6585 6420 5699 6019 6243 6652 6674 6729 6905 7489 6388 6610 6645 6373 6190 6159 6638 6081 6013 6933 6755
6642 6855 6445 6275 6246 6698 6789 6727 5997 6556 6739 6283 6132 6965 6276 6323 6393 6545 6578 6648 6138 6606 6906 6164 6875 6477 5769 6751 6511 6254 6758 7027 6584 6795 6638 6376 6595 6843 6832 6697 6685 6521 6701 6306 6482 6062 6681 6861 6777 6489 6703 6558 5886 5778 6310 6526 6519 7008 5739 6826 6354 6598 5959 6130 6120 6765 5776 6960 5734 6127 6684 6185 6665 5930 6610 6941 6471 6817 6312 6623 5836 6689 6249 6537 6368 6920 6416 6432 5751 6022 6349 6557 6144 6700 6507 6445 6611 6338 6165 6269 7015 6446 6609 6216 6602 5922 6121 5743 6456 6536 6538 6443 7074 6475 6227 6136 6582 6403 6364 6169 6277 6629 6879 5959 6490 6802 6425 6677 6620 6367 6102 6520 6456 6188 6194 6479 6659 6281 6133 6577 5641 7132 6938 6637 6171 6236 6492 6285 6138 6525 5927 6488 6538 6383 6610 6454 6631 6591 6082 6439 6755 6121 6477 6543 6644 6531 6401 6525 6415 6981 6764 6413 6572 6840 6288 6675 6111 6892 6470 6508 6310 5914 6280 6549 5991 6175 6728 6790 6346 6525 6343 6345 6801 6429 6028 6379 6533 6607 6094 6627 6661 6750 6086 6182 6612 6071 6097 6408 6767 6658 6404 6395 6546 6394 6337 5932 6518 6009 6372 6548 5999 6545 6478 6661 6932 6678 6444 6122 6221 6540 6534 6007 6911 6569 6538 6672 6087 5772 5970 6517 6688 6611 6258 6641 7149 6317 6146 6295 6319 6213 6428 6694 6228 6151 6835 6709
6377 6193 6398 5924 6174 6054 6557 6110 5857 6157 6197 6044 5795 6447 6057 6251 6404 5958 6543 6356 5778 6575 6275 5813 6260 6164 5629 6080 6143 6035 6295 6615 6134 6337 5847 6193 6292 6616 6806 6125 6412 6165 6021 5986 6073 6151 6568 6614 6303 6387 6140 6312 5747 5311 6132 5802 6253 6854 5636 6415 5893 6186 5823 6091 5880 6101 5735 6150 5465 5953 6133 6431 6278 6001 5963 6494 6423 6251 6252 6422 5747 5922 6025 5812 6312 6625 6100 6081 5637 5880 5974 6435 6001 6280 6171 6192 6134 5810 6074 5861 6584 6000 6184 6182 6434 5878 6272 5729 5804 5976 6583 6607 6685 5981 6040 5959 6111 5893 6141 6122 6041 6232 6438 5825 5870 6554 6452 6610 6281 6225 5948 6272 5982 6486 5863 6075 6375 5979 5984 6249 5723 6770 6689 6381 5698 5952 6123 6089 5934 6202 6249 6187 5782 5964 6471 6282 5991 6011 6284 6109 6628 5930 6170 6283 6560 6181 5730 6197 6169 6515 6706 6227 6549 6139 5789 6285 5844 6302 5866 6322 6022 5828 5934 5976 5971 5616 6152 6151 5872 5955 6176 6089 6516 6042 5828 5857 6109 6124 5857 5897 6194 6609 5664 5674 6405 6052 6032 6276 6635 5873 6101 6439 6447 5853 6147 5893 6531 5723 6377 6068 6031 6245 6389 6224 6492 6165 5783 5800 5764 6294 6279 6013 6708 6389 6266 6525 5722 5632 6029 6226 6741 6160 5811 6337 7013 5721 6059 5746 6317 6024 5856 6375 5487 5890 6349 6379
6436 6892 6728 6197 6547 6321 6993 6690 6034 6584 6621 6530 6117 6829 6694 6479 6682 6455 6773 6915 6358 6732 7158 6040 6814 6740 5916 6572 6658 6109 7161 7065 6961 6577 6410 6294 6727 7023 6880 6561 6929 6924 6358 6382 6615 6608 6644 7106 6911 6628 6294 6547 6034 5959 6122 6478 6644 7141 5944 6686 5986 7040 6072 6263 6100 6752 6073 6608 6040 6291 6588 6750 6429 5821 6059 6679 6999 6736 6463 6959 6503 6477 6744 6610 6395 7245 6200 6547 5731 6501 6666 6679 6117 6493 6521 6529 6756 6455 6169 6430 7019 6740 6743 6502 6844 6238 6528 5836 6333 6439 6544 6653 7168 6787 6101 6501 6705 6622 6586 6435 6719 6802 6685 6314 6147 7045 6448 6661 6650 6589 6719 6603 6392 6708 6154 6215 6672 6759 6539 6463 5758 6892 7123 6661 6044 6326 6472 6496 6055 6793 6338 6408 6127 6333 6548 6791 6619 6680 6444 6680 6683 6558 6530 6447 6526 6424 6527 6928 6285 6983 7185 6574 6804 6472 6371 6567 6194 6742 6591 6275 6560 6102 6447 6315 6072 6363 6685 6315 6271 6429 6516 6471 6871 6659 6298 6444 6664 6420 6161 6582 6542 6818 6316 6280 6869 6111 5949 6583 6918 6545 6422 6396 6728 6359 6438 5921 6714 6417 6828 6437 6423 6590 6409 6543 6887 6676 6609 6497 6315 6690 6807 6328 7213 6683 6511 6652 6323 5761 6194 6540 6736 6726 6508 6730 7416 6327 6558 6568 6494 6241 6362 6509 6043 5869 7188 6968
6446 6784 6879 6423 6068 6359 7194 6507 5915 6366 6281 6315 6057 6866 6616 6016 6661 6247 6630 6623 5992 6440 6953 6384 6602 6596 5515 6135 6773 6060 6471 6967 6679 6693 6427 6583 6680 6875 6947 6378 6988 6433 5973 6169 6540 6323 6760 6815 6514 6303 6528 6497 5939 5862 6117 6273 6440 6710 5960 6952 6394 6305 6157 6226 5957 6382 5951 6466 5758 6267 6573 6500 6402 6272 6124 6282 6591 6641 5974 6992 6092 6173 6557 6608 6522 6925 6039 6578 5648 6326 6201 6211 6265 6138 6421 6367 6709 6580 6086 6053 7080 6363 6322 6561 7066 6112 6286 6044 6341 6394 6712 6262 6940 6345 6017 5894 6630 6292 6235 6261 6385 6379 6360 6046 6125 6773 6601 7053 6339 6275 6317 6287 6121 6449 5951 6367 6471 6226 6549 6333 5834 6847 6657 6780 5935 6033 6619 6361 6174 6798 6341 6477 6297 6243 6283 6723 6744 6402 6324 6335 6680 6179 6017 6473 6742 6156 6283 6503 6153 6757 6589 6377 6567 6761 5999 6632 5898 6534 6259 6446 6277 5999 6213 6205 6002 6087 6469 6575 6313 6179 6452 6441 6807 6402 6622 6085 6669 6387 6241 6425 6349 6910 5992 5926 6787 6075 5919 6481 7200 6500 6259 6325 6683 6022 6162 5879 6791 6134 6646 6360 6482 6588 6423 6572 6460 6661 6285 6145 6351 6619 6594 6133 7144 6868 6713 6556 6224 5515 6043 6254 6848 6449 6484 6780 7200 6420 6307 6438 6680 6287 6101 6553 5768 5957 6868 6567
6632 6838 6506 6352 6571 6835 6989 6953 6458 6671 6622 6715 6614 6944 6419 6711 6967 6617 6594 6846 6354 6778 7455 6421 6853 6675 5872 6640 6740 6331 6710 6562 6762 6918 6584 7094 6559 6922 6897 6828 6937 6701 6763 6476 6818 6320 6912 6641 6881 6752 6560 6652 6051 5911 6283 6470 6699 7012 6200 7117 6156 6857 6170 6039 6460 6583 6023 6584 6000 6551 6575 6658 6559 6443 5951 6874 6850 7037 6843 6598 6511 6531 6231 6568 6851 7281 6297 6416 6029 6539 6757 6669 6346 6594 6318 6423 6910 6534 6874 6281 7105 6746 6404 6696 7002 6201 6453 6093 6112 6473 6742 6792 6892 6441 6529 6598 6560 6577 6656 6603 6429 6217 6671 6295 6620 7062 6835 6652 6754 6397 6201 6359 6196 6807 6329 6336 6938 6410 6122 6678 5549 7031 7090 6356 6026 6097 6593 6336 6198 7022 6358 6603 6312 6386 6904 6656 6733 6645 6515 6263 6752 6431 6675 6841 6595 6364 6554 6661 6034 7080 6831 6818 7193 6670 6362 6862 5929 6897 6601 6798 6675 6076 6573 6541 6051 6428 6778 6396 6489 6417 6343 6795 7111 6749 6313 6656 6931 6553 6095 6874 6722 7280 6073 6230 6878 6426 6279 6291 7104 6551 6659 6723 6667 6409 6634 6267 6791 5984 7125 6808 6451 6845 6532 6664 6661 6263 6156 6285 6471 6658 6864 6121 7365 6905 6860 6836 6272 6023 6248 6321 6830 6561 6736 6836 7461 6522 6495 6350 6616 6430 6338 6605 6236 5784 6863 6477
6765 6891 6978 6713 6606 6779 7091 6870 6027 6831 6367 6875 6641 6794 6697 6765 6770 6549 6644 6782 6370 7038 7522 6647 6942 6672 5755 6827 6988 6598 7309 7209 6782 7118 6583 6591 6989 7361 7179 6742 6959 6791 6731 6608 6506 6302 7076 7060 7035 6940 6846 7071 6091 6065 6189 6540 6604 7237 6309 6859 6518 6896 6299 6498 6608 6538 6025 6812 6206 6658 6996 6659 6951 6641 6354 7020 6826 6972 6512 7070 6876 6648 6812 6716 6912 7216 6540 6182 6164 6476 6651 6607 6374 6872 6413 6747 7143 6754 6502 6512 7239 6667 6954 6978 7097 6381 6762 6176 6410 6752 7009 6634 7268 6874 6456 6657 6713 6676 6581 6498 6779 6761 6875 6405 6563 7056 6888 6717 6812 6834 6625 6532 6397 6781 6013 6875 6802 6596 6714 6614 6044 7324 7153 7036 6191 6356 6592 6916 6452 6894 6643 6690 6441 6727 6912 6835 6979 7049 6525 7084 6955 6784 6722 6790 6835 6494 6656 6789 6458 7194 7087 6697 7046 6914 6307 6774 6205 7139 6815 6339 6882 6222 6473 6841 6378 6619 6711 6743 6770 6728 6654 6681 6791 7056 6238 6650 6965 6647 6620 6788 6953 7100 6461 6466 6994 6612 6461 6552 7091 6585 6687 6720 6730 6443 6278 6243 7005 6240 6996 6696 6606 6807 6919 6618 6880 6788 6185 6275 6493 6943 7177 6307 7278 6826 6905 6987 6186 5881 6389 6671 7028 6752 6946 7086 7237 6603 6834 6820 6618 6542 6249 7073 6284 6210 7007 6960
6298 6289 6555 6075 6086 6116 6632 6532 5475 5952 6098 6142 5853 6161 6052 6054 6551 5929 6234 6083 5646 6486 6457 6263 6235 5859 5760 5801 6025 5588 6436 6475 6288 6321 6131 5863 6523 6835 6522 6141 6291 6367 6185 6086 6299 5838 6243 6159 5906 6158 6235 6808 5820 5457 5664 6221 6288 6408 5475 6611 6061 6119 5484 5937 5794 6166 5634 6369 5712 6031 6117 6227 6411 5883 5727 6229 6039 6547 6071 6323 6199 6200 6083 6315 6419 6752 5802 5796 5726 5833 6122 6111 5785 6018 5587 6053 6466 5997 5818 5979 6815 6175 6011 6043 6421 5978 6165 5899 5608 6147 5898 6030 6449 6127 5514 6048 6031 5741 6084 5976 6444 6326 6407 5944 6155 6461 6394 6443 5793 6240 6011 5724 5866 6195 5873 5989 6050 6199 5761 6142 5394 6473 6620 6171 5667 5980 6392 5850 5771 6252 6054 6199 6147 6178 6574 6202 6218 6189 5864 6266 6401 5895 6024 6126 6033 6052 6287 6422 5743 6401 6512 6459 6228 6250 5523 6653 5636 6353 6044 6070 6362 5799 5852 6142 5807 5642 6237 6111 5907 6087 6228 6103 6456 6014 5754 6041 6278 5823 5960 6162 6544 6395 5836 5802 6453 6010 5804 6126 6368 6186 6215 6291 6455 5930 5864 5743 6519 5614 6501 5974 6017 6099 6487 5973 6494 6276 5813 5800 5880 6363 6384 5917 6745 6734 5898 6196 6004 5578 5886 6086 6157 6027 6325 6208 6941 5847 5797 6024 6322 5817 5752 6092 5746 5541 5956 6388
6609 6770 6818 6556 6408 6754 7257 6805 6218 6657 6219 6914 6283 6924 6570 6236 7096 6139 6506 6344 6238 6778 7329 6472 6728 6323 5704 6358 6890 6359 6735 7033 6971 6774 6300 6774 6600 7135 7095 6355 7194 6682 6634 6089 6785 6333 6567 7043 6638 6442 6769 6993 6132 5622 6125 7138 7106 7043 6269 7208 6451 6708 6008 6242 6214 6785 6495 6600 5939 6479 6806 6465 6482 6159 6272 6751 6628 7129 6306 6973 6425 6103 6813 6850 6503 6969 6451 6552 5869 6168 6593 6714 6273 6456 6216 6526 6811 6318 6486 6443 7344 6665 6383 6610 7098 6328 6743 6382 6151 6460 6472 6648 6853 6745 5885 6065 6416 6439 6352 6730 6517 6580 6549 6038 6412 7301 7039 6869 6442 6303 6567 6427 6094 6394 6218 6566 6798 6359 6363 6569 6019 7119 6908 6539 6122 6250 6362 6743 6305 6645 6538 6781 6403 6381 6820 6734 6711 6370 6597 6592 6808 6650 6420 6601 6970 6528 6449 6625 6212 7146 7119 6222 6641 6702 6354 6639 6266 6841 6329 6593 6781 6195 6217 6597 5951 6209 6737 6534 6576 6386 6636 6526 7031 6457 6149 6076 6751 6938 6260 6619 6763 7086 6182 6183 6764 6330 6067 6310 6861 6569 6467 6755 6508 6382 6543 5942 6619 6064 7044 6624 6416 6880 6573 6350 7107 6932 6010 6196 6166 6783 6758 6150 7049 6923 6728 6943 6111 5767 6348 6415 7112 6573 6791 6823 7257 6338 6647 6705 6280 6400 6179 6688 5949 6456 7180 6916
6331 6550 6396 6270 5850 6272 6749 6680 5957 6041 6558 6132 6015 6502 6062 6151 6608 6133 6183 6259 6334 6514 6704 5994 6558 6127 5696 6004 6140 5624 6572 6681 6393 6474 5970 6138 6419 6550 6460 6525 6801 6596 6078 6124 6534 5954 6726 6575 6581 6269 6307 6406 5588 5915 5947 6290 6455 6943 5889 6490 6149 6214 5811 5986 5768 6445 6016 6333 5764 6101 6218 6325 6335 6290 5906 6419 6672 6757 6125 6395 6165 6032 6451 6382 6356 7035 5942 6282 5541 6132 6024 6114 5864 6163 6113 6263 6642 6155 6063 6004 6910 6467 6483 6283 6900 5981 6286 5695 6162 6021 6657 6491 6898 6482 6147 5886 6185 6117 6302 6320 6090 6377 6421 6033 6302 6647 6405 6565 6473 6188 6235 6142 6074 6522 5843 6076 6223 6345 6286 6496 5783 6970 6489 6347 6211 6308 6461 6207 6006 6720 5841 6302 6222 5998 6617 6352 6645 6607 6324 6360 6456 6445 6091 6334 6538 6533 6110 6477 6127 6703 6648 6295 6488 6344 5870 6235 5697 6551 6272 6288 6174 5778 6427 6271 5908 6037 6520 6344 6117 6039 6365 6548 6655 6411 6018 5962 6631 6418 6112 6203 6465 6786 6120 5754 6658 6143 5783 6392 6864 6333 6361 6237 6382 6061 6237 5461 6538 5942 6387 6145 6042 6481 6585 6123 6705 6604 6059 5814 6111 6367 6483 5740 6944 6270 6726 6696 5793 5501 6324 6311 6712 6284 6570 6792 6958 6018 6138 6225 6386 5940 6190 6443 5944 6137 6795 6418
6539 6472 6229 5827 6278 6486 6965 6477 6023 6459 6370 6110 5969 6436 6287 6204 6627 6116 6502 6608 6209 6414 6978 6034 6373 6095 5583 6073 6448 5945 6450 6356 6428 6225 6186 6347 6215 6578 6790 6266 6653 6151 5998 6323 6360 6186 6486 6441 6323 6100 6086 6237 5827 5597 5988 6006 6457 6771 5760 6632 6328 6512 5866 6195 6040 6498 6127 6355 5912 5805 6436 6010 6266 6029 5853 6381 6719 6526 6406 6790 5941 6143 6355 6285 6315 6837 5910 6470 5354 6299 6203 6109 6077 6509 6135 6270 6235 6300 6273 6313 6920 6418 6305 6044 6679 6509 6430 6058 6145 6067 6221 6208 6811 5986 6204 6150 5889 6382 6506 6424 6266 6214 6511 5922 5832 6699 6322 6685 6263 6057 5809 6088 6357 6330 6163 6039 6430 6059 6129 6244 5404 6846 6730 6372 5702 5780 6352 6291 5824 6692 6244 6078 6175 6071 6684 6588 6411 6412 6150 6228 6482 6164 5929 6045 6513 6282 5935 6299 6172 6652 6380 6489 6310 6266 6138 6233 5716 6517 6229 6449 6359 6106 6128 6341 6080 5974 6730 5905 6136 6081 6345 6277 6738 6461 6128 6024 6755 6227 6246 6340 6410 7147 6314 6070 6503 5930 5778 6303 7142 6241 6529 6148 6816 6193 6137 5735 6565 5914 6661 6093 6372 6221 6381 6236 6674 6392 6015 5794 6246 6409 6484 6158 6689 6490 6525 6208 5972 5362 6030 6229 6693 6225 6397 6534 7149 6445 6356 6232 6164 6040 5978 6208 5888 5347 6884 6368
6888 6756 6407 6570 6049 6529 6903 6773 6010 6668 6353 6632 6101 6901 6513 6439 6698 6416 6393 6825 6083 6598 7148 6391 6558 6438 5679 6671 6505 6462 6664 6524 6331 6805 6354 6359 6567 6940 7228 6684 6841 6590 6556 6140 6612 6239 6672 6979 6838 6669 6702 6693 6088 5385 5995 6394 6347 6740 6175 7178 6594 6385 5921 6104 6181 6946 6228 6892 5664 6283 6596 6620 6512 6262 6129 7160 6294 7282 6555 6784 6169 6653 6636 6701 6311 6894 6290 6441 5882 6041 6224 6697 6122 6666 6389 6490 6927 6634 6471 6199 7081 6758 6533 6409 6852 6290 6352 5914 6270 6587 6567 6705 6989 6643 6052 6218 6542 6246 6407 6512 6446 6555 6590 6014 6579 6750 6690 6648 6523 6571 5969 6337 6226 6486 6090 6412 6838 6195 6317 6374 5741 7148 6824 6511 5917 6293 6449 6736 6344 6867 6527 6622 6088 6540 6966 6763 6648 6715 6328 6308 6531 6450 6501 6719 6484 6489 6288 6486 6164 6595 6626 6342 6724 6807 6328 6639 5858 6798 6448 6264 6560 6216 6260 6308 6174 6342 6613 6328 6373 6502 6355 6471 6582 6605 6208 6054 6951 6690 6033 6583 6643 7104 6001 6105 6913 6285 5963 6043 7124 6401 6481 6639 6548 6454 6228 5981 6876 5878 7064 6566 6591 6600 6598 6521 6981 6645 6154 6206 6559 6301 6372 6241 7179 6779 6512 6675 6014 5839 6328 6757 6617 6726 6486 6697 7455 6335 6599 6368 6293 6112 6103 6683 6187 5881 6780 6658
6164 6504 6251 5883 6047 6104 6326 6594 5845 6085 6222 6116 5992 6613 6158 6441 6013 6115 6302 6112 5664 6505 6914 5888 6182 6508 5695 6357 6440 5801 6568 6783 6623 6510 5982 5976 6305 6982 6814 6206 6574 6517 6226 5738 6264 6283 6319 6480 6447 6363 6172 6576 5672 5623 5948 6140 6006 6760 5601 6706 6188 6106 5753 5358 5547 5984 5679 6332 5556 6091 6195 5995 6175 5957 6139 6286 6302 6523 6260 6499 5958 6115 6246 6140 6455 6643 5926 5919 5770 5814 6061 6193 5745 5965 6047 6102 6403 5857 6197 5955 6777 6230 5810 6025 6619 5722 6123 5760 5681 6314 6148 6456 6939 6116 5816 6105 6114 5792 6209 5990 6079 6370 6357 5597 5923 6485 6110 6436 6197 6211 6018 6203 5956 6066 5848 5989 6358 6329 5853 6079 5637 6496 6483 6154 5821 6165 6415 5918 5915 6045 5686 6464 6039 6172 6444 6068 5972 6195 5852 6208 6169 5711 6073 6229 5943 6192 6073 6136 5954 6744 6512 5904 6290 6231 5874 6513 5539 6239 6470 6163 6151 5818 5831 5844 5791 5734 6102 6379 6028 5998 6247 6110 6552 6370 5682 5962 6289 6065 5691 6146 6450 6489 5742 5790 6612 5988 5892 5935 6334 6185 6171 6663 6141 5932 5913 5699 6394 5861 6187 6385 6041 6351 6080 5977 6427 6093 6008 5635 6302 6167 6380 5814 6492 6236 6040 6186 5916 5734 5829 6024 6586 5721 6167 6536 6871 5905 6064 6084 6462 5803 6116 6058 5784 5766 6645 6147
6162 6120 5994 5798 5723 5771 6422 5795 5334 5832 6122 5862 5627 6379 6056 5628 6097 5790 5901 6140 5415 6206 6388 5955 5876 5850 5307 5751 6025 5648 6027 6367 6097 5901 5897 6146 6096 6263 6381 6089 6551 5978 5805 5617 5911 5826 6113 6118 6028 5856 6221 6073 5735 4836 5566 6019 6158 6294 5151 6285 5862 5997 5625 5505 5497 6040 5727 6067 5664 5506 5848 6254 6083 5364 5785 5951 6023 6285 5522 6282 5974 5742 6051 6145 6017 6227 5768 5796 5262 5395 5801 6058 5987 5987 5829 6013 6095 6280 5901 5807 6383 6077 5791 5925 6289 5570 5646 5512 5759 5740 6025 6274 6446 5971 5489 5653 6120 5643 5731 6026 5707 6064 5928 5452 5649 6182 6055 6154 5877 5844 5693 5766 5436 6106 5869 5879 6045 5672 5454 5646 5386 6513 6449 5921 5589 5587 5741 5880 5482 6128 6178 5931 5775 5578 6013 5957 5858 6114 5964 6011 6107 5843 5692 6113 6147 5954 5893 5942 5905 5991 6149 6014 6129 5996 5842 5887 5606 6130 5608 6163 5838 5536 5728 5489 5484 5402 5833 5748 5832 5991 6036 5749 6336 6118 5715 5598 5911 5642 5512 5979 5915 6273 5541 5773 6127 5705 5360 5757 6250 5829 5769 6028 6252 5683 6009 5322 6195 5582 6013 5884 5679 5939 5799 5945 6265 6068 5819 5595 5794 5960 6180 5595 6411 6254 5865 6324 5645 5428 5602 5875 6297 5874 5583 6103 6775 5695 6233 5998 5758 5531 5817 6221 5415 5317 6288 6379
6346 6148 6164 5831 6060 6048 6217 6479 5570 6031 6246 6007 5557 6183 6243 6098 6307 6186 6208 6377 5914 6511 6441 6114 6469 5971 5356 5873 6430 5646 6344 6561 6248 6161 6059 6201 6057 6509 6845 6194 6514 6573 6102 5938 6056 6095 6223 6299 6237 5831 6167 6187 5560 5417 6134 6005 6415 6450 5624 6421 5719 6051 5749 5765 5867 6031 5722 6417 5904 5755 6079 6128 6409 5820 5538 6460 6185 6053 5964 6397 6131 6046 6413 5930 6465 6724 5740 5823 5618 5793 6095 6235 6190 6337 5789 6008 6274 5880 5828 5932 6632 6417 6007 6187 6454 6150 6080 5540 5949 6131 6373 6076 6788 6194 5820 6158 5957 6029 6084 6037 5998 5889 6309 5812 6135 6214 6394 6395 6161 6134 6105 6145 6022 6082 5903 6029 6230 5946 6114 5909 5416 6578 6482 6250 5742 5836 5957 5909 5933 6035 5800 6065 5984 5982 6410 6079 6200 6354 6132 6315 6151 5946 5983 5896 6269 6141 5894 6343 6018 6532 6755 6096 6385 6346 5701 6389 5451 6483 6105 6328 6236 5819 6057 6062 5989 5766 6477 6307 6208 5709 6061 5984 6463 5980 5598 6090 6433 5958 5723 6051 6409 6527 6108 5519 6579 5983 5865 6246 6621 6213 5933 6362 6239 5823 5940 5621 6443 5705 6774 6275 5867 6119 6060 6127 6352 5912 5724 6106 6230 6222 6193 5756 6666 6006 6425 6081 6048 5377 5934 6161 6155 6224 5994 6534 7084 6017 6004 6093 5957 5990 5985 6064 5542 5531 6561 6259
6028 6070 6481 5867 6021 6153 6361 6094 5600 6281 5884 5883 5865 6394 6210 5831 6424 6106 5929 6118 5758 6079 6807 6066 6167 6194 5286 6081 6020 5750 6193 6556 6305 6546 5935 6052 6268 6739 6292 6442 6221 6372 6258 5883 6107 6200 6353 6257 5903 6260 6435 6176 5559 5501 5662 5982 6048 6406 5265 6446 5924 6346 5700 5422 5702 6148 5722 5827 5436 5968 5888 5993 5879 5698 5407 6229 6227 6531 6147 6206 5593 5689 5837 5793 5862 6661 5874 5858 5552 5819 6187 6577 5765 6216 5792 6061 6435 5997 5878 6172 6753 6004 6058 6096 6176 5834 6164 5680 5801 5691 6201 6391 6682 5981 5916 5904 6202 5697 5995 6143 6207 5804 6245 5862 5901 6699 6355 6082 6040 6025 5700 5929 5699 6279 5566 5722 6090 6029 5762 5788 5069 6872 6332 6285 5751 5564 6127 6195 6160 6345 5611 5938 5867 6007 6079 6004 6463 6175 5904 6003 6324 5854 6031 6152 6173 5852 5837 6305 5723 6414 6195 5755 6579 6415 5939 6181 5592 6469 5776 6109 5688 5610 5926 5866 5915 6155 6513 5896 6054 6036 5980 6110 6363 6325 5729 5885 6394 5767 5731 6003 6405 6422 5708 5874 6444 5883 5813 5992 6751 5968 5933 5869 5839 5965 5954 5300 6288 5713 6464 6204 6182 6029 6185 6045 5901 6145 5944 5749 5773 6326 6320 5952 6548 6354 6333 6227 5563 5190 5748 6084 6299 6070 6225 6237 6649 6067 5947 5982 5987 5839 5899 6226 5546 5447 6305 6305
6429 6565 6430 6250 6229 6212 6520 6550 5912 6297 6163 6045 5980 6600 6235 6122 6473 6141 6390 6386 5709 6233 6920 5945 6461 6430 5562 6046 6483 5860 6644 6591 6234 6755 6329 6072 6448 7182 6600 6148 6212 6442 6342 5919 6361 6161 6250 6407 6740 6528 6352 6385 5933 5578 5869 6219 6093 6549 5993 6957 6360 6388 5896 5995 6138 6167 5691 6173 5724 6299 6352 6378 6255 5979 6009 6461 6474 6436 6546 6869 6147 6220 6328 6455 6609 6447 6242 5810 5828 5980 6105 6485 6121 6469 6109 6148 6530 6024 6194 6027 6665 6420 6637 6602 6434 5834 6425 5831 6375 6227 6475 6207 6721 6422 5855 6128 6102 6126 6318 6214 6118 6271 6214 5988 5841 6613 6344 6317 6117 6168 6050 6317 6228 6073 6191 6313 6608 5874 6156 6196 5699 6677 6604 6441 5981 6133 6207 6197 5718 6631 6280 6258 6110 6323 6573 6451 6334 6401 5968 6463 6385 6211 6269 6541 6183 6051 6407 6121 6121 6588 6832 6500 6422 6328 5769 6552 5827 6494 6355 6294 6115 5678 5873 5993 5849 6063 6498 6176 6156 6117 6372 6046 6355 6369 5732 6235 6550 6685 6028 5826 6345 6706 6079 5977 6511 5799 5815 6268 6243 6281 5931 6526 6567 5972 6255 5823 6402 5916 6741 6334 6137 6287 6092 6265 6285 6377 6016 5965 6337 6351 6532 5933 6593 6414 6248 6165 6154 5753 6067 6274 6405 6275 6328 6450 6842 5707 6484 6363 6433 6113 6008 6470 6279 5977 6486 6490
6799 7077 6940 6809 6631 6903 7307 7040 6190 6850 6654 6973 6483 7161 6807 6973 7024 6919 6877 6857 6377 7209 7420 6921 7365 6671 6240 6686 6984 6730 6778 7051 6968 6878 6687 6681 7351 7361 6989 6822 7057 6948 6792 6734 7086 6473 6993 7071 7131 6755 6807 6983 6368 6022 6343 6713 6785 7113 6280 7511 6842 6907 6229 6569 6287 6683 6604 6917 6148 6511 6769 7203 6606 6702 6296 7034 7380 7117 6962 7048 6649 6477 6825 6720 6796 7203 6577 6754 6220 6310 6567 6967 6661 6610 6492 6723 7109 6843 6539 6577 7329 6871 6795 6779 7309 6294 6395 6503 6475 6926 6846 7092 7384 7046 6414 6551 7126 6373 6603 6646 7030 6455 6926 6312 6846 7208 7125 6930 6574 6715 7011 6654 6756 6896 6210 6498 6769 6533 6404 7083 6136 7455 7232 6976 6449 6245 6514 6946 6419 6778 6792 6877 6210 6521 7022 6723 6890 7100 6538 6777 7319 6461 6549 7105 6783 6188 6431 6832 6329 6813 7128 6683 7314 7006 6318 6833 6173 7109 6618 6967 6899 6571 6620 6276 6391 6272 7019 6544 6490 6825 6830 6596 7268 7024 6619 6596 6967 6917 6456 6816 7213 7106 6266 6702 6921 6115 6612 6711 7346 6677 6718 6827 6950 6463 6672 6197 7244 6392 7047 6674 6676 6892 6900 6682 7210 6872 6506 6450 6630 6851 7133 6589 7337 7509 6692 7333 6655 5984 6417 6987 6939 6824 6956 7121 7570 6612 6910 6544 6930 6593 6809 7033 6343 6327 6845 6862
6587 6542 6671 6375 6348 6420 6812 6457 6087 6318 6189 6532 5946 6605 6160 6297 6506 6421 6425 6618 5905 6639 6890 5988 6386 6237 5532 6016 6463 6165 6253 6432 6393 6664 5998 6265 6452 6962 6951 6215 6616 6490 6252 6012 6662 6158 6373 6855 6263 6318 6450 6409 5771 5510 5975 6297 6651 6914 5834 6706 5958 6507 6059 5818 5883 6154 5824 6330 5568 6256 6316 6482 6236 5858 5925 6374 6397 6838 6086 6600 6139 6169 6248 6525 6264 6869 6181 6413 5566 5869 6332 6534 5761 6339 6297 6335 6893 5969 6119 6087 6686 6263 6642 6311 6653 6072 6380 5803 6030 6135 6394 6453 6864 6290 5696 6097 6031 6032 6501 6501 6269 6543 6561 6051 6254 6946 6685 6339 6222 6341 6168 6368 6110 6306 6090 6079 6469 6152 6253 5928 5504 6804 6556 6131 5945 5905 6179 6283 6058 6507 6221 6382 6218 6245 6441 6289 6155 6429 6053 6308 6637 6210 6079 6281 6470 6218 6014 6457 6199 6559 6645 6092 6394 6596 6036 6303 5750 6847 6171 6435 6443 5927 6271 5964 5752 5909 6659 6216 5901 6480 6354 6056 6338 6274 6026 5977 6519 6375 6027 6621 6753 6685 5971 5941 6647 6053 6110 6374 6778 6422 6269 6697 6234 6247 6199 5665 6648 5899 6744 6375 6174 6641 6409 6177 6599 6470 5978 6030 6333 6128 6630 6006 6677 6899 6531 6537 6171 5921 6009 6153 6559 6601 6440 6975 7088 6290 6163 6225 6225 5907 5904 6295 5849 5629 6789 6272
6989 6739 6846 6703 6812 6688 7420 7117 6292 6780 6773 6633 6364 7375 6880 6654 6873 6670 6898 7244 6255 6824 7107 6816 6982 6789 6130 6497 6870 6627 6751 7170 6976 7034 6603 7109 6997 7252 7020 6609 7331 7066 6807 6535 6801 6264 6774 6762 6973 6894 6878 6616 6234 6311 6485 6928 6983 6980 6161 7115 6483 7099 6164 6533 6456 6728 6343 7042 5850 6434 6682 6844 6585 6399 6260 7019 7054 7238 6632 6724 6578 6571 6817 6797 6706 7107 6498 6352 6095 6319 6738 6647 6657 6908 6517 6910 7014 6566 6630 6607 7164 6868 6743 7085 7505 6289 6720 6007 6595 6712 6719 6779 7185 6966 5847 6625 6489 6624 6931 6378 6743 6428 6967 6293 6608 7469 6663 7116 6587 6410 6651 6640 6617 6912 6481 6619 6742 6472 6763 6405 5685 7020 7211 6945 6094 6424 6668 6410 6174 6970 6483 6835 6747 6690 6625 6893 6971 6740 6523 6609 6850 6670 6747 6713 7049 6723 6519 6733 6598 7133 6944 6926 6809 6846 6384 7154 6276 7180 6480 6782 6800 6375 6614 6600 6623 6313 7044 6782 6902 6644 6637 6689 7456 6809 6601 6452 6864 6711 6380 6981 6945 6846 6524 6316 7254 6349 6148 6664 7093 6919 6604 6555 6945 6562 6323 6122 6918 6411 6932 6717 6461 6703 6638 6863 7314 6782 6610 6038 6524 6969 6819 6405 7468 7004 7101 7429 6537 6101 6645 6222 6862 6910 6825 7173 7670 6400 6849 6434 6742 6613 6399 6965 6557 6078 6994 6839
6262 6570 6680 6122 6202 6583 6450 6511 6031 6531 6289 6429 6236 6670 6499 6250 6359 6288 6511 6563 5960 6766 7210 5970 6551 6438 5434 6357 6581 6212 6492 6954 6668 6516 6309 6501 6506 7089 6662 6423 6693 6586 6324 6152 6376 6056 6679 6762 6649 6551 6546 6291 6139 5666 5862 6307 6554 6744 5933 7005 6322 6374 6088 6048 6105 6440 6212 6614 6003 6177 6470 6407 6290 5876 5942 6567 6643 6699 6261 6758 6144 6225 6520 6624 6375 7113 6341 6115 5924 6276 5989 6217 6320 6326 6145 6335 6763 6492 6158 6306 6959 6534 6320 6247 7234 6027 6587 5905 6238 6258 6585 6407 6859 6679 6058 6349 6425 6147 6374 6516 6247 6642 6540 5889 6003 6623 6439 6677 6313 6411 6269 6461 5924 6260 6483 6468 6884 6192 6224 6601 5809 6936 6916 6617 6332 6319 6292 6348 5989 6419 6347 6846 6001 6385 6365 6151 6309 6570 6279 6548 6624 6104 6023 6508 6690 6187 6204 6481 6455 6795 6674 6173 6515 6372 6029 6482 5914 6548 6455 6404 6399 5810 6352 6293 5676 6114 6346 6283 6339 5964 6212 6425 6645 6148 6004 6074 6382 6212 6155 6670 6733 6972 6254 6111 6629 5991 6001 6349 7088 6351 6355 6594 6626 6058 6292 6136 6758 6263 6337 6361 6409 6530 6536 6358 6642 6593 6217 6178 6298 6085 6628 6303 6780 6808 6620 6305 6063 5970 6022 6130 6634 6722 6435 6594 6993 6042 6467 6283 6258 6257 6084 6271 6251 5629 6973 6569
6369 6702 6665 6537 6503 6767 7115 6796 6066 6827 6656 6806 6334 6979 6649 6575 6605 6034 6604 6945 6246 6753 7274 6308 7080 6761 5835 6511 6870 6404 6728 6754 6897 7132 6559 6377 6657 7329 6852 6855 6866 6907 6728 6255 6618 6322 6765 6985 6738 6727 6843 6722 6333 6039 6565 7024 6600 7195 6270 7080 6534 6627 6112 6191 6402 6623 6199 6892 5926 6514 6862 6372 6911 6138 6193 6662 6866 6946 6483 6524 6332 6374 6677 7020 6819 7117 6495 6493 5986 6502 6175 6691 6263 6604 6525 6712 6926 6419 6682 6266 7250 6734 6777 6690 7103 6383 6656 6269 6487 6608 6782 6720 7221 6927 6229 6661 6464 6640 6406 6301 6503 6837 6722 6232 6374 7445 6871 6885 6414 6430 6419 6372 6719 7034 6353 6482 7014 6684 6181 6592 5946 7170 7331 6486 6299 6587 6348 6390 6205 6695 6398 6661 6561 6453 6651 6670 6621 6927 6503 6713 6930 6598 6724 6590 6531 6607 6555 6923 6211 6727 6825 6468 6850 6687 6170 6772 6267 7017 6759 6366 6450 6299 6239 6664 6306 6378 6409 6485 6565 6313 6510 6555 7207 6626 6329 6423 6596 6804 6532 6714 6773 7204 6507 6427 6735 6111 5969 6516 6984 6497 6314 6777 6548 6405 6318 6253 7115 6170 6858 6636 6432 6653 6500 6482 6890 6720 6279 6261 6276 6428 6542 6264 7320 6917 6981 6761 6329 5835 6422 6692 6614 6616 6403 6819 7245 6248 6692 6690 6473 6189 6427 6578 6304 6052 6707 6868
6665 6381 6520 6136 6304 6466 6490 6520 5789 6460 6067 6514 5973 6374 6332 6269 6544 6138 6616 6617 5978 6568 6897 6168 6505 6275 5581 6214 6363 6337 6832 7019 6342 6426 6312 6180 6544 7032 6981 6346 6817 6966 6329 5946 6405 6178 6743 6652 6398 6362 6090 6534 5869 5783 6135 6237 6548 6655 5988 6681 6039 6783 5874 5727 5978 6365 5920 6604 5853 5914 6338 6267 6146 6145 5897 6534 6386 6348 6304 6679 5887 6406 6489 6266 6453 6808 6284 6206 5957 6397 6127 6564 6277 6417 6130 6469 6604 6141 6368 6027 6610 6510 6778 6411 6899 6041 6259 5805 6001 6440 6193 6110 6817 6521 6255 6102 6114 6426 6386 6472 6547 6223 6758 5920 6412 6601 6355 6437 6224 6181 6049 6473 6104 6418 5825 6364 6517 6118 6178 6216 5446 6800 6722 6448 5913 6119 6308 6249 6004 6499 6413 6372 6352 6436 6512 6490 6700 6623 6221 6326 6609 6055 6175 6223 6399 6179 6281 6665 6027 6805 6854 6667 6610 6696 6078 6595 5907 6405 6189 6517 6211 6253 6316 6363 6151 6238 6444 6482 6144 6033 6570 6291 7024 6497 6164 6205 6382 6548 6528 6570 6527 6895 6178 6253 6478 6011 5627 6341 6841 6365 6251 6486 6713 6369 6235 5982 6425 6026 6606 6232 6150 6503 6564 6217 6645 6217 6147 6211 6248 6582 6606 5979 6650 6501 6625 6454 6129 5877 6165 5883 6664 6366 6466 6552 7381 6247 5927 6527 6252 6031 6365 6693 5970 5734 6853 6504
6719 6669 6992 6492 6633 7044 7146 7033 6014 6615 6636 6956 6477 6905 6853 6685 6681 6605 6979 6795 6245 6846 6908 6187 6578 6826 5779 6754 6850 6569 6795 6801 6846 6820 6490 6702 6704 7207 7160 6548 6739 6692 6225 6129 6758 6430 6666 6829 6740 6638 6687 6723 6074 6205 6310 6416 6741 7188 6150 6883 6550 7074 6153 6222 6101 6548 6121 6737 6053 6263 6640 6524 6866 6455 6418 6980 6725 7195 6541 6723 6139 6424 6701 6634 6317 7003 6063 6753 5981 6119 6514 6605 6556 6399 6351 6611 7029 6576 6254 6339 7258 6184 6503 6615 6942 6112 6488 6036 6397 6227 6373 6573 7075 6769 6145 6169 6423 6582 6845 6340 6819 6623 6499 6267 6325 7163 6799 6729 6532 6535 6399 6435 6183 6902 6200 6502 6745 6353 6301 6539 6007 7112 7008 6763 6265 6462 6627 6781 6221 7054 6338 6617 6374 6696 6681 6745 6706 6420 6328 6540 6714 6848 6223 6452 6559 6708 6348 6453 6259 7100 6759 6541 6989 6926 6507 6784 6165 7096 6570 6670 6906 6378 6451 6335 6096 6226 6857 6525 6742 6482 6760 6668 7167 6586 6284 6423 6661 6778 6375 6594 6833 6868 6208 6122 6794 6267 6101 6707 7046 6796 6303 6990 6802 6498 6172 6189 6904 6288 6657 6566 6749 6464 6643 6632 6717 6600 6199 5997 6477 6687 6860 6335 7401 6993 6694 6636 6322 6036 6499 6286 6939 6643 6656 6843 7362 6501 6514 6389 6770 6405 6025 6954 6276 5999 6780 6812
6974 6975 6851 6626 6630 6879 6742 6737 5963 6752 6707 6676 6286 6673 6750 6765 6561 6646 6359 6796 6185 6939 7197 6542 6965 6744 5915 6484 6781 6729 6917 6995 6604 6820 6872 6381 7117 6932 7382 6887 6974 6904 6801 6464 6369 6352 6594 7028 6343 6985 6706 6603 6084 5656 6543 6334 6637 6850 6163 7295 6329 6568 5983 6368 6435 6817 6408 6657 6031 6499 6972 6564 6987 6243 6553 6686 6813 6760 6485 6986 6389 6602 6553 6645 6856 7238 6443 6292 5881 6503 6426 6594 6182 6756 6495 6756 6942 6582 6735 6270 7367 6616 6631 6864 7401 6365 6333 6150 6735 6516 6661 6421 6958 6573 6361 6398 6923 6218 6753 6309 6735 6260 6969 6493 6600 6896 6509 6723 6439 6637 6408 6068 6438 6838 6324 6525 6811 6521 6317 6765 5723 7209 6929 6850 6097 6205 6867 6358 6472 6748 6165 6561 6428 6375 6912 6531 6934 7055 6117 6567 6833 6829 6386 6157 6537 6522 6475 6529 6242 6792 6904 6417 6748 7076 6073 6932 6025 6763 6661 6703 6630 6280 6553 6292 6328 6318 7051 6862 6662 6226 6791 6405 6833 6857 6304 6273 6808 6434 6482 6687 6840 7084 6475 6535 6584 6347 6100 6601 6650 6617 6813 6268 6663 6069 6455 6249 6850 6257 6763 6597 6763 6819 6665 6609 6808 6561 6445 6195 6575 6658 6846 6412 7071 6759 6889 6545 6394 6088 6276 6227 6880 6585 6866 6827 7619 6378 6449 6480 6498 6221 6378 6841 6278 6289 7153 7043
6068 6150 6081 5508 5897 5831 6097 6044 5586 5890 5658 5892 5363 6070 5784 5714 5909 6033 6058 5895 5214 6023 6449 5505 6171 5533 5073 6030 6058 5537 5815 6030 6114 6078 5592 5765 6183 6234 6382 5813 5970 5932 5850 5691 5932 5672 6273 6122 6134 5938 6052 6128 5605 5333 5764 6045 6142 6168 5309 5994 5719 6006 5475 5505 5584 5838 5508 5980 5618 5815 5782 5952 5765 5868 5461 6041 5869 6120 5632 6302 5616 5806 6096 5935 6023 6250 5796 5646 5536 5303 5598 6094 5708 5849 5803 5859 6146 5945 5557 5743 6138 5939 5892 6086 6242 5656 5425 5314 5721 5783 6198 6109 6253 6011 5617 5655 5989 5669 5948 5797 5698 5809 6033 5719 5754 6067 6306 5918 5994 5998 5878 6145 5553 6014 5760 5660 6390 5548 5778 5821 5313 6473 6414 5800 5482 5627 5653 5673 5683 6211 5776 6363 5621 5863 6047 6009 6185 6002 5554 6282 6273 5635 5841 6117 5996 5892 5658 6028 5810 6013 6192 6144 5956 6056 5548 5951 5406 6021 5886 6033 5708 5681 5687 5531 5580 5879 5932 5658 5889 5459 5827 6087 6043 6026 5682 5841 6013 5450 5714 5730 6254 6324 5575 5456 6093 5373 5445 5868 6250 5945 5895 6095 6187 5580 5705 5511 5974 5615 6232 5922 6233 6040 6078 6022 5774 6063 5725 5900 5789 6038 6091 5571 6645 6248 6099 5935 5717 5110 5749 5978 6072 5994 5855 6330 6814 5531 5717 5881 5861 5642 5726 5953 5327 5393 6181 5689
6627 6523 6530 6512 6460 6344 6738 6787 5688 6414 6366 6442 6251 6797 6363 6384 6680 6473 6388 6451 6059 6416 6847 6045 6715 6393 5728 6370 6377 6379 6716 6573 6710 6994 6222 6458 6692 6958 7090 6825 6779 6778 6108 6183 6695 6159 6755 6611 6774 6562 6482 6834 6187 5842 5896 6294 6736 6846 5985 6807 6375 6709 5941 5917 6053 6421 6058 6606 5818 6066 6726 6544 6549 6172 6206 6465 6726 6667 6360 6320 6341 6222 6458 6602 6632 6936 6254 6389 5922 6289 6278 6563 6174 6428 6212 6538 6422 6228 6121 6281 7144 6389 6385 6707 6911 6150 6505 5699 6318 6139 6581 6721 7035 6565 6058 6005 6261 6498 6538 6435 6508 6460 6794 6419 6089 6610 6545 6377 6412 6380 6268 6001 6266 6392 6183 6347 6576 6504 6176 6420 5859 6965 6750 6335 6224 6282 6415 6587 5898 6550 6318 6485 5955 6355 6897 6525 6603 6784 6466 6418 6661 6314 6667 6376 6717 6473 6195 6549 6251 6732 6816 6467 6482 6333 5877 6581 6130 6642 6394 6593 6562 6166 6103 6126 6123 5635 6744 6306 6437 6147 6548 6313 6869 6379 6034 6301 6691 6385 5930 6443 6589 6868 6089 6085 6842 6281 6134 6343 6725 6214 6704 6769 6533 5891 6476 5957 6686 5768 6588 6475 6469 6300 6514 6215 6795 6476 6028 5922 6441 6670 6718 6264 6819 7049 6457 7101 5955 5928 6617 6339 6610 6464 6464 6854 7096 6018 6546 6697 6560 6077 5974 6480 5649 6159 6553 6586
6157 6140 6148 5871 5652 6164 6714 6042 6080 6296 6330 5870 5656 6268 6382 5906 6123 6005 6090 6223 5943 6173 6695 5879 6484 6063 5563 5765 6232 5627 6528 6435 5918 6026 5803 5989 5998 6601 6503 6319 6270 6196 6160 5922 5995 5767 6175 6172 6056 5993 5832 6008 5675 5303 5514 5998 5995 6451 5848 6596 6224 6216 5661 5683 5893 6055 5794 6082 5618 5894 6063 6058 5825 5605 5396 6208 6377 6659 6120 6506 5481 5869 5890 5824 6116 6298 6053 6101 5449 5512 6018 6206 5907 6240 5954 6119 6209 5723 5764 5746 6728 6098 6096 6090 6560 5990 6016 5731 5792 6105 6249 6326 6062 5913 5933 5931 6147 5863 6084 5927 5929 5909 6041 5851 5818 6255 6370 6545 5795 5838 5655 5782 5794 6393 5500 6216 6048 5929 5549 6013 5545 6526 6567 6245 5580 5820 6053 6052 5638 6086 5927 5892 5818 6298 6269 5941 6018 6137 5876 5585 6103 5871 5805 5651 6222 5904 5791 6049 6041 6253 6247 5970 6316 6365 5689 5920 5576 6630 6084 5941 5977 5763 6008 6102 5589 5950 5874 6032 5966 6109 5915 5933 6205 6154 5713 6228 6294 5930 5751 5807 6314 6604 5960 5636 6353 5704 5639 5961 6536 6126 6050 5880 6387 5975 5882 5836 6632 5641 6050 6022 6199 6210 6233 6231 6324 6300 5978 5515 5805 6053 6429 6049 6434 6356 6024 5786 5482 5348 5963 5922 6254 6024 5778 6471 6538 5951 5946 6176 5961 5917 5454 6133 5459 5406 6352 6133
6467 6459 6593 6291 6310 6431 6603 6757 5836 6291 6210 6270 5993 6450 6238 6364 6489 6246 6433 6455 5897 6168 6626 6114 6383 6621 5670 6319 6726 6248 6644 6591 6352 6444 6039 6144 6006 6714 6737 6238 6386 6612 6320 6043 6476 6201 6544 6440 6432 6700 6324 6138 5801 5788 6124 5947 6227 6485 5960 6786 6162 6489 5895 5833 6182 6403 5780 6388 5758 6025 6306 6261 6335 5804 5905 6771 6299 6612 6202 6694 5753 6119 6522 6124 6312 6550 6159 6017 5791 6150 6226 6141 6131 6272 6432 6171 6803 6294 5932 6365 6902 6395 6409 6474 6982 6100 6309 5622 6129 6075 6609 6115 6778 6263 5987 5973 6183 6170 6528 5992 5945 6341 6061 5942 6223 6766 6528 6473 6163 6261 5951 5942 5733 6633 5897 6241 6628 6502 5953 6046 5449 6778 6668 6475 5622 6100 6618 6331 5784 6593 5923 6547 6034 6135 6184 6520 6457 6438 6116 6226 6673 6039 6151 6213 6451 6253 5893 6456 5905 6581 6203 6449 6565 6559 6259 6545 5982 6663 6353 6396 6652 6045 6305 6060 6000 6154 6672 6335 5907 6406 6314 6506 6670 6524 6198 6203 6320 6501 6111 6260 6679 6409 5848 6026 6445 6174 5646 5898 6481 6504 6436 6400 6217 6211 6147 5733 6606 5790 6862 6375 6219 6308 6424 6109 6591 6463 5996 5962 6104 6418 6415 6276 6872 6492 6323 6488 5932 5755 5879 6255 6416 6230 6699 6553 6958 6008 6089 5923 6365 6190 6139 6586 6090 5492 6475 6524
6541 6703 6511 6209 5925 6419 6493 6665 5997 6591 6367 6165 6048 6732 6254 6292 6354 6261 6501 6581 6122 6447 7031 6084 6785 6495 5431 6084 6527 6131 6688 6742 6630 6420 6055 6400 6445 6712 6851 6523 6686 6371 6203 6058 6079 6148 6588 6863 6529 6351 6537 6304 6060 5612 6207 6402 6292 6726 5466 6590 6173 6228 5930 5903 6089 6128 5985 6855 5724 6148 6291 6279 6710 5741 5892 6628 6666 6562 6340 6569 6240 6331 6030 6529 6638 7069 6255 6560 5728 6079 5969 6526 5683 6469 6113 6382 6567 5954 6538 6063 6880 6240 6488 5968 6856 5884 6224 5903 6234 6201 6479 6357 6750 6559 6031 6135 6621 6354 6542 6144 6465 6645 6420 6074 6194 6578 6300 6748 6039 6275 5883 5888 5851 6507 6004 6177 6493 6614 6118 6256 5488 6865 6716 6316 5987 6343 6353 6071 6113 6332 5993 6176 6035 6139 6692 6241 6590 6600 6398 6431 6689 6519 6202 6068 6204 6428 6218 6748 5922 6772 6551 6449 6683 6595 5625 6458 5837 6494 6313 6297 6154 5797 6136 6216 5929 6280 6268 6173 6200 6230 6335 6363 6755 6799 6181 6382 6608 6283 6148 6445 6692 7107 5728 6061 6440 5949 6161 6327 6575 6174 6422 6529 6395 6364 6291 6015 6906 5705 6553 6178 6241 6428 6075 6369 6696 6390 5892 6087 6049 6518 6743 6004 6913 6510 6438 6083 6162 5907 5964 6494 6586 6186 6541 6446 7263 5971 6198 6281 6099 5800 6291 6397 5853 5926 6729 6765
6621 6658 6748 6306 6562 6800 6708 6539 5995 6697 6390 6308 5935 6917 6578 6283 6427 6147 6655 6633 5842 6784 6874 6413 6823 6375 5955 6491 6849 6356 6454 6800 6789 6345 6142 6456 6566 6885 7219 6353 6729 6428 6369 6059 6258 6119 6482 6840 6555 6559 6666 6635 5878 5871 6131 6198 6634 6905 5803 6600 6321 6580 5978 6189 6109 6682 5981 6660 6032 6309 6747 6229 6390 6106 6184 6717 6693 6613 6231 6614 6331 6363 6732 6576 6493 6920 6167 6069 5985 5975 6649 6513 6381 6413 6288 6183 6992 6225 6023 6196 6992 6563 6453 6534 6762 5926 6229 6043 6274 6217 6568 6728 6994 6724 5950 6416 6497 6407 6043 6212 6232 6614 6348 6155 6069 7027 6643 6759 6589 6618 6144 6156 5950 6438 6207 6424 6579 6170 6389 6697 5701 7127 6863 6868 5844 6443 6021 6263 6145 6850 6306 6683 5926 6308 6468 6764 6635 6576 6119 6346 6792 6035 6384 6576 6623 6413 6400 6733 6381 6742 6523 6342 6427 6825 6103 6604 6049 6901 6483 6750 6529 6256 6169 6279 6351 6026 6642 6300 6550 6295 6381 6719 6588 6468 6173 6289 6498 6172 6400 6578 6453 6690 6015 6334 6776 6076 5942 6082 6852 6362 6417 6604 6345 6053 5924 6168 6987 6474 6704 6255 6144 6277 6566 6537 6558 6780 6428 6058 6145 6635 6535 6086 7019 6502 6765 6747 6353 5872 6278 6277 6753 6293 6451 6487 7222 6206 6575 6426 6537 5995 6003 6453 5952 6203 6651 6627
6530 6386 6446 6101 6309 6384 6744 6828 6134 6644 6306 6694 5932 6630 6507 6422 6487 6047 6483 6407 5822 6629 6655 6245 6696 6080 5721 6172 6373 6230 6701 6681 6735 6437 6209 6497 6457 6984 6783 6204 6634 6530 6259 6243 6285 6301 6738 6559 6545 6464 6406 6658 6047 5814 6249 6332 6651 6846 5815 6923 6240 6529 5956 5920 5800 6308 6221 6639 5639 6189 6267 6635 6543 5817 5920 6809 6678 6340 6260 6536 5994 6483 6316 6008 6887 7046 6296 6168 5837 5978 6183 6523 6197 6321 6168 6198 6243 6254 6166 6310 6831 6556 6018 6216 6734 6127 6294 6174 6075 6399 6076 6682 6855 6591 6032 6317 6587 5970 6460 6194 6580 6269 6580 5966 6065 6722 6626 6755 6320 6088 6387 6130 6056 6354 6153 6203 6531 6333 6032 6219 5601 6691 6858 6668 6149 6256 6176 6246 6019 6355 6146 6661 5631 6346 6630 6216 6589 6737 6267 6348 6628 5991 6112 6271 6568 6389 5997 6774 6178 6698 6416 6392 6463 6325 6061 6581 6050 6486 6244 6609 6339 6283 6106 6309 6090 6163 6623 6628 6351 6448 6102 6137 6511 6175 5785 6180 6273 6115 5845 6011 6568 6712 5665 6397 6789 6139 5876 6473 6823 6191 6603 6620 6367 6305 6057 5828 6725 5776 6442 5886 6349 6181 6312 6349 6539 6668 6336 6020 5992 6344 6742 6250 6861 6803 6353 6514 6024 5798 6246 6483 6372 6072 6390 6484 7154 6507 6229 6313 6096 6135 6298 6310 6020 5753 6828 6609
6577 6726 6380 6035 6359 6596 7085 6610 6245 6437 6232 6482 6206 6427 6733 6516 6360 6115 6549 6744 6184 6793 6931 6241 6852 6269 5625 6459 6615 6302 6878 6911 6305 6650 6348 6376 6565 6718 6900 6692 7192 6514 6506 6350 6582 6196 6483 6578 6687 6551 6467 6189 5804 5819 5834 6202 6785 6828 5939 6643 6133 6344 6022 6119 6034 6268 6197 6473 5960 6089 6535 6438 6600 6325 5810 6683 6897 6632 6211 6591 5985 6195 6431 6322 6825 6930 5994 6319 5612 6013 6188 6257 5904 6574 6072 6401 6792 6296 6233 6280 6942 6618 6625 6525 6754 6115 6317 6140 6360 6401 6452 6746 6771 6389 6017 6358 6339 6123 6437 6391 6630 6278 6352 6019 6212 6860 6407 6680 6509 6271 6274 6433 6174 6502 6290 6502 6474 6467 6731 6480 5589 7065 6647 6668 5977 6506 6467 6287 6284 6706 5883 6371 5915 6043 6476 6561 6403 6639 6456 6617 6679 6108 6091 6390 6627 6407 6343 6582 6243 6820 6678 6123 6874 6644 5949 6732 6057 6675 6414 6676 6407 5977 6132 6259 6129 6121 6811 6461 6446 6110 6453 6466 6966 6560 6172 6149 6697 6522 5956 6512 6638 6968 6035 6179 6609 6197 6197 6519 6995 6278 6625 6606 6476 6395 6153 5870 6818 6188 6851 6165 6594 6603 6404 6237 6721 6427 6043 6090 6264 6401 6803 6202 7095 6596 6644 6763 6033 6007 6392 6316 6629 6481 6486 6743 7265 6242 6029 6399 6443 6118 6172 6315 5889 5616 6786 7029
7048 6670 7079 6685 6556 6908 7234 7031 6097 6837 6708 6720 6582 6793 6770 6967 6561 6560 6998 6613 6281 6756 7041 6445 6546 6752 6117 6299 7146 6312 6938 7026 7127 6903 6622 6895 6747 7150 6938 6807 7041 6924 6382 6507 6584 6373 6980 6771 7198 6828 6888 6925 6237 6024 6033 6670 6805 7180 5996 7033 6389 6884 6524 6488 6283 6631 5970 6716 6491 6182 6895 6782 6751 6134 6147 7021 6667 6943 6622 7109 6526 6394 6709 6900 6620 7296 6536 6647 6111 6412 6559 6480 6475 6839 6454 6646 6940 6676 6247 6291 7113 6521 6562 6937 7305 6584 6743 6095 6607 6501 6750 6531 7138 7047 6578 6449 6393 6758 6805 6300 6647 6912 6844 6259 6115 6997 6866 7234 6838 6879 6654 6804 6306 6776 6404 6561 6932 6610 6290 6571 6210 7183 7557 6704 5916 6641 6832 6652 6257 6743 6704 6735 6561 6816 7014 6909 7011 6934 6658 6652 6928 6494 6521 6870 6963 6516 6564 7097 6597 7140 7208 6917 6758 6912 6428 6848 6278 6840 6867 6629 6651 6325 6534 6834 6406 6513 7008 6451 6583 6978 6859 6813 7515 6897 6390 6657 6739 6709 6529 6929 6806 7164 6291 6386 6976 6351 6169 6557 7099 6716 6625 6666 7103 6770 6486 6273 7320 6098 6769 6707 6378 6769 6874 6877 7221 6601 6235 6129 6789 6508 7138 6415 7317 6868 6816 6736 6380 6096 6526 6634 6785 6858 6847 7067 7505 6305 6701 6657 6840 6308 6507 7007 6310 6251 6874 6879
6592 6642 6628 6262 6611 6945 7011 6693 6044 6479 6607 6517 6193 6651 6447 6656 6721 6609 6729 6637 6169 6738 6950 6258 6624 6468 6106 6437 6595 6336 6809 6803 6543 6866 6770 6696 6770 7016 7033 6832 6805 6748 6670 6306 6424 6463 6694 6924 6690 6772 6765 6683 6033 5831 6056 6710 6899 6908 6130 6733 6252 6684 6110 5825 6231 6368 6197 6547 6139 6312 6753 6392 6866 6209 6133 6872 6701 6937 6395 6929 6345 6570 6460 6663 6839 7174 6132 6505 6048 6398 6527 6214 6304 6747 6332 6496 6605 6608 6117 6439 7071 6653 6679 6634 6676 6502 6650 5940 6189 6366 6509 6431 7001 6429 6178 6200 6423 6483 6766 6188 6709 6586 6654 6232 6399 7128 6622 6699 6867 6561 6339 6148 6148 6284 6034 6392 6667 6482 6393 6276 5792 6902 7067 6734 6092 6369 6548 6658 6157 6611 6323 6626 6124 6273 6862 6403 6700 6738 6086 6357 6685 6419 5981 6545 6559 6842 6380 6745 6364 7059 7033 6582 6954 6815 6256 6592 6049 6955 6583 6474 6709 6065 6469 6778 5963 6211 7121 6626 6365 6485 6389 6035 6900 6407 6273 6390 6984 6609 6497 6428 7036 7001 6297 6456 6834 6345 6016 6513 6893 6753 6605 6831 6820 6611 6090 5972 6719 5944 6693 6454 6288 6531 6557 6284 6787 6676 6383 5815 6332 6910 6888 6398 6876 6978 6723 6829 6420 5710 6490 6145 6531 6665 6500 6883 7580 6739 6338 6558 6361 6161 6141 6853 5883 5756 7216 6846
6342 6525 6365 6437 6234 6416 6681 6648 5549 6295 6368 6025 5856 6586 6595 6328 6503 6120 6761 6781 6015 6448 6738 6179 6553 6389 5472 6233 6485 6143 6780 6582 6659 6427 6137 6655 6311 6818 7047 6383 6613 6425 6068 6115 6606 6390 6648 6545 6576 6383 6486 6623 5915 5664 5952 6194 6613 6872 5867 6724 6247 6527 6050 6057 6027 6611 5769 6337 5840 5918 6567 6335 6693 5971 5914 6788 6476 6517 6182 6503 6215 6182 6403 6398 6491 6959 5893 5912 5721 5990 6264 6099 6350 6488 5846 6314 7020 6426 5869 6280 6716 6302 6426 6361 6871 5937 6604 5720 5994 6118 6371 6191 6757 6606 5834 6122 5939 6181 6358 6204 6179 6333 6533 5960 6320 6792 6335 6647 5985 6056 6220 6182 5844 6508 6053 6277 6598 6217 6075 6292 5327 6560 6668 6426 5559 6107 6470 6295 5985 6343 6281 6568 6291 6224 6434 6517 6802 6429 6293 6379 6687 6149 6198 6289 6536 6055 6463 6776 6303 7106 6596 6089 6892 6490 5940 6686 6022 6670 6314 6746 6606 5888 6202 6302 5936 6015 6655 6347 6334 6227 6144 6762 6750 6247 5755 6239 6119 6320 5967 6351 6449 6458 5815 6068 6448 6051 5926 6227 6661 6198 6249 6643 6616 6243 6372 5969 6657 6145 6808 6257 6285 6370 6346 6285 6560 6466 5933 5999 6417 6399 6380 6104 6985 6777 6285 6298 6190 5565 6285 6377 6615 6364 6493 6604 7168 6004 6030 6227 6670 6242 6085 6376 5976 5615 6249 6437
6759 6595 6546 5879 6329 6626 6586 6839 5890 6425 6465 6704 6106 6555 6387 6384 6307 6284 6554 6552 6146 6623 6794 5919 6408 6476 5508 6526 6690 6352 6814 6829 6502 6511 6454 6032 6419 6670 7272 6501 6983 6418 6446 6067 6540 6471 6610 6746 6551 6488 6483 6584 5566 5634 6285 6317 6859 6923 6004 6483 6289 6294 6111 6125 5943 6553 6103 6691 5654 6193 6329 6380 6561 6456 6362 6805 6413 6467 6098 6554 6031 6288 6678 6513 6499 7051 6040 6222 5851 6115 6138 6311 6034 6363 6242 6436 6765 6124 6214 6087 6793 6536 6299 6452 6844 6076 6373 5959 6183 6295 6308 6281 6655 6490 6058 6085 6554 6339 6413 6337 6445 6324 6716 5663 5972 6668 6801 6543 6571 6262 6315 6309 6241 6669 6161 5914 6625 6192 6374 6303 5735 7047 6894 6548 6116 6238 6254 6087 6025 6403 6185 6652 6204 6197 6598 6486 6446 6629 6145 6481 6781 6129 6320 6800 6420 6242 5982 6424 6141 6668 6955 6566 6662 6433 6416 6603 5666 6244 6342 6556 6593 6130 6223 6288 6103 6175 6624 6432 6353 5850 6298 6409 6944 6244 6102 6199 6696 6565 5993 6331 6569 6917 6112 5877 6878 5927 6092 6297 6742 6499 6316 7032 6422 6218 6004 6074 6725 6240 6633 6462 6149 6612 6733 6369 7013 6564 6126 6108 6364 6527 6683 6272 7204 6366 6488 6888 6342 6021 6206 6411 6668 6812 6603 6714 7204 6332 6213 6352 6416 6109 6184 6691 6245 6276 6750 6484
6095 6405 6354 5890 5922 6153 6656 6164 5919 6137 6202 6146 5636 6506 5987 6059 5992 5922 6238 6126 5823 6487 6555 6220 6600 5999 5530 5879 6323 5841 6426 6272 6274 6334 5918 6149 6116 6648 6113 6228 6554 6016 5888 6088 6184 6007 6293 6439 6347 6328 5974 6137 5469 5565 5844 6100 6223 6605 5783 6676 5754 6223 5858 5728 5935 5949 5883 6045 5252 6056 6198 6173 6102 6014 5442 6281 6400 6598 6109 6073 5597 5836 5998 6185 6011 6871 5711 6334 5256 5846 6149 6113 5685 6069 6027 6395 6048 6052 6093 5827 6520 6117 6074 6089 6556 6085 6181 6032 5915 6007 6279 6253 6304 5917 6223 5806 5900 5746 6074 6150 5872 6011 6409 5888 5895 6577 6383 6310 5914 5989 5983 6093 5982 6488 5702 5932 6084 5879 5698 5958 5529 6858 6330 6334 5613 5740 5848 6040 5664 6317 5744 6083 5826 5921 6401 6335 6126 6511 6043 5904 6415 6180 6197 6211 6206 6017 5867 6097 5582 6604 6500 5918 6011 6416 5683 6206 5520 6188 6101 5959 5909 5894 6019 6280 5737 5958 6254 5984 6001 5948 6213 5771 6225 6253 5987 5926 6434 6027 5637 6096 6164 6629 5897 5774 6221 5627 5661 5970 6429 6105 5882 6098 6120 6011 5941 5765 6525 5643 6268 6127 6010 6298 6115 6539 6328 6088 5765 5585 5850 6044 6555 5753 6732 6717 6248 6136 5673 5325 5674 6180 6303 6271 6052 6540 6745 6144 6183 6005 6065 5850 5768 6156 5460 5707 6751 5814
6270 6389 6210 6230 6249 6456 6461 6311 5627 6436 6155 6547 6052 6390 6323 6214 6549 6194 6572 6501 6184 6449 6649 5888 6250 6289 5344 5943 6588 6106 6401 6559 6490 6673 6208 6314 6540 7006 6691 6387 6529 6398 5959 6172 5820 5862 6607 6589 6443 6568 6504 6334 5635 5597 6161 5775 6405 6375 5786 6670 6242 6089 5955 5829 5927 6180 5698 6411 5903 6163 6407 6013 6416 5924 5849 6380 6834 6484 5980 7010 5825 6271 6462 5989 6101 6795 6010 6233 5818 5781 6212 6232 5864 5998 6034 6133 6717 6523 6014 6086 6606 6155 6532 6499 6444 5777 6463 5937 6205 6097 6355 6141 6640 6257 5923 6213 6438 6238 6286 6006 6190 6216 6354 5821 5941 6423 6506 6494 6052 6479 5883 6048 6076 6452 5705 6387 6632 6227 5948 6261 5651 6733 6659 6404 5515 6121 6266 6345 5967 6945 6091 6283 6054 6503 6544 6368 6457 6376 6457 6131 6379 6214 5978 6296 6658 6100 5838 6205 5928 6614 6499 6364 6523 6353 6079 6637 5672 6433 6657 6315 6240 5795 5787 5974 5921 6142 6563 6120 6283 6322 6411 5895 6582 6184 5989 6141 6725 5990 6021 6078 6471 6949 5945 6271 6389 6107 5927 6199 6820 6223 6392 6464 6447 5964 5939 6083 6612 5793 6713 6204 6163 6387 6315 6521 6182 6269 6019 5813 6271 6758 6519 6182 6628 6746 6321 6506 6032 5282 5936 6469 6575 6362 6264 6568 6793 5890 6086 6478 6178 5846 5667 6422 5758 5717 6681 6404
6629 6760 6773 6527 6623 6952 7025 7039 6028 6819 6684 6578 6431 7111 6851 6831 6936 6485 6819 6815 6208 6637 7323 6357 7098 6710 5663 6524 6676 6298 6850 6856 6918 7028 6656 6790 6780 6988 7024 6863 7173 6851 6671 6428 6569 6108 6994 6895 6908 7001 6686 6695 5988 5981 6539 6836 6954 7281 5984 7058 6433 6992 6299 6321 6429 6741 6359 6751 6178 6595 7000 6379 6938 6263 6286 6902 6464 6828 6664 6856 6378 6814 6702 6771 7179 6994 6320 6511 6043 6269 6068 6375 6143 6840 6495 6817 7012 6563 6537 6314 7270 6510 6932 6610 7248 6399 6779 5812 6790 6792 6643 6634 7202 6844 6495 6155 6253 6421 6879 6708 6230 6501 6929 6124 6475 7154 6802 6892 6654 6658 6591 6778 6302 6666 6401 6824 6862 6569 6711 6528 6036 7105 7201 6885 6188 6360 6614 6736 6254 6894 6410 6858 6656 6405 7035 6650 6690 6773 6592 6574 6777 6716 6509 6561 7009 6704 6564 6805 6432 7137 6988 6424 6910 6744 6100 6648 6024 6748 6588 6681 6614 6209 6669 6514 6368 6164 7005 6467 6482 6495 6512 6653 7107 6594 6453 6396 6680 6843 6448 6630 7163 7288 6285 6421 6786 6276 6253 6515 7128 6615 6797 6626 6741 6351 6616 6285 7165 6234 6672 6665 6502 6978 6478 6418 6971 6674 6279 6172 6600 6458 6826 6265 7303 6909 6796 6759 6506 5870 6225 6452 6924 6737 6548 7074 7139 6375 6695 6786 6492 6603 6497 7026 6199 6467 7037 6915
6578 6482 6243 6028 6531 6337 6816 6845 5958 6187 6192 6433 6023 6805 6252 6242 6459 6460 6431 6566 5959 6412 6690 5860 6627 6082 5509 5911 6571 6184 6771 6446 6446 6646 6545 6330 6167 6601 6865 6215 6710 6531 6057 5840 6477 5959 6662 6393 6649 6203 6355 6462 5809 5682 6284 6162 6535 6582 6051 6967 6327 6417 5905 5908 6298 6434 6156 6713 5893 6002 6458 6275 6244 5971 5880 6565 6609 6496 6184 6714 6087 6051 6446 6354 6546 6894 6096 6044 5663 6224 6480 6279 6066 6562 6010 6244 6494 6270 6208 6114 6766 6797 6466 6129 6967 6243 6633 6084 6308 6348 6394 6564 7129 6649 5984 6302 6312 6155 6252 6215 6315 6121 6386 5874 6297 6507 6311 6604 6201 6014 6235 6118 6452 6622 6005 6393 6888 6155 6334 6099 5869 7101 6869 6551 5741 6100 6481 6236 6059 6612 5901 6419 6283 6282 6386 6727 6452 6689 6323 6463 6630 6050 6609 6393 6763 5978 6091 6214 6151 6625 6672 6515 6483 6314 6105 6447 5860 6568 6525 6736 6364 5932 6264 6174 6142 5978 6512 6435 6381 5989 6540 6157 6882 6263 6259 5994 6833 6270 6278 5956 6485 6892 5972 5968 6860 6193 6020 6395 6862 6458 6216 6375 6624 5972 6409 5936 6797 6017 6895 6275 6502 6281 6510 6393 6708 6527 5740 5830 6349 6559 6281 5835 7097 6685 6412 6641 6233 5615 6225 6359 6678 6308 6417 6600 7111 5940 6051 6304 6258 6241 5790 6411 5793 6007 6714 6595
5890 6311 5837 5792 5813 5918 6546 6036 5807 6199 6331 5916 5607 6416 5939 5911 6232 5975 6131 6383 5745 6130 6517 6075 6275 6365 5365 6013 6261 5781 6581 6373 6070 6354 6161 6034 6071 6494 6718 6153 6434 6105 6155 5879 5890 6084 6374 6370 6499 6006 5879 6230 5219 5256 5864 5688 6151 6764 5447 6035 5830 6239 5522 5876 5675 6105 5508 5950 5781 5693 6048 5891 6029 5785 5847 6400 6192 6498 5687 6458 5740 5973 6137 5822 5980 6674 5971 5715 5515 5832 5939 5876 5894 5785 5769 6177 6473 6142 5963 5728 6486 6036 5886 6162 6391 5698 5750 5470 5833 6051 6381 6160 6577 5832 5634 5876 6351 5964 5953 5858 5768 6179 6153 5499 5627 6551 6543 6242 6497 6081 5918 5843 5469 6235 5519 6025 6140 6290 5889 6116 5628 6485 6519 6122 5564 5940 6218 5824 5532 6200 5981 6163 5848 5948 6377 6151 6113 5869 6161 6044 5886 5979 5643 5801 6307 6169 5511 6188 5807 6517 6250 5919 6398 5812 5704 6250 5523 6290 5922 6313 6146 5718 5709 5653 5625 5628 6010 6001 5658 5955 5775 6043 6073 6128 5793 6243 5851 6013 5458 5686 6344 6455 5371 5631 6265 5820 5562 5641 6223 6167 6020 5930 5931 5862 5817 5474 6335 5743 6331 6136 5798 6234 6091 5870 6275 6209 6093 5939 5970 5923 6049 5898 6379 6266 5983 6290 5635 5167 5571 6088 6366 6086 5787 6375 6587 5528 6068 6000 5964 5605 5723 6167 5629 5548 6404 6286
6667 6655 6536 6216 6361 6515 6769 6669 5738 6683 6601 6454 6275 6612 6518 6330 6421 6270 6310 6394 6062 6532 6831 6121 6441 6316 5885 6213 6389 6156 6882 6749 6769 6714 6621 6319 6646 6876 6830 6371 6897 6700 6323 6104 6256 6289 6721 6822 6587 6533 6495 6774 5863 5624 6211 6443 6556 6786 6071 6742 6561 6472 5713 6023 6118 6322 6141 6634 5961 6362 5997 6510 6351 5925 6236 6739 6563 6760 6197 6906 6221 6282 6254 6373 6404 6995 6314 6565 5826 6308 6366 6016 6205 6019 6247 6599 6691 6299 6252 6254 6958 6332 6570 6761 6832 6214 6269 6014 6265 6355 6395 6388 6893 6381 6093 6360 6603 6249 6490 6306 6446 6377 6400 6063 6072 6890 6552 6804 6016 6594 6181 5954 5894 6627 6071 6274 6789 6538 6079 6220 5728 6841 6913 6620 5889 6117 6488 6343 6070 6570 6036 6658 6304 6170 6562 6384 6364 6542 6172 6357 6733 6278 6248 6431 6670 6472 6196 6431 5892 6774 6742 6355 6708 6516 6215 6701 5795 6519 6674 6627 6291 6075 6234 6183 6045 6065 6783 6286 5949 6336 6533 6260 6876 6488 6095 6190 6711 6443 6229 6393 6549 7226 6175 5941 6703 6289 5588 5831 6662 6593 6318 6725 6478 6210 6276 6013 6671 6072 6432 6567 6535 6715 6304 6501 6755 6653 6192 6149 6278 6318 6463 6393 6830 6570 6401 6449 6208 5684 6042 6572 6448 6434 6553 6887 7434 6161 6310 6275 6425 5997 6136 6641 5713 6175 6844 6700
6721 6767 6849 6225 6296 6448 6624 6889 5998 6324 6422 6443 6214 6605 6084 6274 6708 6612 6609 6718 6274 6816 6902 6225 6539 6524 5862 6239 6646 6054 6651 6609 6890 6777 6541 6213 6678 7195 7083 6483 6512 6668 6421 6288 6391 6447 6542 6991 6852 6641 6640 6779 5992 5877 5936 6485 6508 6760 5931 6852 6401 6436 5747 6174 5976 6193 6333 6920 5860 6204 6305 6667 6645 6258 5971 6671 6673 6575 6319 6842 6278 6230 6364 6188 6564 7290 6168 6475 5830 5955 6529 6991 6447 6682 6155 6179 6927 6265 6065 6203 7165 6894 6258 6873 6896 6126 6593 6030 6413 6536 6286 6463 6949 6621 6236 6199 6759 6076 6587 6166 6397 6154 6289 6296 6384 6644 7071 6906 6532 6443 6432 6418 5988 6414 6092 6154 6626 6411 6252 6562 5663 6778 6894 6744 6388 5899 6546 6205 6208 6671 6317 6761 6342 6542 6499 6520 6756 6512 6558 6551 6651 6161 6313 6586 6481 6342 6382 6595 6345 6594 6653 6598 6893 6642 6005 6642 6175 6727 6451 6663 6219 6291 6309 6347 6017 6347 6517 6457 6105 6174 6352 6436 7074 6355 6303 6283 6663 6410 6350 6642 6983 6747 6234 6158 6762 6135 5926 6333 6814 6388 6599 6740 6514 6309 6537 6059 6956 6342 6961 6455 6385 6633 6718 6439 6728 6414 6104 6631 6165 6744 6622 6485 6924 6960 6688 6619 6425 5537 6359 6424 6570 6542 6992 6879 7497 6217 6011 6571 6682 6400 6418 6565 6047 5928 6867 6535
6759 6467 7023 6426 6686 6798 7073 6999 6004 6955 6522 6617 6452 7151 6478 6655 6767 6697 6884 6733 6180 6849 7067 6243 6711 6439 5814 6635 6672 6233 6706 6853 6706 6954 6591 6466 7016 7145 7152 6582 6626 6828 6391 6458 6569 6369 6672 6685 6881 6667 6949 7117 6079 5927 6247 6627 6695 7082 5816 6846 6359 6381 6090 6259 5976 6586 6425 6796 6063 6313 6768 6892 6473 6552 5935 6978 6901 7024 6653 6978 6283 6364 6617 6466 6593 6963 6347 6414 6008 6170 6593 6779 6241 6625 6526 6553 7071 6343 6198 6716 7334 6540 6549 6669 7148 6341 6565 6167 6377 6384 6773 6718 7343 6695 6087 6656 6550 6127 6769 6619 6459 6552 6655 6065 6009 7180 6902 6910 6788 6478 6544 6480 6518 6833 6206 6526 6658 6661 6531 6678 5988 7189 6991 6487 5842 6521 6546 6725 6360 6644 6511 6737 6166 6395 6610 6542 6879 6892 6610 6564 6886 6299 6632 6927 6673 6376 6210 6681 6242 6755 7159 6808 6777 6663 6235 6339 6002 6831 6509 6774 6632 6556 6405 6461 6120 6400 6871 6269 6608 6595 6598 6605 7160 6578 6309 6002 6878 6511 6516 6643 6967 7150 6361 5905 6554 6008 6041 6523 7361 6708 6611 6718 6673 6111 6589 6008 7224 6166 6817 6684 6586 6883 6748 6769 7104 6678 6417 6438 6572 6907 6862 6103 7007 6731 6674 6901 6134 6045 6372 6769 6716 6691 6868 7231 7512 6105 6810 6558 6739 6503 6449 6664 6144 6053 6963 6943
6889 6782 6725 6309 6573 6743 6878 6900 6158 6553 6561 6621 6383 7035 6647 6756 6876 6634 6749 6633 6290 7094 7024 6291 6851 6444 6429 6502 6604 6163 7095 6727 6603 6995 6831 6604 6794 6961 6852 6360 6944 6791 6506 6468 6566 6333 6781 6664 6484 6334 6485 6616 6292 5851 6114 6332 6406 6861 6087 7202 6534 6525 6338 6110 6036 6519 6318 6480 5958 6126 6412 6360 6463 6156 5994 6865 6790 6537 6496 6955 6348 6210 6601 6346 6540 7103 6454 6770 5934 6290 6546 6467 6369 6744 6571 6382 6739 6598 6389 6501 6851 6924 6401 6389 6976 6489 6809 6201 6334 6324 6455 6655 7207 6765 6326 6451 6724 6564 6533 6275 6757 6483 6754 6291 6638 6844 6552 6875 6282 6560 6419 6490 6379 6370 6180 6510 7211 6363 6385 6341 5812 7219 7081 6588 6126 6410 6757 6451 6175 6752 6594 6588 6288 6664 6756 6600 6752 7028 6317 6545 7010 6453 6327 6504 6720 6405 6741 6713 6344 7168 7129 6882 6880 6553 6082 6534 6178 6919 6728 6667 6633 6299 6666 6492 6268 6143 6726 6465 6655 6243 6766 6162 7098 6477 6175 6432 7068 6487 6424 6393 6802 6839 6452 6178 6892 6125 6173 6541 7282 6556 6664 6787 6982 6413 6466 6002 6901 6130 6900 6218 6228 6497 6728 6615 6993 6656 6264 6171 6366 6635 6877 6387 7166 6771 6568 6874 6291 5737 6415 6300 6789 6641 6517 6956 7491 6696 6484 6241 6463 6338 6296 6636 5952 6020 6908 6814
6156 6327 6476 6111 6160 6079 6514 5918 5596 6613 6192 6116 5828 6676 6473 6133 6215 6148 5907 6183 5829 6451 6829 6165 6464 5995 5363 6199 6312 5729 6443 6486 6300 6538 6192 6140 6399 6916 6670 6220 6254 6169 5991 5712 6277 6311 6229 6202 6021 6363 6295 6386 5992 5457 6150 6263 6177 6529 5625 6571 6068 6521 5711 6074 6023 6210 5641 6194 5770 6188 6247 6318 6172 6082 5931 6287 6274 6563 6067 6610 6036 6266 6017 6267 6414 6587 5813 5551 5566 6178 6114 6227 5984 6221 5977 6071 6538 6083 6101 5757 6666 6215 6069 6143 6525 5941 6168 5872 5996 6311 6156 6167 6829 6271 5797 5969 6251 5859 6161 6162 5955 6034 6128 5609 5995 6673 6206 6517 6239 6180 6032 5732 6110 6732 5976 5956 5894 5757 5984 5871 5291 6882 6553 6123 5615 5974 6076 6167 5983 6310 6109 6175 5902 6130 6422 6291 6212 6355 6001 6198 6230 6136 5876 6096 5857 5956 5887 6389 5917 6531 6465 6414 6252 6473 5598 6510 5675 6438 6271 6191 6096 6110 6100 6059 5786 6041 6397 6311 6097 5821 6076 6179 6414 6075 5985 6134 6216 6158 5863 6328 6445 6424 6067 5758 6521 5717 5868 6198 6457 6396 6169 5924 6532 5876 6128 5730 6647 5860 6359 6244 6119 6433 6312 6085 6468 6431 6192 5517 5878 6172 6481 5808 6765 6577 6216 6132 5828 5434 5598 6210 6496 6094 6458 6504 7020 6057 6113 6057 6248 6322 6051 6374 5779 5554 6077 6463
6554 6455 6606 6520 6225 6409 6973 6627 6024 6213 6237 6289 6259 6569 6396 6416 6665 6160 6705 6522 6225 6634 6811 6135 6672 6419 5750 6362 6585 6359 6397 6453 6502 6457 6166 6156 6723 7086 6810 6677 7121 6353 6289 6248 6337 6313 6782 6739 6824 6575 6447 6589 5882 5633 6093 6397 6544 6875 5849 6832 6114 6853 5858 6193 5975 6177 6298 6519 6161 6525 6402 6421 6486 6242 5981 6608 6691 6746 6277 6708 6165 6352 6616 6246 6275 7003 5822 6120 6151 5858 6093 6422 6116 6268 5950 6385 6515 6239 6148 6124 6973 6420 6286 6672 7085 6049 6158 5821 6336 6213 6663 6784 6846 6451 5993 5996 6347 6279 6591 6434 6350 6335 6547 6025 6054 7086 6528 6313 6381 6302 6102 6308 6158 6520 5567 6162 6641 6174 6359 6447 5911 7160 6741 6777 6083 5954 6272 6274 5813 6749 6065 6670 5995 6290 6575 6739 6316 6432 6506 6438 6503 6177 6412 6428 6791 6309 6269 6481 6044 6660 6632 6377 6450 6281 6014 6254 5875 6822 6383 6229 6653 5914 6237 6223 5795 6060 6584 6074 6125 6188 6151 6271 6819 6388 6124 6322 6229 6310 6231 6430 6887 6710 6131 6198 6365 6227 6013 6208 6997 6192 6659 6598 6385 6193 5880 6230 6847 6029 6327 6271 6102 6650 6556 6176 6819 6433 6257 6171 6429 6212 6609 5844 6986 6658 6444 6845 6141 5955 6096 6545 6651 6510 6536 6509 7190 6289 6660 6584 6361 6237 6159 6448 6020 5781 6768 6535
6268 6501 6638 6139 5974 6257 6802 6375 6030 5988 6174 6205 6103 6723 6442 6462 6528 6416 6269 6319 6029 6681 6718 5999 6874 6457 5549 6445 6665 6203 6514 6632 6465 6382 6142 6344 6506 6498 6728 6489 6569 6233 5933 5924 6561 6198 6631 6690 6253 6545 6249 6525 6051 5701 5751 5962 6732 6665 5854 6974 5907 6265 5928 5775 5768 6497 5940 6266 5675 5854 6507 6374 6606 6139 5837 6769 6607 6557 6326 6777 5930 6086 6371 6392 6205 6883 6045 6138 5370 6066 6003 6205 5868 6083 6274 6035 6561 6321 5892 6296 7000 6356 6325 6252 6810 6020 6147 5860 6115 5849 6604 6434 6841 6423 6106 5892 6103 6166 6528 6234 6245 6360 6482 5659 6180 6645 6463 6141 6209 6442 6123 6188 6007 6309 5665 6201 6556 6146 6095 6165 5756 6688 6670 6355 5901 6019 6432 6401 5916 6655 5853 6213 5886 5964 6589 6508 6480 6321 5955 6128 6654 6260 6305 6200 6518 6191 6402 6457 5873 6430 6470 6048 6568 6470 6034 6139 5530 6463 6273 6384 6396 5702 6292 6161 5890 6147 6830 6003 6232 6090 6587 6199 6501 6415 5970 6247 6591 6190 5948 6268 6631 6573 6011 5915 6303 6103 5949 6068 6852 6542 6213 6404 6610 5864 6067 5874 6683 6067 6502 6147 6328 6460 6230 6195 6379 6522 5993 5941 6448 6382 6689 6051 7002 6614 6239 6546 5896 5583 6021 6147 6281 6304 6465 6541 6990 6479 6380 6522 6221 5935 6159 6885 5602 5514 6643 6206
6331 6415 6457 6090 6189 6304 6716 6335 6014 6244 6104 6305 6055 6530 6437 6370 6032 6305 6446 6604 5698 6414 6873 5898 6406 6159 5422 6271 6543 6073 6543 6623 6355 6746 6044 6142 6500 6937 6484 6515 6778 6206 6094 6029 6657 6134 6256 6594 6460 6386 6475 6370 5778 5518 6137 6339 6380 6655 5854 6993 5993 6278 6178 5855 5866 6308 5750 6407 5512 6192 6622 6052 6323 5998 5995 6070 6528 6686 6363 6260 6046 6260 6307 6554 6287 6628 6117 6182 5578 5766 6074 6337 5854 6493 6496 6294 6575 6317 5970 6150 6408 6353 6234 6587 6801 5807 6172 5845 6181 5840 6464 6470 6601 6464 5711 6088 6389 6083 6374 6260 6485 6495 6628 6117 6081 6832 6110 6715 6120 6321 5870 6502 6299 6660 6273 6129 6589 6175 5966 6073 5481 6906 6625 6522 5915 6245 6091 6001 6077 6425 6035 6199 6088 6206 6370 6351 6348 6319 6052 6349 6501 5991 6253 6210 6406 6080 5859 6194 6276 6576 6929 6239 6324 6616 6088 6513 5962 6514 6469 6222 6505 5995 6428 5891 5926 6096 6346 6043 6136 6322 6087 5993 6586 6344 5649 5946 6642 6758 6011 6266 6645 6848 5760 6154 6530 5829 5955 6247 6954 6076 6456 6491 6370 6047 6079 5814 6541 6093 6241 6362 6241 6459 6682 6181 6586 6360 6161 5434 6104 6157 6825 5939 6789 6736 6353 6799 6079 5753 6172 6156 6529 6516 6302 6504 7201 6274 6290 6068 6437 6191 6048 6428 5531 6128 6707 6428
6430 6658 6498 6260 6133 6255 6767 6746 5589 6518 6624 6215 6398 6907 6392 6211 6407 6050 6468 6737 6082 6693 6747 6071 6603 6493 5913 6228 6521 6240 6483 6607 6385 6632 6432 6245 6081 6719 6858 6337 6548 6243 6256 5952 6204 6007 6441 6511 6632 6427 6407 6413 5820 5510 6221 6097 6315 6787 5435 6952 6093 6316 5931 5657 6173 6439 6109 6522 5797 6066 6492 6176 6442 5969 5662 6500 6203 6804 6077 6443 6175 6373 6094 6275 6698 6875 6088 6210 5679 5962 6212 6092 5834 6234 6106 6123 7004 6444 6043 6033 7046 6422 6197 6237 7062 6052 6318 5768 6209 6401 6434 6059 6917 6722 5977 5874 6155 6224 6445 6293 6181 6084 6341 6082 6156 6663 6443 6951 6302 6214 5937 6052 5960 5910 6123 6336 6704 6315 6057 6444 5435 6441 6750 6110 5912 6332 5943 6094 6057 6124 6244 6479 6530 6101 6763 6273 6244 6539 6082 6241 6231 6070 5821 6096 6326 6498 6166 6398 5937 6483 6586 6511 6662 6568 5836 6151 5943 6491 6186 6265 6441 5773 6550 5921 5947 5858 6574 6258 6445 6115 6043 6213 6705 6250 6003 6125 6660 6261 6021 6502 6705 6649 5970 5977 6457 5772 6163 6063 6826 6500 6440 6225 6468 6181 6359 6098 6863 6066 6377 6326 6175 6492 6513 5933 6635 6046 5718 6103 6008 6269 6348 5861 6718 6457 6322 6560 6276 5645 5860 5804 6419 6178 6046 6481 6957 5854 6108 6295 6401 6134 5981 6537 6295 5882 6674 6657
6171 6253 6508 6193 6178 6729 6446 6879 5727 6376 6553 6301 6031 6468 6204 6297 6457 6030 6419 6336 6055 6163 6625 5852 6380 6088 5797 6200 6438 5961 6512 6620 6460 6490 6071 6322 6650 6905 6712 6255 6573 6534 6307 5849 6192 6576 6544 6962 6003 6551 6634 6574 6103 5541 6112 6450 6746 6931 5932 6637 6183 6779 5473 5643 6186 6026 6037 6219 5272 6043 6201 5993 6313 5712 5853 6530 6523 6223 6039 6359 6087 6091 6105 6276 6310 6849 6155 6221 5653 5994 6153 6579 5840 6217 6316 6156 6510 6112 6105 6226 7207 6292 6316 6402 6395 5907 6323 5730 5943 6037 6113 6525 6805 6251 5935 5964 6106 6255 6342 5918 6283 6035 6348 5659 5792 6807 6297 6607 5998 5981 6250 6190 5883 6275 5607 6291 6459 6045 5725 5992 5677 6986 6557 6335 6134 6118 6269 6291 5846 6442 6116 6157 6072 6071 6492 5997 6626 6498 6140 6098 6483 6121 6330 6301 6278 6583 5922 6402 6268 6416 6288 6112 6693 6436 6206 6567 5541 6698 6300 6478 6142 5958 6083 6386 5790 6070 6348 6273 6074 6405 6416 6270 6525 6366 6156 6282 6363 6258 6231 6014 6435 6656 6079 6006 6587 6420 5907 6256 6532 6132 6158 6342 6395 5964 5829 5557 6582 6040 6535 6402 6066 6236 6266 6208 6686 6661 6328 5844 6048 6013 6306 6001 6810 6506 6266 6276 6192 5329 5918 6020 6333 6338 5912 6658 6998 6317 6135 6329 6052 5904 6241 6251 5545 5854 6689 6514
6804 7003 7021 6822 6555 6883 7133 7022 6310 6756 6955 6849 6329 7093 6692 6837 7103 6690 7344 6900 6382 7031 7319 6518 6990 6562 6115 6468 6997 6458 7160 7034 6654 7018 6630 6374 6953 7290 7279 6988 7063 6910 6561 6316 6762 6505 6983 7079 6785 6773 6762 6900 6315 6157 6252 6792 6680 7191 6249 7208 6664 6813 6323 6294 6453 7101 6324 6727 6110 6868 6519 6803 6798 6460 6010 6786 6878 6933 6521 7258 6340 6866 6696 6638 6886 7458 6327 6555 6320 6603 6480 6932 6625 6862 6386 6596 7046 6607 6328 6552 7197 6749 6877 6594 7339 6529 6828 6151 6612 6494 7092 6867 7189 6921 6411 6475 6663 6714 6553 6917 6612 6555 6726 6243 6632 7186 6892 7023 6543 6787 6499 6795 6660 6686 6412 6793 6848 6637 6615 6723 6146 7564 7248 6922 6336 6488 6714 6617 6373 6962 6686 6979 6500 6566 7040 6692 6979 7058 6659 7235 6968 6701 6498 6706 6718 6492 6327 6977 6726 6933 7096 6608 7223 6800 6544 6866 6201 7034 6822 6468 6637 6324 6840 6700 6100 6279 6935 6760 6381 6810 6643 6681 7082 6784 6357 6580 6767 6855 6502 6676 6946 7007 6216 6682 7108 6374 6518 6929 7298 6519 6884 6958 6576 6411 6568 5979 7310 6066 7135 6951 6529 6837 6758 6666 6877 6909 6657 6547 6822 7067 7096 6393 7081 6953 6851 6732 6545 5943 6386 6699 6930 7067 6678 7071 7501 6376 6618 6683 6699 6687 6631 6896 6374 6086 6808 6774
6592 6938 6824 6271 6297 6567 7165 7054 5845 6695 6710 6488 6320 6847 6656 6295 6967 6532 6390 6864 6116 7074 7079 6663 6667 6629 5705 6575 6930 6588 6441 6811 6733 6834 6443 6463 6691 6947 7073 6447 6965 6442 6292 6350 6360 6569 7098 6687 6816 6718 6730 6673 6096 5682 6364 6475 6708 7434 6082 6924 6590 6579 6101 6321 6060 6554 6227 6807 6009 6089 6438 6402 6624 6329 6263 7026 6761 7009 6317 6829 6343 6224 6742 6365 6602 6987 6280 6474 5863 6181 6435 6233 6503 6629 6221 6745 6909 6469 6519 6389 7145 6602 6320 6588 7175 6413 6370 6164 6451 6312 6604 6728 7172 6463 6294 6658 6495 6403 6599 6479 6175 6510 6775 6444 6533 7011 6848 6837 6412 6650 6513 6509 6281 6541 6228 6601 6551 6174 6235 6657 5870 6970 6975 6755 6068 6403 6520 6675 6194 6724 6474 6959 6290 6172 6473 6751 6680 6768 6483 6821 6615 6501 6370 6530 6531 6624 6577 6673 6333 7051 6655 6446 6564 7028 6228 6620 6023 6895 6667 6823 6569 6268 6416 6455 6232 6233 6740 6706 6537 6458 6437 6437 6963 6860 6311 6630 6655 6217 6054 6583 6752 6880 6335 6317 6781 6106 6241 6195 6811 6673 6402 6711 6676 6305 6303 5973 7039 6194 6993 6493 6391 6563 6618 6401 7159 6942 6285 6340 6913 6417 6849 6173 7200 6860 6832 6638 6103 5830 6242 6762 6835 6685 6619 6976 7340 6073 6773 6410 6650 6286 6350 6678 6027 5945 6797 6405
6520 6854 6600 6530 6375 6824 7117 6672 5922 6442 6374 6490 6449 6746 6272 6263 6627 6340 6663 6755 6503 6968 7141 6589 6766 6542 5723 6293 6726 6205 6869 6765 6725 6993 6205 6556 6915 7110 6956 6600 7017 6782 6599 6390 6781 6297 6983 6865 6404 6679 6562 7100 6208 6047 6175 6495 6798 7322 6220 6611 6277 6923 6021 6279 6182 6548 6095 6708 5834 6203 6502 6538 6685 6359 5999 7074 6888 7107 6643 6927 6342 6520 6572 6493 6592 7158 6237 6500 5793 6135 6394 6446 6701 6321 6274 6353 7158 6431 6295 6297 7338 6536 6541 6712 7104 6278 6561 6183 6378 6239 6917 6832 7416 6519 6187 6613 6561 5881 6577 6552 6408 6512 6674 6266 6319 6998 6979 6766 6553 6515 6258 6320 6172 6841 6128 6538 6755 6565 6142 6481 5999 7339 7116 6849 6093 6360 6514 6435 6186 6764 6238 6882 6207 6334 6579 6684 6630 6497 6504 6777 6746 6348 6462 6598 6567 6277 6601 6765 6273 6642 6919 6452 6911 6800 6087 6651 5995 6888 6715 6815 6632 6449 6614 6186 6370 6338 6921 6411 6292 6443 6463 6595 6740 6751 6335 6118 6770 6552 6687 6622 6936 7002 6465 6335 6800 6408 6172 6368 6956 6538 6584 6610 6564 5938 6312 6079 7244 6146 7056 6500 6722 6881 6998 6520 6831 6987 6321 6074 6352 6580 6500 6322 7185 7042 6536 6797 6224 5833 5966 6432 6549 6662 6812 6604 7463 6436 6264 6364 6617 6434 6338 6852 5787 5790 6589 6762
6684 6545 6608 5998 6217 6477 6851 6807 5840 6351 6106 6352 6219 6724 6352 6497 6591 6351 6548 6642 6022 6395 6798 6336 6534 6291 5517 6192 6570 6335 6439 6612 6492 6485 6256 6407 6433 6749 6800 5907 6360 6191 6208 6201 6398 6192 6555 6626 6377 6452 6346 6550 6139 5527 6053 6141 6633 6679 5809 6653 6282 6543 5836 6306 5858 6181 6140 6770 5547 6272 6353 6635 6755 6058 5767 6530 6557 6362 6298 6546 6005 6060 6510 6375 6838 6926 6364 6232 5605 6052 6211 6324 5960 6329 5984 6594 6572 6202 6203 6045 6946 6236 6220 6277 6896 6003 6530 6176 6183 6321 6432 6256 6720 6225 6098 5866 6333 6078 6449 6090 6417 6267 6476 5945 6251 6956 6963 6799 6299 5966 6151 5922 5897 6323 6127 5930 6565 6288 6289 6008 5379 6679 6929 6366 5824 5905 6593 6107 6150 6582 5887 6210 6052 6239 6527 6470 6620 6484 6319 6257 6427 6164 6301 6562 6475 6382 6182 6392 6033 6793 6339 6490 6683 6445 5701 6426 5925 6383 6290 6539 6375 6099 5782 6368 6105 6133 6388 6038 6169 6418 6285 6351 6635 6225 6023 6269 6819 6264 5992 6198 6752 6722 5993 6151 6484 6027 6221 6499 6928 6189 6436 6396 6376 6331 6097 5810 6505 5821 6600 6283 6479 6289 6492 6348 6674 6468 6091 6013 6242 6539 6986 5963 6954 6467 6406 6529 6206 5957 6217 6217 6772 6261 6363 6578 6690 6208 6168 6462 6658 6140 5988 6429 6287 5668 6477 6489
6745 6800 6689 6481 6684 6483 7084 6787 6097 6567 6329 6458 6067 7150 6716 6593 6738 6361 6681 6814 6481 6974 7204 6345 6940 6145 6021 6437 6660 6142 6677 7062 6759 6909 6530 6371 6979 7182 6970 6566 6795 6556 6406 6196 6606 6411 6722 6704 6596 6764 6568 6989 6318 5953 6249 6700 6741 7047 6264 7023 6396 6364 6021 6384 6333 6753 6123 6826 6002 6722 6822 6679 6920 6275 6217 6741 6881 6976 6711 6949 6287 6411 6708 6392 6790 7165 6582 6532 5951 6370 6504 6500 6239 6393 6312 6503 6974 6543 6017 6329 7031 6690 6924 6633 6944 6170 6307 5878 6531 6545 6774 6564 7129 6853 6192 6752 6702 6524 6555 6505 6483 6735 6425 6385 6198 7153 6777 6625 6351 7030 6639 6519 6288 6812 6216 6484 6936 6532 6206 6967 5818 7159 7128 6681 5904 6290 6749 6235 6400 6735 6240 6784 6521 6327 7037 6607 6702 6864 6230 6433 7025 6338 6604 6617 6829 6365 6648 6643 6529 6550 6829 6577 6792 6837 6265 6722 5882 6860 6577 6399 6643 6375 6430 6291 6238 6288 6781 6672 6417 6489 6463 6313 6855 6395 6250 6359 6751 6514 6397 6389 6848 6798 6379 6306 6887 6021 6440 6565 6819 6526 6430 6505 6702 5916 6357 6134 6973 6417 6872 6470 6481 6737 6809 6617 6568 6687 6181 6299 6290 6681 6874 6403 7398 6775 6600 6646 6385 5836 6265 6496 6673 6573 6884 6824 7195 6286 6482 6756 6594 6096 6257 6988 6011 6154 6938 6661
5810 5889 6274 6027 6009 6046 6242 6226 5338 5799 6134 5805 5767 6178 6098 6112 6046 5681 5955 5920 5418 6106 6364 5818 6051 6093 5153 5819 6246 5634 5932 6116 5770 5886 5839 5876 6130 6562 6316 6082 6139 6024 5723 5544 5836 5884 6279 6277 5980 6035 6068 5919 5739 5468 5432 5510 6038 6302 5444 6414 5995 6036 5635 5641 5487 6242 5509 5810 5537 5977 5952 6191 6085 5511 5703 6254 5972 6317 5623 6223 5674 5632 6087 5952 6104 6360 5918 5657 5586 5691 5682 5721 5676 5966 5698 6126 6285 5823 5641 6038 6653 5844 5671 5865 6387 5694 6069 5478 5648 5715 6145 5973 6242 6272 5706 5672 5552 5864 5993 5856 5699 5957 6011 5263 5632 6350 6057 6105 5655 6156 5736 5927 5625 6140 5971 5803 6288 6102 5621 5663 5356 6577 6560 6228 5739 5808 5993 5833 5734 5974 5604 6139 5970 5885 5969 6041 6049 5955 5788 5950 6080 5840 5913 5913 5941 5556 5568 6317 5727 6197 6088 5423 6367 5772 5755 6108 5818 6109 5911 5914 6173 5109 5879 5641 5526 5639 6018 5798 5807 5931 5953 5915 6170 5737 5592 5764 5657 6331 5494 5732 6019 6425 5465 5804 6312 5862 5201 5872 6410 5887 5686 6099 6007 5668 5757 5652 6122 5652 6082 5835 5774 5951 5898 5796 6505 5958 5626 5364 5727 5746 6205 5539 6454 6139 5984 6125 5809 5607 5700 5669 6204 6376 5744 6017 6213 5758 6100 5607 5911 5853 5566 6153 5662 5346 6046 6159
6972 7026 6883 6750 6786 6950 7148 6973 6109 6783 6618 7095 6223 6912 6956 6563 6883 6322 6982 6822 6367 6652 7329 6559 6622 6847 5686 6538 6852 6566 7173 7091 6814 7138 6744 6577 7020 7395 7264 6848 6957 6685 6719 6538 7123 6539 6923 7239 6747 6788 6744 7181 6361 5983 6608 6571 7083 7008 6115 6981 6589 6968 6560 6513 6806 6987 6255 6794 6070 6648 7108 6946 7061 6477 6414 7009 6798 6974 6740 7016 6593 6515 6531 6756 6714 7367 6276 6827 6126 6657 6575 6669 6068 7173 6517 6670 6963 6491 6584 6878 7307 6479 6743 6705 7031 6052 6840 6644 6267 6508 6453 6651 6934 7025 6186 6510 6876 6698 6695 6742 6628 6442 6967 5971 6613 7323 6955 7030 6801 6707 6713 6763 6717 6816 6568 6705 6758 6404 6799 6549 6026 7068 7281 6791 6309 6667 6915 6433 6332 7249 6472 6894 6605 6526 6964 6782 7053 6971 6523 6630 6793 6369 6537 6775 7119 6519 6359 6922 6517 6766 6780 6756 7156 6780 6319 6825 6387 7073 6636 6646 6701 6669 6741 6794 6282 6945 7075 6926 6685 6562 6628 6518 7002 6624 6499 6384 6919 6737 6224 6702 6598 6791 6350 6560 6837 6220 6268 6742 7295 6682 6711 6891 6801 6627 6465 6176 7281 6536 7266 6746 6692 6714 6743 6744 6904 6713 6374 6614 6221 6878 6861 6545 7316 7040 7036 7077 6625 5958 6526 6728 7112 7011 6855 6982 7676 6559 6396 6591 6522 6420 6209 6999 6030 5967 7116 7092
6369 6660 6244 6106 6141 6421 6823 6446 6158 6389 6028 6431 6198 6420 6365 6407 6419 6113 6414 6296 5973 6662 6785 6155 6669 6128 5552 6266 6318 5890 6503 6613 6121 6446 6091 5882 6251 6307 6616 6434 6774 6358 6073 6103 6074 6020 6246 6340 6306 6166 6382 6680 5821 5614 6065 6140 6352 6656 5495 6681 6010 6375 5654 5997 6189 6357 6287 6467 5905 6145 6410 6183 6187 5928 6032 6543 6062 6401 6119 6674 5833 6034 6476 6157 6236 6812 6260 5996 5595 5525 6086 6066 6251 6478 5760 6148 6362 6463 5996 6199 6775 6706 6442 6294 6776 6052 6283 5724 6150 6261 6542 6303 6543 6323 5725 5781 6379 6143 6442 6265 6522 6186 6473 5920 6231 6460 6419 6178 6022 6226 6112 6100 6240 6070 5620 6352 6355 5987 6109 6330 5694 6755 6703 6206 5957 5975 6393 6283 6104 6527 6097 6186 6258 6211 6441 6446 6415 6293 5916 6437 6357 6173 6181 5988 6456 6255 6417 6405 6018 6638 6580 6081 6480 6383 5858 6322 5565 6392 6452 6353 6335 6067 5867 5932 5992 5928 6577 6105 6156 6121 6051 6045 6586 6478 5877 6161 6821 6352 5660 6196 6556 6633 5871 6255 6410 6185 6003 6235 6684 6545 6260 6684 6473 6302 5896 5738 6523 6010 6553 6220 6289 6409 6394 6238 6387 6424 6341 6211 6230 6452 6249 5964 6963 6438 6245 6142 5755 5767 5702 5960 6337 6371 6444 6610 6834 6037 6106 6153 6005 5872 5965 6653 5918 5650 6534 6402
7042 6922 7062 6857 6963 7034 7120 7102 6729 6993 6830 6930 6404 7296 6697 6922 6804 6730 7280 7002 6374 6813 7082 6569 7160 6784 6174 6661 7311 6681 7202 7245 7069 6935 6629 6684 7160 7652 7533 6807 7174 6943 6982 6368 7040 6704 7147 7052 6887 7325 6911 7321 6177 6182 6704 6598 7183 7336 6230 7656 6810 6938 6114 6624 6500 6888 6701 7166 6222 6605 7137 7018 6822 6757 6672 7011 7020 7082 7054 7067 6612 6665 6941 6713 7010 7492 6500 6555 6514 6793 6990 7076 6322 6766 6860 6929 7248 6391 6440 6598 7388 6732 6655 6848 7288 6239 6843 6237 6383 6697 6720 6907 7279 7045 6778 6399 6730 7016 6789 7007 6629 6922 7026 6153 6539 7154 7178 7034 6826 6648 6739 6688 6664 7077 6465 6749 7021 6554 6355 6823 6168 7542 7123 6805 6363 6921 6818 6846 6628 6805 6569 6932 6602 6547 7173 6548 6997 6942 6511 6700 7213 6561 6637 7045 7206 6767 6447 6591 6967 6908 6712 7297 7124 7064 6732 6920 6222 7075 6386 6790 7006 6547 6698 6564 6455 6699 7005 6796 6757 6663 6864 6606 7184 6807 6631 6727 6999 6814 6577 6394 6977 7362 6391 6262 7212 6500 6629 6543 7113 6691 6553 7226 7021 6700 6762 6159 7505 6750 7096 7187 6810 7016 6735 6805 6791 6835 6400 6578 6584 6873 6924 6685 7470 7105 6739 7129 6711 6262 6578 6853 7039 6880 7067 7368 7494 6595 6745 6798 6908 6388 6560 7202 6460 6446 7340 6697
6893 6840 6779 6596 6754 6949 7098 7071 6377 6751 6875 6587 6503 7175 6708 6407 6784 6600 7341 7045 6339 6784 7248 6498 7025 6721 5988 6696 6736 6456 7037 6997 6966 6803 6773 6757 6734 7315 7477 6885 6923 6861 6699 6393 6657 6303 7090 6941 7074 6891 6973 6860 6210 6089 6424 6364 6704 7104 6523 7017 6623 6950 6644 6489 6549 6731 6519 7080 6231 6624 7014 6581 6660 6363 6172 6996 6726 6971 6658 6931 6423 6619 6635 6744 6810 7279 6446 6569 6239 6239 6902 7012 6405 6595 6386 6906 6961 6456 6473 6337 7170 6847 6857 6862 7167 6243 6806 6228 6657 6523 6585 6625 7202 6751 6577 6517 6438 6809 6780 6371 6528 6585 6809 6441 6627 7211 7099 6834 6845 6640 6203 6456 6357 6620 6491 6678 7033 6773 6645 6507 6072 7100 7287 7017 5894 6394 6538 6527 6020 6981 6203 6992 6401 6785 7037 6879 6824 6836 6572 6743 6905 6603 6960 6924 6892 6886 6683 6600 6539 7185 6897 6791 6825 6783 6235 6961 6249 6929 6822 6678 6741 6194 6503 6866 6361 6409 7012 6535 6711 6692 6728 6568 7000 6836 6297 6530 7031 6609 6664 6618 6822 7109 6530 6673 6948 6744 6397 6515 7237 6612 6578 6753 6570 6310 6563 6229 6894 6354 7305 6684 6762 6751 6970 6690 6985 6514 6361 6361 6640 7123 6724 6343 7184 6859 6911 6940 6139 6273 6379 6790 6936 6727 6707 7207 7264 6278 6593 6860 6598 6254 6210 6931 6409 6235 7000 6651
6809 6900 6695 6464 6441 6654 6999 6779 6061 6639 6524 6690 6080 6913 6734 6503 6650 6545 6484 7000 6221 7025 7228 6459 6730 6582 5627 6574 6789 6438 6828 7096 6539 7019 6729 6704 6612 7215 6959 6650 6892 6644 6592 6305 6549 6252 6836 6539 6653 6669 6719 6633 6003 5719 6504 6578 6834 7162 5970 7178 6407 6687 6278 6430 6377 6410 6063 6718 6142 6298 6669 6656 6717 6372 6017 6534 6668 6824 6588 7004 6194 6644 6523 6530 6811 6825 6462 6461 5994 6289 6573 6840 6286 6614 6542 6522 6759 6406 6417 6299 6937 6578 6835 6667 6815 6278 6330 6298 6555 6732 6782 6739 7046 6390 6319 6601 6422 6468 6537 6564 6394 6598 6685 6139 6343 7119 6789 6979 6547 6681 5991 6444 6561 6745 6169 6798 6837 6449 6199 6406 6011 7251 7181 6551 6110 6379 6444 6561 6245 6772 6403 6456 6439 6398 6721 6498 6696 7001 6403 6655 6717 6572 6444 6547 6667 6708 6311 6684 6381 6966 6856 6791 6711 6992 6213 6856 6113 6845 6194 6844 6682 6277 6438 6541 6522 6364 6954 6507 6680 6684 6390 6339 6942 6524 6125 6471 6697 6453 6386 6507 6855 7248 6144 6239 6838 6271 6318 6567 6952 6712 6497 6399 6730 6442 6484 6086 7060 6218 6671 6650 6325 6722 6735 6670 6855 6455 6408 6481 6595 6675 6938 6466 7063 6866 6679 6527 5991 6096 6408 6641 7028 6512 6617 6961 7252 6343 6458 6785 6635 6496 6253 6918 6475 5918 7045 6837
7180 7278 7078 6910 6882 7200 7507 7612 6719 7166 7455 7061 6703 7184 7223 6917 7258 7030 7221 7096 6798 7277 7682 6547 7451 7182 6423 7185 7193 6888 7219 7109 7111 7461 7196 6905 7148 7721 7778 7294 7477 7440 7131 6678 7291 7005 7431 7185 7412 7308 7063 7175 6400 6267 7085 7048 7164 7924 6584 7635 6912 7096 6549 6853 6667 7122 6614 7101 6476 6837 7260 7211 7202 6947 6902 7383 7167 7779 6924 7376 6681 6904 7029 7215 7204 7437 6762 7017 6581 6696 7010 7188 6701 7168 6832 7080 7575 7056 6988 6636 7793 7056 7178 7199 7640 6777 7180 6448 7113 7035 7275 7016 7610 7275 6958 6872 6878 6895 6902 7097 6928 6928 7239 6852 7205 7299 7530 7351 6873 6944 6853 7064 6702 7000 6950 6839 7512 7217 6928 7061 6443 7949 7742 7030 6794 6681 6981 6845 6847 7342 6725 7308 7208 6897 7496 7150 7009 7285 6963 7122 7191 6978 7025 7163 7297 6919 6854 7195 6697 7314 7569 7167 7496 7302 6883 7287 6752 7447 6934 7339 7281 6939 7094 6894 6725 6669 7301 7006 6918 6952 7011 6939 7737 7259 6914 6895 7453 7056 6667 7166 7251 7673 6942 6616 7444 6928 6665 6880 7626 7291 6885 7118 7057 7073 7279 6694 7449 6484 7713 7013 7059 7579 7280 7068 7701 7079 6867 7099 7033 6697 7215 6643 7738 7534 7489 7248 6498 6323 6900 7033 7502 7464 7009 7784 7929 6826 7016 7159 7211 6938 6707 7323 6750 6616 7524 7075
6256 6514 6295 5889 6223 6204 6533 6519 6006 6551 6079 6255 6165 6606 6176 6245 6253 6177 6200 6320 5968 6380 6801 5793 6697 6446 5432 6678 6285 6071 6482 6350 6671 6361 6067 6281 6153 6912 6894 6389 6583 6350 6308 6052 6170 6104 6574 6446 6611 6362 6220 6340 5760 5424 6088 6155 6323 6960 5388 6798 6085 6546 5614 5929 6035 6420 5922 6478 6029 5983 6236 6387 6115 6008 5676 6774 6556 6568 6214 6528 5794 6302 6320 6340 6438 6982 5866 6168 5711 5826 5955 6384 5807 6203 6161 6011 6538 6002 6240 6163 6693 6354 6164 6075 6616 5967 6073 5768 6085 6506 6177 6440 6750 6301 6072 6204 6210 6526 6190 6223 6027 6025 6239 5805 6136 6648 6453 6393 6320 6128 5976 6084 5972 6162 5871 6130 6424 6180 5826 6395 5700 6667 6654 6166 5819 6116 5932 6638 6076 6199 6082 6484 5947 5916 6566 6521 6561 6362 6223 6430 6083 6154 5996 6177 6161 6075 5766 6455 5871 6724 6571 6294 6370 6164 5926 6345 5633 6464 6389 6218 6112 6151 5790 6165 5748 6227 6362 6026 6377 5851 6121 6212 6558 6212 6012 6114 6491 6101 5879 6168 6320 6957 5860 5843 6514 5993 5655 5985 6969 6256 6146 6524 6418 6140 6292 5976 6748 5872 6650 6361 6276 6341 6006 6202 6762 6444 6109 6196 6088 6310 6463 6162 6969 6580 6089 6361 6152 5578 5973 6365 6518 6309 6194 6458 6723 6152 6364 6354 6372 6142 6323 5967 5570 5770 6768 6299
6511 6670 6246 6109 6154 6286 6688 6246 5461 6201 6217 6426 5987 6398 6344 5916 6425 6179 5997 6379 6031 6497 7012 6096 6514 6255 5507 5869 6147 5780 6511 6349 6346 6753 6049 5820 6634 6526 6299 6016 6634 6102 6065 5521 6164 6159 6329 6429 6229 6144 6098 6196 5675 5502 6159 6144 6504 6484 5451 6451 5836 5979 5687 5823 5620 6494 5771 6329 5376 6130 5966 6372 6052 5855 5750 6107 6287 6559 5960 6457 5626 5988 6080 6057 6312 6640 6022 6180 5654 5935 6174 6110 5763 6034 6057 5963 6136 6145 5741 5674 6570 6254 6408 6483 6729 5989 6084 5764 6098 5998 6275 6156 6497 6197 5983 5937 6273 5933 6232 6396 6039 6359 6293 5857 6006 6561 6261 6279 5923 6213 5857 6160 5918 6170 5689 6303 6464 6322 5706 6133 5284 6834 6493 6174 5724 5763 6242 6146 5613 6604 5709 6248 6035 5865 6369 6339 6069 6218 6262 6126 6089 5867 6115 6283 6517 5883 6339 6238 5859 6118 6475 5913 6362 6331 5878 6292 5743 6322 5953 6578 6244 5949 6290 6100 5814 5659 6458 5843 6073 6192 6168 6075 6507 6019 5761 5991 6476 6082 6018 6401 6232 6649 5828 5753 6347 5745 5941 5844 6782 6026 6057 6081 6159 5527 6157 5670 6726 5577 6459 5999 5974 6376 6578 6164 6411 6200 5943 6066 6167 6101 6424 5795 6679 6379 6438 6445 5920 5408 6237 6076 6350 6418 6236 6296 6889 5729 6226 6629 6327 5758 5865 6625 5850 5828 6707 6279
6337 6443 6372 6012 6023 5952 6567 6374 5715 6441 5994 6311 5735 6413 6462 6171 6443 6000 6396 6295 6070 6551 6898 5876 6496 6177 5443 5837 6361 5757 6235 6771 6203 6660 6033 6154 6366 6632 6752 6141 6732 6052 6241 6254 6344 5983 6157 6380 6421 6108 6418 6589 5744 5377 5702 6263 6547 6683 5719 6454 6007 6326 5772 5907 5674 6197 5762 6347 5611 5767 6332 6384 6317 5845 5864 6389 6180 6284 6286 6325 5965 5784 6062 6421 6144 6895 6026 6275 5537 5832 6103 6278 5524 6356 6052 5984 6393 6165 6180 5935 6743 6077 6110 6259 6763 6035 6229 5519 5785 5919 6335 6139 6951 6263 5937 5772 6275 5734 6157 5960 6083 6448 6437 5944 6074 6657 6407 6467 6347 6044 6155 5981 5986 6103 5886 6137 6023 6228 6157 6079 5371 6537 6307 6040 5926 5899 6111 6044 5953 6406 6145 6113 5816 6007 6360 6165 6183 6564 6292 5964 6377 6224 6181 6204 6489 6118 6197 6393 6112 6340 6668 6079 6644 6504 5775 5885 5523 6346 5983 6313 6065 5848 6150 6360 6039 5947 6188 6218 5876 6006 5903 6182 6697 6544 5693 5795 6193 6146 5993 6494 6418 6546 6135 5532 6572 5954 5923 6169 6642 6090 6064 6251 6551 5966 5937 5499 6807 5352 6307 6143 5952 6144 6358 6127 6630 6209 5778 5878 5996 5993 6182 5913 6583 6562 6611 6591 6038 5590 5873 6185 6341 6608 5986 6508 6972 5801 6102 6218 5959 5748 6092 6070 5969 5896 6417 6375
6413 6693 6825 6255 6444 6439 6970 6617 5977 6385 6380 6591 6117 6613 6514 6044 6676 6175 6265 6767 6260 6583 7032 5910 6332 6331 5483 6498 6615 6369 6615 6863 6501 6897 6253 6726 6317 6803 6905 6657 6660 6592 6567 5949 6548 6233 6638 6716 6371 6548 6316 6246 5999 5729 6225 6293 6744 7044 5918 6770 6050 6676 5833 6236 6158 6602 6114 6589 6100 6217 6562 6438 6658 6480 6126 6571 6760 6907 6328 6921 5957 6237 6392 6215 6220 6766 5881 6312 5642 6225 6483 6752 6126 6484 6396 6321 6678 6289 6371 6166 7006 6360 6332 6547 6561 6176 6361 6156 6265 6509 6644 6588 6715 6400 5829 6265 6614 6635 6402 6312 6321 5952 6209 5996 6384 6783 6537 6068 6560 6163 6130 6277 6162 6618 5794 6201 6784 6239 6301 6402 5624 7006 6806 6703 6029 5993 6273 6366 6433 7010 6059 6555 6156 6353 6393 6457 6694 6515 6454 6044 6540 6469 6351 6220 6667 6060 6121 6426 6226 6694 6851 6194 6761 6551 5899 6775 5998 6649 6516 6537 6404 6295 5990 6337 6059 6336 7095 6448 6260 6028 6419 6467 6720 6513 6314 6272 6476 6493 6037 6534 6367 7006 5741 6123 6419 6008 5930 6392 6939 6408 6184 6367 6488 6283 6282 5913 6452 6015 6774 6237 6176 6380 6400 6459 6786 6382 6031 6069 6458 6453 6772 6002 7045 6904 6720 6954 6010 5604 6113 6422 6856 6593 6548 6376 7404 6466 6275 6357 6209 6139 6095 6442 5916 5595 6919 6493
6842 6661 6898 6504 6207 6704 7127 6583 5986 6623 6691 6778 6300 6809 6500 6496 6804 6179 6799 6792 6255 6789 6998 6508 7050 6784 5547 6284 6294 6167 6903 6931 6545 6631 6430 6655 6712 6900 7056 6347 7141 6599 6446 6360 6870 6448 7052 6825 6851 6684 6675 6812 6163 5773 6388 6493 7075 6787 6153 6788 6525 6889 6070 6335 6398 6699 6606 6541 5968 6208 6945 6799 6740 6131 6186 7084 6665 6510 6423 6888 6086 6350 6735 6709 6824 7164 6281 6509 5786 6351 6629 6769 6351 6972 6424 6353 6871 6511 6144 6466 7036 6381 6328 6824 7055 6302 6999 6124 6301 6510 6916 6678 7174 6655 6439 6173 6405 6507 6842 6558 6205 6753 6514 6151 6557 7011 6958 6806 6722 6468 6406 6462 6270 6360 6141 6445 6707 6686 6566 6420 5688 6843 7187 6724 6183 6413 6516 6686 6281 6772 6519 6834 6481 6497 6659 6728 7186 6689 6533 6858 6528 6344 6517 6616 6892 6485 6397 6777 6730 6985 6963 6640 7196 6790 6530 6446 5933 6593 6393 6630 6617 6236 6672 6376 6279 6293 7018 6480 6174 6437 6475 6431 6974 6662 6088 6192 6887 6851 6303 6600 6828 6807 6332 6288 6923 6104 6002 6525 7172 6924 6601 6680 6891 6373 6463 6156 7136 6306 6736 6650 6496 6841 6937 6226 6971 6744 6410 6244 6383 7054 6700 6303 7092 6553 6531 6865 6466 5824 6527 6272 7086 6820 6319 6846 7362 6460 6404 6703 6833 6404 6579 7128 6444 5834 7321 6862
6256 6120 6498 5925 6108 6341 6594 6344 6035 6436 6364 6317 6007 6696 6455 5886 6388 6164 6578 6493 5862 6282 6896 6247 6436 6380 5343 6229 6572 6083 6626 6473 6508 6262 6341 6240 6230 6958 6593 6223 6440 6802 6169 5883 6421 6321 6448 6388 6141 6080 6134 6250 5773 5907 5981 6190 6129 6561 5976 6684 5957 6443 5813 5592 6105 6193 6092 6475 5755 5926 6267 6202 6264 6186 5895 6514 6414 6657 5945 6364 5753 6285 6414 6113 6270 6770 5983 5969 5620 5701 6120 6367 6123 6177 5873 6297 6448 5967 5990 5937 6837 6050 6002 6167 6683 6129 5966 5730 6077 6043 6169 6142 6409 6391 5884 5957 6264 6357 6382 6266 6141 5993 6282 5803 5922 6626 6203 6580 6161 6405 5795 6419 5990 6588 5861 6033 6326 6288 6033 6471 5618 6902 6287 6464 5620 5936 6354 6263 5908 6291 5590 6430 6001 6061 6607 6296 6510 6275 6148 6043 6206 5834 6146 5927 6338 6088 5915 6169 5751 6666 6528 6171 6433 6524 5993 6376 5702 6382 6281 6379 6254 6019 6141 6070 5718 6078 6302 6265 6062 5963 6366 6296 6739 6042 6006 6134 6085 6439 5727 6172 6871 6760 6118 5960 6452 5747 5656 6140 6600 6574 5840 6440 6347 6102 6363 5893 6440 6115 6467 6176 6087 6427 6252 6102 6425 6431 5895 5779 5961 6233 6330 5598 6751 6332 6270 6284 6015 5615 5795 6205 6550 6338 6440 6493 6914 6305 6507 6078 6249 6023 6023 6588 5711 5330 6497 6207
6403 6370 6547 6224 6006 6538 6636 6537 5644 6308 6335 6278 5861 6653 6306 6239 6548 6292 6358 6798 6228 6438 6876 6170 6439 6535 5610 6244 6605 6044 6561 6353 6565 6425 6459 6162 6336 6968 6928 6469 6477 6235 5979 6034 6214 5921 6377 6576 6284 6356 6499 6418 5912 5987 6012 6021 6585 6607 5578 6831 6027 6495 5752 5759 6259 6025 6149 6325 6016 6074 6317 6421 6406 6078 6018 6211 6644 6591 6318 6502 6176 6154 6338 6329 6199 7151 5929 6422 5691 5835 6475 6093 6020 6266 5806 6223 6573 6006 6003 6327 6944 6508 6088 6748 6667 5993 6443 6013 6007 5871 6415 6392 6812 6488 5814 5828 6112 6366 6523 6162 6459 6322 6539 6078 6103 6829 6649 6550 6042 6333 5946 6114 6041 6416 5896 6213 6358 6126 6166 6208 5618 6688 6787 6126 5788 6104 6480 5982 5993 6698 5934 6294 6141 6222 6393 6424 6335 6642 6452 6313 6478 6298 6094 6078 6559 6233 6367 6301 6167 6610 6436 6379 6519 6509 5773 6160 6045 6660 6385 6244 6589 6080 6210 6397 5802 6031 6451 6228 6593 6046 6212 6077 6771 6085 6153 6063 6252 5889 6063 6357 6599 7024 6209 6122 6303 5808 5864 6107 6524 6368 6020 6544 6609 6026 6041 5826 6518 6236 6387 6357 6431 6318 6428 6629 6510 6326 6076 6416 6033 6554 6348 6090 7004 6624 6862 6565 6084 5811 5853 6345 6390 6429 6609 6687 6948 6109 6023 6252 6438 6132 6033 6496 6042 5650 6642 6525
6415 6870 6660 6102 6088 6474 6638 6328 5718 6229 6618 6507 6308 6589 6098 5891 6492 5752 6326 6561 6182 6602 7130 6178 6703 6475 6173 6338 6518 5753 6581 6534 6556 6370 6187 6242 6331 6994 6601 6168 6577 6194 6175 6049 6622 6476 6654 6470 6476 6379 6201 6413 5639 5534 5890 6397 6601 6980 5740 7156 5943 6441 6371 6017 6133 6465 5811 6296 5765 6045 6423 6437 6511 6274 5813 6602 6484 6800 6232 6464 6101 6165 6100 6470 6467 6790 6088 6442 5626 5812 6280 6232 6098 6226 6418 5932 6491 6486 6054 5782 6715 6341 6387 6325 6925 6254 6229 5940 6049 6303 6332 6408 6549 6326 5841 6359 6316 6309 6290 6030 6011 6334 6535 5725 6234 6907 6579 6821 6436 6439 5974 6480 6176 6420 6262 6067 6198 6406 6147 6579 5344 6844 6856 6495 5890 6291 6236 6227 5762 6377 6134 6746 6218 6021 6438 6458 6539 6038 6143 6037 6336 6018 6285 6710 6555 6365 6018 6608 5996 6679 6951 6113 6543 6553 6119 6131 5713 6676 6370 6279 6673 5723 6282 6582 5757 6088 6646 6139 5934 6336 6157 6471 6772 6177 5975 6209 6716 6245 5905 6244 6666 6470 6096 6023 6501 5869 5853 6315 7254 6355 6128 6361 6531 6446 6379 6216 6674 5758 6520 6108 6070 6459 6957 6336 6628 6306 6086 6123 6093 6235 6415 5954 6868 6600 6631 6577 6133 5689 6135 6115 6798 6292 6167 6540 7278 6028 6337 6128 6419 6193 6089 6257 5916 5767 6799 6242
6401 6692 6578 6539 6467 6782 6943 6740 6080 6494 6385 6297 6113 6578 6798 6245 6758 6255 6696 6547 6165 6549 7302 6209 6510 6771 5714 6080 6366 6086 6700 6532 6528 6844 6363 6651 6616 7222 7023 6821 6622 6345 6492 6458 6519 6310 6592 6844 6742 6615 6491 6595 6106 5641 6197 6199 6457 7158 5983 6655 6379 6722 6149 6142 6250 6563 6265 6540 6075 6087 6820 6563 6634 6058 6066 6807 6613 6738 6353 6541 6373 6172 6705 6534 6502 7107 6128 6503 5934 6475 6268 6628 5994 6602 5976 6536 6490 6642 6343 6320 6808 6245 6327 6653 7038 6126 6223 6219 6414 6545 6461 6252 6961 6689 5960 6197 6575 6205 6604 6426 6844 6425 6504 6257 6134 6917 6454 6715 6359 6566 6131 6308 6170 6373 6403 6227 6647 6364 6126 6744 6102 6875 7220 6542 5903 5957 6544 6458 6056 6825 6168 6640 6083 6190 6616 6361 6377 6769 6396 6258 6636 6555 6483 6527 6196 6318 6380 6643 5999 6694 6661 6201 6793 6431 6187 6713 6075 6591 6434 6584 6852 6139 6542 6360 5872 6136 6609 6243 6499 6387 6363 6294 6820 6561 6107 6419 6639 6492 6249 6543 6348 7003 6029 6409 6521 6310 5921 6365 6957 6411 6377 6601 6805 6453 6294 5976 7018 6085 6998 6344 6579 6690 6655 6414 6741 6453 6238 6072 6624 6548 6859 6131 7200 6661 6531 6251 6272 5843 6178 6693 6850 6700 6814 6420 7226 6125 6537 6518 6324 6219 6113 6177 6313 5530 6889 6688
6245 6570 6608 6107 6172 6537 6897 6437 6088 6490 6370 6274 6040 6509 6424 6180 6669 6327 6598 6707 5895 6584 6981 6234 6610 6490 5730 6341 6591 5962 6719 6869 6517 6738 6255 6454 6232 6778 6889 6409 6549 6459 6434 5837 6592 6253 6566 6592 6620 6591 6529 6453 5753 5651 5883 6030 6751 6838 6055 6978 6370 6496 5851 6002 6168 6400 6077 6567 5804 5663 6756 6561 6496 5842 6013 6720 6427 6617 6356 6874 6141 6392 6544 6452 6220 6867 6307 6030 5758 5831 6385 6378 6268 6408 6121 6381 6793 6500 5925 6164 6852 6627 6321 6262 6607 6417 6461 5784 6109 6205 6300 6427 7038 6639 6338 6042 6132 6225 6485 6347 6466 6308 6226 6075 6078 6858 6719 6568 6580 6394 5934 6068 5967 6270 6292 6700 6499 6159 6081 6361 5570 6614 6994 6299 5695 6019 6167 6632 5974 6565 5975 6381 6102 6257 6831 6368 6390 6279 6466 6394 6522 6232 6279 6435 6507 6424 6373 6455 6313 6633 6617 6447 6553 6635 6293 6375 5838 6644 6508 6498 6517 5866 6200 6567 5977 5975 7025 6326 6270 6435 6106 6211 6723 6265 6019 6233 6485 6326 5721 6279 6717 6750 6027 6247 6538 6065 6162 6346 6800 6475 6232 6290 6384 6336 6227 5614 6667 5961 6739 6435 6452 6419 6537 6391 6666 6656 6149 6057 6160 6277 6393 6368 6858 6683 6436 6677 5951 5854 5799 6398 6411 6387 6455 6726 6957 5828 6261 6516 6654 6313 6162 6615 6315 5732 6556 6552
6647 6713 6244 6287 6588 6430 6851 6615 6161 6497 6646 6332 6352 6733 6673 6667 6668 6288 6573 6939 6295 6795 7014 6279 6708 6628 5725 6196 6618 6332 6598 7068 6408 6608 6351 6429 6453 7079 7124 6993 6691 6636 6291 6408 6596 6677 6659 6613 6592 6601 6766 6805 6155 5882 6284 6597 6588 7051 5884 6774 6214 6752 5886 6281 5962 6551 6096 6423 5862 6442 6736 6732 6722 6290 5930 6583 6697 7059 6368 6586 6141 6446 6221 6471 6990 7138 6279 6484 5966 6373 6132 6680 6315 6580 6384 6373 6637 6299 6453 6576 7191 6746 5980 6397 6779 6243 6362 6186 6298 6677 6587 6609 6933 6319 5907 6354 6658 6251 6540 6642 6525 6561 6603 5932 6131 6619 6566 7039 6617 6344 6392 6764 6202 6559 6221 6296 6705 6645 6225 6549 5755 7017 6834 6543 6411 6189 6565 6492 6163 6535 6525 6744 6304 6389 6657 6477 6307 6623 6331 6475 6599 6191 6189 6423 6460 6607 5985 6927 6211 6614 6629 6711 6614 6499 6404 6653 6081 6892 6181 6740 6607 6529 6255 6200 6284 6442 6376 6266 6359 6489 6423 6209 6830 6377 6404 6422 6672 6247 6069 6670 6700 7031 6380 6226 6844 6210 6061 6524 6935 6430 6411 6498 6491 6545 6503 6019 7148 6089 6906 6422 6303 6759 6665 6192 7100 6469 6285 6362 6314 6432 6631 6079 6745 7195 6374 6760 6167 5770 6317 6607 6635 6673 6485 6724 7256 6252 6578 6390 6183 6247 6450 6300 6078 5728 6903 6735
6917 6891 6622 6385 6618 6813 7086 6924 6473 6713 6684 6315 6392 7047 6852 6585 7097 6758 6878 6980 5947 6691 7179 6345 7164 6893 6055 6524 6797 6486 6998 6954 6522 7092 6474 6609 6776 7368 7379 6745 7240 6703 6674 6242 6649 6684 6794 6840 7028 7040 6645 6783 6239 6216 6630 6594 6960 7499 6192 7366 6629 6688 6297 6359 6203 7000 6362 6950 5919 6362 6585 6900 6902 6248 6074 7192 6968 7219 6730 6960 6273 6433 6760 6716 6873 7229 6652 6427 6254 6497 6486 6752 6206 6662 6380 6795 6919 6522 6477 6547 7109 7079 6951 6642 7386 6509 6655 6141 6534 6719 6656 6930 7317 6996 6112 6467 6426 6599 6908 6666 6304 6552 6814 6410 6722 7296 6573 6825 6736 6293 6744 6575 6491 6692 6307 6683 6875 6350 6563 6684 5922 7058 7023 7176 6145 6474 6830 6621 6426 6708 6294 6709 6885 6429 6835 6851 6745 7067 6781 6823 6854 6522 6464 6550 6862 6648 6418 6559 6443 7083 6899 6565 7139 6907 6290 7041 6082 7154 6520 6832 6876 6395 6385 6321 6622 6154 6706 6621 6647 6792 6492 6720 7203 6687 6380 6486 6792 6524 6301 6383 6703 6906 6427 6369 6890 6456 6413 6536 7116 6796 6400 6752 6692 6488 6510 5992 7181 6138 7178 6628 6553 6805 6770 6675 7035 6759 6293 6348 6658 6859 6973 6100 7043 6939 6905 7040 6334 5860 6526 6812 6911 6410 6656 6955 7278 6170 6763 6494 6646 6508 6575 6867 6126 6281 6976 6852
6743 6611 6572 6803 6480 6993 7095 6709 6149 6564 6552 6491 6160 6986 6421 6656 6729 6561 6691 6777 6571 6694 7095 6780 7026 6937 5994 6436 6607 6305 6860 6905 6572 6673 6542 6455 6695 7238 6961 6698 7290 6682 6550 6486 6739 6389 6883 6847 6445 7024 6487 6733 6225 6151 6232 6203 6511 6901 6317 7065 6488 6905 5899 5988 6353 6961 6352 6634 6055 6687 6483 6666 6380 6099 6074 6934 6751 6668 6334 6893 6036 6364 6660 6838 6660 6931 6431 6384 5916 6309 6337 6663 6397 6734 6582 6654 6632 6642 6363 6358 7250 6824 6644 6729 7256 6330 6382 6247 6478 6468 7018 6521 7100 6962 6422 6237 6539 6638 6929 6440 6367 6650 6864 6296 6017 7091 6591 6781 6492 6527 6505 6650 6316 6691 6098 6471 6839 6289 6313 6571 5966 7263 6858 6803 5939 6164 6734 6681 6012 6791 6318 6740 6189 6449 6891 6909 6852 6768 6172 6661 6978 6291 6393 6728 6878 6430 6336 6624 6405 6750 6783 6529 6546 6822 6263 6752 5877 6952 6660 6442 6590 6383 6907 6458 6500 6483 7043 6518 6414 6456 6878 6377 7082 6804 6775 6603 7115 6496 6462 6599 6914 6939 6829 6535 6703 6474 6046 6629 7315 6613 6688 6833 6900 6305 6337 6190 7367 6283 6930 6888 6549 6672 6961 6833 7013 6723 6362 6039 6552 6985 6891 6471 7210 6857 6997 6792 6665 5898 6134 6375 7010 6740 6801 7096 7571 6657 6480 6812 6553 6138 6515 6816 6358 6162 6889 6678
6812 6561 6883 6193 6268 6590 6932 6424 6237 6827 6148 6565 6113 6561 6425 6362 6866 5981 6854 6651 5903 6414 6811 6258 6804 6447 5803 6015 6832 6271 6738 6444 6527 6300 6078 6279 6677 7074 7080 6419 6740 6457 6374 6178 6293 6157 6282 6764 6583 6532 6475 6818 5776 5218 6138 6307 6848 7181 6040 6863 6240 6322 6042 6195 5993 6801 6195 6743 5987 6180 6557 6312 6409 6258 5876 6768 6476 6401 6071 6958 5913 6270 6494 6522 6435 6811 6086 6350 5888 6112 6301 6885 6043 6517 6329 6540 6759 6224 6268 6202 6895 6334 6536 6379 6792 6048 6245 6008 6471 6129 6406 6330 6765 6447 6215 6333 6325 6174 6120 6488 6701 6352 6442 5691 6290 6756 6862 6496 6175 6489 6233 6057 6191 6467 6254 6271 6536 6555 6087 6451 5912 6753 6927 6397 5749 6225 6503 6732 6416 6576 6368 6294 6306 6333 6771 6684 7035 6309 6428 6149 6649 6212 6439 6174 6370 6468 6311 6407 6221 6848 6594 6433 6737 6691 6340 6655 6006 6661 6234 6654 6518 6148 6043 6249 6138 6231 6151 6189 6380 6295 6360 6539 7080 6678 6483 6260 6692 6763 6336 6517 6550 6859 5867 6083 6994 6204 6002 6308 7020 6272 6276 6639 6643 6207 6366 5893 6718 6032 6874 6558 6102 6326 6365 6452 6319 6378 5913 6344 6180 6612 6729 6335 6971 6788 6222 6378 6068 5845 6508 6663 6697 6381 6728 6895 7116 6312 6516 6469 6375 6041 6016 6570 5808 5830 6466 6723
6609 5955 6616 6060 6231 6370 6671 6585 5880 6190 6396 6098 5844 6632 6375 6215 6181 6264 6238 6475 5776 6383 6522 6071 6307 6688 5613 6480 6693 5899 6454 6730 6182 6736 6281 6384 6262 6795 6562 6374 6530 6262 6136 5827 6484 6190 6426 6541 6412 6397 6315 6415 5883 5299 6053 6269 6521 6685 5591 7028 6068 6190 6121 5626 5903 6191 5493 6351 5701 5986 6418 6131 6312 6104 6024 6483 6169 6882 6520 6538 5849 5993 6216 6269 5982 6754 6435 6403 5949 5953 6127 6374 5991 6211 5922 6219 6298 6098 5943 6242 6633 6383 6229 6434 6533 5980 6246 6023 6057 5928 6597 6271 6737 6260 6038 5972 6063 6232 6176 6086 6262 6315 6591 5916 5993 6781 6556 6779 6481 6206 5886 6349 6031 6068 5970 6120 6508 6078 6294 6211 5751 6784 6586 6542 5868 6274 6550 6028 5711 6440 6099 5965 6069 6274 6627 6431 6499 6803 6034 6055 6418 5960 6125 6241 6278 6077 5886 6436 5813 6495 6533 6699 6514 6675 5745 6086 5874 6525 6222 6302 6022 5701 5749 6454 5991 6262 6637 6299 6076 6035 6256 6027 6706 6103 6162 5848 6310 6330 5994 6312 6459 6498 6135 5940 6346 5478 5796 5870 6705 6524 6225 6249 6330 6126 5796 5857 6568 6033 6429 6425 6142 6266 6675 6425 6444 5943 5907 5907 6174 6365 6649 5855 6372 6424 6657 6674 6120 5487 5851 6210 6338 6443 6534 6986 7082 6197 6224 6005 6340 6060 6079 6361 5919 5979 6592 6347
6757 6525 6738 6125 6084 6398 6915 6209 6165 6381 6266 6569 6182 6827 6445 6164 6569 6255 6561 6837 6419 6580 7056 6159 6537 6540 5774 6272 6313 5862 6672 6838 6496 6504 6344 6240 6552 7137 6873 6363 7103 6135 6222 6093 6533 6432 6604 6455 6451 6390 6330 6781 6049 5666 6166 6486 6582 6956 5702 7009 6152 6452 5924 6223 5932 6597 6218 6649 5858 6007 6634 6472 6620 5867 6156 6532 6719 6718 6409 6543 6159 6269 6376 6548 6423 7049 6270 6354 5759 6131 6387 6510 6101 6497 6188 6236 6645 6494 6239 6283 6830 6488 6147 6392 6756 6300 6416 6099 6138 6404 6203 6456 6834 6575 6241 6222 6262 6320 6288 6421 6522 6717 6460 5974 6278 7038 6673 6512 6352 6359 6126 6565 5936 6496 6033 6021 6695 6593 6257 6454 5472 6999 6720 6421 5782 6127 6312 6273 6253 6582 6229 6582 6299 6366 6437 6475 6249 6557 6454 6209 6673 6130 6409 6306 6521 6477 6561 6325 6207 6706 6712 6597 6430 6386 6190 6044 5911 6796 6285 6293 6346 6036 6308 6302 6083 6143 6452 6331 6403 6480 6327 6162 6835 6488 6157 6009 6584 6739 6056 6324 6601 6914 5984 6194 6478 6151 6191 6323 7026 6324 6322 6376 6592 6211 6572 5963 6617 5898 6725 6443 6386 6359 6398 6306 6906 6528 6333 6025 6275 6467 6800 6275 6933 6829 6234 6653 6078 5894 5983 6329 6689 6551 6501 6828 7412 6218 6400 6503 6612 6150 6303 6664 6384 5916 6858 6484
6779 6892 6555 6346 6531 6561 6828 6853 6460 6677 6617 6237 6046 6965 6598 6255 6574 6636 6618 6721 6142 6746 7009 6195 6774 6823 5749 6329 6964 6166 6708 6983 6623 6802 6389 6437 6357 6963 6872 6433 6831 6903 6883 6365 6676 6250 6567 6660 6718 6278 6627 6637 5878 6024 6341 6311 6565 6970 5659 6944 6170 6882 6125 6271 6272 6563 6201 6763 6446 6318 6655 6341 6443 6254 6380 6698 6869 6922 6726 6820 6335 6235 6534 6684 6696 6953 6458 6407 6125 6217 6189 6416 6339 6446 6266 6588 7033 6337 6351 6294 6949 6517 6466 6458 6909 6171 6700 6450 6289 6685 6362 6612 6806 6625 6061 6252 6553 6109 6425 6414 6449 6497 6488 5785 6254 6921 6874 6863 6757 6647 6473 6478 6327 6426 6053 6215 6349 6641 6471 6516 5719 7073 6657 6627 6186 6465 6659 6423 6469 6830 6393 6621 6161 6529 6638 6728 6538 6603 6114 6395 6706 6379 6095 6548 6546 6380 6376 6511 6291 6838 6812 6813 6713 6783 6483 7054 6217 6693 6296 6527 6588 6295 6183 6367 6268 6510 6434 6425 6321 6368 6590 6593 6878 6625 6067 6274 6394 6559 6170 6180 6708 7150 6338 6103 6997 6389 6056 6451 6756 6655 6463 6472 6550 6435 6385 5704 6773 6076 7002 6516 6480 6516 6447 6400 7071 6482 6332 6156 6219 6671 6618 6242 6969 6890 6759 6759 6359 5844 6388 6581 6698 6717 6524 6733 7258 6382 6449 6374 6509 6666 5914 6701 6256 6186 6925 6744
6275 6649 6331 6072 6253 6657 6790 6424 6094 6305 5948 6354 5927 6524 6491 6115 6553 6175 6400 6258 6091 6439 6855 6128 6596 6377 5681 6517 6481 5855 6670 6732 6248 6824 6231 6254 6426 6762 6700 6497 6318 6450 6487 6445 6422 6358 6418 6213 6594 6170 6469 6907 6000 5472 5921 6363 6298 6946 5636 6707 6239 6346 5843 6325 5788 6537 5991 6551 5762 5956 6215 6289 6309 6099 5800 6475 6169 6861 6190 6678 6174 5931 6753 5872 6163 6917 6350 6065 5932 6056 6327 6272 6129 6390 5926 6387 6609 6371 6330 6361 6897 6456 6403 6304 6427 6109 6376 6136 5930 6275 6034 5936 6926 6108 6193 6372 6385 5724 6204 6549 6126 6363 6321 5873 6209 6949 6688 6601 6252 6683 5919 6147 6217 6519 5716 6296 6519 6460 6230 6171 5766 6543 7111 6403 5552 6039 6511 6079 6002 6598 6202 6266 6195 6108 6602 6576 6261 6167 5994 6447 6349 6486 6405 6266 6192 6336 6471 6471 5839 6602 6658 6464 6334 6310 6284 6558 5706 6596 6355 6218 6444 5954 5943 6467 5896 6177 6616 6316 6158 6624 6520 6136 6581 6181 6092 5828 6423 6250 6252 6369 6704 6719 6094 6273 6354 6002 6013 6026 6588 6408 6300 6374 6297 6104 6154 5627 6622 6011 6986 6400 6283 6457 6350 6119 6715 6305 5951 6034 6378 6702 6519 5991 6919 6846 6491 6267 6015 5656 5909 6338 6784 6458 6455 6616 6961 6222 5985 6292 6059 6072 6097 6361 6210 5806 6716 6527
6600 6621 6841 6578 6920 7261 7133 6898 6313 6613 6830 6810 6195 6921 6866 6772 7038 6518 6723 6833 6376 6786 7160 6708 6963 6722 6177 6873 6615 6541 6993 6998 7186 7119 6896 6784 6910 7285 7279 6967 6789 6959 6529 6622 6793 6437 6876 6751 6638 6930 6828 6967 6364 6142 6315 6847 7163 7149 6291 6940 6518 6921 6354 6111 6643 7016 6455 6886 5993 6356 7055 6854 7302 6604 5985 6975 6938 7124 6586 6680 6496 6831 6785 7070 6610 7199 6171 6703 6376 6397 6641 6785 6333 6979 6271 6618 6825 6911 6248 6648 7325 6640 6499 6931 6949 6521 6485 6349 6576 6549 6738 6723 7069 6676 6432 6354 6571 6889 7024 6818 6281 6591 6782 6582 6533 7443 7131 6864 6947 6664 6470 6774 6373 7034 6534 6485 7087 6634 6645 6770 5968 7185 7542 6673 6225 6621 6624 6481 6244 7009 6587 6994 6258 6464 6955 6364 7266 6853 6414 6550 6865 6721 6436 6748 6752 6793 6443 6863 6522 6885 6780 6503 6829 6909 6200 6749 6079 7121 6596 6884 6850 6580 6588 6891 6304 6534 7334 6191 6562 6571 6515 6571 7358 6774 6622 6405 6895 6739 6797 7081 7103 6798 6616 6750 6926 6142 6326 6457 7228 6756 6648 6934 6743 6717 6606 6331 7319 6496 6869 6853 6796 7195 6941 6524 6995 7043 6209 6556 6623 7028 7088 6335 7452 6893 6979 6997 6538 6136 6334 6421 6780 6750 6834 6836 7649 6729 6780 6819 6545 6363 6580 6726 6183 5998 6883 6902
6376 6490 6487 6264 5945 6368 6768 6387 5821 6547 6452 6527 6127 6493 6451 6350 6557 6215 6570 6611 5905 6137 6696 5909 6651 6660 5473 6086 6491 6186 6614 6729 6100 6707 6096 6354 6492 7137 6786 6489 6405 6326 6473 5859 6163 6230 6476 6390 6564 6409 6354 6513 5635 5721 6000 6533 6453 7012 5839 6606 5958 6264 5727 5911 6057 6280 5735 6500 5511 5583 6289 6559 6460 5941 6221 6607 6153 6636 6136 6495 5982 5997 6256 6132 6403 6745 6042 6242 5508 5930 6378 6357 6313 6392 6179 6191 6389 6306 5775 6195 7197 6062 6335 6282 6606 5988 6058 5651 6147 6028 6522 6274 6814 6529 5911 6052 6163 6292 6150 6182 6118 6592 6352 5607 5816 6630 6672 6620 6340 6278 6100 6298 6007 6116 5923 6153 6221 6135 6165 6663 5736 6962 6633 6314 5832 6340 6327 6239 6101 6757 5927 6458 5832 6000 6349 6319 6227 6362 6230 6260 6502 6099 6482 6356 6496 6183 5968 6265 6216 6660 6593 5999 6491 6318 5901 6408 5935 6633 6198 6301 6276 5990 6363 6170 5749 6139 6349 6092 6184 6277 6014 6501 6928 6306 6035 6069 6639 6649 6027 6300 6312 6805 5723 5777 6429 5873 5796 6206 6864 6343 6072 6303 6469 6163 6211 5719 6855 5855 6663 6375 6081 6214 6371 6060 6574 6349 5732 6021 6355 6123 6265 5986 7006 6492 6437 6590 5943 5817 6130 6307 6746 6437 6252 6407 6985 5871 6133 6131 6311 6047 5955 6382 6173 5935 6529 6484
6053 6315 6194 5892 6047 6411 6461 6525 6037 6156 6309 6242 5601 6547 6336 6096 6125 6346 6170 6124 5892 6498 6595 5700 6473 5909 5550 6160 6516 5651 6736 6335 6335 6571 6055 6116 6308 6577 6757 6291 6321 6019 6149 5709 6175 5897 6393 6681 6281 6176 6608 6187 5579 5497 5965 6199 6223 6757 5655 6609 5929 6177 5776 5672 6051 6147 5861 6333 5623 6129 5972 5874 6257 5976 5852 6425 6189 6484 5904 6524 6276 5953 6262 6196 6246 6721 6126 6109 5830 5671 6018 6062 5731 6372 6028 6142 6302 6093 5883 6058 6739 6331 6159 6257 6483 5869 6087 5559 6138 5706 6402 6122 6199 6568 5944 5658 6407 6072 6123 6089 5959 6168 6090 5825 5825 6668 6455 6296 5916 5866 6047 5782 5648 6131 5758 6369 6715 5923 5815 5649 5743 6668 6636 6561 5872 6006 6101 5922 5665 6488 6081 5981 5931 6237 6318 5853 6508 6443 6165 6387 6530 6084 5722 6060 6041 5922 6193 6053 6187 6293 6230 6020 6486 6241 5887 6379 5590 6722 6318 6141 6140 5724 6006 5910 5725 6036 6222 5821 5905 5999 6039 6231 6410 6253 5907 6186 6419 5987 6101 6094 6248 6708 5773 5994 6212 5845 5861 6171 6540 6289 6077 6219 6153 6009 5846 5515 6685 5757 6371 6491 6198 6280 6158 5993 6414 6152 5820 5935 5821 6114 6670 5799 6604 6106 6449 6027 5931 5207 5867 5867 6277 6440 6056 6562 6584 5717 5986 6161 6039 5729 5608 6439 5756 5736 6514 6352
6439 6601 6428 6351 6780 6451 6733 6596 6272 6449 6406 6536 6058 6620 6727 6400 6770 6787 6897 6886 5891 6646 6681 6423 6664 6507 5376 6063 6746 6626 6788 6812 6766 6623 6133 6205 6779 6833 6952 6408 7012 6576 6401 6408 6515 6382 6987 6828 6630 6658 6741 6678 5912 5822 6369 6066 6602 7102 5960 6487 6399 6845 6147 6036 6256 6203 5961 6824 5750 6516 6467 6495 6475 6075 6005 6837 6992 6688 6318 6869 5980 6288 6785 6010 6537 6941 6168 6276 5949 6126 6164 6448 6182 6495 6128 6709 6974 6552 6422 6287 6987 6557 6707 6688 6800 6210 6174 5883 6553 6503 6662 6957 6739 6581 5830 6090 6507 6017 6589 6620 6753 6371 6601 6177 6127 6946 6717 6564 6260 6543 6288 6445 6234 6862 6288 6281 6608 6586 6254 6338 5992 7349 6955 6600 6197 6108 6450 6438 5859 6941 6288 6295 5857 6255 6880 6366 6559 6531 6479 6543 6791 6163 6240 6470 6680 6379 6316 6518 6082 6801 6701 6493 6937 6406 5884 7043 6148 6644 6702 6762 6506 6283 5927 6238 6265 6140 6650 6386 6332 6449 6694 6582 6580 6658 6094 6653 6920 6340 5951 6501 6546 6718 5925 6051 6762 6304 6260 6480 6765 6314 6559 6655 6537 6403 6275 6032 6899 5959 6773 6239 6519 6546 6563 6491 6862 6961 6173 6193 6285 6293 6861 6307 7066 6932 6399 6608 6314 5950 6109 6283 6799 6763 6483 6845 7052 6039 6652 6537 6746 6146 6195 6641 6038 6121 6394 6804
6486 6749 6512 6182 6165 6720 6855 6887 5890 6489 6616 6213 5931 6664 6425 6415 6729 6203 6401 6540 5995 6832 7038 6054 6579 6604 5531 6560 6519 6233 6694 6771 6694 6847 6149 6477 6458 7096 6818 6621 7008 6687 6515 6167 6448 6255 6538 6791 6448 6730 6301 6684 5848 5718 6310 6283 6694 6650 5926 6930 6233 6693 5864 5916 5979 6551 6289 6480 5743 6561 6348 6286 6325 5986 6253 6851 6529 6763 6534 6552 6119 6130 6515 6361 6453 6559 5967 6492 6014 6119 6055 6483 5935 6508 5945 6502 6663 6381 6506 6098 6839 6258 6369 6779 6758 6250 6388 6078 6302 6434 6445 6296 6852 6458 5976 6046 6058 6406 6567 6242 6391 6574 6629 6117 6087 6994 6198 6635 6285 6312 5795 6311 5873 6752 6186 6290 6440 6229 6185 6055 5829 6934 7049 6343 5676 6028 6283 6500 6088 6723 6140 6588 6061 6461 6529 6392 6287 6780 6490 6335 6586 6558 6585 6621 6360 6308 6371 6741 5987 6986 6866 5990 6517 6382 6158 6760 5996 6656 6375 6316 6731 6381 6120 6561 6217 6074 6715 6274 6306 6170 6514 6278 6708 6311 6133 6047 6120 6423 6367 6404 6579 6938 6203 6261 6427 6461 5823 5834 6888 6257 6443 6730 6512 6401 6208 6065 6776 5979 6479 6512 6214 6633 6578 6601 6783 6444 6242 6292 6309 6362 6496 6311 7003 6827 6315 6690 6041 5911 5805 6522 6581 6183 6454 6358 7441 6586 6032 6431 6163 5878 6218 6420 6055 5644 6821 6589
5939 6198 6072 6062 5975 5944 6392 6249 5327 6067 6059 6196 5691 6300 5878 6205 6160 6129 6422 6143 5619 6132 6511 5977 6152 5832 5518 5859 6170 5737 6455 6290 6120 6124 6024 5768 6650 6445 6160 5865 6569 6208 6112 5997 5844 5940 6104 6295 6191 6176 6183 6137 5256 5311 5760 6214 6154 6231 5366 6272 5886 6194 5713 5437 5683 5730 5519 5895 5782 5661 6034 6074 5849 5947 5653 6235 6353 6282 5820 6409 5650 5914 6132 5790 5767 6580 5917 5974 5711 5610 5782 5897 5628 6218 5791 5999 6285 5777 5672 6075 6286 6063 5971 6095 6325 5845 5793 5529 5756 5887 6076 5898 6527 5743 5672 5844 6240 5926 5738 5705 5941 6023 6343 5452 6031 6444 6438 6444 5962 5941 6140 5985 5750 5931 5597 5781 6077 6056 5739 5633 5333 6669 6359 5908 5443 5883 6002 6140 5663 6239 5820 5940 5779 5740 6062 5603 6008 6248 6041 6257 6354 5737 5763 5790 6230 5910 5798 6220 5770 6455 6253 6051 6160 6303 5874 6161 5549 6017 6114 6127 6142 5520 5778 5762 5554 5825 6185 5903 5584 5906 6033 5795 6522 5996 5730 5961 6308 5741 5644 5882 6328 6343 5364 5677 5995 5716 5349 5957 6286 5984 5901 6222 6022 6042 5788 5771 6329 5621 6061 5958 5716 6136 6154 5998 6389 6187 5795 5710 5748 6151 6387 5849 6214 5874 6159 6199 5889 5460 5695 5995 6256 6195 6026 6358 6573 5890 5887 6140 5849 5965 5590 6167 5519 5598 6421 6262
6621 6362 6718 6508 6170 6693 6987 6512 5942 6392 6683 6447 6170 6798 6602 6505 6578 6569 6780 6671 6079 6898 6695 5934 6836 6536 5664 6348 6811 6012 6730 6762 6559 6453 6176 6337 6492 6874 6977 6936 6711 6592 6336 6181 6761 5955 6780 6808 6425 6451 6338 6824 5666 5657 6028 6382 6979 7046 6000 6718 6164 6365 6027 6003 6249 6657 6215 6732 6010 6150 6762 6507 6585 5858 5850 6613 6738 6713 6194 6837 6171 6434 6427 6386 6513 7063 6254 6320 5755 6231 6395 6507 6232 6642 6246 6321 6802 6482 6109 6350 6995 6395 6293 6609 7001 6216 6530 5946 6062 6469 6771 6443 6629 6504 6304 6217 6411 6383 6563 6173 6767 6443 6721 6102 6025 6919 6509 6647 6415 6540 6198 6260 6019 6461 5910 6296 6723 6451 5945 6624 6077 7122 6860 6428 5997 6434 6603 6323 6092 6871 5885 6448 6098 6453 6736 6277 6642 6927 6225 6257 6694 6312 6300 6489 6546 6570 6342 6590 6081 6773 6733 6100 6761 7004 6295 6318 6187 6391 6718 6376 6677 6091 6524 6408 5974 6104 6749 6211 6472 6447 6360 6356 6810 6446 5945 6242 6473 6660 6121 6186 6488 6825 6042 6266 6196 5998 6178 6280 7047 6598 6570 6672 6552 6290 6400 5977 6666 6048 6354 6511 6355 6599 6818 6264 6612 6490 6373 5876 6453 6566 6811 5962 6986 6806 6526 6661 5981 5793 6015 6322 6538 6710 6329 6547 7084 6378 6380 6522 6385 6286 5788 6830 6226 5959 6928 6815
6774 6664 6692 6197 6255 6600 6746 6566 6017 6432 6176 6226 6164 6570 6330 6208 6464 6335 6320 6312 6114 6633 6827 6212 6363 6522 5604 6203 6629 6103 6615 6841 6504 6292 6029 6860 6187 6554 7025 6440 6698 6266 6408 5980 6727 5923 6635 6572 6433 6486 6506 6353 5914 5777 6116 5823 6314 6825 5797 6699 6498 6715 6268 6137 6201 6707 5979 6577 5652 6066 6590 6460 6559 6079 5976 6531 6570 6707 6348 6499 6325 6122 6190 6388 6084 6744 6240 6156 5543 5919 6245 6249 6128 6508 6100 6333 6577 6238 6037 6303 7051 6395 5956 6560 7017 6228 6311 5950 6112 6224 6454 6700 6711 6643 6228 6045 6348 6398 6466 6277 6204 6243 6268 5947 6341 6569 6458 6526 6359 6316 5639 6147 5727 6451 5890 6307 6236 5928 5709 6473 5561 6793 6771 6774 6127 6118 6237 6177 6174 6408 6083 6741 6280 6183 6423 6602 6649 6203 5845 6299 6671 6183 6144 6275 6502 6291 6271 6312 6265 6728 6438 6237 6592 6440 6046 6350 5756 6715 6333 6366 6860 5967 6367 6178 5886 6008 6442 6273 6353 6534 6138 6517 6715 6569 5764 6022 6609 6587 5818 6288 6570 6655 5868 6251 6667 6076 5788 6134 6737 6368 6113 6545 6546 6274 6293 5715 6832 6101 6576 6453 6347 6250 6586 6359 6623 6450 6132 5887 6138 6735 6632 6275 6674 6794 6342 6659 6050 5751 6040 6414 6721 6407 6487 6855 7011 6181 6523 6006 6435 6122 5982 6676 5785 5795 6530 6263
6406 6453 6366 5868 6253 6477 6866 6490 6089 6129 6371 6362 5990 6428 6557 6175 6598 6374 6507 6597 5864 6372 6849 5968 6670 6177 5586 6363 6387 6031 6271 6703 6234 6310 6146 6534 6136 7068 6923 6328 6462 6575 6441 6221 6308 6063 6564 6640 6572 6272 6373 6066 5765 5429 6159 6115 6343 6714 5768 6655 6352 6460 5808 5774 6340 6078 5783 6497 5951 5870 6308 6385 6555 5942 5934 6773 6342 6597 5950 6794 6182 6130 6070 6126 6345 6964 6255 5981 5820 6047 6272 6310 6432 6575 6002 6199 6655 6390 6159 6413 6855 6625 6336 6441 6663 5894 6386 5776 5955 6141 6322 6007 6707 6336 6185 6454 6277 6181 6283 5970 5940 6192 6537 5850 6038 6385 6258 6389 5885 6202 6061 6205 5903 6484 5871 6262 6368 6104 5848 6186 5622 6576 6561 6482 5875 6048 6130 6505 6114 6891 6243 6248 6161 6230 6318 6209 6511 6538 5981 6095 6534 6058 5934 6249 6524 6583 5974 6345 6002 6868 6528 6206 6691 6721 6093 6628 5906 6820 6498 6225 6346 5986 5942 6155 5838 6151 6406 6363 6228 6425 6423 6316 6465 6664 6229 6120 6549 6409 5800 6289 6198 6741 6055 6047 6545 6183 5851 6375 6612 6637 6269 6353 6747 6512 6130 5608 6569 5883 6736 6288 6107 6176 6311 6503 6341 6079 5988 5948 6147 6381 6383 5935 6967 6662 6197 6538 6008 5440 6107 6207 6429 6554 6250 6775 6894 6166 6340 6086 6155 6109 6037 6515 5669 5445 6715 6594
6821 6983 6682 6476 6725 6700 7034 6922 6362 6602 6463 6750 6729 6750 6415 6609 6504 6384 6783 6887 6302 6516 7230 6474 6601 6588 5814 6383 6975 6325 6933 7106 6923 6874 6579 6575 6616 7119 7361 6761 7175 6755 6659 6210 6689 6280 6902 6925 6871 6536 6609 6702 6077 5709 6312 6546 7002 6908 5651 6826 6580 6965 6424 6593 6251 6456 6454 6805 6149 6370 6764 6906 6639 6216 6160 6814 6685 6766 6820 6829 6323 6566 6407 6773 6903 6844 6360 6650 5910 6327 6698 6832 6149 6517 6244 6579 7114 6439 6210 6472 6982 6669 6808 6635 7389 6063 6629 6107 6207 6462 6673 6744 7307 6596 6166 6659 6368 6778 6706 6647 6632 6859 6967 6311 6291 7028 6616 6884 6544 6805 6496 6483 6471 6756 6417 6712 6832 6590 6230 6771 6076 7082 7167 6652 6428 6604 6204 6539 6327 6375 6491 6652 6315 6599 6942 6874 6587 6853 6335 6602 6820 6368 6561 6527 6884 6824 6365 6755 6570 6826 7033 6577 6936 6987 6344 6476 6416 6760 6550 6647 6850 6441 6455 6710 6084 6388 6847 6390 6531 6693 6350 6445 6777 6595 5932 6199 6654 6645 6547 6758 6720 7319 6569 6444 6797 6191 6460 6568 6996 6727 6599 6841 6806 6487 6661 6225 7106 6263 6764 6550 6781 6518 6671 6769 6998 6613 6469 6318 6771 6719 7079 6180 7470 7245 6621 6877 6587 5970 6421 6384 6981 6820 6804 6921 7476 6431 6741 6580 6627 6198 6390 6716 6320 6117 7074 7034
6354 6449 6492 6241 6370 6487 6892 6829 6153 6355 6467 6360 6126 6621 6470 6545 6525 6507 6734 6767 6158 6602 7052 6223 6732 6408 5976 6156 6588 6129 6622 6979 6769 6692 6325 6765 6298 6666 6980 6482 6804 6423 6406 5918 6471 6154 6417 6810 6709 6457 6631 6482 6012 5862 6228 6343 6617 6955 6204 7052 6166 6624 6139 6096 6552 6513 6213 6431 5667 6231 6845 6206 6642 6149 5969 6492 6828 6521 6234 6453 6200 6266 6487 6656 6317 7043 6318 6468 5874 6123 6146 6725 6178 6658 6033 6705 6659 6355 6458 6273 6928 6702 6300 6415 6733 6302 6544 5989 6211 6347 6599 6515 6967 6721 6061 6164 6410 6425 6528 6549 6431 6189 6624 6227 6346 6801 6688 6689 6682 6005 6356 6206 6239 6627 6030 6695 6865 6069 6178 6529 5662 6725 7138 6550 5877 6091 6319 6339 6197 6531 6102 6693 6255 6336 6971 6759 6692 6380 6661 6550 6501 6331 6637 6315 6598 6333 6228 6242 6349 6976 6977 6348 6679 6497 6114 6619 5838 6471 6378 6698 6259 6173 6289 6137 6002 5895 6820 6108 6496 6384 6602 6331 6688 6360 6031 6283 6672 6612 6201 6504 6566 6938 5985 6369 6610 5995 6068 6376 6783 6537 6402 6693 6673 6054 6206 5963 6564 6070 6591 6349 6466 6621 6404 6464 6808 6723 6015 5879 6232 6598 6862 6012 6951 6666 6468 6869 6367 5686 6230 6273 6863 6415 6272 6512 7117 6152 6635 6292 6573 6449 6176 6698 5921 6099 6729 6625
6537 6655 6657 6204 6700 6688 6606 6698 6099 6490 6378 6638 6008 6909 6420 6319 6464 6322 6731 6796 6044 6618 6801 6211 6628 6379 5635 6340 7011 6603 6723 6812 6603 6852 6400 6627 6743 7162 7195 6457 6675 6485 6396 6064 6477 6299 6695 6816 6482 6586 6809 6507 5706 6037 6182 6151 6927 6879 6057 6960 6166 6617 6339 5902 6155 6303 6005 6388 5738 6369 6782 6187 6544 6288 6022 6613 6708 6699 6420 6734 6114 6544 6427 6560 6366 7038 6099 6412 5958 6146 6672 6429 6073 6353 6250 6235 6884 6526 6191 6173 6990 6639 6604 6768 6633 6107 6633 5965 5871 6107 6485 6715 6982 6577 5932 6119 6393 6193 6147 6466 6439 6370 6756 5940 6235 7096 6697 6394 6379 6486 6374 6125 6251 6586 6352 6520 6633 6112 6298 6382 5539 7037 6828 6697 6281 6194 6373 6365 6296 6640 6591 6329 6102 6701 6533 6422 6675 6485 6283 6570 6689 6465 6354 6291 6764 6207 6263 6585 6635 6873 6849 6506 6517 6585 6106 6531 5930 7218 6857 6363 6420 6176 6314 6515 5943 6270 6482 6496 6447 6268 6260 6494 6639 6296 6172 6135 6629 6266 6054 6423 6765 6803 6079 6333 6860 6172 6468 6456 6842 6440 6748 6602 6281 6390 5940 6119 6884 6114 6698 6513 6158 6504 6649 6707 6688 6629 6077 5960 5854 6248 6494 5995 6818 6879 6771 6873 6202 6003 6048 6154 6608 6488 6382 6564 7056 6596 6361 6459 6423 6079 5980 6510 5942 5996 6588 6645
6615 6643 6769 5990 6268 6286 6754 7059 5939 6489 6353 6492 5935 6825 6345 6477 6502 6356 6377 6653 5912 6468 7147 6059 6690 6777 5599 6326 6508 6234 6395 6393 6478 6578 6631 6433 6387 6845 6930 6192 6662 6513 6178 6409 6547 6476 6688 6672 6645 6147 6101 6558 6099 5662 5864 6327 6736 6924 5674 6897 6349 6450 6052 6073 5700 6321 5612 6433 5556 6174 6400 6553 6477 5990 5925 6510 6574 6913 6122 6935 6098 6211 6151 6476 6420 6762 6518 6377 5714 6034 6197 6280 6029 6291 6595 6354 6739 6362 6438 6137 6963 6324 6376 6475 7008 6183 6253 6168 6037 6287 6465 6294 6894 6433 6019 5892 6424 6324 6606 5863 6467 6637 6706 6039 6344 6524 6830 6806 5996 6273 6397 6354 6117 6503 6207 6185 6584 6403 5970 6281 5634 6883 6955 6591 6039 6129 6727 6207 6055 6635 6166 6422 6299 6446 6697 6462 6830 6537 6141 6220 6604 5985 6074 6536 6495 6442 6273 6495 6005 6600 6811 6348 6874 6476 6226 6662 6135 6763 6587 6637 6451 6199 6151 6309 6233 6278 6368 6095 6220 6413 6426 6672 7095 6503 5921 6280 6743 6317 6384 6522 6493 6825 6302 6059 6459 6012 5823 6193 7027 6514 6312 6333 6575 6541 6123 6094 7006 5961 6875 6371 6265 6355 6839 6501 6790 6545 5975 5973 6369 6335 6921 6197 7081 6518 6440 6905 6216 5935 6426 6288 6833 6500 6317 6463 7092 6219 6276 6333 6654 6179 6211 6315 6025 5992 6480 6752
6764 6946 6782 6249 6205 6731 6917 6975 6096 6596 6723 6526 6350 6883 6739 6731 6844 6262 6912 6752 6317 6943 7411 6541 6666 6882 5982 6503 6980 6289 6950 7245 6883 6796 6277 6893 6683 7263 7260 6547 6949 6873 6456 6125 6609 6544 6777 7002 6634 6621 6714 6549 6261 6042 6201 6390 6948 7151 5934 7186 6223 7038 6050 6427 6254 6740 6201 6526 5896 6506 6706 6420 6632 6265 6350 6945 6846 7025 6698 7020 6277 6440 6621 6408 6328 7003 6521 6727 6030 6052 6372 6508 6181 6519 6657 6541 6686 6580 6265 6350 7298 6675 6545 6600 6889 6407 6629 6099 6188 6380 6855 6566 7143 6514 6387 6483 6353 6624 6843 6702 6409 6660 7017 6012 6566 6848 6763 6789 6545 6660 6739 6806 6331 6677 6356 6588 6739 6429 6071 6589 5727 7094 7080 6782 6114 6486 6433 6598 6376 6951 6430 6683 6150 6825 6999 6552 6916 6431 6496 6794 6744 6639 6381 6670 6874 6390 6293 6856 6355 7265 7177 6733 6625 6459 6117 6678 6312 6896 6920 6727 6895 6309 6485 6542 6255 6271 6564 6632 6482 6711 6619 6662 6697 6685 6288 6323 6880 6882 6333 6336 6788 7138 6235 6520 6835 6647 6145 6414 7289 6757 6427 6840 6776 6507 6624 6081 6682 6380 6764 6509 6580 6790 6684 6735 6957 6720 6252 6291 6523 6558 7081 6175 7014 6747 6745 6898 6322 5921 6196 6531 7179 6669 6793 6946 7524 6423 6653 6437 6518 6170 6488 6610 6174 6418 6896 6583
6380 6897 6748 6538 6561 6609 6774 6696 5629 6623 6498 6286 6264 6666 6400 6391 7015 6701 6463 6377 6160 6454 7364 6549 6647 6865 5627 6354 6574 6412 6660 6706 6643 6990 6570 6571 6940 6919 6844 6669 6868 6687 6496 6234 6678 6430 6880 6865 6359 6519 6605 6552 5910 6003 6411 6368 6613 6682 5889 6726 6576 6674 5941 5894 6161 6475 6060 6593 5721 6169 6489 6423 6730 6040 6063 6768 6609 6900 6290 6837 5992 6179 6523 6339 6491 7013 6394 6568 5918 6139 6129 6466 5796 6753 6485 6354 6589 6358 6327 6190 7148 6332 6797 6353 6983 6534 6403 5774 5963 6399 6774 6510 7032 6445 6259 6112 6297 6371 7093 6435 6088 6719 6667 6087 6617 7013 6766 6610 6466 6414 6283 6265 6378 6231 5772 6703 6409 6327 6172 6458 5551 6903 6996 6504 6055 6011 6820 6661 6280 6584 6150 6927 6414 6283 6509 6626 6877 6679 6255 6591 6903 6204 6209 6417 6823 6012 6106 6785 6290 6902 6845 6015 6943 6641 6228 6345 5748 7070 6481 6585 6413 6035 6694 6549 6085 6251 6791 6490 6085 6710 6183 6255 6778 6540 6170 6463 6655 6581 6357 6299 6727 6781 6190 6414 6568 6149 5973 6234 7190 6633 6492 6538 6627 6496 6368 6050 6919 5888 6857 6468 6079 6675 7065 6138 7042 6732 6217 6330 6414 6615 6468 6098 6873 6446 6828 6839 6345 5620 6062 6587 7012 6598 6588 6575 7122 6280 6190 6357 6482 6083 6250 6470 6017 5869 6897 6616
6532 6537 6518 6372 6324 6559 6908 6770 5987 6493 6290 6491 5969 6902 6669 6555 6413 6483 7046 6582 6127 6714 7150 6115 7144 6252 6201 6588 6589 6077 6868 6651 6613 6527 6125 6132 6606 7102 6683 6257 6636 6601 6434 6344 6439 6263 6253 6823 6961 6323 6195 6411 5778 5793 6198 6336 6295 6890 5953 6800 6105 6618 6059 6064 5830 6171 6187 6754 5988 6051 6249 6491 6267 6205 5902 6781 6927 6608 6265 6579 6223 6382 6616 6514 6458 6928 6212 6501 5816 6051 6529 6550 6112 6363 6172 6512 6749 6281 6283 6294 6725 6470 6596 6436 6924 6146 6258 6015 6014 6412 6524 6391 7015 6422 6186 6449 6189 6344 6592 6214 6666 6141 6839 6071 6296 6860 6498 6429 6287 6438 6337 6467 6155 6377 5981 6209 6544 6253 6290 6516 5954 6706 6905 6516 6087 6145 6238 6582 5844 6494 6457 6267 6149 6357 6754 6422 6472 6635 6118 6240 6619 6258 6149 6535 6258 6410 6286 6553 6086 6914 6778 6360 6628 6412 5781 6803 5707 6678 6558 6286 6615 6095 5985 6371 5980 6163 6625 6103 6405 6424 6396 6484 6741 6683 6290 6391 6509 6332 6198 6549 6667 6553 6307 6270 6740 6065 6182 6731 6978 6392 6585 6691 6729 6346 6245 6012 6648 6204 6740 6327 6315 6455 6554 6382 6741 6391 6271 6098 6581 6376 6796 5993 7217 6555 6507 6415 6293 5807 6371 6354 6745 6494 6477 6774 7262 6160 6362 6381 6695 6243 6411 6344 5799 5718 6786 6571
6377 6643 6633 6678 6359 6561 6921 6885 6088 6496 6473 6533 6492 7018 6235 6339 6687 6181 6771 6749 6049 6653 6564 6437 6631 6615 5794 6596 6537 5833 6836 6668 6786 6844 6360 6458 6843 6914 7027 6383 7072 6435 6420 6296 6447 6446 6866 6780 6481 6675 6333 6850 5981 5940 6227 6210 6343 7115 5673 6915 6311 6631 6320 6147 6441 6519 6115 6711 5934 6440 6522 6608 6478 6334 6192 6823 6639 6900 6478 6869 6215 6375 6512 6280 6450 6926 6293 6432 5957 5846 6331 6430 6243 6319 6089 6541 6756 6295 6025 6344 7153 6518 6406 6423 6991 6256 6334 6167 6126 6159 6400 6654 6936 6661 6094 6446 6430 6134 6598 6326 6266 6449 6660 6048 5716 6991 6610 6822 6587 6518 6326 6770 6113 6691 6122 6381 6621 6195 5814 6239 5977 7198 6888 6374 6002 6313 6678 6401 6043 6690 6082 6369 6378 6323 6748 6792 6703 6315 6610 6425 6478 6234 6253 6479 6601 6304 6568 6432 6003 6681 6849 6468 6802 6825 6299 6534 5960 6596 6359 6360 6485 5882 6280 6432 5924 6465 6707 6309 6096 6339 6629 6323 6898 6403 6188 6195 6552 6450 6403 6329 6668 6836 6143 6201 6511 5928 6098 6499 6992 6745 6223 6739 6375 6196 6365 6128 7163 6197 6676 6482 6362 6492 6668 6604 6547 6428 6134 6071 6173 6660 6653 6163 7020 6766 6486 6748 6396 5603 6025 6385 6789 6260 6369 6886 7177 6294 6385 6196 6753 6104 6040 6917 5952 5894 6729 6625
6584 6584 6585 6552 6468 6561 7151 6882 5966 6825 6719 6458 6277 6790 6894 6359 6939 6631 6554 6772 6418 6555 7379 6689 6886 6466 5972 6255 6587 6182 6821 6640 6646 6812 6622 6683 6539 6857 6927 6687 6755 6607 6412 6543 6638 6311 6672 6640 6168 6570 6653 6378 6251 5865 6431 6263 6707 7143 5805 6899 6388 6763 5829 6259 6219 6769 6447 6412 5781 6382 6486 6469 6447 6009 5843 6647 6689 6963 6393 6727 6224 6216 6537 6163 6642 7153 6414 6491 5657 6135 6400 6274 6072 6415 6372 6451 6822 6319 6376 6275 7189 6697 6491 6565 6904 6199 6506 5995 6477 6621 6555 6527 6886 6393 5964 6210 6299 6245 6458 6512 6374 6314 6604 5873 6183 7148 6589 6959 6429 6303 6241 6421 6239 6527 6396 6375 6634 6472 6359 6300 5865 7055 6690 6440 5959 6453 6862 6713 6088 6548 6431 6285 6144 6335 6663 6344 6739 6408 6442 6540 6285 6305 6446 6682 6826 6454 6228 6948 6026 6735 6672 6757 6679 6537 6093 6544 6317 6638 6665 6449 6446 5906 6289 6626 6200 6124 6775 6463 6374 6510 6711 6600 6881 6436 6250 6459 7047 6405 6004 6665 6698 6934 6322 6100 6904 6028 6129 6361 7202 6383 6751 6271 6410 6350 6461 5974 7009 6180 6682 6543 6145 6286 6583 6516 7182 6470 6320 6416 6325 6202 6567 6298 7046 6661 6610 6582 6204 5527 6002 6110 6697 6671 6503 6727 7398 6317 6642 6496 6351 6142 6227 6364 5888 6034 6748 6765
6185 6649 6366 6296 6301 6126 6565 6342 5982 6318 6188 5828 5999 6760 6135 6122 6568 6169 6384 6725 6121 6510 6939 6017 6780 6199 5550 6145 6140 5909 6753 6551 6199 6449 6125 6010 6547 7103 6752 6339 6839 6168 6088 6055 6508 5987 6629 6397 6492 6417 6534 6609 5879 5635 6135 6304 6581 6543 6030 6685 6390 6613 5766 6101 6042 6070 5872 6571 5729 6390 6189 6581 6016 5928 5846 6481 6799 6504 6241 6835 6278 6401 6436 6208 6501 6888 6467 6468 5614 5900 6283 6496 5793 6363 6021 6229 6329 6258 6366 5905 6670 6457 6268 6075 6693 6140 5863 5752 6081 6407 6479 6403 7071 6437 5772 6184 6357 6516 6386 6400 6595 6570 6293 6020 5862 6946 6120 6481 6233 6219 5999 6048 6304 6432 6101 6233 6452 6226 6143 6059 5653 6710 7005 6290 5866 6064 6158 6017 5743 6746 6082 6429 5860 6127 6899 6597 6302 6336 6117 5998 6555 6125 6184 6470 6178 5932 6196 6643 6071 6591 6777 6611 6176 6393 6140 6391 5809 6622 6369 6369 6450 5674 6044 5900 5985 6015 6076 6053 6033 6322 6280 6069 6417 6285 6272 6141 6936 6082 6185 5997 6225 6818 6180 6478 6630 6113 5935 6373 6791 6129 6257 6413 6517 6325 6245 6086 6625 6003 6665 6100 6289 6629 6087 6133 7010 6191 6121 5962 5876 6365 6681 5949 6579 6576 6203 6490 5859 5839 5884 6470 6609 6143 6295 6359 7056 6010 6607 6572 6302 6054 5947 6517 6080 5675 6544 6686
6838 6678 6930 6659 6556 6837 7237 7094 6285 6742 6946 6673 6327 7223 6595 6518 6788 6670 7048 6897 6516 6872 7307 6506 6697 7209 5651 6661 7035 6571 6701 6852 7024 6893 6542 6871 6938 7322 7221 6796 7192 7011 6376 6513 6835 6696 7056 7236 7135 6756 6444 6807 6283 6027 6354 6307 6887 7130 6228 7202 6783 7087 6396 6245 6704 6812 6491 6994 6196 6574 6650 6911 6761 6244 6548 7104 6902 7175 6863 7169 6582 6446 6895 6743 6849 7308 6348 6817 6118 6576 6591 6736 6654 6736 6718 6527 6819 6567 6539 6219 7444 6789 6604 6819 7658 6592 6846 6422 6692 6466 6990 6845 7145 6930 6745 6322 6634 6751 6964 6736 6422 6694 6870 6358 6547 7257 6967 7245 6628 6629 6425 6759 6435 7127 6622 6493 6832 6651 6281 6479 6015 7275 7294 6899 6216 6166 6880 6820 6280 7028 6657 7034 6382 6579 6896 6862 6784 6806 6785 6591 6898 6440 6177 6944 7061 6595 6396 6743 6398 7127 6969 7005 7183 6707 6447 6871 6257 7220 6952 7191 6930 6599 6650 6683 6447 6415 6897 6578 6467 6576 6782 6905 7397 7007 6568 6681 7057 6712 6451 6807 7052 7146 6616 6438 7062 6584 6329 6493 7341 6882 6853 6951 7051 6750 6714 6154 7205 6287 6990 6894 7054 6692 6829 6865 6929 6950 6312 6567 6596 6822 7071 6351 6985 6957 7152 6931 6572 6010 6299 6901 7108 6628 7026 7172 7832 6732 6675 6646 6929 6440 6859 6757 6278 5849 6877 6822
6446 6947 6394 6122 6000 6634 6609 6661 5638 6130 6104 6107 6289 6665 6107 6241 6318 6117 6316 6544 6174 6656 6766 6295 6718 6431 5954 6240 6358 6055 6409 6934 6605 6970 6092 6150 6364 6968 6753 6177 6533 6194 6341 5876 6414 6009 6683 6774 6937 6180 6560 6546 5798 5685 6182 6297 6053 6760 5720 6761 6125 6364 5912 6122 6169 6101 6083 6366 5745 6243 6422 6375 6629 6157 6179 6207 6701 6495 6273 6633 6234 6011 6441 6443 6494 6883 6437 6147 5687 5748 6231 6537 6273 6246 6135 6271 6492 6447 6055 6213 6796 6474 6448 6454 6504 5933 6103 6100 5991 6074 6442 6376 7064 6184 6054 6261 6338 6099 6378 5970 6165 6455 6381 6123 6164 6684 6761 6400 6254 6544 6183 6320 5985 6472 5557 6283 6463 6053 5919 6299 5911 6691 6934 6570 6003 5998 6278 6205 6104 6373 6257 6561 6021 6408 6330 6380 6142 6541 6112 6421 6645 6016 6053 6553 6373 6242 6179 6261 6152 6436 6759 6399 6646 6354 6252 6621 5876 6550 6112 6632 6391 6196 6093 6373 5839 6015 6864 6509 6073 6240 6352 5916 6693 6253 6064 6411 6404 6245 6333 6091 6605 6728 6055 6233 6392 5812 6009 6123 6887 6317 6164 6538 6620 6213 6272 5660 6729 6124 6895 6444 6075 6401 6455 6459 6442 6065 6205 6066 6381 6509 6566 6152 6717 6805 6441 6669 6044 5155 5808 6469 6645 6162 5896 6602 7222 5906 6060 6436 6391 6167 5830 6444 6065 5938 6683 6126
6279 6461 6163 6331 5834 6215 6617 6328 6005 6430 6117 6558 6204 6420 6278 6365 6263 6144 6315 6382 5857 6473 6959 6161 6566 6595 5433 6041 6454 5878 6793 6429 6415 6488 6125 6233 6424 6860 6403 6262 6814 6670 6255 6136 6408 6100 6373 6173 6679 6419 6334 6338 5661 5229 6217 6147 6384 6712 5672 6890 6186 6676 5976 6122 5875 6272 6257 6298 6051 6235 6491 6417 5923 6015 5752 6464 6236 6856 6128 6634 5798 6063 6206 6382 6330 6721 5937 5948 5631 5797 6424 6387 6107 6249 5949 6053 6620 6286 6119 5994 6837 6584 6212 6327 6708 6165 5969 5868 6207 6180 6495 6204 6589 6307 5960 6180 6306 6231 6261 6196 6035 6198 6444 6049 6053 6911 6466 6407 6342 6100 6076 6024 5813 6404 5794 5976 6717 6464 6079 6038 5774 6709 6635 6253 5763 6129 6049 6604 6089 6594 5794 6442 5871 6366 6442 6268 6390 6485 6245 6225 6339 6545 5880 6066 6530 6313 5973 6378 6132 7125 6789 5954 6470 6411 5811 6137 5804 6712 6394 6130 6237 5824 6077 6134 5500 6276 6662 6201 6363 6034 5882 6220 6548 6272 6006 6234 6426 6491 5891 6169 6531 6766 5931 6078 6360 5820 5877 6063 6828 6220 6208 6361 6319 6242 6214 5942 6740 5912 6525 6286 6289 6361 6150 6325 6285 6304 5966 6148 6425 6339 6686 6029 6691 6600 6414 6248 5945 5683 5969 6217 6637 6249 6516 6701 7008 5888 6349 6541 6008 5960 5869 6467 5930 5692 6636 6240
6260 6391 6200 6118 6124 6266 6472 6557 5902 5957 6285 6230 5968 6394 6129 6271 6170 6066 6054 6881 5744 6249 6788 5875 6404 6300 5524 6230 6521 5934 6641 6435 5883 6361 6380 6106 6238 6666 6556 6675 6335 6083 6261 5786 6207 5798 6333 6523 6302 6319 6199 6785 5716 5634 5961 6169 6221 6658 5824 6846 6076 6160 5844 5810 5872 6071 6056 6368 5755 5990 6073 6229 6345 5718 5811 6360 6318 6316 6284 6403 6144 5874 6320 6091 6197 6358 6001 6133 5435 5961 6252 6099 5870 6367 5755 6530 6545 6233 6228 6050 6360 6308 6143 6190 6852 5994 6011 5757 5701 6015 6303 6381 6721 6294 5676 6254 6041 6031 6170 5891 6151 6033 6314 5800 6173 6675 6256 6293 6126 6152 5663 5979 6144 6296 5820 5981 6362 6063 6081 5909 5550 6653 6633 6087 6015 6281 6090 5969 5682 6296 6123 6034 6167 5876 6380 6065 6134 6778 6187 5920 6417 6242 6087 6045 6043 6121 5794 6141 5800 6555 6459 6091 6280 6292 5614 6289 5747 6542 6372 6092 6112 5557 6032 6067 5775 5724 6340 6267 5935 5875 5936 6177 6464 6336 6036 6084 6120 6254 5971 6035 6493 6560 5797 5959 6272 5781 5888 6342 6637 6157 5941 6653 6336 5938 6033 5831 6534 6028 6497 6177 5751 6374 6275 6237 6427 5959 5792 6014 6122 5981 6376 6106 6752 6365 6223 6176 6367 5679 5867 6216 6234 6176 6382 6597 6937 6039 5652 6039 5787 5937 5971 6398 5682 5613 6467 6239
6822 6679 6767 6629 6576 6758 6915 7048 6108 6541 6896 6884 6235 7165 6879 6637 6854 6624 6717 6801 6493 6871 7321 6662 7015 6908 5950 6995 6744 6555 6859 7001 7402 6930 6625 6582 6545 7077 7229 6711 6979 7176 6709 6383 6981 6700 7110 7146 7111 6847 6809 6963 6364 6229 6481 6611 6762 6928 6228 6923 6526 6851 6330 6361 6186 6690 6330 6714 6100 6622 6863 6903 6892 6480 6300 7145 6954 6923 6707 7183 6434 6721 6776 6847 6721 7485 6240 6441 6295 6360 6517 7010 6346 6846 6483 6504 6961 6534 6315 6245 7494 6795 6757 6289 6957 6523 6781 6507 6539 6602 6751 6992 7279 6845 6179 6235 6853 6791 6896 6631 6589 6572 6532 6211 6713 7474 7142 6856 6622 6656 6829 6607 6662 6869 6434 6576 6944 6652 6440 6748 5776 7342 7250 6595 6316 6284 6531 6636 6230 6749 6355 6651 6408 6859 7034 6504 6716 6736 6645 6678 6948 6346 6544 6729 6821 6592 6366 7082 6469 7205 7049 6399 7026 6818 6224 6717 6000 7001 6939 6868 6669 6562 6447 6189 6138 6419 7046 6604 6895 6459 6585 6513 6976 6580 6554 6610 7066 6379 6462 6700 7050 7082 6545 6512 6904 6119 6311 6567 7399 6589 6620 7008 6741 6545 6770 6357 7035 6369 7322 6487 7063 6703 6681 6676 7169 6874 6497 6316 6380 6688 6818 6334 7308 6811 6656 7103 6593 6144 6464 6719 6800 6702 6860 6951 7609 6460 6552 6522 6744 6498 6386 6860 6298 5857 7014 6998
6506 6701 6851 6275 6214 6598 6777 6521 5975 6456 6693 6466 6160 6738 6655 6141 6633 6560 6359 6736 6034 6904 7324 6550 6762 6591 5821 6248 6733 6095 6625 6876 6362 6876 6146 6393 6268 6703 6863 6598 6921 6493 6435 6436 6789 6101 6514 6744 6574 5982 6657 6340 5857 5938 6050 6041 6406 6691 5880 7034 6158 6466 6016 5916 6193 6795 6054 6472 5859 6069 6773 6369 6203 5976 5971 6845 6745 6901 6400 6565 6277 6444 6710 6525 6343 6923 6271 6371 5542 6162 6183 6421 5932 6726 6402 6574 6816 6495 6634 6341 7019 6654 6376 6362 6845 6237 6143 6072 6103 5883 6667 6366 7052 6695 6321 5987 6662 6039 6680 6401 6394 6271 6757 6007 6398 6699 6723 6667 6619 6376 6127 6142 6115 6265 6317 6347 6415 6533 6412 6381 5746 6806 6624 6427 6187 6147 6232 6553 6050 6778 6253 6545 6270 6177 6905 6526 6583 6538 6354 6579 6409 6292 6395 6359 6397 6469 6031 6500 6008 6832 6755 6373 6373 6396 5796 6532 5947 6832 6235 6604 6234 6002 6498 6550 6036 6100 6709 6726 6786 6029 6643 6460 6422 6357 6171 6072 6553 6373 5764 6773 6518 6893 6418 6166 6879 6146 5760 6402 6782 6480 6624 6744 6515 6162 6309 5835 6598 6046 6817 6467 6015 6354 6588 6264 6863 6481 6052 6043 6294 6268 6669 6205 6703 6622 6654 6641 6076 5891 6067 6296 6753 6717 6350 6780 6912 6156 6459 6492 6264 6234 5986 6803 6100 5800 7172 6728
6339 6201 6574 6090 5918 6315 6500 6637 5775 6126 6162 6240 6064 6474 6005 6134 6371 6011 6341 6587 5927 6499 6517 6025 6302 6385 5561 6291 6364 6132 6414 6543 6282 6564 6109 6191 6461 6576 6549 6407 6198 6407 6260 5786 6283 6143 6565 6446 6019 6359 6294 6405 5833 5754 6026 6077 6153 6496 5815 6902 6140 5870 5837 5803 5941 6264 5983 6035 5575 6046 6350 6362 6542 6115 5782 6440 6346 6468 6033 6538 6032 5925 6298 6178 6511 6570 5955 6233 5427 5846 6034 6359 5859 6247 6088 6161 6873 6223 5987 5906 6670 6344 6100 6433 6764 5804 6241 5694 6159 5974 6213 6099 6777 6611 5607 6000 6366 5993 6482 5910 6390 5975 6156 5634 6249 6817 6617 6353 6293 6276 6029 6297 6133 6512 6029 6131 6129 6034 6022 6239 5573 6619 6452 6204 5950 6102 6302 6086 5884 6106 5985 6278 5915 6163 6536 6144 6524 6436 6061 6049 6299 5743 6333 6320 6297 5947 5991 6284 5929 6331 6443 6162 6450 6449 5983 6437 5640 6560 6270 6275 6271 5782 6126 6119 5905 5848 6548 6276 6270 5750 6262 6188 6538 5863 5906 6139 6409 6312 5964 6021 6464 6442 5990 6011 6642 5846 5710 6204 7031 6103 5979 6590 6422 5790 6052 6148 6833 6164 6270 6133 6030 6332 6502 6480 6270 6215 6011 6148 6091 6292 6352 6140 6808 6334 6618 6081 5986 5655 6093 6048 6286 6292 6457 6572 6983 6023 5996 5915 6511 6151 6062 6554 6065 5618 6168 6240
6510 6858 6619 6260 6318 6788 6514 6991 6071 6294 6478 6720 6196 6793 6504 6433 6732 6426 6873 6756 6489 6870 6801 6277 6570 6488 5741 6395 6633 6085 6722 6934 6729 6823 6450 6423 6885 6826 6985 6811 7020 6722 6449 6140 6660 6400 6721 6626 6701 6212 6796 6765 6049 5483 6289 6609 6603 6947 5752 7132 6271 6460 6040 6251 6224 6802 6344 6640 5693 6098 6912 6438 6753 6314 6134 6827 6576 6855 6321 6841 6317 6362 6444 6710 6649 7118 6454 6423 6066 6244 6168 6617 6469 6562 5900 6346 6889 6431 6414 6437 7077 6514 6474 6455 6930 6120 6521 5980 6273 6448 6520 6450 6760 6862 6090 6384 6538 6286 6524 6553 6127 6451 6663 6169 6250 6774 6772 6607 6449 6251 6212 6492 6018 6632 6200 6607 6596 6621 6115 6657 6157 6937 7002 6573 5975 6251 6542 6469 6099 6532 6454 6981 6366 6396 6756 6592 6445 6573 6546 6513 6722 6450 6350 6404 6735 6329 6523 6775 6448 7292 7032 6184 6750 6695 6238 6683 6065 6458 6668 6333 6673 5968 6571 6281 5970 6181 6741 6259 6536 6628 6236 6394 6994 6136 6090 6252 6524 6635 6321 6584 6706 7160 5998 6361 6397 6148 6100 6378 6941 6757 6490 6810 6487 6349 6420 6016 6841 6055 6642 6486 6395 6751 6571 6438 6857 6664 6148 6151 6282 6576 6618 6335 7156 6876 6648 6611 6271 5796 6134 6434 6989 6653 6600 6458 7364 6359 6473 6162 6568 6284 6149 6669 6404 5952 6968 6778
6541 6604 6520 6126 6087 6209 6458 6558 5681 6741 6241 6416 6120 6794 6262 6049 6506 6038 6203 6422 6194 6273 6679 5966 6475 6422 5635 6330 6535 6121 6578 6673 6454 6642 6070 6141 6381 6966 6963 6266 6747 6565 6288 6052 6416 6485 6598 6645 6550 6393 6306 6639 5816 5595 6105 6263 6482 6665 5909 6547 6350 6460 5822 5774 5897 6250 6090 6478 5809 5940 6467 6028 6413 5850 6017 6509 6485 6344 5850 6485 6218 6091 6480 6306 6257 6602 5880 6253 5767 5989 6168 6297 5769 6315 6276 6477 6916 6216 6070 5942 6738 6337 6316 6101 6848 6041 6217 5656 6227 6311 6220 6274 6961 6487 5935 6229 6514 6225 6310 6215 5976 6063 6362 5895 5985 6795 6169 6499 6418 6472 6240 6356 5927 6514 5818 6511 6339 6029 5962 6322 5669 7020 6574 6321 5725 6089 5980 6362 5856 6564 6285 6247 6025 6122 6396 6486 6819 6581 6167 6328 6187 5906 6051 6273 6274 6294 6137 6212 6005 6333 6460 6353 6489 6802 6204 6270 5521 6508 6452 6163 6059 6188 6377 5968 5657 5940 6340 6235 6302 6146 6175 6181 6659 6492 6171 6029 6341 6029 6083 6245 6340 6719 6158 6099 6532 5801 5873 5953 6691 6543 6203 6380 6299 5973 6137 5712 7005 6071 6430 6207 6253 6254 6268 6385 6595 6513 6233 6044 6115 6331 6396 6076 6788 6623 6439 6611 6242 5665 6147 5937 7092 6002 6216 6440 6858 6204 6054 6461 6222 6018 6100 6276 6101 6043 6546 6552
6353 6323 6372 5858 6012 6343 6698 6217 6377 6618 6205 6494 6010 6986 6240 6175 6799 6146 6078 6452 5905 6315 6805 6006 6543 6344 5732 6328 6256 5607 6548 6558 6450 6735 6017 6456 6265 6801 7152 6336 6459 6502 6288 5853 6206 5927 6615 6510 6049 6404 6259 6292 5979 5786 6030 6201 6402 6983 5457 6637 5930 6508 5897 5678 6270 6348 5717 6356 6021 6006 6322 6315 6388 5932 5962 6477 6253 6617 6187 6515 6044 6144 6168 6151 6278 6733 6177 6183 5767 5833 6032 6329 6201 6351 6060 6406 6289 6002 6085 6254 6956 6191 5934 6378 6924 6129 6556 5966 5858 6341 6397 6268 6784 6290 6065 6245 6290 6240 6332 6306 6124 6237 6320 6011 6061 6650 6479 6412 5956 6313 5780 6436 6126 6423 6022 6359 6473 6011 5811 5999 5546 6582 6803 6117 5950 6142 6141 5923 5999 6384 6259 6323 5815 6074 6201 6383 6526 6266 6044 6024 6385 6062 6325 6216 6481 5849 6120 6436 5990 6643 6557 6307 6513 6475 5721 6573 5754 6665 6533 6175 6302 6107 6164 6252 6005 5999 6365 6076 5911 6191 6307 6288 6758 6369 6130 6234 6365 6098 5792 6129 6537 6762 5712 6161 6594 5942 6050 6211 6634 6660 5882 6328 6565 6182 6226 5679 6650 5567 6580 6456 6425 6379 6008 6440 6641 6376 6121 6043 5850 6449 6451 5975 6846 6603 6514 6363 5893 5742 6117 5972 6590 6329 6237 6737 6955 6406 6372 6210 6104 6056 6113 6276 5749 5637 6366 6345
6114 6588 6051 6183 5998 6195 6363 6630 5704 6232 6001 6180 6045 6358 6173 6010 6338 6049 6056 6354 6132 6046 6771 5891 6117 6197 5608 6160 6231 5802 6339 6384 6406 6634 6253 6152 6150 6797 6951 6303 6878 6180 6381 6113 6087 6115 6693 6561 6378 6393 6324 6459 5914 5731 5779 6191 6418 6591 5809 6530 6218 6358 5774 5876 6107 6283 5998 6468 5330 6124 6097 6103 6436 5872 5885 6568 6148 6347 6124 6140 6114 5943 6367 6546 6174 6624 5772 6080 5624 5905 6177 6006 5736 6193 6153 5954 6349 6166 6180 5893 6721 6415 6014 6132 6679 5838 6234 5631 6067 6363 6151 6424 6921 6235 5667 5907 6219 5837 6220 5965 5972 6064 6121 5992 6003 6600 5999 6251 6062 6028 6199 6093 5679 6209 5684 5929 6316 6136 6012 5877 5503 6722 6705 6181 5616 5947 6130 6158 5908 6532 5764 6421 6100 5650 6382 6124 6230 6337 6359 6183 6137 6198 6234 6402 6256 6044 6182 6062 6043 6154 6504 6079 6461 6367 5662 6118 5669 6625 6427 6261 6088 5800 6061 6421 5824 6020 6550 6237 6153 6376 5865 5890 6520 6421 5944 5965 6523 6120 5793 6164 6104 6652 5886 6042 6472 6022 6084 5882 6563 6193 6183 6358 6087 5658 5929 5481 6656 6080 6689 6192 6447 6257 6103 6277 6563 6226 6029 5860 6246 5975 6535 5918 6782 6669 6328 6520 5918 5304 5955 6142 6581 6150 5919 6426 6928 6019 6131 6157 6186 5991 5892 5859 5666 5796 6663 6279
6745 6922 6781 6423 6767 6673 6883 6874 5781 6922 6380 6384 6383 6928 6494 6494 6504 6583 6784 6593 6302 6641 7260 6476 6733 6459 5818 6430 6805 6417 6783 6766 6599 6829 6710 6438 6885 7372 6869 6515 6828 6759 6733 6148 6490 6124 6731 6857 6599 6768 6480 6295 6070 5990 6448 6311 6750 7064 5739 6610 6327 6794 6074 6061 6422 6246 6105 6753 5828 6401 6445 6532 6699 6075 6087 6580 6845 6889 6568 6722 6325 6470 6236 6469 6667 7330 6476 6402 5707 6146 6575 6565 6048 6430 6194 6447 6678 6300 6215 6317 7230 6416 6762 6478 6924 6196 6427 5914 6240 6698 6959 6856 7053 6576 6155 6376 6454 6394 6474 6306 6538 6305 6591 6090 6456 6908 6622 6469 6309 6425 6472 6275 6281 6454 6183 6315 6432 6449 6414 6267 5481 7175 6859 6725 6461 6115 6364 6589 6529 6913 6258 6647 6487 6322 6578 6392 6558 6581 6159 6506 6747 6368 6248 6451 6502 6331 6016 6504 6138 6852 6443 6297 7135 6790 5892 6758 6041 6783 6531 6345 6633 6150 6496 6086 6158 6245 6720 6498 6087 6837 6450 6461 6688 6702 6165 6604 6968 6688 6248 6599 6706 7059 6220 6243 6872 6475 6108 6314 6880 6548 6303 6241 6454 6511 6355 5705 6848 5889 6743 6741 6578 6428 6410 6480 6750 6577 6227 6006 6214 6379 6860 6168 6768 6810 6681 6827 6474 5801 6016 6435 6649 6778 6389 6935 7316 6239 6426 6401 6554 6211 6130 6726 6073 5966 6848 6469
6398 6452 6600 6376 6368 6609 6440 6541 5676 6446 6392 6328 6166 6301 6389 6643 6711 6136 6374 6611 6055 6803 6855 5971 6545 6556 5544 6097 6393 6004 6730 6799 6351 6447 6652 6051 6443 6760 6995 6622 6671 6410 6204 6232 6236 6355 6600 6651 6648 6685 6462 6696 5912 5650 6283 6296 6333 6930 5838 6633 6007 6403 6127 6002 6141 6291 5932 6438 6024 6316 6402 6225 6267 6248 5634 6272 6563 6640 6360 6988 5882 6171 6308 6227 6594 6904 5988 6112 5944 5981 6177 6390 6198 6337 5926 6310 6733 6343 5984 6095 7240 6509 6614 6451 6954 6169 6132 5881 6455 6492 6618 6133 7346 6416 6452 6214 6209 6025 6341 6207 6727 6136 6265 6130 6270 6796 6496 6904 6339 6563 6019 5927 6246 6386 5860 6138 6680 6575 6370 6839 5428 6921 6719 6416 5841 6175 6458 6613 6229 6728 5929 6596 6086 6128 6708 6562 6787 6443 6522 6692 6442 6208 6160 6335 6341 6473 6045 6721 5978 6453 6734 6308 6739 6701 6097 6521 6087 6612 6404 6308 6394 5933 6246 5908 5980 6174 6535 6567 6156 6187 6629 6605 6923 6400 6228 5901 6731 6383 6495 6554 6727 6666 6097 6144 6329 6090 6331 6436 6863 6435 6613 6213 6253 6382 6414 6076 7002 5885 6861 6190 6267 6805 6760 6155 6932 6420 6067 6176 6211 6639 6419 6244 6888 6408 6433 6507 5926 5805 6311 6318 6502 6533 6474 6630 7101 5871 6170 6716 6168 6227 6069 6425 5980 6123 6755 6664
6296 6568 6272 5746 5807 6252 6162 6479 5539 6248 6164 6211 5682 6331 6226 6276 6300 5839 6348 6374 6053 6664 6453 5939 6419 6013 5572 5955 6363 6128 6407 6597 6209 6338 5983 5869 6158 6564 6327 6334 6365 6366 5917 6196 6176 5607 6441 6386 5950 6157 6122 5930 5776 5677 5900 5819 6305 6647 5661 6653 6049 6184 5563 5700 6137 6253 5989 6073 5483 5697 5869 6001 6113 5967 5618 6541 6278 6117 6171 6307 5691 6015 6172 6320 6086 6638 5732 6176 5340 5850 5642 6314 5886 6258 6118 6255 6214 6006 6062 5762 6733 6292 6093 5647 6499 5672 6154 5546 5637 5944 6182 6278 6630 6088 5920 5954 6163 5827 6276 6188 6346 6136 6387 5681 6106 6207 6203 6272 6194 5956 6066 5893 5978 5958 5815 6141 5956 5799 5851 6118 5433 6733 6381 6140 5699 6016 6441 6229 5966 6382 5591 6273 5630 5826 6520 6123 6182 6261 5699 6166 6348 6057 6221 6032 6064 6214 5722 6171 6060 6456 6407 6269 6502 6431 6027 5993 5685 6117 6092 6057 6226 5873 6115 6249 5760 5865 6123 6117 5879 5800 6296 6074 6579 6400 5829 5899 6220 6062 5706 6022 6234 6602 5997 5949 6336 5691 5837 6258 6634 5829 6114 6478 6515 6105 5867 5751 6437 5908 6120 5897 5802 6080 6437 5896 6576 6224 6087 5638 5877 6189 6083 5849 6635 6337 6077 6245 5465 5643 5729 6091 6623 6245 5747 6490 6775 6058 5882 5957 6133 5738 5683 6303 5798 5563 6594 6166
6626 6828 6754 6545 6549 6482 6743 6597 6258 6580 6734 6592 6229 6563 6561 6501 6643 6654 6614 6496 6173 6661 7144 6448 6907 6745 5795 6201 6771 6178 6964 7132 6703 6739 6715 6626 6714 6994 7335 6900 7095 6608 6364 6217 6757 6552 6826 6598 6988 6762 6376 6295 6152 5888 6311 6532 6725 7015 5972 6753 6358 6960 6228 6241 6250 6674 6635 6576 6228 6609 6769 6744 6735 6551 6184 6774 6424 6859 6711 6903 6449 6349 6639 6665 6649 7110 6061 6330 6088 6247 6510 6587 6349 6637 6166 6612 6708 6707 6590 6221 7084 6691 6543 6611 7179 6589 6683 6319 6354 6666 6458 6560 7075 6467 6343 6398 6625 6320 6752 6498 6341 6625 6733 6060 6472 7054 6965 6872 6678 6710 6160 6581 6428 6790 6371 6458 6751 6364 6559 6467 5950 7147 7371 6495 5992 6178 6743 6356 6328 6945 6191 6720 6178 6534 6729 6636 6523 6905 6365 6681 6695 6469 6383 6622 6897 6665 6543 6715 6361 6957 6920 6869 6769 6586 6492 6606 6117 7027 6383 6407 6820 6098 6552 6484 6176 6158 6634 6466 6420 6276 6499 6338 7180 6595 6477 6383 6619 6548 6237 6566 6808 6931 6221 6214 7140 6220 6203 6503 6899 6798 6333 6659 6796 6472 6507 6249 7238 6231 6909 6706 6439 6620 6668 6892 6967 6294 6357 6532 6340 6796 6963 6362 7156 6932 6802 6717 6421 6009 6162 6556 6751 6620 6771 6887 7728 6314 6522 6473 6480 6233 6261 6740 6287 6051 7085 6617
6710 6930 6562 6237 6528 6500 6853 6954 5989 6527 6448 6264 6267 7001 6231 6445 6792 6427 6667 6835 6368 6699 7048 6147 6713 6590 5946 6638 6578 6189 6661 6819 6942 7054 6678 6401 6502 7179 7030 6510 6878 6540 6297 6304 6586 6205 6920 6939 6588 6757 6446 6718 6208 5995 6249 6598 6628 6809 5810 7090 6205 6320 6081 6356 5978 6332 6047 6496 6060 6870 6582 6608 6779 6262 6360 6634 6762 6999 6550 6857 6271 6353 6375 6542 6983 6909 6521 6670 5878 6087 6275 6575 6187 6561 6553 6461 6524 6708 6511 6569 7289 6640 6517 6318 6785 6376 6591 6369 6399 6197 6602 6240 6908 6213 6134 6439 6571 6585 6537 6337 6455 6676 6732 6520 6141 6957 6708 6550 6519 6581 6233 6671 6174 6533 6474 6340 6617 6295 6417 6567 5610 7076 7014 6749 6260 6407 6874 6128 6351 6876 6049 6842 6150 6456 6942 6597 6590 6931 6293 6386 7023 6509 6313 6793 6838 6413 6461 6596 6304 6972 6999 6529 6578 6870 6218 6629 6239 7005 6563 6576 6448 6004 6443 6407 6194 6481 6938 6670 6033 6354 6642 6104 7019 6489 6134 6248 6720 6556 6173 6413 6698 7066 6337 6500 6541 5933 6258 6333 7208 6734 6567 6550 6682 6707 6402 5995 6668 6164 6867 6509 6347 6733 6482 6456 6785 6522 6400 6107 6442 6391 7160 6161 6877 6899 6532 6919 6316 5647 6059 6292 6801 6457 6505 6923 7405 6555 6535 6420 6594 6288 6286 6489 6108 5993 6810 6757
6617 6584 6666 6251 6449 6718 6686 6638 5768 6523 6619 6305 6048 6608 6213 6144 6481 6499 6700 6471 6012 6569 7018 6169 6677 6198 6058 6302 6628 5947 6807 6429 6521 6644 6185 6260 6421 7131 6781 6445 6549 6671 6364 6200 6499 5999 6562 6820 6481 6428 6335 6339 5895 5700 6065 6226 6526 7079 5933 6713 6177 6600 5692 5924 6190 6644 6385 6407 6040 6245 6155 6550 6161 6209 5979 6466 6528 6761 6048 6601 6323 6323 6447 6260 6571 7041 6340 6177 6078 6232 6485 6424 6560 6283 6111 6425 6667 6081 6156 6167 6752 6641 6574 6874 6659 6598 6412 5724 6224 6485 6465 6323 6758 6232 5962 6369 6225 6422 6552 6178 6310 6075 6599 6090 6169 6559 6491 6696 5999 6064 6398 6174 5958 6741 6061 6382 6648 5939 6058 6227 5818 7036 6509 6555 5837 6311 6423 6674 6144 6590 6489 6318 6268 6319 6497 6409 6336 6562 6342 6375 6629 6339 6126 6294 6301 6618 6168 6222 6254 6805 6920 6526 6652 6321 5766 6852 6096 6790 6816 6353 6500 6001 6093 6394 6104 5806 6781 6149 6205 6174 6765 6295 6678 6272 6220 6283 6613 6534 5964 6320 6372 6726 5987 6227 6414 6293 5790 6438 6606 6276 6249 6582 6479 6279 6207 5917 6648 6259 6528 6336 5929 6404 6213 6625 6713 6916 6334 6000 6494 6526 6887 5860 6878 6545 6710 6481 6182 5754 6163 6292 6495 6477 6603 6642 7103 6316 6544 6379 6386 6001 6270 6638 5675 6024 6543 6306
6693 6703 6755 6592 6511 6745 6805 6923 6304 6776 6576 6503 6385 6989 6759 6294 6793 6562 6591 6783 6273 6694 7037 6444 6874 6388 5972 6367 6880 6457 6993 7271 6831 6665 6476 6822 6641 7484 7037 6720 7031 6930 6583 6251 6802 6542 6852 7049 6685 6638 6731 6507 6160 5912 6612 6564 6675 7057 6125 7180 6591 6722 6002 6343 6284 6657 6432 6633 5990 6495 6612 6589 6830 6341 6160 6949 7369 7011 6238 6714 6518 6327 6883 6974 6430 7644 6540 6377 5959 6438 6545 6627 6207 6543 6696 6764 6990 6944 6597 6547 7081 6974 6597 6613 7101 6337 6565 6147 6643 6749 6794 6465 7362 6844 6505 6609 6615 6397 6675 6629 6677 6525 6660 6321 6754 7039 6542 6592 6755 6492 6649 6366 6435 6864 6492 6475 6781 6526 6381 6813 5856 7301 6890 6669 6357 6474 6741 6458 6388 6931 6064 6630 6091 6497 7005 6807 6818 6793 6463 6767 6760 6533 6451 6559 6520 6412 6656 6949 6579 6984 7106 6490 6908 6508 6440 6826 5812 6794 6578 6720 6682 5995 6600 6501 6031 6541 6895 6867 6554 6539 6814 6478 6579 6761 6109 6365 6703 6698 6040 6703 6509 7366 5914 6568 7080 6301 6147 6659 7073 6645 6843 6641 6724 6380 6373 6288 6870 6172 6864 6597 6157 6648 6548 7036 7252 6738 6659 6086 6441 6656 6549 6214 7331 6924 6662 6746 6293 5903 6125 6681 6972 6742 6619 6804 7276 6628 6543 6295 6344 6109 6482 6570 6553 6063 7202 6742
6227 6605 6749 6058 6367 6523 6537 6672 5547 6489 6000 6644 6010 6731 6409 6628 6640 6465 6519 6750 6023 6332 6891 6149 6510 6383 5751 5944 6377 6295 6428 6546 6559 6570 6239 6162 6499 6855 6728 6434 6530 6252 6346 6122 6258 5963 6366 6814 6540 6182 6360 6673 5876 5947 5916 5991 6282 6741 5775 6719 6353 6384 6015 6199 5975 6363 6027 6483 5434 6048 6652 6269 6138 6035 5969 6682 6528 6480 6260 6602 6195 6269 6555 6814 6383 6980 6053 6354 5542 6054 6214 6297 5818 6158 6361 6414 6569 6310 6016 6111 6931 6277 6380 6451 6781 6125 6265 5923 5984 6127 6314 6342 6917 6606 6208 5893 6357 6352 6607 6111 6255 6485 6459 6024 6046 6696 6649 6532 6510 6293 6293 6204 5691 6232 5857 5912 6442 6366 6153 6489 5537 6883 6828 6251 5988 5887 6097 6359 6090 6510 6024 6834 6179 6043 6398 6550 6345 6299 6050 6471 6465 5991 6266 6308 6460 6147 6177 6511 5939 6677 6908 6232 6344 6216 5845 6516 5912 6537 6261 6418 6510 6125 6238 6016 6086 5952 6561 6077 6200 6154 6359 6303 6580 6511 6129 6239 6479 6369 6214 6575 6531 6878 6019 6059 6520 5974 5785 5907 6781 6232 6442 6704 6251 6285 6194 5943 6599 6306 6626 6193 6073 6336 6470 6221 6953 6583 6098 6164 6237 6313 6582 6228 6746 6617 6440 6688 6264 5631 6071 6319 6688 6550 6260 6716 7025 5865 6560 6583 6223 5951 6065 6475 6000 6041 6873 6520
7101 7130 7032 6642 6576 6826 7280 6835 6351 6948 6946 7003 6704 7296 7040 6558 7284 6822 6737 6928 6760 6630 7444 6960 7507 6995 6129 6640 6952 6513 7127 7266 6950 7206 6988 6648 6785 7538 7324 6955 7079 6802 6703 6559 7166 6961 7219 7025 7064 6830 6592 6865 6524 6242 6867 6903 6975 7346 6194 7669 6674 7058 6296 6313 6601 6899 6715 7184 6165 6520 6752 6878 7063 6608 6485 7197 7275 7236 6887 7170 6516 6776 7036 6747 7109 7574 6611 6461 6133 6524 6898 6755 6342 6751 6781 6705 6898 6888 6408 6548 7650 6976 6923 7016 7374 6615 6913 6541 6639 6790 6832 6852 7376 7039 6621 6630 7011 6902 7091 6652 6500 6880 7135 6616 6687 7269 7266 7087 7041 6753 6366 6959 6459 7038 6176 6595 6987 6848 6655 6840 6012 7532 7438 7048 6691 6587 6836 6799 6349 7354 6399 6898 6545 6565 6998 7004 7262 6968 6589 7091 7080 6393 6767 7156 7127 6645 6500 6695 6211 6944 7104 6973 7222 7209 6189 7010 6345 7020 6652 6810 7045 6477 6785 6759 6462 6751 7218 7134 6452 6654 6929 6619 7224 6884 6686 6857 7426 6960 6601 6705 7225 7153 6461 6201 7204 6367 6567 6754 7318 7062 6876 6809 7096 6559 7070 6450 7460 6491 7024 6639 6728 6771 7151 6893 7268 7056 6396 6316 6846 6863 7172 6445 7592 7207 7015 7244 6928 5939 6757 6607 7430 6948 7047 7152 7634 6681 6877 7156 7116 6706 6737 7090 6579 6668 7294 7117
6460 6863 6739 6484 6546 6596 6839 7093 5920 6938 6334 6164 6265 7029 6502 6416 6903 6261 7026 6838 6234 6779 6944 6400 6508 6543 5582 6376 6587 6348 6775 6898 6773 6773 6575 6636 6920 7475 7224 6569 6887 6563 6407 6301 6497 6661 6955 6959 6838 6932 6523 6705 6181 5735 6145 6597 6587 7057 5949 6751 6354 6731 6212 6263 6175 6850 5820 6579 6121 6353 6654 6337 6953 6326 5856 6859 6759 7023 6387 6746 6434 6290 6233 6443 6529 6967 6311 6433 6043 6125 6153 6653 6278 6835 6290 6373 6552 6424 6254 6549 7206 6418 6540 6496 7082 6337 6666 6030 6288 6492 6900 6386 7076 6559 6449 6585 6294 6587 6671 6549 6541 6561 6821 6157 6275 7056 6376 6630 6421 6575 6265 6670 6442 6756 6135 6748 6806 6459 6516 6512 5930 7271 6954 6826 5957 6175 6568 6246 6199 6930 6372 7063 6389 6534 6887 6694 6934 6732 6478 6624 6945 6497 6530 6609 6854 6438 6522 6768 6356 6525 6871 6638 6907 6584 6151 6723 6149 6672 6450 6416 6617 6313 6400 6491 6103 6519 6627 6547 6415 6393 6574 6716 6949 6766 5934 6156 6399 6604 6164 6419 6687 7030 6277 6459 6447 6265 6201 6452 7047 6523 6357 6507 6936 6468 6379 6246 7137 5870 6966 6526 6185 6671 6668 6747 6907 6494 6236 6356 6291 6726 6811 6257 6918 6998 6732 6695 5990 5773 6369 6589 6771 6649 6373 6787 7318 6157 6632 6594 6514 6337 6178 6814 6024 5811 6597 6936
6361 6496 6616 6346 5769 6476 6255 6038 5584 6254 6352 5993 5786 6508 6379 6195 6380 6143 6074 6304 6245 6463 6744 5782 6574 6155 5539 6047 6308 5950 6124 6480 6288 6504 6131 6260 6365 6739 6430 6544 6253 6218 6210 5937 6005 5767 6213 6301 6185 6443 6099 6444 5520 5545 5935 6038 6319 6796 5749 6639 5774 6168 5721 5887 5877 6378 5876 6359 5697 6018 6265 6305 6363 5964 5892 6293 6459 6545 6109 6394 5840 5833 6312 6277 6353 6618 6167 6122 5519 5734 5892 6019 6074 6497 5937 6524 6523 6205 6059 6089 6492 6200 6550 6335 6654 5821 6102 5656 6016 6208 6105 6129 6713 6212 5640 6203 5975 6083 6163 6149 6120 6164 6371 5632 5948 6742 6137 6635 6282 6115 5836 6004 5916 6235 5706 6209 6169 6058 5800 6036 5663 6725 6620 6273 5906 5972 6324 6380 5656 6422 5897 6368 6050 5831 6286 6198 5817 6556 6312 5986 6250 6029 6087 6097 6394 6003 5905 6348 5931 6439 6579 5936 6438 6465 5985 6528 5545 6483 6169 6093 6108 5638 5861 6295 5643 5894 6674 6257 5998 6115 6156 5884 6553 5978 6015 6110 6438 6288 5865 6033 6443 6672 5962 5898 6160 5972 5604 5936 6674 6276 5831 6119 6140 5974 5931 5742 6463 5710 6455 5993 5753 6220 6154 6175 6866 6175 5875 5915 6090 6401 6420 5814 6503 6454 6615 6520 5990 5358 6125 6172 6296 6272 5993 6341 6991 5938 6026 6110 6007 6010 5913 6423 5737 5548 6739 6041
6145 6644 6470 6052 6080 6163 6652 6523 5584 6638 6120 6457 5948 6618 6156 6255 6667 5998 6450 6284 6062 6686 6718 5914 6773 6529 5555 6041 6376 6032 6802 6781 6566 6565 6202 6316 6433 6852 6668 6314 6590 6320 6072 5968 6484 5783 6506 6585 6618 6076 6089 6280 5814 5738 5905 5927 6739 6765 5838 6619 6152 6499 5709 5846 6013 6461 5950 6468 5759 6001 6561 6382 6578 6115 6139 6469 6563 6539 6151 6512 5907 6267 6537 6346 6383 6964 6129 6312 5872 6227 6278 6540 5955 6392 6244 6286 6528 6386 6048 6103 6809 6302 6487 6423 6773 6007 6196 5739 5877 6015 6198 6392 6942 6360 6042 5895 6366 6185 6483 6026 6318 6285 6447 5671 5986 6635 6588 6516 6119 6094 6466 5973 5904 6272 5909 6214 6232 6267 6103 6448 5813 6750 6844 6416 5991 6176 5985 6499 5936 6476 6177 6242 6089 5808 6702 6162 6101 6705 6200 6084 6511 6155 6099 6135 6476 6151 5750 6228 6105 6809 6754 6499 6491 5997 6032 6399 5742 6673 6092 6345 6530 6037 6059 6163 5817 5656 6537 6294 6090 6053 6333 6209 6283 6248 5969 6297 6397 6423 5960 6083 6322 6511 5829 6241 6467 6061 5749 6144 6680 5917 6293 6512 6526 6331 6092 5804 6778 5924 6820 6191 6087 6354 6274 6186 6629 6272 5973 5838 6076 6369 6436 5789 6444 6423 6526 6610 5797 5977 5977 6247 6660 5974 6377 6389 6921 5712 6070 6432 6461 6121 6011 6055 6023 5773 6293 6422
6423 6357 6369 6163 6175 6508 7104 6572 5800 6424 6469 6298 5867 6487 6223 6254 6449 6070 6599 6633 5915 6573 7066 6140 6548 6207 5915 6430 6444 6118 6227 6594 6141 6292 6067 6239 6450 6760 7076 6196 6495 6451 6268 6359 6301 6041 6515 6731 6414 6463 6014 6864 6016 5644 5960 6384 6711 6647 6312 6718 6325 6378 5889 6131 6014 6460 5898 6520 5633 5887 6469 6302 6621 6019 5977 6468 6646 6579 6413 6654 6209 6289 6586 6619 6588 6725 6276 6028 5833 6133 6333 6292 6068 6556 6027 6593 6638 6131 6006 6201 6589 6419 6504 6383 6705 6159 6262 6064 6148 6505 6251 6540 6724 6542 5934 6050 6200 6340 6479 6136 6440 6276 6639 5910 6151 6949 6774 6490 6323 6294 6307 6336 6115 6600 6145 6029 6430 6003 6191 6424 5521 6928 6683 6437 5864 6011 6385 6280 5825 6428 6424 6584 5948 6396 6519 6554 6558 6720 6051 6233 6424 5918 6211 6368 6490 6434 6188 6593 6140 6634 6605 6308 6443 6342 6127 6466 5965 6592 6254 6304 6696 6047 6135 6271 5993 5758 6770 6005 6091 6342 6172 6279 6760 6548 6007 6103 6520 6422 6074 6534 6615 6733 5947 6320 6440 5879 5904 6345 6881 6198 6514 6533 6483 6081 6017 5925 6692 6091 6700 6388 6430 6485 6576 6233 6893 6609 6083 5798 6288 6503 6786 6065 6743 6340 6454 6423 6053 6048 6110 6182 6581 6394 6491 6379 7096 6159 6280 6179 6289 6210 6070 6380 6162 5765 6591 6432
6669 6995 6887 6226 6505 6923 7013 6810 6399 6761 6563 6508 6425 6963 6752 6698 6772 6498 6472 6738 6329 6811 7243 6376 6783 6528 6212 6770 6891 6277 6508 7286 6920 6941 6435 6381 6956 7312 7213 6992 6785 6668 6731 6358 6672 6542 6627 6786 6853 7105 6962 6775 6321 5797 6190 6896 6743 7250 5893 7108 6322 6764 6207 6130 6480 6519 6329 6698 6049 6673 6954 6689 6689 6526 6223 6633 6583 6824 6747 6858 6567 6447 6509 6738 6764 7360 6397 6306 6346 6236 6446 6686 6371 6743 6187 6586 6909 6580 6526 6629 6973 6742 6574 6745 6969 6274 6479 6034 6578 6461 6597 6664 7167 6841 6454 6363 6564 6124 6589 6577 6536 6626 6606 6030 6415 6959 6822 6784 6645 6760 6478 6698 6490 6609 6310 6307 6731 6348 6440 6590 6001 7164 7314 6703 6302 6308 6489 6586 6159 6860 6589 6815 6370 6525 6496 6525 6389 7000 6348 6520 6807 6245 6424 6803 6692 6729 6468 6781 6604 7000 6990 6791 6755 7033 6224 6733 5937 6895 6891 6431 6459 6240 6224 6534 6146 6096 6923 6397 6354 6609 6472 6349 7218 7014 6494 6460 7007 6515 6477 6864 7060 6877 6105 6507 7259 6098 6371 6607 6771 6728 6587 6772 6794 6446 6280 5960 6705 6333 6708 7093 6711 6676 6530 6502 6695 6634 6861 6347 6425 6864 6867 6563 7125 6893 6574 6651 6372 6019 6133 6616 6367 6834 6663 6971 7532 6521 6743 6432 6752 6536 6507 6651 6187 6034 7158 6463
6579 6323 6230 6219 6152 6380 6547 6545 5762 6241 6032 6030 5913 6379 6029 6313 6299 6087 6426 6248 5952 6354 6487 6302 6371 6491 5591 6108 6199 5859 6814 6655 6290 6734 6254 6411 6063 6710 6563 6172 6504 6454 6320 5720 6336 5930 6248 6241 6330 6256 6259 6497 5697 5420 6161 6180 6279 6641 5827 6831 6097 6426 5586 5791 5887 6343 5960 6174 5574 6053 6425 6186 6468 5816 6282 6771 6519 6630 6492 6495 5817 6181 6142 6064 6097 6692 6169 6274 5743 5879 5999 6067 6121 6162 5583 6260 6636 6166 6316 6194 6787 6415 6393 6155 6383 5859 6333 5790 5994 6414 6333 6322 6666 6342 5468 6117 6353 6028 6133 6133 6220 5807 6382 5838 5895 6790 6324 6270 6139 5854 5805 6088 5979 6469 5615 6168 6389 5970 5929 6205 5734 6758 6628 6209 5640 6156 6304 6184 5692 6562 6011 6222 6050 5962 6443 6262 6323 6472 5941 6266 6482 6052 6049 6180 6339 6052 6031 6045 5718 6384 6529 6193 6647 6539 5887 6274 5717 6517 6042 6290 6220 6047 6000 5987 5974 6005 6478 6192 6121 5950 5857 5804 6538 6283 5951 5830 6276 6391 5807 5916 6356 6746 5795 6048 6241 6062 5859 6032 6400 6223 5826 6437 6296 5861 5700 5948 6825 5787 6509 6257 5923 6236 6053 6592 6588 5961 5820 5864 5994 6425 6428 6073 6557 6601 6215 6287 6047 5686 5811 6232 6609 6252 6414 6491 6896 5910 5789 5988 6090 5712 6116 6606 5994 5529 6321 6512
6298 6228 6258 6058 5921 6015 6669 6188 5559 5953 6238 6156 5461 6487 6303 5839 6204 6084 6387 6298 5898 6155 6790 6062 6495 6009 5476 6163 5936 5475 6465 6115 6526 6399 6076 6012 6230 6829 6937 6232 6259 6472 5878 5665 6643 6248 6336 6498 6333 6184 5993 6197 5607 5582 6076 5924 6260 6749 5768 6485 6018 6412 5413 5994 5863 6555 5961 6013 5982 5761 6293 6201 6462 5971 6089 6425 6485 6730 5759 6077 5912 6163 6300 6088 6389 6979 5865 5946 5653 6110 6024 6154 6043 6052 5993 6104 6540 6011 5964 5886 6720 6365 5939 6416 6437 5809 6196 5809 5899 6196 6229 5901 6509 6169 6224 5846 5991 6235 5974 6106 5993 6013 6430 5823 5803 6580 6265 6340 5908 6111 6164 6156 5865 6389 5559 5964 6078 5923 5904 6081 5668 6645 6629 6329 5634 5854 6176 6076 5689 6167 6064 6336 6052 6051 6088 6265 6568 6216 5948 6164 6073 5757 5786 6295 6208 6023 5910 6373 5779 6404 6231 5976 6351 6055 5818 6114 5748 6332 6212 5807 6530 5934 5756 6319 5800 5754 6165 5955 5957 5948 6125 6200 6373 5989 5871 5921 6206 6143 5883 6043 6351 6426 5907 5958 6307 5988 5587 6195 6455 5981 6151 6337 5983 5637 6041 5751 6400 5574 6561 6446 6175 5984 6147 5834 6520 6176 5826 5978 5864 6293 6630 5612 6644 6413 6327 6328 5769 5450 5867 6085 6644 6096 6487 6561 6874 5869 5868 6018 6469 5816 6157 6225 5767 5513 6161 6216
6519 6541 6585 5860 6236 6446 6926 6462 5856 6706 6220 6368 5840 7139 6481 6646 6640 6093 6488 6779 5812 6491 6876 6392 6597 6384 5647 6119 6759 6326 6739 6586 6679 6665 6093 6411 6880 6804 6993 6446 6734 6663 6363 5883 6498 6404 6722 6440 6367 6585 6567 6543 5850 5746 6086 6630 6551 6884 5971 6748 6213 6908 6001 5967 5878 6308 5793 6756 5627 6320 6727 6277 6354 6234 5955 6841 6693 6363 6490 6805 6236 6417 6518 6263 6661 6670 6159 6118 6141 6007 5977 6280 6066 6522 6167 6372 6613 6181 6144 6092 6994 6220 6353 6424 6927 6160 6209 5821 6505 6450 6434 6526 6769 6757 5776 5917 6267 6262 6690 6303 6044 6384 6245 5778 6275 6937 6510 6391 6225 6125 6124 6348 5984 6547 6194 6164 6555 6088 6152 6101 5567 7132 7012 6270 5905 5925 6069 6253 5794 6609 5884 6576 5883 6132 6972 6349 6364 6551 6595 6259 6394 6276 6402 6184 6565 6127 6171 6560 5936 6997 6824 6188 6447 6576 5887 6682 5859 6844 6653 6465 6392 6189 6233 6069 6139 5830 6417 6001 6219 6266 6453 6282 6604 6553 6119 6516 6472 6472 6322 6421 6599 6910 6179 6038 6251 5832 6167 6150 6866 6304 5795 6448 6347 6222 6050 6078 6737 6078 6576 6661 6178 6475 6383 6280 6617 6785 6146 6226 5908 6179 6470 5922 6929 6498 6389 6669 6252 5915 6088 6101 6707 6293 6288 6581 7237 6283 6668 6714 6161 5988 5947 6681 6250 5888 6690 6520
6649 6974 6627 6415 6310 6677 7242 6545 5940 6657 6643 6658 6302 6881 6685 6426 6713 6219 6329 6834 6523 6822 7456 6232 6874 6649 5730 6294 7084 6060 6836 7163 6716 6882 6611 6860 6599 7125 7136 6458 6818 6492 6552 6304 6550 6346 6547 6656 6666 6594 6454 6506 6039 5868 6077 6489 6800 6811 6083 6833 6376 6856 6280 6146 6357 6475 5944 6687 6096 6355 6708 6466 6764 6301 6251 6510 6623 6821 6546 6964 6469 6433 6595 6601 6492 6980 6452 6691 5903 6249 6795 6206 6370 6477 6330 6239 6880 6730 6303 6214 7173 6609 6651 6683 6811 6229 6359 5813 6330 6542 6861 6503 6966 6509 6225 6392 6651 6503 6530 6235 6698 6848 6734 6152 6355 6805 6878 6629 6476 6671 6274 6472 6014 6505 6118 6716 6790 6419 6584 6698 5667 6897 7282 6361 6098 6176 6733 6407 6261 6921 6367 6437 6567 6518 6916 6628 6591 6729 6409 6855 6494 6603 6441 6281 6990 6466 6400 6530 6467 6769 6923 6671 6950 6810 6134 6509 5856 7039 6597 6658 6738 6292 6252 6551 6080 6340 6778 6474 6392 6553 6406 6446 6630 6701 6196 6431 6734 6296 6162 6743 6915 7353 6161 6281 6962 5911 6284 6404 6876 6605 6809 6418 6819 6120 6210 6320 6787 5964 6854 6838 6627 6549 6589 6482 6696 6489 6334 6100 6308 6453 6791 6451 6988 6843 6650 6597 6285 5788 6469 6311 7099 6531 6491 6945 7273 6176 6455 6516 6512 6080 6091 6526 6301 5825 7142 6737
6060 6195 6204 5637 5944 5906 6028 6373 5489 5944 5832 5928 5833 5949 6028 5871 6046 5503 5841 5909 5702 6095 6391 5544 6038 5688 5428 5808 5981 5802 6056 6615 5928 6152 5321 5891 6304 6481 6595 6033 6116 6072 6048 5526 5849 5863 6211 6253 5895 6238 6168 6068 5429 4960 5562 5688 6098 6681 5331 6190 5647 6021 5337 5615 5547 6074 5641 6011 5596 5610 6338 5950 6236 5798 5299 6141 6128 6225 5798 6230 5540 5703 5697 5920 5883 6356 5799 5644 5438 5532 5989 5955 5523 5910 5677 5868 6315 5918 5785 5661 6472 5827 5742 5917 6206 5958 5967 5568 5606 6040 6278 6021 6105 5883 5885 6071 5736 5732 5664 5755 5769 5594 5979 5333 5662 6156 6016 5747 5930 5947 5627 5783 5355 6144 5591 5782 6165 5990 5263 5852 5481 6396 6396 6140 5422 5835 5858 5784 5667 5730 5638 6209 5323 5938 6292 5901 6246 5942 6059 5732 5905 5701 6068 6203 6036 5791 5862 6285 5646 6052 6369 5822 6046 5895 5668 6127 5314 6185 5940 6076 5843 5587 5619 5870 5513 5766 6067 5781 5856 5612 5839 5888 6154 5832 5697 5619 5861 5937 5721 5853 5962 6353 5360 5516 6103 5953 5714 5860 6371 5818 6072 5799 5874 5644 6108 5532 6329 5280 6222 6034 5611 6200 5858 6145 6079 6050 5720 5398 5982 5921 6109 5628 6651 6339 5689 5677 5490 5017 5582 5918 6083 5832 6146 6218 6502 5532 5936 6000 5656 5835 5754 5761 5278 5434 6089 6019
6633 6704 6943 6308 6655 6787 6776 6703 5924 6816 6521 6264 6220 7013 6445 6355 6578 6357 6667 6841 6214 6724 7124 6355 6646 6345 5621 6618 6576 6147 6733 6712 6921 6863 6234 6379 6665 7224 7011 6411 6974 6697 6805 6114 6330 6327 6952 6683 6693 7019 6509 6606 5779 5812 6246 6327 6681 6987 5894 6773 6514 6679 5925 6099 6026 6614 6035 6847 6206 6551 6454 6655 6523 6064 6258 6944 6525 6736 6235 6828 6127 6489 6755 6341 6704 6825 6348 6202 6053 6060 6445 6350 6018 6600 6319 6491 6993 6728 6202 6260 6954 6687 6511 6446 7383 6152 6232 5652 6692 6458 6502 6560 7117 6842 6296 6255 6383 6197 6548 6419 6387 6488 6528 6216 6320 6922 6680 6782 6449 6753 6440 6579 5882 6783 6200 6488 6521 6549 6171 6547 5974 7151 7280 6658 5801 6358 6536 6483 6088 6581 5919 6781 6307 6277 6830 6530 6546 6492 6557 6633 6750 6404 6070 6561 6570 6141 6166 6721 6304 6822 6879 6422 6537 6780 6218 6732 5823 6428 6722 6582 6674 6287 6233 6558 6099 6294 6841 6556 6164 6378 6447 6502 6845 6593 6412 6555 6526 6222 6197 6329 6947 7048 6372 6244 6872 5969 5944 6344 7039 6723 6637 6422 6652 6273 6286 5887 6837 5954 6673 6588 6868 6928 7023 6555 6798 6705 6614 6137 6409 6410 6752 6167 6997 6701 6895 6692 6118 5792 6057 6428 6787 6622 6723 7011 7239 6159 6484 6279 6657 6369 6311 6766 6097 5788 6874 6666
Total Multiplications (Strassen's): 5764801

